[2026-09-28 01:19:27.027] [INF] [default] [c3-exo10_main.cpp:40 in nkmain] -> [window] : (312, 160)
[2026-09-28 01:19:27.027] [INF] [default] [button.h:33 in Button] -> [button] size : NkRectT[pos(1130, 10); size(40, 30)]
[2026-09-28 01:19:27.029] [INF] [default] [button.h:33 in Button] -> [button] size : NkRectT[pos(1060, 10); size(40, 30)]
[2026-09-28 01:19:27.029] [INF] [default] [button.h:33 in Button] -> [button] size : NkRectT[pos(1020, 10); size(40, 30)]
[2026-09-28 01:19:27.029] [INF] [default] [c3-exo10_main.cpp:43 in nkmain] -> [button] : RECT : (1130, 10) (1170, 40)
[2026-09-28 01:19:28.901] [INF] [default] [TitleBar.cpp:145 in Update] -> [follow mouse ok] : (468, 468)
[2026-09-28 01:19:29.145] [INF] [default] [TitleBar.cpp:159 in Update] -> [follow mouse ok] : (312, 160)
[2026-09-28 01:19:29.153] [INF] [default] [TitleBar.cpp:159 in Update] -> [follow mouse ok] : (312, 160)
[2026-09-28 01:19:29.159] [INF] [default] [TitleBar.cpp:159 in Update] -> [follow mouse ok] : (312, 160)
[2026-09-28 01:19:29.167] [INF] [default] [TitleBar.cpp:159 in Update] -> [follow mouse ok] : (312, 160)
[2026-09-28 01:19:29.173] [INF] [default] [TitleBar.cpp:159 in Update] -> [follow mouse ok] : (312, 160)
[2026-09-28 01:19:29.181] [INF] [default] [TitleBar.cpp:159 in Update] -> [follow mouse ok] : (312, 160)
[2026-09-28 01:19:29.188] [INF] [default] [TitleBar.cpp:159 in Update] -> [follow mouse ok] : (312, 160)
[2026-09-28 01:19:29.195] [INF] [default] [TitleBar.cpp:159 in Update] -> [follow mouse ok] : (312, 160)
[2026-09-28 01:19:29.201] [INF] [default] [TitleBar.cpp:159 in Update] -> [follow mouse ok] : (312, 160)
[2026-09-28 01:19:29.209] [INF] [default] [TitleBar.cpp:159 in Update] -> [follow mouse ok] : (312, 160)
[2026-09-28 01:19:29.215] [INF] [default] [TitleBar.cpp:159 in Update] -> [follow mouse ok] : (312, 160)
[2026-09-28 01:19:29.222] [INF] [default] [TitleBar.cpp:159 in Update] -> [follow mouse ok] : (312, 160)
[2026-09-28 01:19:29.229] [INF] [default] [TitleBar.cpp:159 in Update] -> [follow mouse ok] : (312, 160)
[2026-09-28 01:19:29.236] [INF] [default] [TitleBar.cpp:159 in Update] -> [follow mouse ok] : (312, 160)
[2026-09-28 01:19:29.250] [INF] [default] [TitleBar.cpp:159 in Update] -> [follow mouse ok] : (312, 160)
[2026-09-28 01:19:29.258] [INF] [default] [TitleBar.cpp:159 in Update] -> [follow mouse ok] : (312, 160)
[2026-09-28 01:19:29.264] [INF] [default] [TitleBar.cpp:159 in Update] -> [follow mouse ok] : (312, 160)
[2026-09-28 01:19:29.271] [INF] [default] [TitleBar.cpp:159 in Update] -> [follow mouse ok] : (312, 160)
[2026-09-28 01:19:29.285] [INF] [default] [TitleBar.cpp:159 in Update] -> [follow mouse ok] : (312, 160)
[2026-09-28 01:19:29.292] [INF] [default] [TitleBar.cpp:159 in Update] -> [follow mouse ok] : (312, 160)
[2026-09-28 01:19:29.305] [INF] [default] [TitleBar.cpp:159 in Update] -> [follow mouse ok] : (312, 160)
[2026-09-28 01:19:29.320] [INF] [default] [TitleBar.cpp:159 in Update] -> [follow mouse ok] : (312, 160)
[2026-09-28 01:19:29.327] [INF] [default] [TitleBar.cpp:159 in Update] -> [follow mouse ok] : (312, 160)
[2026-09-28 01:19:29.334] [INF] [default] [TitleBar.cpp:159 in Update] -> [follow mouse ok] : (312, 160)
[2026-09-28 01:19:29.341] [INF] [default] [TitleBar.cpp:159 in Update] -> [follow mouse ok] : (312, 160)
[2026-09-28 01:19:29.348] [INF] [default] [TitleBar.cpp:159 in Update] -> [follow mouse ok] : (312, 160)
[2026-09-28 01:19:29.355] [INF] [default] [TitleBar.cpp:159 in Update] -> [follow mouse ok] : (312, 160)
[2026-09-28 01:19:29.369] [INF] [default] [TitleBar.cpp:159 in Update] -> [follow mouse ok] : (312, 160)
[2026-09-28 01:19:29.376] [INF] [default] [TitleBar.cpp:159 in Update] -> [follow mouse ok] : (312, 160)
[2026-09-28 01:19:29.382] [INF] [default] [TitleBar.cpp:159 in Update] -> [follow mouse ok] : (312, 160)
[2026-09-28 01:19:29.397] [INF] [default] [TitleBar.cpp:159 in Update] -> [follow mouse ok] : (312, 160)
[2026-09-28 01:19:29.403] [INF] [default] [TitleBar.cpp:159 in Update] -> [follow mouse ok] : (312, 160)
[2026-09-28 01:19:29.410] [INF] [default] [TitleBar.cpp:159 in Update] -> [follow mouse ok] : (312, 160)
[2026-09-28 01:19:29.424] [INF] [default] [TitleBar.cpp:159 in Update] -> [follow mouse ok] : (312, 160)
[2026-09-28 01:19:29.432] [INF] [default] [TitleBar.cpp:159 in Update] -> [follow mouse ok] : (312, 160)
[2026-09-28 01:19:29.451] [INF] [default] [TitleBar.cpp:159 in Update] -> [follow mouse ok] : (312, 160)
[2026-09-28 01:19:29.466] [INF] [default] [TitleBar.cpp:159 in Update] -> [follow mouse ok] : (312, 160)
[2026-09-28 01:19:29.507] [INF] [default] [TitleBar.cpp:159 in Update] -> [follow mouse ok] : (312, 160)
[2026-09-28 01:19:29.529] [INF] [default] [TitleBar.cpp:159 in Update] -> [follow mouse ok] : (312, 160)
[2026-09-28 01:19:29.549] [INF] [default] [TitleBar.cpp:159 in Update] -> [follow mouse ok] : (312, 160)
[2026-09-28 01:19:29.571] [INF] [default] [TitleBar.cpp:159 in Update] -> [follow mouse ok] : (312, 160)
[2026-09-28 01:19:29.578] [INF] [default] [TitleBar.cpp:159 in Update] -> [follow mouse ok] : (312, 160)
[2026-09-28 01:19:29.606] [INF] [default] [TitleBar.cpp:159 in Update] -> [follow mouse ok] : (312, 160)
[2026-09-28 01:19:29.612] [INF] [default] [TitleBar.cpp:159 in Update] -> [follow mouse ok] : (312, 160)
[2026-09-28 01:19:29.619] [INF] [default] [TitleBar.cpp:159 in Update] -> [follow mouse ok] : (312, 160)
[2026-09-28 01:19:29.640] [INF] [default] [TitleBar.cpp:159 in Update] -> [follow mouse ok] : (312, 160)
[2026-09-28 01:19:29.648] [INF] [default] [TitleBar.cpp:159 in Update] -> [follow mouse ok] : (312, 160)
[2026-09-28 01:19:29.668] [INF] [default] [TitleBar.cpp:159 in Update] -> [follow mouse ok] : (312, 160)
[2026-09-28 01:19:29.675] [INF] [default] [TitleBar.cpp:159 in Update] -> [follow mouse ok] : (312, 160)
[2026-09-28 01:19:29.689] [INF] [default] [TitleBar.cpp:159 in Update] -> [follow mouse ok] : (312, 160)
[2026-09-28 01:19:29.710] [INF] [default] [TitleBar.cpp:159 in Update] -> [follow mouse ok] : (312, 160)
[2026-09-28 01:19:29.724] [INF] [default] [TitleBar.cpp:159 in Update] -> [follow mouse ok] : (312, 160)
[2026-09-28 01:19:29.738] [INF] [default] [TitleBar.cpp:159 in Update] -> [follow mouse ok] : (312, 160)
[2026-09-28 01:19:29.760] [INF] [default] [TitleBar.cpp:159 in Update] -> [follow mouse ok] : (312, 160)
[2026-09-28 01:19:29.765] [INF] [default] [TitleBar.cpp:159 in Update] -> [follow mouse ok] : (312, 160)
[2026-09-28 01:19:29.780] [INF] [default] [TitleBar.cpp:159 in Update] -> [follow mouse ok] : (312, 160)
[2026-09-28 01:19:29.794] [INF] [default] [TitleBar.cpp:159 in Update] -> [follow mouse ok] : (312, 160)
[2026-09-28 01:19:29.808] [INF] [default] [TitleBar.cpp:159 in Update] -> [follow mouse ok] : (312, 160)
[2026-09-28 01:19:29.822] [INF] [default] [TitleBar.cpp:159 in Update] -> [follow mouse ok] : (312, 160)
[2026-09-28 01:19:29.829] [INF] [default] [TitleBar.cpp:159 in Update] -> [follow mouse ok] : (312, 160)
[2026-09-28 01:19:29.835] [INF] [default] [TitleBar.cpp:159 in Update] -> [follow mouse ok] : (312, 160)
[2026-09-28 01:19:29.850] [INF] [default] [TitleBar.cpp:159 in Update] -> [follow mouse ok] : (312, 160)
[2026-09-28 01:19:29.856] [INF] [default] [TitleBar.cpp:159 in Update] -> [follow mouse ok] : (312, 160)
[2026-09-28 01:19:29.864] [INF] [default] [TitleBar.cpp:159 in Update] -> [follow mouse ok] : (312, 160)
[2026-09-28 01:19:29.870] [INF] [default] [TitleBar.cpp:159 in Update] -> [follow mouse ok] : (312, 160)
[2026-09-28 01:19:29.877] [INF] [default] [TitleBar.cpp:159 in Update] -> [follow mouse ok] : (312, 160)
[2026-09-28 01:19:29.884] [INF] [default] [TitleBar.cpp:159 in Update] -> [follow mouse ok] : (312, 160)
[2026-09-28 01:19:29.891] [INF] [default] [TitleBar.cpp:159 in Update] -> [follow mouse ok] : (312, 160)
[2026-09-28 01:19:29.897] [INF] [default] [TitleBar.cpp:159 in Update] -> [follow mouse ok] : (312, 160)
[2026-09-28 01:19:29.905] [INF] [default] [TitleBar.cpp:159 in Update] -> [follow mouse ok] : (312, 160)
[2026-09-28 01:19:29.912] [INF] [default] [TitleBar.cpp:159 in Update] -> [follow mouse ok] : (312, 160)
[2026-09-28 01:19:29.919] [INF] [default] [TitleBar.cpp:159 in Update] -> [follow mouse ok] : (312, 160)
[2026-09-28 01:19:29.933] [INF] [default] [TitleBar.cpp:159 in Update] -> [follow mouse ok] : (312, 160)
[2026-09-28 01:19:29.939] [INF] [default] [TitleBar.cpp:159 in Update] -> [follow mouse ok] : (312, 160)
[2026-09-28 01:19:29.947] [INF] [default] [TitleBar.cpp:159 in Update] -> [follow mouse ok] : (312, 160)
[2026-09-28 01:19:29.954] [INF] [default] [TitleBar.cpp:159 in Update] -> [follow mouse ok] : (312, 160)
[2026-09-28 01:19:29.961] [INF] [default] [TitleBar.cpp:159 in Update] -> [follow mouse ok] : (312, 160)
[2026-09-28 01:19:29.968] [INF] [default] [TitleBar.cpp:159 in Update] -> [follow mouse ok] : (312, 160)
[2026-09-28 01:19:29.975] [INF] [default] [TitleBar.cpp:159 in Update] -> [follow mouse ok] : (312, 160)
[2026-09-28 01:19:29.982] [INF] [default] [TitleBar.cpp:159 in Update] -> [follow mouse ok] : (312, 160)
[2026-09-28 01:19:29.989] [INF] [default] [TitleBar.cpp:159 in Update] -> [follow mouse ok] : (312, 160)
[2026-09-28 01:19:30.003] [INF] [default] [TitleBar.cpp:159 in Update] -> [follow mouse ok] : (312, 160)
[2026-09-28 01:19:30.009] [INF] [default] [TitleBar.cpp:159 in Update] -> [follow mouse ok] : (312, 160)
[2026-09-28 01:19:30.016] [INF] [default] [TitleBar.cpp:159 in Update] -> [follow mouse ok] : (312, 160)
[2026-09-28 01:19:30.030] [INF] [default] [TitleBar.cpp:159 in Update] -> [follow mouse ok] : (312, 160)
[2026-09-28 01:19:30.037] [INF] [default] [TitleBar.cpp:159 in Update] -> [follow mouse ok] : (312, 160)
[2026-09-28 01:19:30.051] [INF] [default] [TitleBar.cpp:159 in Update] -> [follow mouse ok] : (312, 160)
[2026-09-28 01:19:30.059] [INF] [default] [TitleBar.cpp:159 in Update] -> [follow mouse ok] : (312, 160)
[2026-09-28 01:19:30.072] [INF] [default] [TitleBar.cpp:159 in Update] -> [follow mouse ok] : (312, 160)
[2026-09-28 01:19:30.079] [INF] [default] [TitleBar.cpp:159 in Update] -> [follow mouse ok] : (312, 160)
[2026-09-28 01:19:30.086] [INF] [default] [TitleBar.cpp:159 in Update] -> [follow mouse ok] : (312, 160)
[2026-09-28 01:19:30.093] [INF] [default] [TitleBar.cpp:159 in Update] -> [follow mouse ok] : (312, 160)
[2026-09-28 01:19:30.101] [INF] [default] [TitleBar.cpp:159 in Update] -> [follow mouse ok] : (312, 160)
[2026-09-28 01:19:30.107] [INF] [default] [TitleBar.cpp:159 in Update] -> [follow mouse ok] : (312, 160)
[2026-09-28 01:19:30.114] [INF] [default] [TitleBar.cpp:159 in Update] -> [follow mouse ok] : (312, 160)
[2026-09-28 01:19:30.121] [INF] [default] [TitleBar.cpp:159 in Update] -> [follow mouse ok] : (312, 160)
[2026-09-28 01:19:30.128] [INF] [default] [TitleBar.cpp:159 in Update] -> [follow mouse ok] : (312, 160)
[2026-09-28 01:19:30.135] [INF] [default] [TitleBar.cpp:159 in Update] -> [follow mouse ok] : (312, 160)
[2026-09-28 01:19:30.142] [INF] [default] [TitleBar.cpp:159 in Update] -> [follow mouse ok] : (312, 160)
[2026-09-28 01:19:30.149] [INF] [default] [TitleBar.cpp:159 in Update] -> [follow mouse ok] : (312, 160)
[2026-09-28 01:19:30.156] [INF] [default] [TitleBar.cpp:159 in Update] -> [follow mouse ok] : (312, 160)
[2026-09-28 01:19:30.163] [INF] [default] [TitleBar.cpp:159 in Update] -> [follow mouse ok] : (312, 160)
[2026-09-28 01:19:30.170] [INF] [default] [TitleBar.cpp:159 in Update] -> [follow mouse ok] : (312, 160)
[2026-09-28 01:19:30.177] [INF] [default] [TitleBar.cpp:159 in Update] -> [follow mouse ok] : (312, 160)
[2026-09-28 01:19:30.184] [INF] [default] [TitleBar.cpp:159 in Update] -> [follow mouse ok] : (312, 160)
[2026-09-28 01:19:30.190] [INF] [default] [TitleBar.cpp:159 in Update] -> [follow mouse ok] : (312, 160)
[2026-09-28 01:19:30.197] [INF] [default] [TitleBar.cpp:159 in Update] -> [follow mouse ok] : (312, 160)
[2026-09-28 01:19:30.205] [INF] [default] [TitleBar.cpp:159 in Update] -> [follow mouse ok] : (312, 160)
[2026-09-28 01:19:30.212] [INF] [default] [TitleBar.cpp:159 in Update] -> [follow mouse ok] : (312, 160)
[2026-09-28 01:19:30.219] [INF] [default] [TitleBar.cpp:159 in Update] -> [follow mouse ok] : (312, 160)
[2026-09-28 01:19:30.226] [INF] [default] [TitleBar.cpp:159 in Update] -> [follow mouse ok] : (312, 160)
[2026-09-28 01:19:30.233] [INF] [default] [TitleBar.cpp:159 in Update] -> [follow mouse ok] : (312, 160)
[2026-09-28 01:19:30.239] [INF] [default] [TitleBar.cpp:159 in Update] -> [follow mouse ok] : (312, 160)
[2026-09-28 01:19:30.247] [INF] [default] [TitleBar.cpp:159 in Update] -> [follow mouse ok] : (312, 160)
[2026-09-28 01:19:30.254] [INF] [default] [TitleBar.cpp:159 in Update] -> [follow mouse ok] : (312, 160)
[2026-09-28 01:19:30.260] [INF] [default] [TitleBar.cpp:159 in Update] -> [follow mouse ok] : (312, 160)
[2026-09-28 01:19:30.267] [INF] [default] [TitleBar.cpp:159 in Update] -> [follow mouse ok] : (312, 160)
[2026-09-28 01:19:30.274] [INF] [default] [TitleBar.cpp:159 in Update] -> [follow mouse ok] : (312, 160)
[2026-09-28 01:19:30.281] [INF] [default] [TitleBar.cpp:159 in Update] -> [follow mouse ok] : (312, 160)
[2026-09-28 01:19:30.287] [INF] [default] [TitleBar.cpp:159 in Update] -> [follow mouse ok] : (312, 160)
[2026-09-28 01:19:30.295] [INF] [default] [TitleBar.cpp:159 in Update] -> [follow mouse ok] : (312, 160)
[2026-09-28 01:19:30.302] [INF] [default] [TitleBar.cpp:159 in Update] -> [follow mouse ok] : (312, 160)
[2026-09-28 01:19:30.310] [INF] [default] [TitleBar.cpp:159 in Update] -> [follow mouse ok] : (312, 160)
[2026-09-28 01:19:30.316] [INF] [default] [TitleBar.cpp:159 in Update] -> [follow mouse ok] : (312, 160)
[2026-09-28 01:19:30.322] [INF] [default] [TitleBar.cpp:159 in Update] -> [follow mouse ok] : (312, 160)
[2026-09-28 01:19:30.331] [INF] [default] [TitleBar.cpp:159 in Update] -> [follow mouse ok] : (312, 160)
[2026-09-28 01:19:30.337] [INF] [default] [TitleBar.cpp:159 in Update] -> [follow mouse ok] : (312, 160)
[2026-09-28 01:19:30.344] [INF] [default] [TitleBar.cpp:159 in Update] -> [follow mouse ok] : (312, 160)
[2026-09-28 01:19:30.351] [INF] [default] [TitleBar.cpp:159 in Update] -> [follow mouse ok] : (312, 160)
[2026-09-28 01:19:30.359] [INF] [default] [TitleBar.cpp:159 in Update] -> [follow mouse ok] : (312, 160)
[2026-09-28 01:19:30.365] [INF] [default] [TitleBar.cpp:159 in Update] -> [follow mouse ok] : (312, 160)
[2026-09-28 01:19:30.371] [INF] [default] [TitleBar.cpp:159 in Update] -> [follow mouse ok] : (312, 160)
[2026-09-28 01:19:30.379] [INF] [default] [TitleBar.cpp:159 in Update] -> [follow mouse ok] : (312, 160)
[2026-09-28 01:19:30.386] [INF] [default] [TitleBar.cpp:159 in Update] -> [follow mouse ok] : (312, 160)
[2026-09-28 01:19:30.393] [INF] [default] [TitleBar.cpp:159 in Update] -> [follow mouse ok] : (312, 160)
[2026-09-28 01:19:30.400] [INF] [default] [TitleBar.cpp:159 in Update] -> [follow mouse ok] : (312, 160)
[2026-09-28 01:19:30.406] [INF] [default] [TitleBar.cpp:159 in Update] -> [follow mouse ok] : (312, 160)
[2026-09-28 01:19:30.421] [INF] [default] [TitleBar.cpp:159 in Update] -> [follow mouse ok] : (312, 160)
[2026-09-28 01:19:30.429] [INF] [default] [TitleBar.cpp:159 in Update] -> [follow mouse ok] : (312, 160)
[2026-09-28 01:19:30.435] [INF] [default] [TitleBar.cpp:159 in Update] -> [follow mouse ok] : (312, 160)
[2026-09-28 01:19:30.448] [INF] [default] [TitleBar.cpp:159 in Update] -> [follow mouse ok] : (312, 160)
[2026-09-28 01:19:30.456] [INF] [default] [TitleBar.cpp:159 in Update] -> [follow mouse ok] : (312, 160)
[2026-09-28 01:19:30.463] [INF] [default] [TitleBar.cpp:159 in Update] -> [follow mouse ok] : (312, 160)
[2026-09-28 01:19:30.469] [INF] [default] [TitleBar.cpp:159 in Update] -> [follow mouse ok] : (312, 160)
[2026-09-28 01:19:30.477] [INF] [default] [TitleBar.cpp:159 in Update] -> [follow mouse ok] : (312, 160)
[2026-09-28 01:19:30.483] [INF] [default] [TitleBar.cpp:159 in Update] -> [follow mouse ok] : (312, 160)
[2026-09-28 01:19:30.497] [INF] [default] [TitleBar.cpp:159 in Update] -> [follow mouse ok] : (312, 160)
[2026-09-28 01:19:30.504] [INF] [default] [TitleBar.cpp:159 in Update] -> [follow mouse ok] : (312, 160)
[2026-09-28 01:19:30.517] [INF] [default] [TitleBar.cpp:159 in Update] -> [follow mouse ok] : (312, 160)
[2026-09-28 01:19:30.525] [INF] [default] [TitleBar.cpp:159 in Update] -> [follow mouse ok] : (312, 160)
[2026-09-28 01:19:30.532] [INF] [default] [TitleBar.cpp:159 in Update] -> [follow mouse ok] : (312, 160)
[2026-09-28 01:19:30.546] [INF] [default] [TitleBar.cpp:159 in Update] -> [follow mouse ok] : (312, 160)
[2026-09-28 01:19:30.553] [INF] [default] [TitleBar.cpp:159 in Update] -> [follow mouse ok] : (312, 160)
[2026-09-28 01:19:30.561] [INF] [default] [TitleBar.cpp:159 in Update] -> [follow mouse ok] : (312, 160)
[2026-09-28 01:19:30.567] [INF] [default] [TitleBar.cpp:159 in Update] -> [follow mouse ok] : (312, 160)
[2026-09-28 01:19:30.574] [INF] [default] [TitleBar.cpp:159 in Update] -> [follow mouse ok] : (312, 160)
[2026-09-28 01:19:30.581] [INF] [default] [TitleBar.cpp:159 in Update] -> [follow mouse ok] : (312, 160)
[2026-09-28 01:19:30.588] [INF] [default] [TitleBar.cpp:159 in Update] -> [follow mouse ok] : (312, 160)
[2026-09-28 01:19:30.602] [INF] [default] [TitleBar.cpp:159 in Update] -> [follow mouse ok] : (312, 160)
[2026-09-28 01:19:30.609] [INF] [default] [TitleBar.cpp:159 in Update] -> [follow mouse ok] : (312, 160)
[2026-09-28 01:19:30.615] [INF] [default] [TitleBar.cpp:159 in Update] -> [follow mouse ok] : (312, 160)
[2026-09-28 01:19:30.623] [INF] [default] [TitleBar.cpp:159 in Update] -> [follow mouse ok] : (312, 160)
[2026-09-28 01:19:30.630] [INF] [default] [TitleBar.cpp:159 in Update] -> [follow mouse ok] : (312, 160)
[2026-09-28 01:19:30.637] [INF] [default] [TitleBar.cpp:159 in Update] -> [follow mouse ok] : (312, 160)
[2026-09-28 01:19:30.643] [INF] [default] [TitleBar.cpp:159 in Update] -> [follow mouse ok] : (312, 160)
[2026-09-28 01:19:30.657] [INF] [default] [TitleBar.cpp:159 in Update] -> [follow mouse ok] : (312, 160)
[2026-09-28 01:19:30.665] [INF] [default] [TitleBar.cpp:159 in Update] -> [follow mouse ok] : (312, 160)
[2026-09-28 01:19:30.671] [INF] [default] [TitleBar.cpp:159 in Update] -> [follow mouse ok] : (312, 160)
[2026-09-28 01:19:30.679] [INF] [default] [TitleBar.cpp:159 in Update] -> [follow mouse ok] : (312, 160)
[2026-09-28 01:19:30.686] [INF] [default] [TitleBar.cpp:159 in Update] -> [follow mouse ok] : (312, 160)
[2026-09-28 01:19:30.700] [INF] [default] [TitleBar.cpp:159 in Update] -> [follow mouse ok] : (312, 160)
[2026-09-28 01:19:30.706] [INF] [default] [TitleBar.cpp:159 in Update] -> [follow mouse ok] : (312, 160)
[2026-09-28 01:19:30.713] [INF] [default] [TitleBar.cpp:159 in Update] -> [follow mouse ok] : (312, 160)
[2026-09-28 01:19:30.720] [INF] [default] [TitleBar.cpp:159 in Update] -> [follow mouse ok] : (312, 160)
[2026-09-28 01:19:30.727] [INF] [default] [TitleBar.cpp:159 in Update] -> [follow mouse ok] : (312, 160)
[2026-09-28 01:19:30.735] [INF] [default] [TitleBar.cpp:159 in Update] -> [follow mouse ok] : (312, 160)
[2026-09-28 01:19:30.742] [INF] [default] [TitleBar.cpp:159 in Update] -> [follow mouse ok] : (312, 160)
[2026-09-28 01:19:30.748] [INF] [default] [TitleBar.cpp:159 in Update] -> [follow mouse ok] : (312, 160)
[2026-09-28 01:19:30.755] [INF] [default] [TitleBar.cpp:159 in Update] -> [follow mouse ok] : (312, 160)
[2026-09-28 01:19:30.762] [INF] [default] [TitleBar.cpp:159 in Update] -> [follow mouse ok] : (312, 160)
[2026-09-28 01:19:30.777] [INF] [default] [TitleBar.cpp:159 in Update] -> [follow mouse ok] : (312, 160)
[2026-09-28 01:19:30.790] [INF] [default] [TitleBar.cpp:159 in Update] -> [follow mouse ok] : (312, 160)
[2026-09-28 01:19:30.797] [INF] [default] [TitleBar.cpp:159 in Update] -> [follow mouse ok] : (312, 160)
[2026-09-28 01:19:30.812] [INF] [default] [TitleBar.cpp:159 in Update] -> [follow mouse ok] : (312, 160)
[2026-09-28 01:19:30.818] [INF] [default] [TitleBar.cpp:159 in Update] -> [follow mouse ok] : (312, 160)
[2026-09-28 01:19:30.824] [INF] [default] [TitleBar.cpp:159 in Update] -> [follow mouse ok] : (312, 160)
[2026-09-28 01:19:30.831] [INF] [default] [TitleBar.cpp:159 in Update] -> [follow mouse ok] : (312, 160)
[2026-09-28 01:19:30.839] [INF] [default] [TitleBar.cpp:159 in Update] -> [follow mouse ok] : (312, 160)
[2026-09-28 01:19:30.853] [INF] [default] [TitleBar.cpp:159 in Update] -> [follow mouse ok] : (312, 160)
[2026-09-28 01:19:30.860] [INF] [default] [TitleBar.cpp:159 in Update] -> [follow mouse ok] : (312, 160)
[2026-09-28 01:19:30.873] [INF] [default] [TitleBar.cpp:159 in Update] -> [follow mouse ok] : (312, 160)
[2026-09-28 01:19:30.881] [INF] [default] [TitleBar.cpp:159 in Update] -> [follow mouse ok] : (312, 160)
[2026-09-28 01:19:30.887] [INF] [default] [TitleBar.cpp:159 in Update] -> [follow mouse ok] : (312, 160)
[2026-09-28 01:19:30.894] [INF] [default] [TitleBar.cpp:159 in Update] -> [follow mouse ok] : (312, 160)
[2026-09-28 01:19:30.902] [INF] [default] [TitleBar.cpp:159 in Update] -> [follow mouse ok] : (312, 160)
[2026-09-28 01:19:30.916] [INF] [default] [TitleBar.cpp:159 in Update] -> [follow mouse ok] : (312, 160)
[2026-09-28 01:19:30.922] [INF] [default] [TitleBar.cpp:159 in Update] -> [follow mouse ok] : (312, 160)
[2026-09-28 01:19:30.936] [INF] [default] [TitleBar.cpp:159 in Update] -> [follow mouse ok] : (312, 160)
[2026-09-28 01:19:30.944] [INF] [default] [TitleBar.cpp:159 in Update] -> [follow mouse ok] : (312, 160)
[2026-09-28 01:19:30.950] [INF] [default] [TitleBar.cpp:159 in Update] -> [follow mouse ok] : (312, 160)
[2026-09-28 01:19:30.964] [INF] [default] [TitleBar.cpp:159 in Update] -> [follow mouse ok] : (312, 160)
[2026-09-28 01:19:30.971] [INF] [default] [TitleBar.cpp:159 in Update] -> [follow mouse ok] : (312, 160)
[2026-09-28 01:19:30.984] [INF] [default] [TitleBar.cpp:159 in Update] -> [follow mouse ok] : (312, 160)
[2026-09-28 01:19:30.992] [INF] [default] [TitleBar.cpp:159 in Update] -> [follow mouse ok] : (312, 160)
[2026-09-28 01:19:31.013] [INF] [default] [TitleBar.cpp:159 in Update] -> [follow mouse ok] : (312, 160)
[2026-09-28 01:19:31.019] [INF] [default] [TitleBar.cpp:159 in Update] -> [follow mouse ok] : (312, 160)
[2026-09-28 01:19:31.034] [INF] [default] [TitleBar.cpp:159 in Update] -> [follow mouse ok] : (312, 160)
[2026-09-28 01:19:31.042] [INF] [default] [TitleBar.cpp:159 in Update] -> [follow mouse ok] : (312, 160)
[2026-09-28 01:19:31.047] [INF] [default] [TitleBar.cpp:159 in Update] -> [follow mouse ok] : (312, 160)
[2026-09-28 01:19:31.055] [INF] [default] [TitleBar.cpp:159 in Update] -> [follow mouse ok] : (312, 160)
[2026-09-28 01:19:31.069] [INF] [default] [TitleBar.cpp:159 in Update] -> [follow mouse ok] : (312, 160)
[2026-09-28 01:19:31.077] [INF] [default] [TitleBar.cpp:159 in Update] -> [follow mouse ok] : (312, 160)
[2026-09-28 01:19:31.090] [INF] [default] [TitleBar.cpp:159 in Update] -> [follow mouse ok] : (312, 160)
[2026-09-28 01:19:31.096] [INF] [default] [TitleBar.cpp:159 in Update] -> [follow mouse ok] : (312, 160)
[2026-09-28 01:19:31.111] [INF] [default] [TitleBar.cpp:159 in Update] -> [follow mouse ok] : (312, 160)
[2026-09-28 01:19:31.117] [INF] [default] [TitleBar.cpp:159 in Update] -> [follow mouse ok] : (312, 160)
[2026-09-28 01:19:31.131] [INF] [default] [TitleBar.cpp:159 in Update] -> [follow mouse ok] : (312, 160)
[2026-09-28 01:19:31.139] [INF] [default] [TitleBar.cpp:159 in Update] -> [follow mouse ok] : (312, 160)
[2026-09-28 01:19:31.152] [INF] [default] [TitleBar.cpp:159 in Update] -> [follow mouse ok] : (312, 160)
[2026-09-28 01:19:31.160] [INF] [default] [TitleBar.cpp:159 in Update] -> [follow mouse ok] : (312, 160)
[2026-09-28 01:19:31.173] [INF] [default] [TitleBar.cpp:159 in Update] -> [follow mouse ok] : (312, 160)
[2026-09-28 01:19:31.180] [INF] [default] [TitleBar.cpp:159 in Update] -> [follow mouse ok] : (312, 160)
[2026-09-28 01:19:31.187] [INF] [default] [TitleBar.cpp:159 in Update] -> [follow mouse ok] : (312, 160)
[2026-09-28 01:19:31.195] [INF] [default] [TitleBar.cpp:159 in Update] -> [follow mouse ok] : (312, 160)
[2026-09-28 01:19:31.201] [INF] [default] [TitleBar.cpp:159 in Update] -> [follow mouse ok] : (312, 160)
[2026-09-28 01:19:31.207] [INF] [default] [TitleBar.cpp:159 in Update] -> [follow mouse ok] : (312, 160)
[2026-09-28 01:19:31.215] [INF] [default] [TitleBar.cpp:159 in Update] -> [follow mouse ok] : (312, 160)
[2026-09-28 01:19:31.222] [INF] [default] [TitleBar.cpp:159 in Update] -> [follow mouse ok] : (312, 160)
[2026-09-28 01:19:31.229] [INF] [default] [TitleBar.cpp:159 in Update] -> [follow mouse ok] : (312, 160)
[2026-09-28 01:19:31.236] [INF] [default] [TitleBar.cpp:159 in Update] -> [follow mouse ok] : (312, 160)
[2026-09-28 01:19:31.243] [INF] [default] [TitleBar.cpp:159 in Update] -> [follow mouse ok] : (312, 160)
[2026-09-28 01:19:31.250] [INF] [default] [TitleBar.cpp:159 in Update] -> [follow mouse ok] : (312, 160)
[2026-09-28 01:19:31.257] [INF] [default] [TitleBar.cpp:159 in Update] -> [follow mouse ok] : (312, 160)
[2026-09-28 01:19:31.271] [INF] [default] [TitleBar.cpp:159 in Update] -> [follow mouse ok] : (312, 160)
[2026-09-28 01:19:31.277] [INF] [default] [TitleBar.cpp:159 in Update] -> [follow mouse ok] : (312, 160)
[2026-09-28 01:19:31.285] [INF] [default] [TitleBar.cpp:159 in Update] -> [follow mouse ok] : (312, 160)
[2026-09-28 01:19:31.292] [INF] [default] [TitleBar.cpp:159 in Update] -> [follow mouse ok] : (312, 160)
[2026-09-28 01:19:31.299] [INF] [default] [TitleBar.cpp:159 in Update] -> [follow mouse ok] : (312, 160)
[2026-09-28 01:19:31.312] [INF] [default] [TitleBar.cpp:159 in Update] -> [follow mouse ok] : (312, 160)
[2026-09-28 01:19:31.319] [INF] [default] [TitleBar.cpp:159 in Update] -> [follow mouse ok] : (312, 160)
[2026-09-28 01:19:31.327] [INF] [default] [TitleBar.cpp:159 in Update] -> [follow mouse ok] : (312, 160)
[2026-09-28 01:19:31.334] [INF] [default] [TitleBar.cpp:159 in Update] -> [follow mouse ok] : (312, 160)
[2026-09-28 01:19:31.341] [INF] [default] [TitleBar.cpp:159 in Update] -> [follow mouse ok] : (312, 160)
[2026-09-28 01:19:31.348] [INF] [default] [TitleBar.cpp:159 in Update] -> [follow mouse ok] : (312, 160)
[2026-09-28 01:19:31.354] [INF] [default] [TitleBar.cpp:159 in Update] -> [follow mouse ok] : (312, 160)
[2026-09-28 01:19:31.369] [INF] [default] [TitleBar.cpp:159 in Update] -> [follow mouse ok] : (312, 160)
[2026-09-28 01:19:31.376] [INF] [default] [TitleBar.cpp:159 in Update] -> [follow mouse ok] : (312, 160)
[2026-09-28 01:19:31.389] [INF] [default] [TitleBar.cpp:159 in Update] -> [follow mouse ok] : (312, 160)
[2026-09-28 01:19:31.396] [INF] [default] [TitleBar.cpp:159 in Update] -> [follow mouse ok] : (312, 160)
[2026-09-28 01:19:31.403] [INF] [default] [TitleBar.cpp:159 in Update] -> [follow mouse ok] : (312, 160)
[2026-09-28 01:19:31.417] [INF] [default] [TitleBar.cpp:159 in Update] -> [follow mouse ok] : (312, 160)
[2026-09-28 01:19:31.423] [INF] [default] [TitleBar.cpp:159 in Update] -> [follow mouse ok] : (312, 160)
[2026-09-28 01:19:31.430] [INF] [default] [TitleBar.cpp:159 in Update] -> [follow mouse ok] : (312, 160)
[2026-09-28 01:19:31.437] [INF] [default] [TitleBar.cpp:159 in Update] -> [follow mouse ok] : (312, 160)
[2026-09-28 01:19:31.452] [INF] [default] [TitleBar.cpp:159 in Update] -> [follow mouse ok] : (312, 160)
[2026-09-28 01:19:31.459] [INF] [default] [TitleBar.cpp:159 in Update] -> [follow mouse ok] : (312, 160)
[2026-09-28 01:19:31.466] [INF] [default] [TitleBar.cpp:159 in Update] -> [follow mouse ok] : (312, 160)
[2026-09-28 01:19:31.480] [INF] [default] [TitleBar.cpp:159 in Update] -> [follow mouse ok] : (312, 160)
[2026-09-28 01:19:31.486] [INF] [default] [TitleBar.cpp:159 in Update] -> [follow mouse ok] : (312, 160)
[2026-09-28 01:19:31.494] [INF] [default] [TitleBar.cpp:159 in Update] -> [follow mouse ok] : (312, 160)
[2026-09-28 01:19:31.501] [INF] [default] [TitleBar.cpp:159 in Update] -> [follow mouse ok] : (312, 160)
[2026-09-28 01:19:31.515] [INF] [default] [TitleBar.cpp:159 in Update] -> [follow mouse ok] : (312, 160)
[2026-09-28 01:19:31.521] [INF] [default] [TitleBar.cpp:159 in Update] -> [follow mouse ok] : (312, 160)
[2026-09-28 01:19:31.535] [INF] [default] [TitleBar.cpp:159 in Update] -> [follow mouse ok] : (312, 160)
[2026-09-28 01:19:31.544] [INF] [default] [TitleBar.cpp:159 in Update] -> [follow mouse ok] : (312, 160)
[2026-09-28 01:19:31.556] [INF] [default] [TitleBar.cpp:159 in Update] -> [follow mouse ok] : (312, 160)
[2026-09-28 01:19:31.563] [INF] [default] [TitleBar.cpp:159 in Update] -> [follow mouse ok] : (312, 160)
[2026-09-28 01:19:31.570] [INF] [default] [TitleBar.cpp:159 in Update] -> [follow mouse ok] : (312, 160)
[2026-09-28 01:19:31.584] [INF] [default] [TitleBar.cpp:159 in Update] -> [follow mouse ok] : (312, 160)
[2026-09-28 01:19:31.591] [INF] [default] [TitleBar.cpp:159 in Update] -> [follow mouse ok] : (312, 160)
[2026-09-28 01:19:31.605] [INF] [default] [TitleBar.cpp:159 in Update] -> [follow mouse ok] : (312, 160)
[2026-09-28 01:19:31.613] [INF] [default] [TitleBar.cpp:159 in Update] -> [follow mouse ok] : (312, 160)
[2026-09-28 01:19:31.619] [INF] [default] [TitleBar.cpp:159 in Update] -> [follow mouse ok] : (312, 160)
[2026-09-28 01:19:31.633] [INF] [default] [TitleBar.cpp:159 in Update] -> [follow mouse ok] : (312, 160)
[2026-09-28 01:19:31.639] [INF] [default] [TitleBar.cpp:159 in Update] -> [follow mouse ok] : (312, 160)
[2026-09-28 01:19:31.647] [INF] [default] [TitleBar.cpp:159 in Update] -> [follow mouse ok] : (312, 160)
[2026-09-28 01:19:31.661] [INF] [default] [TitleBar.cpp:159 in Update] -> [follow mouse ok] : (312, 160)
[2026-09-28 01:19:31.668] [INF] [default] [TitleBar.cpp:159 in Update] -> [follow mouse ok] : (312, 160)
[2026-09-28 01:19:31.675] [INF] [default] [TitleBar.cpp:159 in Update] -> [follow mouse ok] : (312, 160)
[2026-09-28 01:19:31.689] [INF] [default] [TitleBar.cpp:159 in Update] -> [follow mouse ok] : (312, 160)
[2026-09-28 01:19:31.696] [INF] [default] [TitleBar.cpp:159 in Update] -> [follow mouse ok] : (312, 160)
[2026-09-28 01:19:31.702] [INF] [default] [TitleBar.cpp:159 in Update] -> [follow mouse ok] : (312, 160)
[2026-09-28 01:19:31.724] [INF] [default] [TitleBar.cpp:159 in Update] -> [follow mouse ok] : (312, 160)
[2026-09-28 01:19:31.731] [INF] [default] [TitleBar.cpp:159 in Update] -> [follow mouse ok] : (312, 160)
[2026-09-28 01:19:31.751] [INF] [default] [TitleBar.cpp:159 in Update] -> [follow mouse ok] : (312, 160)
[2026-09-28 01:19:31.759] [INF] [default] [TitleBar.cpp:159 in Update] -> [follow mouse ok] : (312, 160)
[2026-09-28 01:19:31.779] [INF] [default] [TitleBar.cpp:159 in Update] -> [follow mouse ok] : (312, 160)
[2026-09-28 01:19:31.786] [INF] [default] [TitleBar.cpp:159 in Update] -> [follow mouse ok] : (312, 160)
[2026-09-28 01:19:31.794] [INF] [default] [TitleBar.cpp:159 in Update] -> [follow mouse ok] : (312, 160)
[2026-09-28 01:19:31.807] [INF] [default] [TitleBar.cpp:159 in Update] -> [follow mouse ok] : (312, 160)
[2026-09-28 01:19:31.814] [INF] [default] [TitleBar.cpp:159 in Update] -> [follow mouse ok] : (312, 160)
[2026-09-28 01:19:31.822] [INF] [default] [TitleBar.cpp:159 in Update] -> [follow mouse ok] : (312, 160)
[2026-09-28 01:19:31.842] [INF] [default] [TitleBar.cpp:159 in Update] -> [follow mouse ok] : (312, 160)
[2026-09-28 01:19:31.849] [INF] [default] [TitleBar.cpp:159 in Update] -> [follow mouse ok] : (312, 160)
[2026-09-28 01:19:31.877] [INF] [default] [TitleBar.cpp:159 in Update] -> [follow mouse ok] : (312, 160)
[2026-09-28 01:19:31.884] [INF] [default] [TitleBar.cpp:159 in Update] -> [follow mouse ok] : (312, 160)
[2026-09-28 01:19:31.891] [INF] [default] [TitleBar.cpp:159 in Update] -> [follow mouse ok] : (312, 160)
[2026-09-28 01:19:31.912] [INF] [default] [TitleBar.cpp:159 in Update] -> [follow mouse ok] : (312, 160)
[2026-09-28 01:19:31.926] [INF] [default] [TitleBar.cpp:159 in Update] -> [follow mouse ok] : (312, 160)
[2026-09-28 01:19:31.940] [INF] [default] [TitleBar.cpp:159 in Update] -> [follow mouse ok] : (312, 160)
[2026-09-28 01:19:31.953] [INF] [default] [TitleBar.cpp:159 in Update] -> [follow mouse ok] : (312, 160)
[2026-09-28 01:19:31.969] [INF] [default] [TitleBar.cpp:159 in Update] -> [follow mouse ok] : (312, 160)
[2026-09-28 01:19:31.975] [INF] [default] [TitleBar.cpp:159 in Update] -> [follow mouse ok] : (312, 160)
[2026-09-28 01:19:31.981] [INF] [default] [TitleBar.cpp:159 in Update] -> [follow mouse ok] : (312, 160)
[2026-09-28 01:19:31.996] [INF] [default] [TitleBar.cpp:159 in Update] -> [follow mouse ok] : (312, 160)
[2026-09-28 01:19:32.010] [INF] [default] [TitleBar.cpp:159 in Update] -> [follow mouse ok] : (312, 160)
[2026-09-28 01:19:32.016] [INF] [default] [TitleBar.cpp:159 in Update] -> [follow mouse ok] : (312, 160)
[2026-09-28 01:19:32.023] [INF] [default] [TitleBar.cpp:159 in Update] -> [follow mouse ok] : (312, 160)
[2026-09-28 01:19:32.031] [INF] [default] [TitleBar.cpp:159 in Update] -> [follow mouse ok] : (312, 160)
[2026-09-28 01:19:32.045] [INF] [default] [TitleBar.cpp:159 in Update] -> [follow mouse ok] : (312, 160)
[2026-09-28 01:19:32.051] [INF] [default] [TitleBar.cpp:159 in Update] -> [follow mouse ok] : (312, 160)
[2026-09-28 01:19:32.065] [INF] [default] [TitleBar.cpp:159 in Update] -> [follow mouse ok] : (312, 160)
[2026-09-28 01:19:32.072] [INF] [default] [TitleBar.cpp:159 in Update] -> [follow mouse ok] : (312, 160)
[2026-09-28 01:19:32.079] [INF] [default] [TitleBar.cpp:159 in Update] -> [follow mouse ok] : (312, 160)
[2026-09-28 01:19:32.094] [INF] [default] [TitleBar.cpp:159 in Update] -> [follow mouse ok] : (312, 160)
[2026-09-28 01:19:32.100] [INF] [default] [TitleBar.cpp:159 in Update] -> [follow mouse ok] : (312, 160)
[2026-09-28 01:19:32.115] [INF] [default] [TitleBar.cpp:159 in Update] -> [follow mouse ok] : (312, 160)
[2026-09-28 01:19:32.120] [INF] [default] [TitleBar.cpp:159 in Update] -> [follow mouse ok] : (312, 160)
[2026-09-28 01:19:32.128] [INF] [default] [TitleBar.cpp:159 in Update] -> [follow mouse ok] : (312, 160)
[2026-09-28 01:19:32.149] [INF] [default] [TitleBar.cpp:159 in Update] -> [follow mouse ok] : (312, 160)
[2026-09-28 01:19:32.155] [INF] [default] [TitleBar.cpp:159 in Update] -> [follow mouse ok] : (312, 160)
[2026-09-28 01:19:32.177] [INF] [default] [TitleBar.cpp:159 in Update] -> [follow mouse ok] : (312, 160)
[2026-09-28 01:19:32.184] [INF] [default] [TitleBar.cpp:159 in Update] -> [follow mouse ok] : (312, 160)
[2026-09-28 01:19:32.197] [INF] [default] [TitleBar.cpp:159 in Update] -> [follow mouse ok] : (312, 160)
[2026-09-28 01:19:32.204] [INF] [default] [TitleBar.cpp:159 in Update] -> [follow mouse ok] : (312, 160)
[2026-09-28 01:19:32.211] [INF] [default] [TitleBar.cpp:159 in Update] -> [follow mouse ok] : (312, 160)
[2026-09-28 01:19:32.232] [INF] [default] [TitleBar.cpp:159 in Update] -> [follow mouse ok] : (312, 160)
[2026-09-28 01:19:32.239] [INF] [default] [TitleBar.cpp:159 in Update] -> [follow mouse ok] : (312, 160)
[2026-09-28 01:19:32.253] [INF] [default] [TitleBar.cpp:159 in Update] -> [follow mouse ok] : (312, 160)
[2026-09-28 01:19:32.261] [INF] [default] [TitleBar.cpp:159 in Update] -> [follow mouse ok] : (312, 160)
[2026-09-28 01:19:32.267] [INF] [default] [TitleBar.cpp:159 in Update] -> [follow mouse ok] : (312, 160)
[2026-09-28 01:19:32.295] [INF] [default] [TitleBar.cpp:159 in Update] -> [follow mouse ok] : (312, 160)
[2026-09-28 01:19:32.302] [INF] [default] [TitleBar.cpp:159 in Update] -> [follow mouse ok] : (312, 160)
[2026-09-28 01:19:32.310] [INF] [default] [TitleBar.cpp:159 in Update] -> [follow mouse ok] : (312, 160)
[2026-09-28 01:19:32.316] [INF] [default] [TitleBar.cpp:159 in Update] -> [follow mouse ok] : (312, 160)
[2026-09-28 01:19:32.329] [INF] [default] [TitleBar.cpp:159 in Update] -> [follow mouse ok] : (312, 160)
[2026-09-28 01:19:32.344] [INF] [default] [TitleBar.cpp:159 in Update] -> [follow mouse ok] : (312, 160)
[2026-09-28 01:19:32.351] [INF] [default] [TitleBar.cpp:159 in Update] -> [follow mouse ok] : (312, 160)
[2026-09-28 01:19:32.364] [INF] [default] [TitleBar.cpp:159 in Update] -> [follow mouse ok] : (312, 160)
[2026-09-28 01:19:32.386] [INF] [default] [TitleBar.cpp:159 in Update] -> [follow mouse ok] : (312, 160)
[2026-09-28 01:19:32.392] [INF] [default] [TitleBar.cpp:159 in Update] -> [follow mouse ok] : (312, 160)
[2026-09-28 01:19:32.399] [INF] [default] [TitleBar.cpp:159 in Update] -> [follow mouse ok] : (312, 160)
[2026-09-28 01:19:32.414] [INF] [default] [TitleBar.cpp:159 in Update] -> [follow mouse ok] : (312, 160)
[2026-09-28 01:19:32.427] [INF] [default] [TitleBar.cpp:159 in Update] -> [follow mouse ok] : (312, 160)
[2026-09-28 01:19:32.434] [INF] [default] [TitleBar.cpp:159 in Update] -> [follow mouse ok] : (312, 160)
[2026-09-28 01:19:32.441] [INF] [default] [TitleBar.cpp:159 in Update] -> [follow mouse ok] : (312, 160)
[2026-09-28 01:19:32.448] [INF] [default] [TitleBar.cpp:159 in Update] -> [follow mouse ok] : (312, 160)
[2026-09-28 01:19:32.455] [INF] [default] [TitleBar.cpp:159 in Update] -> [follow mouse ok] : (312, 160)
[2026-09-28 01:19:32.462] [INF] [default] [TitleBar.cpp:159 in Update] -> [follow mouse ok] : (312, 160)
[2026-09-28 01:19:32.470] [INF] [default] [TitleBar.cpp:159 in Update] -> [follow mouse ok] : (312, 160)
[2026-09-28 01:19:32.477] [INF] [default] [TitleBar.cpp:159 in Update] -> [follow mouse ok] : (312, 160)
[2026-09-28 01:19:32.483] [INF] [default] [TitleBar.cpp:159 in Update] -> [follow mouse ok] : (312, 160)
[2026-09-28 01:19:32.490] [INF] [default] [TitleBar.cpp:159 in Update] -> [follow mouse ok] : (312, 160)
[2026-09-28 01:19:32.497] [INF] [default] [TitleBar.cpp:159 in Update] -> [follow mouse ok] : (312, 160)
[2026-09-28 01:19:32.503] [INF] [default] [TitleBar.cpp:159 in Update] -> [follow mouse ok] : (312, 160)
[2026-09-28 01:19:32.511] [INF] [default] [TitleBar.cpp:159 in Update] -> [follow mouse ok] : (312, 160)
[2026-09-28 01:19:32.517] [INF] [default] [TitleBar.cpp:159 in Update] -> [follow mouse ok] : (312, 160)
[2026-09-28 01:19:32.525] [INF] [default] [TitleBar.cpp:159 in Update] -> [follow mouse ok] : (312, 160)
[2026-09-28 01:19:32.532] [INF] [default] [TitleBar.cpp:159 in Update] -> [follow mouse ok] : (312, 160)
[2026-09-28 01:19:32.539] [INF] [default] [TitleBar.cpp:159 in Update] -> [follow mouse ok] : (312, 160)
[2026-09-28 01:19:32.546] [INF] [default] [TitleBar.cpp:159 in Update] -> [follow mouse ok] : (312, 160)
[2026-09-28 01:19:32.553] [INF] [default] [TitleBar.cpp:159 in Update] -> [follow mouse ok] : (312, 160)
[2026-09-28 01:19:32.560] [INF] [default] [TitleBar.cpp:159 in Update] -> [follow mouse ok] : (312, 160)
[2026-09-28 01:19:32.566] [INF] [default] [TitleBar.cpp:159 in Update] -> [follow mouse ok] : (312, 160)
[2026-09-28 01:19:32.575] [INF] [default] [TitleBar.cpp:159 in Update] -> [follow mouse ok] : (312, 160)
[2026-09-28 01:19:32.580] [INF] [default] [TitleBar.cpp:159 in Update] -> [follow mouse ok] : (312, 160)
[2026-09-28 01:19:32.587] [INF] [default] [TitleBar.cpp:159 in Update] -> [follow mouse ok] : (312, 160)
[2026-09-28 01:19:32.595] [INF] [default] [TitleBar.cpp:159 in Update] -> [follow mouse ok] : (312, 160)
[2026-09-28 01:19:32.601] [INF] [default] [TitleBar.cpp:159 in Update] -> [follow mouse ok] : (312, 160)
[2026-09-28 01:19:32.609] [INF] [default] [TitleBar.cpp:159 in Update] -> [follow mouse ok] : (312, 160)
[2026-09-28 01:19:32.616] [INF] [default] [TitleBar.cpp:159 in Update] -> [follow mouse ok] : (312, 160)
[2026-09-28 01:19:32.623] [INF] [default] [TitleBar.cpp:159 in Update] -> [follow mouse ok] : (312, 160)
[2026-09-28 01:19:32.630] [INF] [default] [TitleBar.cpp:159 in Update] -> [follow mouse ok] : (312, 160)
[2026-09-28 01:19:32.637] [INF] [default] [TitleBar.cpp:159 in Update] -> [follow mouse ok] : (312, 160)
[2026-09-28 01:19:32.644] [INF] [default] [TitleBar.cpp:159 in Update] -> [follow mouse ok] : (312, 160)
[2026-09-28 01:19:32.651] [INF] [default] [TitleBar.cpp:159 in Update] -> [follow mouse ok] : (312, 160)
[2026-09-28 01:19:32.658] [INF] [default] [TitleBar.cpp:159 in Update] -> [follow mouse ok] : (312, 160)
[2026-09-28 01:19:32.664] [INF] [default] [TitleBar.cpp:159 in Update] -> [follow mouse ok] : (312, 160)
[2026-09-28 01:19:32.672] [INF] [default] [TitleBar.cpp:159 in Update] -> [follow mouse ok] : (312, 160)
[2026-09-28 01:19:32.679] [INF] [default] [TitleBar.cpp:159 in Update] -> [follow mouse ok] : (312, 160)
[2026-09-28 01:19:32.685] [INF] [default] [TitleBar.cpp:159 in Update] -> [follow mouse ok] : (312, 160)
[2026-09-28 01:19:32.693] [INF] [default] [TitleBar.cpp:159 in Update] -> [follow mouse ok] : (312, 160)
[2026-09-28 01:19:32.699] [INF] [default] [TitleBar.cpp:159 in Update] -> [follow mouse ok] : (312, 160)
[2026-09-28 01:19:32.706] [INF] [default] [TitleBar.cpp:159 in Update] -> [follow mouse ok] : (312, 160)
[2026-09-28 01:19:32.714] [INF] [default] [TitleBar.cpp:159 in Update] -> [follow mouse ok] : (312, 160)
[2026-09-28 01:19:32.720] [INF] [default] [TitleBar.cpp:159 in Update] -> [follow mouse ok] : (312, 160)
[2026-09-28 01:19:32.728] [INF] [default] [TitleBar.cpp:159 in Update] -> [follow mouse ok] : (312, 160)
[2026-09-28 01:19:32.734] [INF] [default] [TitleBar.cpp:159 in Update] -> [follow mouse ok] : (312, 160)
[2026-09-28 01:19:32.742] [INF] [default] [TitleBar.cpp:159 in Update] -> [follow mouse ok] : (312, 160)
[2026-09-28 01:19:32.749] [INF] [default] [TitleBar.cpp:159 in Update] -> [follow mouse ok] : (312, 160)
[2026-09-28 01:19:32.755] [INF] [default] [TitleBar.cpp:159 in Update] -> [follow mouse ok] : (312, 160)
[2026-09-28 01:19:32.761] [INF] [default] [TitleBar.cpp:159 in Update] -> [follow mouse ok] : (312, 160)
[2026-09-28 01:19:32.769] [INF] [default] [TitleBar.cpp:159 in Update] -> [follow mouse ok] : (312, 160)
[2026-09-28 01:19:32.776] [INF] [default] [TitleBar.cpp:159 in Update] -> [follow mouse ok] : (312, 160)
[2026-09-28 01:19:32.783] [INF] [default] [TitleBar.cpp:159 in Update] -> [follow mouse ok] : (312, 160)
[2026-09-28 01:19:32.790] [INF] [default] [TitleBar.cpp:159 in Update] -> [follow mouse ok] : (312, 160)
[2026-09-28 01:19:32.797] [INF] [default] [TitleBar.cpp:159 in Update] -> [follow mouse ok] : (312, 160)
[2026-09-28 01:19:32.811] [INF] [default] [TitleBar.cpp:159 in Update] -> [follow mouse ok] : (312, 160)
[2026-09-28 01:19:32.824] [INF] [default] [TitleBar.cpp:159 in Update] -> [follow mouse ok] : (312, 160)
[2026-09-28 01:19:32.846] [INF] [default] [TitleBar.cpp:159 in Update] -> [follow mouse ok] : (312, 160)
[2026-09-28 01:19:32.866] [INF] [default] [TitleBar.cpp:159 in Update] -> [follow mouse ok] : (312, 160)
[2026-09-28 01:19:32.887] [INF] [default] [TitleBar.cpp:159 in Update] -> [follow mouse ok] : (312, 160)
[2026-09-28 01:19:32.964] [INF] [default] [TitleBar.cpp:159 in Update] -> [follow mouse ok] : (312, 160)
[2026-09-28 01:19:32.991] [INF] [default] [TitleBar.cpp:159 in Update] -> [follow mouse ok] : (312, 160)
[2026-09-28 01:19:33.006] [INF] [default] [TitleBar.cpp:159 in Update] -> [follow mouse ok] : (312, 160)
[2026-09-28 01:19:33.020] [INF] [default] [TitleBar.cpp:159 in Update] -> [follow mouse ok] : (312, 160)
[2026-09-28 01:19:33.026] [INF] [default] [TitleBar.cpp:159 in Update] -> [follow mouse ok] : (312, 160)
[2026-09-28 01:19:33.034] [INF] [default] [TitleBar.cpp:159 in Update] -> [follow mouse ok] : (312, 160)
[2026-09-28 01:19:33.041] [INF] [default] [TitleBar.cpp:159 in Update] -> [follow mouse ok] : (312, 160)
[2026-09-28 01:19:33.047] [INF] [default] [TitleBar.cpp:159 in Update] -> [follow mouse ok] : (312, 160)
[2026-09-28 01:19:33.055] [INF] [default] [TitleBar.cpp:159 in Update] -> [follow mouse ok] : (312, 160)
[2026-09-28 01:19:33.061] [INF] [default] [TitleBar.cpp:159 in Update] -> [follow mouse ok] : (312, 160)
[2026-09-28 01:19:33.076] [INF] [default] [TitleBar.cpp:159 in Update] -> [follow mouse ok] : (312, 160)
[2026-09-28 01:19:33.082] [INF] [default] [TitleBar.cpp:159 in Update] -> [follow mouse ok] : (312, 160)
[2026-09-28 01:19:33.090] [INF] [default] [TitleBar.cpp:159 in Update] -> [follow mouse ok] : (312, 160)
[2026-09-28 01:19:33.096] [INF] [default] [TitleBar.cpp:159 in Update] -> [follow mouse ok] : (312, 160)
[2026-09-28 01:19:33.104] [INF] [default] [TitleBar.cpp:159 in Update] -> [follow mouse ok] : (312, 160)
[2026-09-28 01:19:33.111] [INF] [default] [TitleBar.cpp:159 in Update] -> [follow mouse ok] : (312, 160)
[2026-09-28 01:19:33.117] [INF] [default] [TitleBar.cpp:159 in Update] -> [follow mouse ok] : (312, 160)
[2026-09-28 01:19:33.124] [INF] [default] [TitleBar.cpp:159 in Update] -> [follow mouse ok] : (312, 160)
[2026-09-28 01:19:33.131] [INF] [default] [TitleBar.cpp:159 in Update] -> [follow mouse ok] : (312, 160)
[2026-09-28 01:19:33.137] [INF] [default] [TitleBar.cpp:159 in Update] -> [follow mouse ok] : (312, 160)
[2026-09-28 01:19:33.146] [INF] [default] [TitleBar.cpp:159 in Update] -> [follow mouse ok] : (312, 160)
[2026-09-28 01:19:33.151] [INF] [default] [TitleBar.cpp:159 in Update] -> [follow mouse ok] : (312, 160)
[2026-09-28 01:19:33.160] [INF] [default] [TitleBar.cpp:159 in Update] -> [follow mouse ok] : (312, 160)
[2026-09-28 01:19:33.166] [INF] [default] [TitleBar.cpp:159 in Update] -> [follow mouse ok] : (312, 160)
[2026-09-28 01:19:33.173] [INF] [default] [TitleBar.cpp:159 in Update] -> [follow mouse ok] : (312, 160)
[2026-09-28 01:19:33.180] [INF] [default] [TitleBar.cpp:159 in Update] -> [follow mouse ok] : (312, 160)
[2026-09-28 01:19:33.186] [INF] [default] [TitleBar.cpp:159 in Update] -> [follow mouse ok] : (312, 160)
[2026-09-28 01:19:33.194] [INF] [default] [TitleBar.cpp:159 in Update] -> [follow mouse ok] : (312, 160)
[2026-09-28 01:19:33.200] [INF] [default] [TitleBar.cpp:159 in Update] -> [follow mouse ok] : (312, 160)
[2026-09-28 01:19:33.207] [INF] [default] [TitleBar.cpp:159 in Update] -> [follow mouse ok] : (312, 160)
[2026-09-28 01:19:33.215] [INF] [default] [TitleBar.cpp:159 in Update] -> [follow mouse ok] : (312, 160)
[2026-09-28 01:19:33.221] [INF] [default] [TitleBar.cpp:159 in Update] -> [follow mouse ok] : (312, 160)
[2026-09-28 01:19:33.229] [INF] [default] [TitleBar.cpp:159 in Update] -> [follow mouse ok] : (312, 160)
[2026-09-28 01:19:33.235] [INF] [default] [TitleBar.cpp:159 in Update] -> [follow mouse ok] : (312, 160)
[2026-09-28 01:19:33.243] [INF] [default] [TitleBar.cpp:159 in Update] -> [follow mouse ok] : (312, 160)
[2026-09-28 01:19:33.251] [INF] [default] [TitleBar.cpp:159 in Update] -> [follow mouse ok] : (312, 160)
[2026-09-28 01:19:33.257] [INF] [default] [TitleBar.cpp:159 in Update] -> [follow mouse ok] : (312, 160)
[2026-09-28 01:19:33.263] [INF] [default] [TitleBar.cpp:159 in Update] -> [follow mouse ok] : (312, 160)
[2026-09-28 01:19:33.271] [INF] [default] [TitleBar.cpp:159 in Update] -> [follow mouse ok] : (312, 160)
[2026-09-28 01:19:33.278] [INF] [default] [TitleBar.cpp:159 in Update] -> [follow mouse ok] : (312, 160)
[2026-09-28 01:19:33.284] [INF] [default] [TitleBar.cpp:159 in Update] -> [follow mouse ok] : (312, 160)
[2026-09-28 01:19:33.292] [INF] [default] [TitleBar.cpp:159 in Update] -> [follow mouse ok] : (312, 160)
[2026-09-28 01:19:33.299] [INF] [default] [TitleBar.cpp:159 in Update] -> [follow mouse ok] : (312, 160)
[2026-09-28 01:19:33.305] [INF] [default] [TitleBar.cpp:159 in Update] -> [follow mouse ok] : (312, 160)
[2026-09-28 01:19:33.313] [INF] [default] [TitleBar.cpp:159 in Update] -> [follow mouse ok] : (312, 160)
[2026-09-28 01:19:33.319] [INF] [default] [TitleBar.cpp:159 in Update] -> [follow mouse ok] : (312, 160)
[2026-09-28 01:19:33.327] [INF] [default] [TitleBar.cpp:159 in Update] -> [follow mouse ok] : (312, 160)
[2026-09-28 01:19:33.333] [INF] [default] [TitleBar.cpp:159 in Update] -> [follow mouse ok] : (312, 160)
[2026-09-28 01:19:33.340] [INF] [default] [TitleBar.cpp:159 in Update] -> [follow mouse ok] : (312, 160)
[2026-09-28 01:19:33.348] [INF] [default] [TitleBar.cpp:159 in Update] -> [follow mouse ok] : (312, 160)
[2026-09-28 01:19:33.354] [INF] [default] [TitleBar.cpp:159 in Update] -> [follow mouse ok] : (312, 160)
[2026-09-28 01:19:33.361] [INF] [default] [TitleBar.cpp:159 in Update] -> [follow mouse ok] : (312, 160)
[2026-09-28 01:19:33.368] [INF] [default] [TitleBar.cpp:159 in Update] -> [follow mouse ok] : (312, 160)
[2026-09-28 01:19:33.375] [INF] [default] [TitleBar.cpp:159 in Update] -> [follow mouse ok] : (312, 160)
[2026-09-28 01:19:33.382] [INF] [default] [TitleBar.cpp:159 in Update] -> [follow mouse ok] : (312, 160)
[2026-09-28 01:19:33.389] [INF] [default] [TitleBar.cpp:159 in Update] -> [follow mouse ok] : (312, 160)
[2026-09-28 01:19:33.396] [INF] [default] [TitleBar.cpp:159 in Update] -> [follow mouse ok] : (312, 160)
[2026-09-28 01:19:33.402] [INF] [default] [TitleBar.cpp:159 in Update] -> [follow mouse ok] : (312, 160)
[2026-09-28 01:19:33.410] [INF] [default] [TitleBar.cpp:159 in Update] -> [follow mouse ok] : (312, 160)
[2026-09-28 01:19:33.417] [INF] [default] [TitleBar.cpp:159 in Update] -> [follow mouse ok] : (312, 160)
[2026-09-28 01:19:33.424] [INF] [default] [TitleBar.cpp:159 in Update] -> [follow mouse ok] : (312, 160)
[2026-09-28 01:19:33.437] [INF] [default] [TitleBar.cpp:159 in Update] -> [follow mouse ok] : (312, 160)
[2026-09-28 01:19:33.445] [INF] [default] [TitleBar.cpp:159 in Update] -> [follow mouse ok] : (312, 160)
[2026-09-28 01:19:33.452] [INF] [default] [TitleBar.cpp:159 in Update] -> [follow mouse ok] : (312, 160)
[2026-09-28 01:19:33.460] [INF] [default] [TitleBar.cpp:159 in Update] -> [follow mouse ok] : (312, 160)
[2026-09-28 01:19:33.466] [INF] [default] [TitleBar.cpp:159 in Update] -> [follow mouse ok] : (312, 160)
[2026-09-28 01:19:33.472] [INF] [default] [TitleBar.cpp:159 in Update] -> [follow mouse ok] : (312, 160)
[2026-09-28 01:19:33.480] [INF] [default] [TitleBar.cpp:159 in Update] -> [follow mouse ok] : (312, 160)
[2026-09-28 01:19:33.487] [INF] [default] [TitleBar.cpp:159 in Update] -> [follow mouse ok] : (312, 160)
[2026-09-28 01:19:33.493] [INF] [default] [TitleBar.cpp:159 in Update] -> [follow mouse ok] : (312, 160)
[2026-09-28 01:19:33.500] [INF] [default] [TitleBar.cpp:159 in Update] -> [follow mouse ok] : (312, 160)
[2026-09-28 01:19:33.507] [INF] [default] [TitleBar.cpp:159 in Update] -> [follow mouse ok] : (312, 160)
[2026-09-28 01:19:33.514] [INF] [default] [TitleBar.cpp:159 in Update] -> [follow mouse ok] : (312, 160)
[2026-09-28 01:19:33.522] [INF] [default] [TitleBar.cpp:159 in Update] -> [follow mouse ok] : (312, 160)
[2026-09-28 01:19:33.529] [INF] [default] [TitleBar.cpp:159 in Update] -> [follow mouse ok] : (312, 160)
[2026-09-28 01:19:33.535] [INF] [default] [TitleBar.cpp:159 in Update] -> [follow mouse ok] : (312, 160)
[2026-09-28 01:19:33.543] [INF] [default] [TitleBar.cpp:159 in Update] -> [follow mouse ok] : (312, 160)
[2026-09-28 01:19:35.639] [INF] [default] [TitleBar.cpp:145 in Update] -> [follow mouse ok] : (515, 515)
[2026-09-28 01:19:35.860] [INF] [default] [TitleBar.cpp:159 in Update] -> [follow mouse ok] : (312, 160)
[2026-09-28 01:19:35.867] [INF] [default] [TitleBar.cpp:159 in Update] -> [follow mouse ok] : (312, 160)
[2026-09-28 01:19:35.875] [INF] [default] [TitleBar.cpp:159 in Update] -> [follow mouse ok] : (312, 160)
[2026-09-28 01:19:35.881] [INF] [default] [TitleBar.cpp:159 in Update] -> [follow mouse ok] : (312, 160)
[2026-09-28 01:19:35.888] [INF] [default] [TitleBar.cpp:159 in Update] -> [follow mouse ok] : (312, 160)
[2026-09-28 01:19:35.896] [INF] [default] [TitleBar.cpp:159 in Update] -> [follow mouse ok] : (312, 160)
[2026-09-28 01:19:35.903] [INF] [default] [TitleBar.cpp:159 in Update] -> [follow mouse ok] : (312, 160)
[2026-09-28 01:19:35.909] [INF] [default] [TitleBar.cpp:159 in Update] -> [follow mouse ok] : (312, 160)
[2026-09-28 01:19:35.916] [INF] [default] [TitleBar.cpp:159 in Update] -> [follow mouse ok] : (312, 160)
[2026-09-28 01:19:35.923] [INF] [default] [TitleBar.cpp:159 in Update] -> [follow mouse ok] : (312, 160)
[2026-09-28 01:19:35.930] [INF] [default] [TitleBar.cpp:159 in Update] -> [follow mouse ok] : (312, 160)
[2026-09-28 01:19:35.938] [INF] [default] [TitleBar.cpp:159 in Update] -> [follow mouse ok] : (312, 160)
[2026-09-28 01:19:35.944] [INF] [default] [TitleBar.cpp:159 in Update] -> [follow mouse ok] : (312, 160)
[2026-09-28 01:19:35.951] [INF] [default] [TitleBar.cpp:159 in Update] -> [follow mouse ok] : (312, 160)
[2026-09-28 01:19:35.957] [INF] [default] [TitleBar.cpp:159 in Update] -> [follow mouse ok] : (312, 160)
[2026-09-28 01:19:35.965] [INF] [default] [TitleBar.cpp:159 in Update] -> [follow mouse ok] : (312, 160)
[2026-09-28 01:19:35.973] [INF] [default] [TitleBar.cpp:159 in Update] -> [follow mouse ok] : (312, 160)
[2026-09-28 01:19:35.979] [INF] [default] [TitleBar.cpp:159 in Update] -> [follow mouse ok] : (312, 160)
[2026-09-28 01:19:35.986] [INF] [default] [TitleBar.cpp:159 in Update] -> [follow mouse ok] : (312, 160)
[2026-09-28 01:19:35.993] [INF] [default] [TitleBar.cpp:159 in Update] -> [follow mouse ok] : (312, 160)
[2026-09-28 01:19:36.000] [INF] [default] [TitleBar.cpp:159 in Update] -> [follow mouse ok] : (312, 160)
[2026-09-28 01:19:36.007] [INF] [default] [TitleBar.cpp:159 in Update] -> [follow mouse ok] : (312, 160)
[2026-09-28 01:19:36.021] [INF] [default] [TitleBar.cpp:159 in Update] -> [follow mouse ok] : (312, 160)
[2026-09-28 01:19:36.028] [INF] [default] [TitleBar.cpp:159 in Update] -> [follow mouse ok] : (312, 160)
[2026-09-28 01:19:36.042] [INF] [default] [TitleBar.cpp:159 in Update] -> [follow mouse ok] : (312, 160)
[2026-09-28 01:19:36.055] [INF] [default] [TitleBar.cpp:159 in Update] -> [follow mouse ok] : (312, 160)
[2026-09-28 01:19:36.076] [INF] [default] [TitleBar.cpp:159 in Update] -> [follow mouse ok] : (312, 160)
[2026-09-28 01:19:36.084] [INF] [default] [TitleBar.cpp:159 in Update] -> [follow mouse ok] : (312, 160)
[2026-09-28 01:19:36.097] [INF] [default] [TitleBar.cpp:159 in Update] -> [follow mouse ok] : (312, 160)
[2026-09-28 01:19:36.105] [INF] [default] [TitleBar.cpp:159 in Update] -> [follow mouse ok] : (312, 160)
[2026-09-28 01:19:36.119] [INF] [default] [TitleBar.cpp:159 in Update] -> [follow mouse ok] : (312, 160)
[2026-09-28 01:19:36.125] [INF] [default] [TitleBar.cpp:159 in Update] -> [follow mouse ok] : (312, 160)
[2026-09-28 01:19:36.132] [INF] [default] [TitleBar.cpp:159 in Update] -> [follow mouse ok] : (312, 160)
[2026-09-28 01:19:36.153] [INF] [default] [TitleBar.cpp:159 in Update] -> [follow mouse ok] : (312, 160)
[2026-09-28 01:19:36.160] [INF] [default] [TitleBar.cpp:159 in Update] -> [follow mouse ok] : (312, 160)
[2026-09-28 01:19:36.181] [INF] [default] [TitleBar.cpp:159 in Update] -> [follow mouse ok] : (312, 160)
[2026-09-28 01:19:36.195] [INF] [default] [TitleBar.cpp:159 in Update] -> [follow mouse ok] : (312, 160)
[2026-09-28 01:19:36.202] [INF] [default] [TitleBar.cpp:159 in Update] -> [follow mouse ok] : (312, 160)
[2026-09-28 01:19:36.223] [INF] [default] [TitleBar.cpp:159 in Update] -> [follow mouse ok] : (312, 160)
[2026-09-28 01:19:36.236] [INF] [default] [TitleBar.cpp:159 in Update] -> [follow mouse ok] : (312, 160)
[2026-09-28 01:19:36.251] [INF] [default] [TitleBar.cpp:159 in Update] -> [follow mouse ok] : (312, 160)
[2026-09-28 01:19:36.265] [INF] [default] [TitleBar.cpp:159 in Update] -> [follow mouse ok] : (312, 160)
[2026-09-28 01:19:36.271] [INF] [default] [TitleBar.cpp:159 in Update] -> [follow mouse ok] : (312, 160)
[2026-09-28 01:19:36.292] [INF] [default] [TitleBar.cpp:159 in Update] -> [follow mouse ok] : (312, 160)
[2026-09-28 01:19:36.300] [INF] [default] [TitleBar.cpp:159 in Update] -> [follow mouse ok] : (312, 160)
[2026-09-28 01:19:36.313] [INF] [default] [TitleBar.cpp:159 in Update] -> [follow mouse ok] : (312, 160)
[2026-09-28 01:19:36.321] [INF] [default] [TitleBar.cpp:159 in Update] -> [follow mouse ok] : (312, 160)
[2026-09-28 01:19:36.335] [INF] [default] [TitleBar.cpp:159 in Update] -> [follow mouse ok] : (312, 160)
[2026-09-28 01:19:36.342] [INF] [default] [TitleBar.cpp:159 in Update] -> [follow mouse ok] : (312, 160)
[2026-09-28 01:19:36.355] [INF] [default] [TitleBar.cpp:159 in Update] -> [follow mouse ok] : (312, 160)
[2026-09-28 01:19:36.362] [INF] [default] [TitleBar.cpp:159 in Update] -> [follow mouse ok] : (312, 160)
[2026-09-28 01:19:36.370] [INF] [default] [TitleBar.cpp:159 in Update] -> [follow mouse ok] : (312, 160)
[2026-09-28 01:19:36.376] [INF] [default] [TitleBar.cpp:159 in Update] -> [follow mouse ok] : (312, 160)
[2026-09-28 01:19:36.384] [INF] [default] [TitleBar.cpp:159 in Update] -> [follow mouse ok] : (312, 160)
[2026-09-28 01:19:36.397] [INF] [default] [TitleBar.cpp:159 in Update] -> [follow mouse ok] : (312, 160)
[2026-09-28 01:19:36.405] [INF] [default] [TitleBar.cpp:159 in Update] -> [follow mouse ok] : (312, 160)
[2026-09-28 01:19:36.411] [INF] [default] [TitleBar.cpp:159 in Update] -> [follow mouse ok] : (312, 160)
[2026-09-28 01:19:36.419] [INF] [default] [TitleBar.cpp:159 in Update] -> [follow mouse ok] : (312, 160)
[2026-09-28 01:19:36.424] [INF] [default] [TitleBar.cpp:159 in Update] -> [follow mouse ok] : (312, 160)
[2026-09-28 01:19:36.433] [INF] [default] [TitleBar.cpp:159 in Update] -> [follow mouse ok] : (312, 160)
[2026-09-28 01:19:36.439] [INF] [default] [TitleBar.cpp:159 in Update] -> [follow mouse ok] : (312, 160)
[2026-09-28 01:19:36.446] [INF] [default] [TitleBar.cpp:159 in Update] -> [follow mouse ok] : (312, 160)
[2026-09-28 01:19:36.453] [INF] [default] [TitleBar.cpp:159 in Update] -> [follow mouse ok] : (312, 160)
[2026-09-28 01:19:36.467] [INF] [default] [TitleBar.cpp:159 in Update] -> [follow mouse ok] : (312, 160)
[2026-09-28 01:19:36.474] [INF] [default] [TitleBar.cpp:159 in Update] -> [follow mouse ok] : (312, 160)
[2026-09-28 01:19:36.481] [INF] [default] [TitleBar.cpp:159 in Update] -> [follow mouse ok] : (312, 160)
[2026-09-28 01:19:36.487] [INF] [default] [TitleBar.cpp:159 in Update] -> [follow mouse ok] : (312, 160)
[2026-09-28 01:19:36.495] [INF] [default] [TitleBar.cpp:159 in Update] -> [follow mouse ok] : (312, 160)
[2026-09-28 01:19:36.502] [INF] [default] [TitleBar.cpp:159 in Update] -> [follow mouse ok] : (312, 160)
[2026-09-28 01:19:36.509] [INF] [default] [TitleBar.cpp:159 in Update] -> [follow mouse ok] : (312, 160)
[2026-09-28 01:19:36.515] [INF] [default] [TitleBar.cpp:159 in Update] -> [follow mouse ok] : (312, 160)
[2026-09-28 01:19:36.530] [INF] [default] [TitleBar.cpp:159 in Update] -> [follow mouse ok] : (312, 160)
[2026-09-28 01:19:36.544] [INF] [default] [TitleBar.cpp:159 in Update] -> [follow mouse ok] : (312, 160)
[2026-09-28 01:19:36.557] [INF] [default] [TitleBar.cpp:159 in Update] -> [follow mouse ok] : (312, 160)
[2026-09-28 01:19:36.571] [INF] [default] [TitleBar.cpp:159 in Update] -> [follow mouse ok] : (312, 160)
[2026-09-28 01:19:36.586] [INF] [default] [TitleBar.cpp:159 in Update] -> [follow mouse ok] : (312, 160)
[2026-09-28 01:19:36.613] [INF] [default] [TitleBar.cpp:159 in Update] -> [follow mouse ok] : (312, 160)
[2026-09-28 01:19:36.627] [INF] [default] [TitleBar.cpp:159 in Update] -> [follow mouse ok] : (312, 160)
[2026-09-28 01:19:36.641] [INF] [default] [TitleBar.cpp:159 in Update] -> [follow mouse ok] : (312, 160)
[2026-09-28 01:19:36.655] [INF] [default] [TitleBar.cpp:159 in Update] -> [follow mouse ok] : (312, 160)
[2026-09-28 01:19:36.662] [INF] [default] [TitleBar.cpp:159 in Update] -> [follow mouse ok] : (312, 160)
[2026-09-28 01:19:36.683] [INF] [default] [TitleBar.cpp:159 in Update] -> [follow mouse ok] : (312, 160)
[2026-09-28 01:19:36.697] [INF] [default] [TitleBar.cpp:159 in Update] -> [follow mouse ok] : (312, 160)
[2026-09-28 01:19:36.719] [INF] [default] [TitleBar.cpp:159 in Update] -> [follow mouse ok] : (312, 160)
[2026-09-28 01:19:36.731] [INF] [default] [TitleBar.cpp:159 in Update] -> [follow mouse ok] : (312, 160)
[2026-09-28 01:19:36.745] [INF] [default] [TitleBar.cpp:159 in Update] -> [follow mouse ok] : (312, 160)
[2026-09-28 01:19:36.807] [INF] [default] [TitleBar.cpp:159 in Update] -> [follow mouse ok] : (312, 160)
[2026-09-28 01:19:36.822] [INF] [default] [TitleBar.cpp:159 in Update] -> [follow mouse ok] : (312, 160)
[2026-09-28 01:19:36.829] [INF] [default] [TitleBar.cpp:159 in Update] -> [follow mouse ok] : (312, 160)
[2026-09-28 01:19:36.837] [INF] [default] [TitleBar.cpp:159 in Update] -> [follow mouse ok] : (312, 160)
[2026-09-28 01:19:36.843] [INF] [default] [TitleBar.cpp:159 in Update] -> [follow mouse ok] : (312, 160)
[2026-09-28 01:19:36.851] [INF] [default] [TitleBar.cpp:159 in Update] -> [follow mouse ok] : (312, 160)
[2026-09-28 01:19:36.858] [INF] [default] [TitleBar.cpp:159 in Update] -> [follow mouse ok] : (312, 160)
[2026-09-28 01:19:36.864] [INF] [default] [TitleBar.cpp:159 in Update] -> [follow mouse ok] : (312, 160)
[2026-09-28 01:19:36.871] [INF] [default] [TitleBar.cpp:159 in Update] -> [follow mouse ok] : (312, 160)
[2026-09-28 01:19:36.878] [INF] [default] [TitleBar.cpp:159 in Update] -> [follow mouse ok] : (312, 160)
[2026-09-28 01:19:36.885] [INF] [default] [TitleBar.cpp:159 in Update] -> [follow mouse ok] : (312, 160)
[2026-09-28 01:19:36.892] [INF] [default] [TitleBar.cpp:159 in Update] -> [follow mouse ok] : (312, 160)
[2026-09-28 01:19:36.898] [INF] [default] [TitleBar.cpp:159 in Update] -> [follow mouse ok] : (312, 160)
[2026-09-28 01:19:36.905] [INF] [default] [TitleBar.cpp:159 in Update] -> [follow mouse ok] : (312, 160)
[2026-09-28 01:19:36.912] [INF] [default] [TitleBar.cpp:159 in Update] -> [follow mouse ok] : (312, 160)
[2026-09-28 01:19:36.920] [INF] [default] [TitleBar.cpp:159 in Update] -> [follow mouse ok] : (312, 160)
[2026-09-28 01:19:36.927] [INF] [default] [TitleBar.cpp:159 in Update] -> [follow mouse ok] : (312, 160)
[2026-09-28 01:19:37.638] [INF] [default] [TitleBar.cpp:159 in Update] -> [follow mouse ok] : (312, 160)
[2026-09-28 01:19:37.644] [INF] [default] [TitleBar.cpp:159 in Update] -> [follow mouse ok] : (312, 160)
[2026-09-28 01:19:37.652] [INF] [default] [TitleBar.cpp:159 in Update] -> [follow mouse ok] : (312, 160)
[2026-09-28 01:19:37.658] [INF] [default] [TitleBar.cpp:159 in Update] -> [follow mouse ok] : (312, 160)
[2026-09-28 01:19:37.665] [INF] [default] [TitleBar.cpp:159 in Update] -> [follow mouse ok] : (312, 160)
[2026-09-28 01:19:37.673] [INF] [default] [TitleBar.cpp:159 in Update] -> [follow mouse ok] : (312, 160)
[2026-09-28 01:19:37.680] [INF] [default] [TitleBar.cpp:159 in Update] -> [follow mouse ok] : (312, 160)
[2026-09-28 01:19:37.686] [INF] [default] [TitleBar.cpp:159 in Update] -> [follow mouse ok] : (312, 160)
[2026-09-28 01:19:37.693] [INF] [default] [TitleBar.cpp:159 in Update] -> [follow mouse ok] : (312, 160)
[2026-09-28 01:19:37.700] [INF] [default] [TitleBar.cpp:159 in Update] -> [follow mouse ok] : (312, 160)
[2026-09-28 01:19:37.707] [INF] [default] [TitleBar.cpp:159 in Update] -> [follow mouse ok] : (312, 160)
[2026-09-28 01:19:37.715] [INF] [default] [TitleBar.cpp:159 in Update] -> [follow mouse ok] : (312, 160)
[2026-09-28 01:19:37.721] [INF] [default] [TitleBar.cpp:159 in Update] -> [follow mouse ok] : (312, 160)
[2026-09-28 01:19:37.727] [INF] [default] [TitleBar.cpp:159 in Update] -> [follow mouse ok] : (312, 160)
[2026-09-28 01:19:37.736] [INF] [default] [TitleBar.cpp:159 in Update] -> [follow mouse ok] : (312, 160)
[2026-09-28 01:19:37.742] [INF] [default] [TitleBar.cpp:159 in Update] -> [follow mouse ok] : (312, 160)
[2026-09-28 01:19:37.749] [INF] [default] [TitleBar.cpp:159 in Update] -> [follow mouse ok] : (312, 160)
[2026-09-28 01:19:37.756] [INF] [default] [TitleBar.cpp:159 in Update] -> [follow mouse ok] : (312, 160)
[2026-09-28 01:19:37.763] [INF] [default] [TitleBar.cpp:159 in Update] -> [follow mouse ok] : (312, 160)
[2026-09-28 01:19:37.770] [INF] [default] [TitleBar.cpp:159 in Update] -> [follow mouse ok] : (312, 160)
[2026-09-28 01:19:37.777] [INF] [default] [TitleBar.cpp:159 in Update] -> [follow mouse ok] : (312, 160)
[2026-09-28 01:19:37.784] [INF] [default] [TitleBar.cpp:159 in Update] -> [follow mouse ok] : (312, 160)
[2026-09-28 01:19:37.791] [INF] [default] [TitleBar.cpp:159 in Update] -> [follow mouse ok] : (312, 160)
[2026-09-28 01:19:37.797] [INF] [default] [TitleBar.cpp:159 in Update] -> [follow mouse ok] : (312, 160)
[2026-09-28 01:19:37.805] [INF] [default] [TitleBar.cpp:159 in Update] -> [follow mouse ok] : (312, 160)
[2026-09-28 01:19:37.819] [INF] [default] [TitleBar.cpp:159 in Update] -> [follow mouse ok] : (312, 160)
[2026-09-28 01:19:37.826] [INF] [default] [TitleBar.cpp:159 in Update] -> [follow mouse ok] : (312, 160)
[2026-09-28 01:19:37.846] [INF] [default] [TitleBar.cpp:159 in Update] -> [follow mouse ok] : (312, 160)
[2026-09-28 01:19:37.860] [INF] [default] [TitleBar.cpp:159 in Update] -> [follow mouse ok] : (312, 160)
[2026-09-28 01:19:37.943] [INF] [default] [TitleBar.cpp:159 in Update] -> [follow mouse ok] : (312, 160)
[2026-09-28 01:19:37.958] [INF] [default] [TitleBar.cpp:159 in Update] -> [follow mouse ok] : (312, 160)
[2026-09-28 01:19:37.966] [INF] [default] [TitleBar.cpp:159 in Update] -> [follow mouse ok] : (312, 160)
[2026-09-28 01:19:37.972] [INF] [default] [TitleBar.cpp:159 in Update] -> [follow mouse ok] : (312, 160)
[2026-09-28 01:19:37.979] [INF] [default] [TitleBar.cpp:159 in Update] -> [follow mouse ok] : (312, 160)
[2026-09-28 01:19:37.986] [INF] [default] [TitleBar.cpp:159 in Update] -> [follow mouse ok] : (312, 160)
[2026-09-28 01:19:37.993] [INF] [default] [TitleBar.cpp:159 in Update] -> [follow mouse ok] : (312, 160)
[2026-09-28 01:19:37.999] [INF] [default] [TitleBar.cpp:159 in Update] -> [follow mouse ok] : (312, 160)
[2026-09-28 01:19:38.006] [INF] [default] [TitleBar.cpp:159 in Update] -> [follow mouse ok] : (312, 160)
[2026-09-28 01:19:38.014] [INF] [default] [TitleBar.cpp:159 in Update] -> [follow mouse ok] : (312, 160)
[2026-09-28 01:19:38.020] [INF] [default] [TitleBar.cpp:159 in Update] -> [follow mouse ok] : (312, 160)
[2026-09-28 01:19:38.027] [INF] [default] [TitleBar.cpp:159 in Update] -> [follow mouse ok] : (312, 160)
[2026-09-28 01:19:38.035] [INF] [default] [TitleBar.cpp:159 in Update] -> [follow mouse ok] : (312, 160)
[2026-09-28 01:19:38.042] [INF] [default] [TitleBar.cpp:159 in Update] -> [follow mouse ok] : (312, 160)
[2026-09-28 01:19:38.049] [INF] [default] [TitleBar.cpp:159 in Update] -> [follow mouse ok] : (312, 160)
[2026-09-28 01:19:38.056] [INF] [default] [TitleBar.cpp:159 in Update] -> [follow mouse ok] : (312, 160)
[2026-09-28 01:19:38.062] [INF] [default] [TitleBar.cpp:159 in Update] -> [follow mouse ok] : (312, 160)
[2026-09-28 01:19:38.070] [INF] [default] [TitleBar.cpp:159 in Update] -> [follow mouse ok] : (312, 160)
[2026-09-28 01:19:38.076] [INF] [default] [TitleBar.cpp:159 in Update] -> [follow mouse ok] : (312, 160)
[2026-09-28 01:19:38.083] [INF] [default] [TitleBar.cpp:159 in Update] -> [follow mouse ok] : (312, 160)
[2026-09-28 01:19:38.091] [INF] [default] [TitleBar.cpp:159 in Update] -> [follow mouse ok] : (312, 160)
[2026-09-28 01:19:38.098] [INF] [default] [TitleBar.cpp:159 in Update] -> [follow mouse ok] : (312, 160)
[2026-09-28 01:19:38.104] [INF] [default] [TitleBar.cpp:159 in Update] -> [follow mouse ok] : (312, 160)
[2026-09-28 01:19:38.111] [INF] [default] [TitleBar.cpp:159 in Update] -> [follow mouse ok] : (312, 160)
[2026-09-28 01:19:38.119] [INF] [default] [TitleBar.cpp:159 in Update] -> [follow mouse ok] : (312, 160)
[2026-09-28 01:19:38.125] [INF] [default] [TitleBar.cpp:159 in Update] -> [follow mouse ok] : (312, 160)
[2026-09-28 01:19:38.132] [INF] [default] [TitleBar.cpp:159 in Update] -> [follow mouse ok] : (312, 160)
[2026-09-28 01:19:38.140] [INF] [default] [TitleBar.cpp:159 in Update] -> [follow mouse ok] : (312, 160)
[2026-09-28 01:19:38.146] [INF] [default] [TitleBar.cpp:159 in Update] -> [follow mouse ok] : (312, 160)
[2026-09-28 01:19:38.153] [INF] [default] [TitleBar.cpp:159 in Update] -> [follow mouse ok] : (312, 160)
[2026-09-28 01:19:38.161] [INF] [default] [TitleBar.cpp:159 in Update] -> [follow mouse ok] : (312, 160)
[2026-09-28 01:19:38.168] [INF] [default] [TitleBar.cpp:159 in Update] -> [follow mouse ok] : (312, 160)
[2026-09-28 01:19:38.174] [INF] [default] [TitleBar.cpp:159 in Update] -> [follow mouse ok] : (312, 160)
[2026-09-28 01:19:38.181] [INF] [default] [TitleBar.cpp:159 in Update] -> [follow mouse ok] : (312, 160)
[2026-09-28 01:19:38.188] [INF] [default] [TitleBar.cpp:159 in Update] -> [follow mouse ok] : (312, 160)
[2026-09-28 01:19:38.195] [INF] [default] [TitleBar.cpp:159 in Update] -> [follow mouse ok] : (312, 160)
[2026-09-28 01:19:38.202] [INF] [default] [TitleBar.cpp:159 in Update] -> [follow mouse ok] : (312, 160)
[2026-09-28 01:19:38.209] [INF] [default] [TitleBar.cpp:159 in Update] -> [follow mouse ok] : (312, 160)
[2026-09-28 01:19:38.216] [INF] [default] [TitleBar.cpp:159 in Update] -> [follow mouse ok] : (312, 160)
[2026-09-28 01:19:38.223] [INF] [default] [TitleBar.cpp:159 in Update] -> [follow mouse ok] : (312, 160)
[2026-09-28 01:19:38.230] [INF] [default] [TitleBar.cpp:159 in Update] -> [follow mouse ok] : (312, 160)
[2026-09-28 01:19:38.238] [INF] [default] [TitleBar.cpp:159 in Update] -> [follow mouse ok] : (312, 160)
[2026-09-28 01:19:38.243] [INF] [default] [TitleBar.cpp:159 in Update] -> [follow mouse ok] : (312, 160)
[2026-09-28 01:19:38.251] [INF] [default] [TitleBar.cpp:159 in Update] -> [follow mouse ok] : (312, 160)
[2026-09-28 01:19:38.258] [INF] [default] [TitleBar.cpp:159 in Update] -> [follow mouse ok] : (312, 160)
[2026-09-28 01:19:38.264] [INF] [default] [TitleBar.cpp:159 in Update] -> [follow mouse ok] : (312, 160)
[2026-09-28 01:19:38.272] [INF] [default] [TitleBar.cpp:159 in Update] -> [follow mouse ok] : (312, 160)
[2026-09-28 01:19:38.279] [INF] [default] [TitleBar.cpp:159 in Update] -> [follow mouse ok] : (312, 160)
[2026-09-28 01:19:38.285] [INF] [default] [TitleBar.cpp:159 in Update] -> [follow mouse ok] : (312, 160)
[2026-09-28 01:19:38.292] [INF] [default] [TitleBar.cpp:159 in Update] -> [follow mouse ok] : (312, 160)
[2026-09-28 01:19:38.299] [INF] [default] [TitleBar.cpp:159 in Update] -> [follow mouse ok] : (312, 160)
[2026-09-28 01:19:38.307] [INF] [default] [TitleBar.cpp:159 in Update] -> [follow mouse ok] : (312, 160)
[2026-09-28 01:19:38.313] [INF] [default] [TitleBar.cpp:159 in Update] -> [follow mouse ok] : (312, 160)
[2026-09-28 01:19:38.321] [INF] [default] [TitleBar.cpp:159 in Update] -> [follow mouse ok] : (312, 160)
[2026-09-28 01:19:38.327] [INF] [default] [TitleBar.cpp:159 in Update] -> [follow mouse ok] : (312, 160)
[2026-09-28 01:19:38.334] [INF] [default] [TitleBar.cpp:159 in Update] -> [follow mouse ok] : (312, 160)
[2026-09-28 01:19:38.342] [INF] [default] [TitleBar.cpp:159 in Update] -> [follow mouse ok] : (312, 160)
[2026-09-28 01:19:38.349] [INF] [default] [TitleBar.cpp:159 in Update] -> [follow mouse ok] : (312, 160)
[2026-09-28 01:19:38.355] [INF] [default] [TitleBar.cpp:159 in Update] -> [follow mouse ok] : (312, 160)
[2026-09-28 01:19:38.363] [INF] [default] [TitleBar.cpp:159 in Update] -> [follow mouse ok] : (312, 160)
[2026-09-28 01:19:38.369] [INF] [default] [TitleBar.cpp:159 in Update] -> [follow mouse ok] : (312, 160)
[2026-09-28 01:19:38.376] [INF] [default] [TitleBar.cpp:159 in Update] -> [follow mouse ok] : (312, 160)
[2026-09-28 01:19:38.384] [INF] [default] [TitleBar.cpp:159 in Update] -> [follow mouse ok] : (312, 160)
[2026-09-28 01:19:38.397] [INF] [default] [TitleBar.cpp:159 in Update] -> [follow mouse ok] : (312, 160)
[2026-09-28 01:19:38.404] [INF] [default] [TitleBar.cpp:159 in Update] -> [follow mouse ok] : (312, 160)
[2026-09-28 01:19:38.411] [INF] [default] [TitleBar.cpp:159 in Update] -> [follow mouse ok] : (312, 160)
[2026-09-28 01:19:38.425] [INF] [default] [TitleBar.cpp:159 in Update] -> [follow mouse ok] : (312, 160)
[2026-09-28 01:19:38.439] [INF] [default] [TitleBar.cpp:159 in Update] -> [follow mouse ok] : (312, 160)
[2026-09-28 01:19:38.446] [INF] [default] [TitleBar.cpp:159 in Update] -> [follow mouse ok] : (312, 160)
[2026-09-28 01:19:38.454] [INF] [default] [TitleBar.cpp:159 in Update] -> [follow mouse ok] : (312, 160)
[2026-09-28 01:19:38.495] [INF] [default] [TitleBar.cpp:159 in Update] -> [follow mouse ok] : (312, 160)
[2026-09-28 01:19:38.726] [INF] [default] [TitleBar.cpp:145 in Update] -> [follow mouse ok] : (494, 494)
[2026-09-28 01:19:38.950] [INF] [default] [TitleBar.cpp:159 in Update] -> [follow mouse ok] : (312, 160)
[2026-09-28 01:19:38.956] [INF] [default] [TitleBar.cpp:159 in Update] -> [follow mouse ok] : (312, 160)
[2026-09-28 01:19:38.964] [INF] [default] [TitleBar.cpp:159 in Update] -> [follow mouse ok] : (312, 160)
[2026-09-28 01:19:38.970] [INF] [default] [TitleBar.cpp:159 in Update] -> [follow mouse ok] : (312, 160)
[2026-09-28 01:19:38.977] [INF] [default] [TitleBar.cpp:159 in Update] -> [follow mouse ok] : (312, 160)
[2026-09-28 01:19:38.985] [INF] [default] [TitleBar.cpp:159 in Update] -> [follow mouse ok] : (312, 160)
[2026-09-28 01:19:38.992] [INF] [default] [TitleBar.cpp:159 in Update] -> [follow mouse ok] : (312, 160)
[2026-09-28 01:19:38.997] [INF] [default] [TitleBar.cpp:159 in Update] -> [follow mouse ok] : (312, 160)
[2026-09-28 01:19:39.006] [INF] [default] [TitleBar.cpp:159 in Update] -> [follow mouse ok] : (312, 160)
[2026-09-28 01:19:39.012] [INF] [default] [TitleBar.cpp:159 in Update] -> [follow mouse ok] : (312, 160)
[2026-09-28 01:19:39.019] [INF] [default] [TitleBar.cpp:159 in Update] -> [follow mouse ok] : (312, 160)
[2026-09-28 01:19:39.027] [INF] [default] [TitleBar.cpp:159 in Update] -> [follow mouse ok] : (312, 160)
[2026-09-28 01:19:39.033] [INF] [default] [TitleBar.cpp:159 in Update] -> [follow mouse ok] : (312, 160)
[2026-09-28 01:19:39.040] [INF] [default] [TitleBar.cpp:159 in Update] -> [follow mouse ok] : (312, 160)
[2026-09-28 01:19:39.047] [INF] [default] [TitleBar.cpp:159 in Update] -> [follow mouse ok] : (312, 160)
[2026-09-28 01:19:39.054] [INF] [default] [TitleBar.cpp:159 in Update] -> [follow mouse ok] : (312, 160)
[2026-09-28 01:19:39.060] [INF] [default] [TitleBar.cpp:159 in Update] -> [follow mouse ok] : (312, 160)
[2026-09-28 01:19:39.067] [INF] [default] [TitleBar.cpp:159 in Update] -> [follow mouse ok] : (312, 160)
[2026-09-28 01:19:39.075] [INF] [default] [TitleBar.cpp:159 in Update] -> [follow mouse ok] : (312, 160)
[2026-09-28 01:19:39.082] [INF] [default] [TitleBar.cpp:159 in Update] -> [follow mouse ok] : (312, 160)
[2026-09-28 01:19:39.088] [INF] [default] [TitleBar.cpp:159 in Update] -> [follow mouse ok] : (312, 160)
[2026-09-28 01:19:39.096] [INF] [default] [TitleBar.cpp:159 in Update] -> [follow mouse ok] : (312, 160)
[2026-09-28 01:19:39.103] [INF] [default] [TitleBar.cpp:159 in Update] -> [follow mouse ok] : (312, 160)
[2026-09-28 01:19:39.109] [INF] [default] [TitleBar.cpp:159 in Update] -> [follow mouse ok] : (312, 160)
[2026-09-28 01:19:39.116] [INF] [default] [TitleBar.cpp:159 in Update] -> [follow mouse ok] : (312, 160)
[2026-09-28 01:19:39.124] [INF] [default] [TitleBar.cpp:159 in Update] -> [follow mouse ok] : (312, 160)
[2026-09-28 01:19:39.131] [INF] [default] [TitleBar.cpp:159 in Update] -> [follow mouse ok] : (312, 160)
[2026-09-28 01:19:39.137] [INF] [default] [TitleBar.cpp:159 in Update] -> [follow mouse ok] : (312, 160)
[2026-09-28 01:19:39.145] [INF] [default] [TitleBar.cpp:159 in Update] -> [follow mouse ok] : (312, 160)
[2026-09-28 01:19:39.151] [INF] [default] [TitleBar.cpp:159 in Update] -> [follow mouse ok] : (312, 160)
[2026-09-28 01:19:39.159] [INF] [default] [TitleBar.cpp:159 in Update] -> [follow mouse ok] : (312, 160)
[2026-09-28 01:19:39.166] [INF] [default] [TitleBar.cpp:159 in Update] -> [follow mouse ok] : (312, 160)
[2026-09-28 01:19:39.179] [INF] [default] [TitleBar.cpp:159 in Update] -> [follow mouse ok] : (312, 160)
[2026-09-28 01:19:39.186] [INF] [default] [TitleBar.cpp:159 in Update] -> [follow mouse ok] : (312, 160)
[2026-09-28 01:19:39.193] [INF] [default] [TitleBar.cpp:159 in Update] -> [follow mouse ok] : (312, 160)
[2026-09-28 01:19:39.221] [INF] [default] [TitleBar.cpp:159 in Update] -> [follow mouse ok] : (312, 160)
[2026-09-28 01:19:39.276] [INF] [default] [TitleBar.cpp:159 in Update] -> [follow mouse ok] : (312, 160)
[2026-09-28 01:19:39.284] [INF] [default] [TitleBar.cpp:159 in Update] -> [follow mouse ok] : (312, 160)
[2026-09-28 01:19:39.291] [INF] [default] [TitleBar.cpp:159 in Update] -> [follow mouse ok] : (312, 160)
[2026-09-28 01:19:39.297] [INF] [default] [TitleBar.cpp:159 in Update] -> [follow mouse ok] : (312, 160)
[2026-09-28 01:19:39.305] [INF] [default] [TitleBar.cpp:159 in Update] -> [follow mouse ok] : (312, 160)
[2026-09-28 01:19:39.312] [INF] [default] [TitleBar.cpp:159 in Update] -> [follow mouse ok] : (312, 160)
[2026-09-28 01:19:39.319] [INF] [default] [TitleBar.cpp:159 in Update] -> [follow mouse ok] : (312, 160)
[2026-09-28 01:19:39.326] [INF] [default] [TitleBar.cpp:159 in Update] -> [follow mouse ok] : (312, 160)
[2026-09-28 01:19:39.332] [INF] [default] [TitleBar.cpp:159 in Update] -> [follow mouse ok] : (312, 160)
[2026-09-28 01:19:39.340] [INF] [default] [TitleBar.cpp:159 in Update] -> [follow mouse ok] : (312, 160)
[2026-09-28 01:19:39.347] [INF] [default] [TitleBar.cpp:159 in Update] -> [follow mouse ok] : (312, 160)
[2026-09-28 01:19:39.353] [INF] [default] [TitleBar.cpp:159 in Update] -> [follow mouse ok] : (312, 160)
[2026-09-28 01:19:39.360] [INF] [default] [TitleBar.cpp:159 in Update] -> [follow mouse ok] : (312, 160)
[2026-09-28 01:19:39.367] [INF] [default] [TitleBar.cpp:159 in Update] -> [follow mouse ok] : (312, 160)
[2026-09-28 01:19:39.374] [INF] [default] [TitleBar.cpp:159 in Update] -> [follow mouse ok] : (312, 160)
[2026-09-28 01:19:39.381] [INF] [default] [TitleBar.cpp:159 in Update] -> [follow mouse ok] : (312, 160)
[2026-09-28 01:19:39.387] [INF] [default] [TitleBar.cpp:159 in Update] -> [follow mouse ok] : (312, 160)
[2026-09-28 01:19:39.396] [INF] [default] [TitleBar.cpp:159 in Update] -> [follow mouse ok] : (312, 160)
[2026-09-28 01:19:39.402] [INF] [default] [TitleBar.cpp:159 in Update] -> [follow mouse ok] : (312, 160)
[2026-09-28 01:19:39.410] [INF] [default] [TitleBar.cpp:159 in Update] -> [follow mouse ok] : (312, 160)
[2026-09-28 01:19:39.417] [INF] [default] [TitleBar.cpp:159 in Update] -> [follow mouse ok] : (312, 160)
[2026-09-28 01:19:39.423] [INF] [default] [TitleBar.cpp:159 in Update] -> [follow mouse ok] : (312, 160)
[2026-09-28 01:19:39.430] [INF] [default] [TitleBar.cpp:159 in Update] -> [follow mouse ok] : (312, 160)
[2026-09-28 01:19:39.436] [INF] [default] [TitleBar.cpp:159 in Update] -> [follow mouse ok] : (312, 160)
[2026-09-28 01:19:39.444] [INF] [default] [TitleBar.cpp:159 in Update] -> [follow mouse ok] : (312, 160)
[2026-09-28 01:19:39.450] [INF] [default] [TitleBar.cpp:159 in Update] -> [follow mouse ok] : (312, 160)
[2026-09-28 01:19:39.458] [INF] [default] [TitleBar.cpp:159 in Update] -> [follow mouse ok] : (312, 160)
[2026-09-28 01:19:39.465] [INF] [default] [TitleBar.cpp:159 in Update] -> [follow mouse ok] : (312, 160)
[2026-09-28 01:19:39.472] [INF] [default] [TitleBar.cpp:159 in Update] -> [follow mouse ok] : (312, 160)
[2026-09-28 01:19:39.479] [INF] [default] [TitleBar.cpp:159 in Update] -> [follow mouse ok] : (312, 160)
[2026-09-28 01:19:39.486] [INF] [default] [TitleBar.cpp:159 in Update] -> [follow mouse ok] : (312, 160)
[2026-09-28 01:19:39.493] [INF] [default] [TitleBar.cpp:159 in Update] -> [follow mouse ok] : (312, 160)
[2026-09-28 01:19:39.500] [INF] [default] [TitleBar.cpp:159 in Update] -> [follow mouse ok] : (312, 160)
[2026-09-28 01:19:39.507] [INF] [default] [TitleBar.cpp:159 in Update] -> [follow mouse ok] : (312, 160)
[2026-09-28 01:19:39.514] [INF] [default] [TitleBar.cpp:159 in Update] -> [follow mouse ok] : (312, 160)
[2026-09-28 01:19:39.521] [INF] [default] [TitleBar.cpp:159 in Update] -> [follow mouse ok] : (312, 160)
[2026-09-28 01:19:39.527] [INF] [default] [TitleBar.cpp:159 in Update] -> [follow mouse ok] : (312, 160)
[2026-09-28 01:19:39.534] [INF] [default] [TitleBar.cpp:159 in Update] -> [follow mouse ok] : (312, 160)
[2026-09-28 01:19:39.542] [INF] [default] [TitleBar.cpp:159 in Update] -> [follow mouse ok] : (312, 160)
[2026-09-28 01:19:39.549] [INF] [default] [TitleBar.cpp:159 in Update] -> [follow mouse ok] : (312, 160)
[2026-09-28 01:19:39.556] [INF] [default] [TitleBar.cpp:159 in Update] -> [follow mouse ok] : (312, 160)
[2026-09-28 01:19:39.563] [INF] [default] [TitleBar.cpp:159 in Update] -> [follow mouse ok] : (312, 160)
[2026-09-28 01:19:39.569] [INF] [default] [TitleBar.cpp:159 in Update] -> [follow mouse ok] : (312, 160)
[2026-09-28 01:19:39.576] [INF] [default] [TitleBar.cpp:159 in Update] -> [follow mouse ok] : (312, 160)
[2026-09-28 01:19:39.584] [INF] [default] [TitleBar.cpp:159 in Update] -> [follow mouse ok] : (312, 160)
[2026-09-28 01:19:39.590] [INF] [default] [TitleBar.cpp:159 in Update] -> [follow mouse ok] : (312, 160)
[2026-09-28 01:19:39.597] [INF] [default] [TitleBar.cpp:159 in Update] -> [follow mouse ok] : (312, 160)
[2026-09-28 01:19:39.604] [INF] [default] [TitleBar.cpp:159 in Update] -> [follow mouse ok] : (312, 160)
[2026-09-28 01:19:39.611] [INF] [default] [TitleBar.cpp:159 in Update] -> [follow mouse ok] : (312, 160)
[2026-09-28 01:19:39.617] [INF] [default] [TitleBar.cpp:159 in Update] -> [follow mouse ok] : (312, 160)
[2026-09-28 01:19:39.626] [INF] [default] [TitleBar.cpp:159 in Update] -> [follow mouse ok] : (312, 160)
[2026-09-28 01:19:39.631] [INF] [default] [TitleBar.cpp:159 in Update] -> [follow mouse ok] : (312, 160)
[2026-09-28 01:19:39.640] [INF] [default] [TitleBar.cpp:159 in Update] -> [follow mouse ok] : (312, 160)
[2026-09-28 01:19:39.647] [INF] [default] [TitleBar.cpp:159 in Update] -> [follow mouse ok] : (312, 160)
[2026-09-28 01:19:39.653] [INF] [default] [TitleBar.cpp:159 in Update] -> [follow mouse ok] : (312, 160)
[2026-09-28 01:19:39.661] [INF] [default] [TitleBar.cpp:159 in Update] -> [follow mouse ok] : (312, 160)
[2026-09-28 01:19:39.667] [INF] [default] [TitleBar.cpp:159 in Update] -> [follow mouse ok] : (312, 160)
[2026-09-28 01:19:39.674] [INF] [default] [TitleBar.cpp:159 in Update] -> [follow mouse ok] : (312, 160)
[2026-09-28 01:19:39.681] [INF] [default] [TitleBar.cpp:159 in Update] -> [follow mouse ok] : (312, 160)
[2026-09-28 01:19:39.688] [INF] [default] [TitleBar.cpp:159 in Update] -> [follow mouse ok] : (312, 160)
[2026-09-28 01:19:39.695] [INF] [default] [TitleBar.cpp:159 in Update] -> [follow mouse ok] : (312, 160)
[2026-09-28 01:19:39.702] [INF] [default] [TitleBar.cpp:159 in Update] -> [follow mouse ok] : (312, 160)
[2026-09-28 01:19:39.709] [INF] [default] [TitleBar.cpp:159 in Update] -> [follow mouse ok] : (312, 160)
[2026-09-28 01:19:39.723] [INF] [default] [TitleBar.cpp:159 in Update] -> [follow mouse ok] : (312, 160)
[2026-09-28 01:19:39.737] [INF] [default] [TitleBar.cpp:159 in Update] -> [follow mouse ok] : (312, 160)
[2026-09-28 01:19:39.777] [INF] [default] [TitleBar.cpp:159 in Update] -> [follow mouse ok] : (312, 160)
[2026-09-28 01:19:39.786] [INF] [default] [TitleBar.cpp:159 in Update] -> [follow mouse ok] : (312, 160)
[2026-09-28 01:19:39.799] [INF] [default] [TitleBar.cpp:159 in Update] -> [follow mouse ok] : (312, 160)
[2026-09-28 01:19:39.807] [INF] [default] [TitleBar.cpp:159 in Update] -> [follow mouse ok] : (312, 160)
[2026-09-28 01:19:39.813] [INF] [default] [TitleBar.cpp:159 in Update] -> [follow mouse ok] : (312, 160)
[2026-09-28 01:19:39.820] [INF] [default] [TitleBar.cpp:159 in Update] -> [follow mouse ok] : (312, 160)
[2026-09-28 01:19:39.827] [INF] [default] [TitleBar.cpp:159 in Update] -> [follow mouse ok] : (312, 160)
[2026-09-28 01:19:39.835] [INF] [default] [TitleBar.cpp:159 in Update] -> [follow mouse ok] : (312, 160)
[2026-09-28 01:19:39.841] [INF] [default] [TitleBar.cpp:159 in Update] -> [follow mouse ok] : (312, 160)
[2026-09-28 01:19:39.847] [INF] [default] [TitleBar.cpp:159 in Update] -> [follow mouse ok] : (312, 160)
[2026-09-28 01:19:39.856] [INF] [default] [TitleBar.cpp:159 in Update] -> [follow mouse ok] : (312, 160)
[2026-09-28 01:19:39.862] [INF] [default] [TitleBar.cpp:159 in Update] -> [follow mouse ok] : (312, 160)
[2026-09-28 01:19:39.869] [INF] [default] [TitleBar.cpp:159 in Update] -> [follow mouse ok] : (312, 160)
[2026-09-28 01:19:39.876] [INF] [default] [TitleBar.cpp:159 in Update] -> [follow mouse ok] : (312, 160)
[2026-09-28 01:19:39.883] [INF] [default] [TitleBar.cpp:159 in Update] -> [follow mouse ok] : (312, 160)
[2026-09-28 01:19:39.890] [INF] [default] [TitleBar.cpp:159 in Update] -> [follow mouse ok] : (312, 160)
[2026-09-28 01:19:39.898] [INF] [default] [TitleBar.cpp:159 in Update] -> [follow mouse ok] : (312, 160)
[2026-09-28 01:19:39.904] [INF] [default] [TitleBar.cpp:159 in Update] -> [follow mouse ok] : (312, 160)
[2026-09-28 01:19:39.912] [INF] [default] [TitleBar.cpp:159 in Update] -> [follow mouse ok] : (312, 160)
[2026-09-28 01:19:39.918] [INF] [default] [TitleBar.cpp:159 in Update] -> [follow mouse ok] : (312, 160)
[2026-09-28 01:19:39.925] [INF] [default] [TitleBar.cpp:159 in Update] -> [follow mouse ok] : (312, 160)
[2026-09-28 01:19:39.932] [INF] [default] [TitleBar.cpp:159 in Update] -> [follow mouse ok] : (312, 160)
[2026-09-28 01:19:39.939] [INF] [default] [TitleBar.cpp:159 in Update] -> [follow mouse ok] : (312, 160)
[2026-09-28 01:19:39.946] [INF] [default] [TitleBar.cpp:159 in Update] -> [follow mouse ok] : (312, 160)
[2026-09-28 01:19:39.952] [INF] [default] [TitleBar.cpp:159 in Update] -> [follow mouse ok] : (312, 160)
[2026-09-28 01:19:39.960] [INF] [default] [TitleBar.cpp:159 in Update] -> [follow mouse ok] : (312, 160)
[2026-09-28 01:19:39.967] [INF] [default] [TitleBar.cpp:159 in Update] -> [follow mouse ok] : (312, 160)
[2026-09-28 01:19:39.974] [INF] [default] [TitleBar.cpp:159 in Update] -> [follow mouse ok] : (312, 160)
[2026-09-28 01:19:39.980] [INF] [default] [TitleBar.cpp:159 in Update] -> [follow mouse ok] : (312, 160)
[2026-09-28 01:19:39.987] [INF] [default] [TitleBar.cpp:159 in Update] -> [follow mouse ok] : (312, 160)
[2026-09-28 01:19:39.994] [INF] [default] [TitleBar.cpp:159 in Update] -> [follow mouse ok] : (312, 160)
[2026-09-28 01:19:40.001] [INF] [default] [TitleBar.cpp:159 in Update] -> [follow mouse ok] : (312, 160)
[2026-09-28 01:19:40.009] [INF] [default] [TitleBar.cpp:159 in Update] -> [follow mouse ok] : (312, 160)
[2026-09-28 01:19:40.015] [INF] [default] [TitleBar.cpp:159 in Update] -> [follow mouse ok] : (312, 160)
[2026-09-28 01:19:40.023] [INF] [default] [TitleBar.cpp:159 in Update] -> [follow mouse ok] : (312, 160)
