[2026-09-28 01:18:50.037] [INF] [default] [c3-exo10_main.cpp:40 in nkmain] -> [window] : (312, 160)
[2026-09-28 01:18:50.037] [INF] [default] [button.h:33 in Button] -> [button] size : NkRectT[pos(1130, 10); size(40, 30)]
[2026-09-28 01:18:50.037] [INF] [default] [button.h:33 in Button] -> [button] size : NkRectT[pos(1060, 10); size(40, 30)]
[2026-09-28 01:18:50.037] [INF] [default] [button.h:33 in Button] -> [button] size : NkRectT[pos(1020, 10); size(40, 30)]
[2026-09-28 01:18:50.039] [INF] [default] [c3-exo10_main.cpp:43 in nkmain] -> [button] : RECT : (1130, 10) (1170, 40)
[2026-09-28 01:18:53.988] [INF] [default] [TitleBar.cpp:145 in Update] -> [follow mouse ok] : (662, 662)
[2026-09-28 01:18:54.260] [INF] [default] [TitleBar.cpp:159 in Update] -> [follow mouse ok] : (975, 184)
[2026-09-28 01:18:54.268] [INF] [default] [TitleBar.cpp:159 in Update] -> [follow mouse ok] : (976, 184)
[2026-09-28 01:18:54.274] [INF] [default] [TitleBar.cpp:159 in Update] -> [follow mouse ok] : (977, 185)
[2026-09-28 01:18:54.281] [INF] [default] [TitleBar.cpp:159 in Update] -> [follow mouse ok] : (978, 186)
[2026-09-28 01:18:54.288] [INF] [default] [TitleBar.cpp:159 in Update] -> [follow mouse ok] : (979, 186)
[2026-09-28 01:18:54.295] [INF] [default] [TitleBar.cpp:159 in Update] -> [follow mouse ok] : (980, 187)
[2026-09-28 01:18:54.302] [INF] [default] [TitleBar.cpp:159 in Update] -> [follow mouse ok] : (981, 187)
[2026-09-28 01:18:54.309] [INF] [default] [TitleBar.cpp:159 in Update] -> [follow mouse ok] : (982, 189)
[2026-09-28 01:18:54.316] [INF] [default] [TitleBar.cpp:159 in Update] -> [follow mouse ok] : (983, 189)
[2026-09-28 01:18:54.323] [INF] [default] [TitleBar.cpp:159 in Update] -> [follow mouse ok] : (984, 189)
[2026-09-28 01:18:54.330] [INF] [default] [TitleBar.cpp:159 in Update] -> [follow mouse ok] : (984, 190)
[2026-09-28 01:18:54.336] [INF] [default] [TitleBar.cpp:159 in Update] -> [follow mouse ok] : (985, 190)
[2026-09-28 01:18:54.344] [INF] [default] [TitleBar.cpp:159 in Update] -> [follow mouse ok] : (986, 191)
[2026-09-28 01:18:54.365] [INF] [default] [TitleBar.cpp:159 in Update] -> [follow mouse ok] : (987, 191)
[2026-09-28 01:18:54.379] [INF] [default] [TitleBar.cpp:159 in Update] -> [follow mouse ok] : (988, 192)
[2026-09-28 01:18:54.413] [INF] [default] [TitleBar.cpp:159 in Update] -> [follow mouse ok] : (989, 192)
[2026-09-28 01:18:54.442] [INF] [default] [TitleBar.cpp:159 in Update] -> [follow mouse ok] : (990, 192)
[2026-09-28 01:18:54.463] [INF] [default] [TitleBar.cpp:159 in Update] -> [follow mouse ok] : (991, 192)
[2026-09-28 01:18:54.476] [INF] [default] [TitleBar.cpp:159 in Update] -> [follow mouse ok] : (991, 193)
[2026-09-28 01:18:54.483] [INF] [default] [TitleBar.cpp:159 in Update] -> [follow mouse ok] : (992, 193)
[2026-09-28 01:18:54.491] [INF] [default] [TitleBar.cpp:159 in Update] -> [follow mouse ok] : (993, 194)
[2026-09-28 01:18:54.497] [INF] [default] [TitleBar.cpp:159 in Update] -> [follow mouse ok] : (994, 194)
[2026-09-28 01:18:54.503] [INF] [default] [TitleBar.cpp:159 in Update] -> [follow mouse ok] : (995, 195)
[2026-09-28 01:18:54.511] [INF] [default] [TitleBar.cpp:159 in Update] -> [follow mouse ok] : (997, 196)
[2026-09-28 01:18:54.518] [INF] [default] [TitleBar.cpp:159 in Update] -> [follow mouse ok] : (997, 197)
[2026-09-28 01:18:54.525] [INF] [default] [TitleBar.cpp:159 in Update] -> [follow mouse ok] : (999, 197)
[2026-09-28 01:18:54.532] [INF] [default] [TitleBar.cpp:159 in Update] -> [follow mouse ok] : (1001, 198)
[2026-09-28 01:18:54.539] [INF] [default] [TitleBar.cpp:159 in Update] -> [follow mouse ok] : (1002, 199)
[2026-09-28 01:18:54.546] [INF] [default] [TitleBar.cpp:159 in Update] -> [follow mouse ok] : (1003, 200)
[2026-09-28 01:18:54.553] [INF] [default] [TitleBar.cpp:159 in Update] -> [follow mouse ok] : (1004, 200)
[2026-09-28 01:18:54.560] [INF] [default] [TitleBar.cpp:159 in Update] -> [follow mouse ok] : (1004, 201)
[2026-09-28 01:18:54.566] [INF] [default] [TitleBar.cpp:159 in Update] -> [follow mouse ok] : (1005, 201)
[2026-09-28 01:18:54.574] [INF] [default] [TitleBar.cpp:159 in Update] -> [follow mouse ok] : (1006, 201)
[2026-09-28 01:18:54.587] [INF] [default] [TitleBar.cpp:159 in Update] -> [follow mouse ok] : (1007, 202)
[2026-09-28 01:18:54.609] [INF] [default] [TitleBar.cpp:159 in Update] -> [follow mouse ok] : (1008, 202)
[2026-09-28 01:18:54.624] [INF] [default] [TitleBar.cpp:159 in Update] -> [follow mouse ok] : (1009, 203)
[2026-09-28 01:18:54.671] [INF] [default] [TitleBar.cpp:159 in Update] -> [follow mouse ok] : (1010, 203)
[2026-09-28 01:18:54.692] [INF] [default] [TitleBar.cpp:159 in Update] -> [follow mouse ok] : (1011, 203)
[2026-09-28 01:18:54.747] [INF] [default] [TitleBar.cpp:159 in Update] -> [follow mouse ok] : (1012, 203)
[2026-09-28 01:18:54.859] [INF] [default] [TitleBar.cpp:159 in Update] -> [follow mouse ok] : (1013, 204)
[2026-09-28 01:18:54.880] [INF] [default] [TitleBar.cpp:159 in Update] -> [follow mouse ok] : (1014, 205)
[2026-09-28 01:18:54.894] [INF] [default] [TitleBar.cpp:159 in Update] -> [follow mouse ok] : (1015, 205)
[2026-09-28 01:18:54.902] [INF] [default] [TitleBar.cpp:159 in Update] -> [follow mouse ok] : (1016, 205)
[2026-09-28 01:18:54.909] [INF] [default] [TitleBar.cpp:159 in Update] -> [follow mouse ok] : (1017, 206)
[2026-09-28 01:18:54.915] [INF] [default] [TitleBar.cpp:159 in Update] -> [follow mouse ok] : (1018, 206)
[2026-09-28 01:18:54.922] [INF] [default] [TitleBar.cpp:159 in Update] -> [follow mouse ok] : (1019, 206)
[2026-09-28 01:18:54.936] [INF] [default] [TitleBar.cpp:159 in Update] -> [follow mouse ok] : (1020, 206)
[2026-09-28 01:18:54.943] [INF] [default] [TitleBar.cpp:159 in Update] -> [follow mouse ok] : (1021, 206)
[2026-09-28 01:18:54.950] [INF] [default] [TitleBar.cpp:159 in Update] -> [follow mouse ok] : (1022, 206)
[2026-09-28 01:18:54.971] [INF] [default] [TitleBar.cpp:159 in Update] -> [follow mouse ok] : (1023, 206)
[2026-09-28 01:18:54.985] [INF] [default] [TitleBar.cpp:159 in Update] -> [follow mouse ok] : (1024, 206)
[2026-09-28 01:18:55.019] [INF] [default] [TitleBar.cpp:159 in Update] -> [follow mouse ok] : (1025, 206)
[2026-09-28 01:18:55.034] [INF] [default] [TitleBar.cpp:159 in Update] -> [follow mouse ok] : (1026, 206)
[2026-09-28 01:18:55.137] [INF] [default] [TitleBar.cpp:159 in Update] -> [follow mouse ok] : (1026, 207)
[2026-09-28 01:18:55.235] [INF] [default] [TitleBar.cpp:159 in Update] -> [follow mouse ok] : (1026, 208)
[2026-09-28 01:18:55.374] [INF] [default] [TitleBar.cpp:159 in Update] -> [follow mouse ok] : (1027, 208)
[2026-09-28 01:18:56.079] [INF] [default] [TitleBar.cpp:159 in Update] -> [follow mouse ok] : (1027, 207)
[2026-09-28 01:18:56.086] [INF] [default] [TitleBar.cpp:159 in Update] -> [follow mouse ok] : (1026, 207)
[2026-09-28 01:18:56.093] [INF] [default] [TitleBar.cpp:159 in Update] -> [follow mouse ok] : (1025, 207)
[2026-09-28 01:18:56.106] [INF] [default] [TitleBar.cpp:159 in Update] -> [follow mouse ok] : (1025, 206)
[2026-09-28 01:18:56.120] [INF] [default] [TitleBar.cpp:159 in Update] -> [follow mouse ok] : (1024, 205)
[2026-09-28 01:18:56.127] [INF] [default] [TitleBar.cpp:159 in Update] -> [follow mouse ok] : (1023, 205)
[2026-09-28 01:18:56.142] [INF] [default] [TitleBar.cpp:159 in Update] -> [follow mouse ok] : (1023, 204)
[2026-09-28 01:18:56.169] [INF] [default] [TitleBar.cpp:159 in Update] -> [follow mouse ok] : (1022, 204)
[2026-09-28 01:18:56.191] [INF] [default] [TitleBar.cpp:159 in Update] -> [follow mouse ok] : (1021, 204)
[2026-09-28 01:18:56.198] [INF] [default] [TitleBar.cpp:159 in Update] -> [follow mouse ok] : (1020, 204)
[2026-09-28 01:18:56.211] [INF] [default] [TitleBar.cpp:159 in Update] -> [follow mouse ok] : (1020, 203)
[2026-09-28 01:18:56.217] [INF] [default] [TitleBar.cpp:159 in Update] -> [follow mouse ok] : (1018, 203)
[2026-09-28 01:18:56.225] [INF] [default] [TitleBar.cpp:159 in Update] -> [follow mouse ok] : (1018, 202)
[2026-09-28 01:18:56.239] [INF] [default] [TitleBar.cpp:159 in Update] -> [follow mouse ok] : (1017, 202)
[2026-09-28 01:18:56.246] [INF] [default] [TitleBar.cpp:159 in Update] -> [follow mouse ok] : (1016, 202)
[2026-09-28 01:18:56.253] [INF] [default] [TitleBar.cpp:159 in Update] -> [follow mouse ok] : (1015, 202)
[2026-09-28 01:18:56.266] [INF] [default] [TitleBar.cpp:159 in Update] -> [follow mouse ok] : (1014, 202)
[2026-09-28 01:18:56.274] [INF] [default] [TitleBar.cpp:159 in Update] -> [follow mouse ok] : (1013, 201)
[2026-09-28 01:18:56.287] [INF] [default] [TitleBar.cpp:159 in Update] -> [follow mouse ok] : (1012, 200)
[2026-09-28 01:18:56.302] [INF] [default] [TitleBar.cpp:159 in Update] -> [follow mouse ok] : (1011, 200)
[2026-09-28 01:18:56.309] [INF] [default] [TitleBar.cpp:159 in Update] -> [follow mouse ok] : (1011, 199)
[2026-09-28 01:18:56.316] [INF] [default] [TitleBar.cpp:159 in Update] -> [follow mouse ok] : (1010, 199)
[2026-09-28 01:18:56.330] [INF] [default] [TitleBar.cpp:159 in Update] -> [follow mouse ok] : (1009, 199)
[2026-09-28 01:18:56.350] [INF] [default] [TitleBar.cpp:159 in Update] -> [follow mouse ok] : (1008, 199)
[2026-09-28 01:18:56.392] [INF] [default] [TitleBar.cpp:159 in Update] -> [follow mouse ok] : (1007, 199)
[2026-09-28 01:18:56.407] [INF] [default] [TitleBar.cpp:159 in Update] -> [follow mouse ok] : (1007, 198)
[2026-09-28 01:18:56.462] [INF] [default] [TitleBar.cpp:159 in Update] -> [follow mouse ok] : (1006, 198)
[2026-09-28 01:18:56.489] [INF] [default] [TitleBar.cpp:159 in Update] -> [follow mouse ok] : (1005, 198)
[2026-09-28 01:18:56.510] [INF] [default] [TitleBar.cpp:159 in Update] -> [follow mouse ok] : (1004, 197)
[2026-09-28 01:18:56.525] [INF] [default] [TitleBar.cpp:159 in Update] -> [follow mouse ok] : (1003, 197)
[2026-09-28 01:18:56.547] [INF] [default] [TitleBar.cpp:159 in Update] -> [follow mouse ok] : (1002, 197)
[2026-09-28 01:18:56.553] [INF] [default] [TitleBar.cpp:159 in Update] -> [follow mouse ok] : (1001, 197)
[2026-09-28 01:18:56.573] [INF] [default] [TitleBar.cpp:159 in Update] -> [follow mouse ok] : (1000, 197)
[2026-09-28 01:18:56.608] [INF] [default] [TitleBar.cpp:159 in Update] -> [follow mouse ok] : (999, 197)
[2026-09-28 01:18:56.643] [INF] [default] [TitleBar.cpp:159 in Update] -> [follow mouse ok] : (998, 197)
[2026-09-28 01:18:56.685] [INF] [default] [TitleBar.cpp:159 in Update] -> [follow mouse ok] : (997, 197)
[2026-09-28 01:18:56.706] [INF] [default] [TitleBar.cpp:159 in Update] -> [follow mouse ok] : (996, 197)
[2026-09-28 01:18:56.713] [INF] [default] [TitleBar.cpp:159 in Update] -> [follow mouse ok] : (995, 196)
[2026-09-28 01:18:56.726] [INF] [default] [TitleBar.cpp:159 in Update] -> [follow mouse ok] : (994, 196)
[2026-09-28 01:18:56.734] [INF] [default] [TitleBar.cpp:159 in Update] -> [follow mouse ok] : (993, 195)
[2026-09-28 01:18:56.748] [INF] [default] [TitleBar.cpp:159 in Update] -> [follow mouse ok] : (992, 195)
[2026-09-28 01:18:56.754] [INF] [default] [TitleBar.cpp:159 in Update] -> [follow mouse ok] : (991, 195)
[2026-09-28 01:18:56.762] [INF] [default] [TitleBar.cpp:159 in Update] -> [follow mouse ok] : (990, 195)
[2026-09-28 01:18:56.776] [INF] [default] [TitleBar.cpp:159 in Update] -> [follow mouse ok] : (988, 195)
[2026-09-28 01:18:56.789] [INF] [default] [TitleBar.cpp:159 in Update] -> [follow mouse ok] : (987, 195)
[2026-09-28 01:18:56.796] [INF] [default] [TitleBar.cpp:159 in Update] -> [follow mouse ok] : (986, 195)
[2026-09-28 01:18:56.804] [INF] [default] [TitleBar.cpp:159 in Update] -> [follow mouse ok] : (985, 195)
[2026-09-28 01:18:56.817] [INF] [default] [TitleBar.cpp:159 in Update] -> [follow mouse ok] : (984, 195)
[2026-09-28 01:18:56.825] [INF] [default] [TitleBar.cpp:159 in Update] -> [follow mouse ok] : (982, 195)
[2026-09-28 01:18:56.845] [INF] [default] [TitleBar.cpp:159 in Update] -> [follow mouse ok] : (980, 195)
[2026-09-28 01:18:56.859] [INF] [default] [TitleBar.cpp:159 in Update] -> [follow mouse ok] : (979, 195)
[2026-09-28 01:18:56.866] [INF] [default] [TitleBar.cpp:159 in Update] -> [follow mouse ok] : (978, 195)
[2026-09-28 01:18:56.880] [INF] [default] [TitleBar.cpp:159 in Update] -> [follow mouse ok] : (977, 195)
[2026-09-28 01:18:56.887] [INF] [default] [TitleBar.cpp:159 in Update] -> [follow mouse ok] : (976, 195)
[2026-09-28 01:18:56.894] [INF] [default] [TitleBar.cpp:159 in Update] -> [follow mouse ok] : (975, 195)
[2026-09-28 01:18:56.901] [INF] [default] [TitleBar.cpp:159 in Update] -> [follow mouse ok] : (974, 195)
[2026-09-28 01:18:56.907] [INF] [default] [TitleBar.cpp:159 in Update] -> [follow mouse ok] : (974, 194)
[2026-09-28 01:18:56.916] [INF] [default] [TitleBar.cpp:159 in Update] -> [follow mouse ok] : (973, 194)
[2026-09-28 01:18:56.921] [INF] [default] [TitleBar.cpp:159 in Update] -> [follow mouse ok] : (972, 194)
[2026-09-28 01:18:56.936] [INF] [default] [TitleBar.cpp:159 in Update] -> [follow mouse ok] : (971, 194)
[2026-09-28 01:18:56.942] [INF] [default] [TitleBar.cpp:159 in Update] -> [follow mouse ok] : (970, 194)
[2026-09-28 01:18:56.957] [INF] [default] [TitleBar.cpp:159 in Update] -> [follow mouse ok] : (969, 194)
[2026-09-28 01:18:56.971] [INF] [default] [TitleBar.cpp:159 in Update] -> [follow mouse ok] : (968, 194)
[2026-09-28 01:18:56.985] [INF] [default] [TitleBar.cpp:159 in Update] -> [follow mouse ok] : (967, 194)
[2026-09-28 01:18:57.013] [INF] [default] [TitleBar.cpp:159 in Update] -> [follow mouse ok] : (966, 194)
[2026-09-28 01:18:57.034] [INF] [default] [TitleBar.cpp:159 in Update] -> [follow mouse ok] : (965, 194)
[2026-09-28 01:18:57.082] [INF] [default] [TitleBar.cpp:159 in Update] -> [follow mouse ok] : (964, 194)
[2026-09-28 01:18:57.989] [INF] [default] [TitleBar.cpp:145 in Update] -> [follow mouse ok] : (570, 570)
[2026-09-28 01:18:58.210] [INF] [default] [TitleBar.cpp:159 in Update] -> [follow mouse ok] : (883, 172)
[2026-09-28 01:18:58.217] [INF] [default] [TitleBar.cpp:159 in Update] -> [follow mouse ok] : (887, 172)
[2026-09-28 01:18:58.224] [INF] [default] [TitleBar.cpp:159 in Update] -> [follow mouse ok] : (893, 173)
[2026-09-28 01:18:58.231] [INF] [default] [TitleBar.cpp:159 in Update] -> [follow mouse ok] : (900, 175)
[2026-09-28 01:18:58.238] [INF] [default] [TitleBar.cpp:159 in Update] -> [follow mouse ok] : (905, 177)
[2026-09-28 01:18:58.244] [INF] [default] [TitleBar.cpp:159 in Update] -> [follow mouse ok] : (909, 177)
[2026-09-28 01:18:58.252] [INF] [default] [TitleBar.cpp:159 in Update] -> [follow mouse ok] : (916, 180)
[2026-09-28 01:18:58.259] [INF] [default] [TitleBar.cpp:159 in Update] -> [follow mouse ok] : (924, 182)
[2026-09-28 01:18:58.265] [INF] [default] [TitleBar.cpp:159 in Update] -> [follow mouse ok] : (932, 185)
[2026-09-28 01:18:58.273] [INF] [default] [TitleBar.cpp:159 in Update] -> [follow mouse ok] : (939, 186)
[2026-09-28 01:18:58.279] [INF] [default] [TitleBar.cpp:159 in Update] -> [follow mouse ok] : (947, 188)
[2026-09-28 01:18:58.286] [INF] [default] [TitleBar.cpp:159 in Update] -> [follow mouse ok] : (954, 191)
[2026-09-28 01:18:58.294] [INF] [default] [TitleBar.cpp:159 in Update] -> [follow mouse ok] : (958, 192)
[2026-09-28 01:18:58.301] [INF] [default] [TitleBar.cpp:159 in Update] -> [follow mouse ok] : (962, 194)
[2026-09-28 01:18:58.308] [INF] [default] [TitleBar.cpp:159 in Update] -> [follow mouse ok] : (964, 194)
[2026-09-28 01:18:58.314] [INF] [default] [TitleBar.cpp:159 in Update] -> [follow mouse ok] : (970, 196)
[2026-09-28 01:18:58.322] [INF] [default] [TitleBar.cpp:159 in Update] -> [follow mouse ok] : (972, 197)
[2026-09-28 01:18:58.329] [INF] [default] [TitleBar.cpp:159 in Update] -> [follow mouse ok] : (975, 199)
[2026-09-28 01:18:58.335] [INF] [default] [TitleBar.cpp:159 in Update] -> [follow mouse ok] : (977, 200)
[2026-09-28 01:18:58.343] [INF] [default] [TitleBar.cpp:159 in Update] -> [follow mouse ok] : (978, 200)
[2026-09-28 01:18:58.350] [INF] [default] [TitleBar.cpp:159 in Update] -> [follow mouse ok] : (980, 200)
[2026-09-28 01:18:58.357] [INF] [default] [TitleBar.cpp:159 in Update] -> [follow mouse ok] : (982, 201)
[2026-09-28 01:18:58.363] [INF] [default] [TitleBar.cpp:159 in Update] -> [follow mouse ok] : (985, 203)
[2026-09-28 01:18:58.370] [INF] [default] [TitleBar.cpp:159 in Update] -> [follow mouse ok] : (986, 204)
[2026-09-28 01:18:58.377] [INF] [default] [TitleBar.cpp:159 in Update] -> [follow mouse ok] : (989, 205)
[2026-09-28 01:18:58.384] [INF] [default] [TitleBar.cpp:159 in Update] -> [follow mouse ok] : (992, 205)
[2026-09-28 01:18:58.391] [INF] [default] [TitleBar.cpp:159 in Update] -> [follow mouse ok] : (996, 207)
[2026-09-28 01:18:58.398] [INF] [default] [TitleBar.cpp:159 in Update] -> [follow mouse ok] : (999, 208)
[2026-09-28 01:18:58.405] [INF] [default] [TitleBar.cpp:159 in Update] -> [follow mouse ok] : (1000, 209)
[2026-09-28 01:18:58.412] [INF] [default] [TitleBar.cpp:159 in Update] -> [follow mouse ok] : (1003, 210)
[2026-09-28 01:18:58.419] [INF] [default] [TitleBar.cpp:159 in Update] -> [follow mouse ok] : (1007, 212)
[2026-09-28 01:18:58.426] [INF] [default] [TitleBar.cpp:159 in Update] -> [follow mouse ok] : (1011, 213)
[2026-09-28 01:18:58.433] [INF] [default] [TitleBar.cpp:159 in Update] -> [follow mouse ok] : (1015, 215)
[2026-09-28 01:18:58.440] [INF] [default] [TitleBar.cpp:159 in Update] -> [follow mouse ok] : (1019, 216)
[2026-09-28 01:18:58.446] [INF] [default] [TitleBar.cpp:159 in Update] -> [follow mouse ok] : (1022, 216)
[2026-09-28 01:18:58.454] [INF] [default] [TitleBar.cpp:159 in Update] -> [follow mouse ok] : (1023, 218)
[2026-09-28 01:18:58.461] [INF] [default] [TitleBar.cpp:159 in Update] -> [follow mouse ok] : (1027, 219)
[2026-09-28 01:18:58.468] [INF] [default] [TitleBar.cpp:159 in Update] -> [follow mouse ok] : (1030, 221)
[2026-09-28 01:18:58.475] [INF] [default] [TitleBar.cpp:159 in Update] -> [follow mouse ok] : (1033, 222)
[2026-09-28 01:18:58.482] [INF] [default] [TitleBar.cpp:159 in Update] -> [follow mouse ok] : (1036, 223)
[2026-09-28 01:18:58.489] [INF] [default] [TitleBar.cpp:159 in Update] -> [follow mouse ok] : (1039, 224)
[2026-09-28 01:18:58.495] [INF] [default] [TitleBar.cpp:159 in Update] -> [follow mouse ok] : (1041, 226)
[2026-09-28 01:18:58.503] [INF] [default] [TitleBar.cpp:159 in Update] -> [follow mouse ok] : (1044, 227)
[2026-09-28 01:18:58.510] [INF] [default] [TitleBar.cpp:159 in Update] -> [follow mouse ok] : (1046, 227)
[2026-09-28 01:18:58.517] [INF] [default] [TitleBar.cpp:159 in Update] -> [follow mouse ok] : (1048, 228)
[2026-09-28 01:18:58.523] [INF] [default] [TitleBar.cpp:159 in Update] -> [follow mouse ok] : (1051, 229)
[2026-09-28 01:18:58.530] [INF] [default] [TitleBar.cpp:159 in Update] -> [follow mouse ok] : (1053, 229)
[2026-09-28 01:18:58.538] [INF] [default] [TitleBar.cpp:159 in Update] -> [follow mouse ok] : (1054, 230)
[2026-09-28 01:18:58.544] [INF] [default] [TitleBar.cpp:159 in Update] -> [follow mouse ok] : (1056, 230)
[2026-09-28 01:18:58.552] [INF] [default] [TitleBar.cpp:159 in Update] -> [follow mouse ok] : (1058, 231)
[2026-09-28 01:18:58.565] [INF] [default] [TitleBar.cpp:159 in Update] -> [follow mouse ok] : (1060, 232)
[2026-09-28 01:18:58.572] [INF] [default] [TitleBar.cpp:159 in Update] -> [follow mouse ok] : (1062, 232)
[2026-09-28 01:18:58.579] [INF] [default] [TitleBar.cpp:159 in Update] -> [follow mouse ok] : (1063, 233)
[2026-09-28 01:18:58.586] [INF] [default] [TitleBar.cpp:159 in Update] -> [follow mouse ok] : (1064, 233)
[2026-09-28 01:18:58.592] [INF] [default] [TitleBar.cpp:159 in Update] -> [follow mouse ok] : (1065, 233)
[2026-09-28 01:18:58.601] [INF] [default] [TitleBar.cpp:159 in Update] -> [follow mouse ok] : (1067, 233)
[2026-09-28 01:18:58.607] [INF] [default] [TitleBar.cpp:159 in Update] -> [follow mouse ok] : (1069, 234)
[2026-09-28 01:18:58.615] [INF] [default] [TitleBar.cpp:159 in Update] -> [follow mouse ok] : (1071, 234)
[2026-09-28 01:18:58.621] [INF] [default] [TitleBar.cpp:159 in Update] -> [follow mouse ok] : (1071, 235)
[2026-09-28 01:18:58.627] [INF] [default] [TitleBar.cpp:159 in Update] -> [follow mouse ok] : (1072, 235)
[2026-09-28 01:18:58.636] [INF] [default] [TitleBar.cpp:159 in Update] -> [follow mouse ok] : (1073, 235)
[2026-09-28 01:18:58.642] [INF] [default] [TitleBar.cpp:159 in Update] -> [follow mouse ok] : (1074, 235)
[2026-09-28 01:18:58.650] [INF] [default] [TitleBar.cpp:159 in Update] -> [follow mouse ok] : (1076, 236)
[2026-09-28 01:18:58.656] [INF] [default] [TitleBar.cpp:159 in Update] -> [follow mouse ok] : (1077, 237)
[2026-09-28 01:18:58.662] [INF] [default] [TitleBar.cpp:159 in Update] -> [follow mouse ok] : (1078, 237)
[2026-09-28 01:18:58.670] [INF] [default] [TitleBar.cpp:159 in Update] -> [follow mouse ok] : (1080, 237)
[2026-09-28 01:18:58.684] [INF] [default] [TitleBar.cpp:159 in Update] -> [follow mouse ok] : (1081, 237)
[2026-09-28 01:18:58.690] [INF] [default] [TitleBar.cpp:159 in Update] -> [follow mouse ok] : (1082, 237)
[2026-09-28 01:18:58.697] [INF] [default] [TitleBar.cpp:159 in Update] -> [follow mouse ok] : (1083, 238)
[2026-09-28 01:18:58.705] [INF] [default] [TitleBar.cpp:159 in Update] -> [follow mouse ok] : (1084, 238)
[2026-09-28 01:18:58.711] [INF] [default] [TitleBar.cpp:159 in Update] -> [follow mouse ok] : (1085, 239)
[2026-09-28 01:18:58.719] [INF] [default] [TitleBar.cpp:159 in Update] -> [follow mouse ok] : (1086, 239)
[2026-09-28 01:18:58.726] [INF] [default] [TitleBar.cpp:159 in Update] -> [follow mouse ok] : (1086, 240)
[2026-09-28 01:18:58.733] [INF] [default] [TitleBar.cpp:159 in Update] -> [follow mouse ok] : (1087, 240)
[2026-09-28 01:18:58.740] [INF] [default] [TitleBar.cpp:159 in Update] -> [follow mouse ok] : (1088, 240)
[2026-09-28 01:18:58.746] [INF] [default] [TitleBar.cpp:159 in Update] -> [follow mouse ok] : (1090, 240)
[2026-09-28 01:18:58.753] [INF] [default] [TitleBar.cpp:159 in Update] -> [follow mouse ok] : (1091, 240)
[2026-09-28 01:18:58.760] [INF] [default] [TitleBar.cpp:159 in Update] -> [follow mouse ok] : (1092, 240)
[2026-09-28 01:18:58.767] [INF] [default] [TitleBar.cpp:159 in Update] -> [follow mouse ok] : (1093, 240)
[2026-09-28 01:18:58.774] [INF] [default] [TitleBar.cpp:159 in Update] -> [follow mouse ok] : (1095, 240)
[2026-09-28 01:18:58.787] [INF] [default] [TitleBar.cpp:159 in Update] -> [follow mouse ok] : (1097, 240)
[2026-09-28 01:18:58.795] [INF] [default] [TitleBar.cpp:159 in Update] -> [follow mouse ok] : (1098, 240)
[2026-09-28 01:18:58.809] [INF] [default] [TitleBar.cpp:159 in Update] -> [follow mouse ok] : (1100, 240)
[2026-09-28 01:18:58.817] [INF] [default] [TitleBar.cpp:159 in Update] -> [follow mouse ok] : (1101, 240)
[2026-09-28 01:18:58.823] [INF] [default] [TitleBar.cpp:159 in Update] -> [follow mouse ok] : (1102, 240)
[2026-09-28 01:18:58.830] [INF] [default] [TitleBar.cpp:159 in Update] -> [follow mouse ok] : (1104, 241)
[2026-09-28 01:18:58.837] [INF] [default] [TitleBar.cpp:159 in Update] -> [follow mouse ok] : (1105, 241)
[2026-09-28 01:18:58.844] [INF] [default] [TitleBar.cpp:159 in Update] -> [follow mouse ok] : (1106, 241)
[2026-09-28 01:18:58.852] [INF] [default] [TitleBar.cpp:159 in Update] -> [follow mouse ok] : (1107, 241)
[2026-09-28 01:18:58.858] [INF] [default] [TitleBar.cpp:159 in Update] -> [follow mouse ok] : (1109, 241)
[2026-09-28 01:18:58.865] [INF] [default] [TitleBar.cpp:159 in Update] -> [follow mouse ok] : (1110, 241)
[2026-09-28 01:18:58.879] [INF] [default] [TitleBar.cpp:159 in Update] -> [follow mouse ok] : (1112, 241)
[2026-09-28 01:18:58.886] [INF] [default] [TitleBar.cpp:159 in Update] -> [follow mouse ok] : (1113, 241)
[2026-09-28 01:18:58.893] [INF] [default] [TitleBar.cpp:159 in Update] -> [follow mouse ok] : (1114, 241)
[2026-09-28 01:18:58.900] [INF] [default] [TitleBar.cpp:159 in Update] -> [follow mouse ok] : (1115, 241)
[2026-09-28 01:18:58.907] [INF] [default] [TitleBar.cpp:159 in Update] -> [follow mouse ok] : (1116, 241)
[2026-09-28 01:18:58.914] [INF] [default] [TitleBar.cpp:159 in Update] -> [follow mouse ok] : (1117, 241)
[2026-09-28 01:18:58.921] [INF] [default] [TitleBar.cpp:159 in Update] -> [follow mouse ok] : (1119, 241)
[2026-09-28 01:18:58.928] [INF] [default] [TitleBar.cpp:159 in Update] -> [follow mouse ok] : (1120, 241)
[2026-09-28 01:18:58.934] [INF] [default] [TitleBar.cpp:159 in Update] -> [follow mouse ok] : (1121, 241)
[2026-09-28 01:18:58.941] [INF] [default] [TitleBar.cpp:159 in Update] -> [follow mouse ok] : (1122, 241)
[2026-09-28 01:18:58.948] [INF] [default] [TitleBar.cpp:159 in Update] -> [follow mouse ok] : (1123, 242)
[2026-09-28 01:18:58.955] [INF] [default] [TitleBar.cpp:159 in Update] -> [follow mouse ok] : (1124, 242)
[2026-09-28 01:18:58.963] [INF] [default] [TitleBar.cpp:159 in Update] -> [follow mouse ok] : (1125, 242)
[2026-09-28 01:18:58.969] [INF] [default] [TitleBar.cpp:159 in Update] -> [follow mouse ok] : (1127, 243)
[2026-09-28 01:18:58.976] [INF] [default] [TitleBar.cpp:159 in Update] -> [follow mouse ok] : (1129, 243)
[2026-09-28 01:18:58.984] [INF] [default] [TitleBar.cpp:159 in Update] -> [follow mouse ok] : (1130, 243)
[2026-09-28 01:18:58.990] [INF] [default] [TitleBar.cpp:159 in Update] -> [follow mouse ok] : (1132, 244)
[2026-09-28 01:18:58.997] [INF] [default] [TitleBar.cpp:159 in Update] -> [follow mouse ok] : (1135, 244)
[2026-09-28 01:18:59.011] [INF] [default] [TitleBar.cpp:159 in Update] -> [follow mouse ok] : (1138, 244)
[2026-09-28 01:18:59.019] [INF] [default] [TitleBar.cpp:159 in Update] -> [follow mouse ok] : (1139, 244)
[2026-09-28 01:18:59.025] [INF] [default] [TitleBar.cpp:159 in Update] -> [follow mouse ok] : (1141, 245)
[2026-09-28 01:18:59.032] [INF] [default] [TitleBar.cpp:159 in Update] -> [follow mouse ok] : (1143, 245)
[2026-09-28 01:18:59.047] [INF] [default] [TitleBar.cpp:159 in Update] -> [follow mouse ok] : (1146, 246)
[2026-09-28 01:18:59.053] [INF] [default] [TitleBar.cpp:159 in Update] -> [follow mouse ok] : (1147, 246)
[2026-09-28 01:18:59.060] [INF] [default] [TitleBar.cpp:159 in Update] -> [follow mouse ok] : (1149, 246)
[2026-09-28 01:18:59.067] [INF] [default] [TitleBar.cpp:159 in Update] -> [follow mouse ok] : (1151, 247)
[2026-09-28 01:18:59.073] [INF] [default] [TitleBar.cpp:159 in Update] -> [follow mouse ok] : (1152, 247)
[2026-09-28 01:18:59.081] [INF] [default] [TitleBar.cpp:159 in Update] -> [follow mouse ok] : (1154, 247)
[2026-09-28 01:18:59.088] [INF] [default] [TitleBar.cpp:159 in Update] -> [follow mouse ok] : (1156, 248)
[2026-09-28 01:18:59.094] [INF] [default] [TitleBar.cpp:159 in Update] -> [follow mouse ok] : (1157, 249)
[2026-09-28 01:18:59.102] [INF] [default] [TitleBar.cpp:159 in Update] -> [follow mouse ok] : (1159, 249)
[2026-09-28 01:18:59.109] [INF] [default] [TitleBar.cpp:159 in Update] -> [follow mouse ok] : (1160, 249)
[2026-09-28 01:18:59.116] [INF] [default] [TitleBar.cpp:159 in Update] -> [follow mouse ok] : (1162, 249)
[2026-09-28 01:18:59.123] [INF] [default] [TitleBar.cpp:159 in Update] -> [follow mouse ok] : (1163, 249)
[2026-09-28 01:18:59.129] [INF] [default] [TitleBar.cpp:159 in Update] -> [follow mouse ok] : (1163, 250)
[2026-09-28 01:18:59.136] [INF] [default] [TitleBar.cpp:159 in Update] -> [follow mouse ok] : (1164, 250)
[2026-09-28 01:18:59.143] [INF] [default] [TitleBar.cpp:159 in Update] -> [follow mouse ok] : (1165, 251)
[2026-09-28 01:18:59.151] [INF] [default] [TitleBar.cpp:159 in Update] -> [follow mouse ok] : (1166, 251)
[2026-09-28 01:18:59.157] [INF] [default] [TitleBar.cpp:159 in Update] -> [follow mouse ok] : (1167, 251)
[2026-09-28 01:18:59.172] [INF] [default] [TitleBar.cpp:159 in Update] -> [follow mouse ok] : (1168, 252)
[2026-09-28 01:18:59.179] [INF] [default] [TitleBar.cpp:159 in Update] -> [follow mouse ok] : (1169, 252)
[2026-09-28 01:18:59.186] [INF] [default] [TitleBar.cpp:159 in Update] -> [follow mouse ok] : (1170, 252)
[2026-09-28 01:18:59.192] [INF] [default] [TitleBar.cpp:159 in Update] -> [follow mouse ok] : (1171, 252)
[2026-09-28 01:18:59.200] [INF] [default] [TitleBar.cpp:159 in Update] -> [follow mouse ok] : (1171, 253)
[2026-09-28 01:18:59.206] [INF] [default] [TitleBar.cpp:159 in Update] -> [follow mouse ok] : (1172, 253)
[2026-09-28 01:18:59.214] [INF] [default] [TitleBar.cpp:159 in Update] -> [follow mouse ok] : (1173, 253)
[2026-09-28 01:18:59.220] [INF] [default] [TitleBar.cpp:159 in Update] -> [follow mouse ok] : (1174, 254)
[2026-09-28 01:18:59.235] [INF] [default] [TitleBar.cpp:159 in Update] -> [follow mouse ok] : (1176, 255)
[2026-09-28 01:18:59.241] [INF] [default] [TitleBar.cpp:159 in Update] -> [follow mouse ok] : (1177, 255)
[2026-09-28 01:18:59.248] [INF] [default] [TitleBar.cpp:159 in Update] -> [follow mouse ok] : (1177, 256)
[2026-09-28 01:18:59.255] [INF] [default] [TitleBar.cpp:159 in Update] -> [follow mouse ok] : (1178, 256)
[2026-09-28 01:18:59.261] [INF] [default] [TitleBar.cpp:159 in Update] -> [follow mouse ok] : (1180, 257)
[2026-09-28 01:18:59.276] [INF] [default] [TitleBar.cpp:159 in Update] -> [follow mouse ok] : (1181, 257)
[2026-09-28 01:18:59.284] [INF] [default] [TitleBar.cpp:159 in Update] -> [follow mouse ok] : (1182, 257)
[2026-09-28 01:18:59.290] [INF] [default] [TitleBar.cpp:159 in Update] -> [follow mouse ok] : (1183, 257)
[2026-09-28 01:18:59.297] [INF] [default] [TitleBar.cpp:159 in Update] -> [follow mouse ok] : (1184, 258)
[2026-09-28 01:18:59.304] [INF] [default] [TitleBar.cpp:159 in Update] -> [follow mouse ok] : (1185, 259)
[2026-09-28 01:18:59.310] [INF] [default] [TitleBar.cpp:159 in Update] -> [follow mouse ok] : (1186, 260)
[2026-09-28 01:18:59.317] [INF] [default] [TitleBar.cpp:159 in Update] -> [follow mouse ok] : (1188, 260)
[2026-09-28 01:18:59.325] [INF] [default] [TitleBar.cpp:159 in Update] -> [follow mouse ok] : (1189, 260)
[2026-09-28 01:18:59.339] [INF] [default] [TitleBar.cpp:159 in Update] -> [follow mouse ok] : (1191, 261)
[2026-09-28 01:18:59.346] [INF] [default] [TitleBar.cpp:159 in Update] -> [follow mouse ok] : (1192, 262)
[2026-09-28 01:18:59.360] [INF] [default] [TitleBar.cpp:159 in Update] -> [follow mouse ok] : (1194, 263)
[2026-09-28 01:18:59.367] [INF] [default] [TitleBar.cpp:159 in Update] -> [follow mouse ok] : (1195, 263)
[2026-09-28 01:18:59.381] [INF] [default] [TitleBar.cpp:159 in Update] -> [follow mouse ok] : (1196, 263)
[2026-09-28 01:18:59.388] [INF] [default] [TitleBar.cpp:159 in Update] -> [follow mouse ok] : (1197, 263)
[2026-09-28 01:18:59.402] [INF] [default] [TitleBar.cpp:159 in Update] -> [follow mouse ok] : (1198, 264)
[2026-09-28 01:18:59.409] [INF] [default] [TitleBar.cpp:159 in Update] -> [follow mouse ok] : (1199, 264)
[2026-09-28 01:18:59.415] [INF] [default] [TitleBar.cpp:159 in Update] -> [follow mouse ok] : (1200, 264)
[2026-09-28 01:18:59.422] [INF] [default] [TitleBar.cpp:159 in Update] -> [follow mouse ok] : (1201, 265)
[2026-09-28 01:18:59.429] [INF] [default] [TitleBar.cpp:159 in Update] -> [follow mouse ok] : (1202, 265)
[2026-09-28 01:18:59.444] [INF] [default] [TitleBar.cpp:159 in Update] -> [follow mouse ok] : (1203, 266)
[2026-09-28 01:18:59.450] [INF] [default] [TitleBar.cpp:159 in Update] -> [follow mouse ok] : (1204, 266)
[2026-09-28 01:18:59.464] [INF] [default] [TitleBar.cpp:159 in Update] -> [follow mouse ok] : (1205, 266)
[2026-09-28 01:18:59.471] [INF] [default] [TitleBar.cpp:159 in Update] -> [follow mouse ok] : (1206, 267)
[2026-09-28 01:18:59.485] [INF] [default] [TitleBar.cpp:159 in Update] -> [follow mouse ok] : (1207, 268)
[2026-09-28 01:18:59.491] [INF] [default] [TitleBar.cpp:159 in Update] -> [follow mouse ok] : (1208, 268)
[2026-09-28 01:18:59.499] [INF] [default] [TitleBar.cpp:159 in Update] -> [follow mouse ok] : (1209, 268)
[2026-09-28 01:18:59.506] [INF] [default] [TitleBar.cpp:159 in Update] -> [follow mouse ok] : (1209, 269)
[2026-09-28 01:18:59.520] [INF] [default] [TitleBar.cpp:159 in Update] -> [follow mouse ok] : (1210, 269)
[2026-09-28 01:18:59.541] [INF] [default] [TitleBar.cpp:159 in Update] -> [follow mouse ok] : (1211, 269)
[2026-09-28 01:18:59.694] [INF] [default] [TitleBar.cpp:159 in Update] -> [follow mouse ok] : (1211, 270)
[2026-09-28 01:18:59.715] [INF] [default] [TitleBar.cpp:159 in Update] -> [follow mouse ok] : (1212, 270)
[2026-09-28 01:18:59.722] [INF] [default] [TitleBar.cpp:159 in Update] -> [follow mouse ok] : (1212, 271)
[2026-09-28 01:18:59.729] [INF] [default] [TitleBar.cpp:159 in Update] -> [follow mouse ok] : (1213, 271)
[2026-09-28 01:18:59.736] [INF] [default] [TitleBar.cpp:159 in Update] -> [follow mouse ok] : (1214, 272)
[2026-09-28 01:18:59.750] [INF] [default] [TitleBar.cpp:159 in Update] -> [follow mouse ok] : (1215, 273)
[2026-09-28 01:18:59.756] [INF] [default] [TitleBar.cpp:159 in Update] -> [follow mouse ok] : (1216, 274)
[2026-09-28 01:18:59.771] [INF] [default] [TitleBar.cpp:159 in Update] -> [follow mouse ok] : (1216, 275)
[2026-09-28 01:18:59.777] [INF] [default] [TitleBar.cpp:159 in Update] -> [follow mouse ok] : (1217, 275)
[2026-09-28 01:18:59.786] [INF] [default] [TitleBar.cpp:159 in Update] -> [follow mouse ok] : (1218, 276)
[2026-09-28 01:18:59.799] [INF] [default] [TitleBar.cpp:159 in Update] -> [follow mouse ok] : (1219, 276)
[2026-09-28 01:18:59.820] [INF] [default] [TitleBar.cpp:159 in Update] -> [follow mouse ok] : (1219, 277)
[2026-09-28 01:18:59.841] [INF] [default] [TitleBar.cpp:159 in Update] -> [follow mouse ok] : (1219, 278)
[2026-09-28 01:18:59.959] [INF] [default] [TitleBar.cpp:159 in Update] -> [follow mouse ok] : (1220, 278)
[2026-09-28 01:19:00.036] [INF] [default] [TitleBar.cpp:159 in Update] -> [follow mouse ok] : (1221, 278)
[2026-09-28 01:19:00.042] [INF] [default] [TitleBar.cpp:159 in Update] -> [follow mouse ok] : (1221, 279)
[2026-09-28 01:19:00.063] [INF] [default] [TitleBar.cpp:159 in Update] -> [follow mouse ok] : (1222, 279)
[2026-09-28 01:19:00.070] [INF] [default] [TitleBar.cpp:159 in Update] -> [follow mouse ok] : (1224, 279)
[2026-09-28 01:19:00.077] [INF] [default] [TitleBar.cpp:159 in Update] -> [follow mouse ok] : (1224, 280)
[2026-09-28 01:19:00.085] [INF] [default] [TitleBar.cpp:159 in Update] -> [follow mouse ok] : (1225, 280)
[2026-09-28 01:19:00.091] [INF] [default] [TitleBar.cpp:159 in Update] -> [follow mouse ok] : (1227, 281)
[2026-09-28 01:19:00.098] [INF] [default] [TitleBar.cpp:159 in Update] -> [follow mouse ok] : (1229, 282)
[2026-09-28 01:19:00.105] [INF] [default] [TitleBar.cpp:159 in Update] -> [follow mouse ok] : (1230, 282)
[2026-09-28 01:19:00.112] [INF] [default] [TitleBar.cpp:159 in Update] -> [follow mouse ok] : (1231, 282)
[2026-09-28 01:19:00.119] [INF] [default] [TitleBar.cpp:159 in Update] -> [follow mouse ok] : (1233, 283)
[2026-09-28 01:19:00.126] [INF] [default] [TitleBar.cpp:159 in Update] -> [follow mouse ok] : (1235, 283)
[2026-09-28 01:19:00.133] [INF] [default] [TitleBar.cpp:159 in Update] -> [follow mouse ok] : (1236, 283)
[2026-09-28 01:19:00.147] [INF] [default] [TitleBar.cpp:159 in Update] -> [follow mouse ok] : (1237, 284)
[2026-09-28 01:19:00.154] [INF] [default] [TitleBar.cpp:159 in Update] -> [follow mouse ok] : (1238, 284)
[2026-09-28 01:19:00.161] [INF] [default] [TitleBar.cpp:159 in Update] -> [follow mouse ok] : (1239, 284)
[2026-09-28 01:19:00.175] [INF] [default] [TitleBar.cpp:159 in Update] -> [follow mouse ok] : (1240, 284)
[2026-09-28 01:19:00.189] [INF] [default] [TitleBar.cpp:159 in Update] -> [follow mouse ok] : (1241, 284)
[2026-09-28 01:19:00.196] [INF] [default] [TitleBar.cpp:159 in Update] -> [follow mouse ok] : (1241, 285)
[2026-09-28 01:19:00.203] [INF] [default] [TitleBar.cpp:159 in Update] -> [follow mouse ok] : (1242, 285)
[2026-09-28 01:19:00.210] [INF] [default] [TitleBar.cpp:159 in Update] -> [follow mouse ok] : (1243, 286)
[2026-09-28 01:19:00.217] [INF] [default] [TitleBar.cpp:159 in Update] -> [follow mouse ok] : (1244, 286)
[2026-09-28 01:19:00.224] [INF] [default] [TitleBar.cpp:159 in Update] -> [follow mouse ok] : (1245, 287)
[2026-09-28 01:19:00.230] [INF] [default] [TitleBar.cpp:159 in Update] -> [follow mouse ok] : (1247, 288)
[2026-09-28 01:19:00.237] [INF] [default] [TitleBar.cpp:159 in Update] -> [follow mouse ok] : (1248, 288)
[2026-09-28 01:19:00.245] [INF] [default] [TitleBar.cpp:159 in Update] -> [follow mouse ok] : (1248, 289)
[2026-09-28 01:19:00.252] [INF] [default] [TitleBar.cpp:159 in Update] -> [follow mouse ok] : (1251, 289)
[2026-09-28 01:19:00.258] [INF] [default] [TitleBar.cpp:159 in Update] -> [follow mouse ok] : (1252, 290)
[2026-09-28 01:19:00.265] [INF] [default] [TitleBar.cpp:159 in Update] -> [follow mouse ok] : (1253, 291)
[2026-09-28 01:19:00.273] [INF] [default] [TitleBar.cpp:159 in Update] -> [follow mouse ok] : (1254, 291)
[2026-09-28 01:19:00.280] [INF] [default] [TitleBar.cpp:159 in Update] -> [follow mouse ok] : (1255, 292)
[2026-09-28 01:19:00.286] [INF] [default] [TitleBar.cpp:159 in Update] -> [follow mouse ok] : (1256, 292)
[2026-09-28 01:19:00.294] [INF] [default] [TitleBar.cpp:159 in Update] -> [follow mouse ok] : (1256, 293)
[2026-09-28 01:19:00.301] [INF] [default] [TitleBar.cpp:159 in Update] -> [follow mouse ok] : (1258, 294)
[2026-09-28 01:19:00.307] [INF] [default] [TitleBar.cpp:159 in Update] -> [follow mouse ok] : (1258, 295)
[2026-09-28 01:19:00.314] [INF] [default] [TitleBar.cpp:159 in Update] -> [follow mouse ok] : (1259, 295)
[2026-09-28 01:19:00.328] [INF] [default] [TitleBar.cpp:159 in Update] -> [follow mouse ok] : (1260, 295)
[2026-09-28 01:19:00.357] [INF] [default] [TitleBar.cpp:159 in Update] -> [follow mouse ok] : (1260, 296)
[2026-09-28 01:19:00.362] [INF] [default] [TitleBar.cpp:159 in Update] -> [follow mouse ok] : (1261, 296)
[2026-09-28 01:19:00.377] [INF] [default] [TitleBar.cpp:159 in Update] -> [follow mouse ok] : (1262, 297)
[2026-09-28 01:19:00.453] [INF] [default] [TitleBar.cpp:159 in Update] -> [follow mouse ok] : (1261, 297)
[2026-09-28 01:19:02.059] [INF] [default] [TitleBar.cpp:145 in Update] -> [follow mouse ok] : (514, 514)
[2026-09-28 01:19:02.275] [INF] [default] [TitleBar.cpp:159 in Update] -> [follow mouse ok] : (827, 181)
[2026-09-28 01:19:02.282] [INF] [default] [TitleBar.cpp:159 in Update] -> [follow mouse ok] : (835, 183)
[2026-09-28 01:19:02.289] [INF] [default] [TitleBar.cpp:159 in Update] -> [follow mouse ok] : (841, 184)
[2026-09-28 01:19:02.296] [INF] [default] [TitleBar.cpp:159 in Update] -> [follow mouse ok] : (848, 185)
[2026-09-28 01:19:02.304] [INF] [default] [TitleBar.cpp:159 in Update] -> [follow mouse ok] : (853, 186)
[2026-09-28 01:19:02.310] [INF] [default] [TitleBar.cpp:159 in Update] -> [follow mouse ok] : (862, 187)
[2026-09-28 01:19:02.317] [INF] [default] [TitleBar.cpp:159 in Update] -> [follow mouse ok] : (872, 189)
[2026-09-28 01:19:02.325] [INF] [default] [TitleBar.cpp:159 in Update] -> [follow mouse ok] : (879, 190)
[2026-09-28 01:19:02.331] [INF] [default] [TitleBar.cpp:159 in Update] -> [follow mouse ok] : (886, 191)
[2026-09-28 01:19:02.339] [INF] [default] [TitleBar.cpp:159 in Update] -> [follow mouse ok] : (891, 191)
[2026-09-28 01:19:02.345] [INF] [default] [TitleBar.cpp:159 in Update] -> [follow mouse ok] : (894, 191)
[2026-09-28 01:19:02.352] [INF] [default] [TitleBar.cpp:159 in Update] -> [follow mouse ok] : (897, 191)
[2026-09-28 01:19:02.359] [INF] [default] [TitleBar.cpp:159 in Update] -> [follow mouse ok] : (900, 192)
[2026-09-28 01:19:02.366] [INF] [default] [TitleBar.cpp:159 in Update] -> [follow mouse ok] : (904, 192)
[2026-09-28 01:19:02.373] [INF] [default] [TitleBar.cpp:159 in Update] -> [follow mouse ok] : (905, 193)
[2026-09-28 01:19:02.380] [INF] [default] [TitleBar.cpp:159 in Update] -> [follow mouse ok] : (906, 193)
[2026-09-28 01:19:02.387] [INF] [default] [TitleBar.cpp:159 in Update] -> [follow mouse ok] : (908, 193)
[2026-09-28 01:19:02.394] [INF] [default] [TitleBar.cpp:159 in Update] -> [follow mouse ok] : (909, 193)
[2026-09-28 01:19:02.401] [INF] [default] [TitleBar.cpp:159 in Update] -> [follow mouse ok] : (910, 193)
[2026-09-28 01:19:02.408] [INF] [default] [TitleBar.cpp:159 in Update] -> [follow mouse ok] : (912, 194)
[2026-09-28 01:19:02.415] [INF] [default] [TitleBar.cpp:159 in Update] -> [follow mouse ok] : (913, 194)
[2026-09-28 01:19:02.422] [INF] [default] [TitleBar.cpp:159 in Update] -> [follow mouse ok] : (915, 194)
[2026-09-28 01:19:02.429] [INF] [default] [TitleBar.cpp:159 in Update] -> [follow mouse ok] : (916, 194)
[2026-09-28 01:19:02.436] [INF] [default] [TitleBar.cpp:159 in Update] -> [follow mouse ok] : (918, 194)
[2026-09-28 01:19:02.443] [INF] [default] [TitleBar.cpp:159 in Update] -> [follow mouse ok] : (919, 194)
[2026-09-28 01:19:02.450] [INF] [default] [TitleBar.cpp:159 in Update] -> [follow mouse ok] : (920, 194)
[2026-09-28 01:19:02.457] [INF] [default] [TitleBar.cpp:159 in Update] -> [follow mouse ok] : (922, 194)
[2026-09-28 01:19:02.463] [INF] [default] [TitleBar.cpp:159 in Update] -> [follow mouse ok] : (924, 194)
[2026-09-28 01:19:02.470] [INF] [default] [TitleBar.cpp:159 in Update] -> [follow mouse ok] : (924, 195)
[2026-09-28 01:19:02.477] [INF] [default] [TitleBar.cpp:159 in Update] -> [follow mouse ok] : (927, 195)
[2026-09-28 01:19:02.485] [INF] [default] [TitleBar.cpp:159 in Update] -> [follow mouse ok] : (931, 196)
[2026-09-28 01:19:02.492] [INF] [default] [TitleBar.cpp:159 in Update] -> [follow mouse ok] : (932, 196)
[2026-09-28 01:19:02.498] [INF] [default] [TitleBar.cpp:159 in Update] -> [follow mouse ok] : (935, 196)
[2026-09-28 01:19:02.506] [INF] [default] [TitleBar.cpp:159 in Update] -> [follow mouse ok] : (938, 197)
[2026-09-28 01:19:02.512] [INF] [default] [TitleBar.cpp:159 in Update] -> [follow mouse ok] : (941, 197)
[2026-09-28 01:19:02.519] [INF] [default] [TitleBar.cpp:159 in Update] -> [follow mouse ok] : (944, 197)
[2026-09-28 01:19:02.527] [INF] [default] [TitleBar.cpp:159 in Update] -> [follow mouse ok] : (947, 198)
[2026-09-28 01:19:02.533] [INF] [default] [TitleBar.cpp:159 in Update] -> [follow mouse ok] : (950, 199)
[2026-09-28 01:19:02.541] [INF] [default] [TitleBar.cpp:159 in Update] -> [follow mouse ok] : (951, 199)
[2026-09-28 01:19:02.547] [INF] [default] [TitleBar.cpp:159 in Update] -> [follow mouse ok] : (954, 200)
[2026-09-28 01:19:02.554] [INF] [default] [TitleBar.cpp:159 in Update] -> [follow mouse ok] : (955, 200)
[2026-09-28 01:19:02.560] [INF] [default] [TitleBar.cpp:159 in Update] -> [follow mouse ok] : (956, 200)
[2026-09-28 01:19:02.567] [INF] [default] [TitleBar.cpp:159 in Update] -> [follow mouse ok] : (958, 201)
[2026-09-28 01:19:02.575] [INF] [default] [TitleBar.cpp:159 in Update] -> [follow mouse ok] : (959, 201)
[2026-09-28 01:19:02.581] [INF] [default] [TitleBar.cpp:159 in Update] -> [follow mouse ok] : (961, 201)
[2026-09-28 01:19:02.589] [INF] [default] [TitleBar.cpp:159 in Update] -> [follow mouse ok] : (963, 201)
[2026-09-28 01:19:02.596] [INF] [default] [TitleBar.cpp:159 in Update] -> [follow mouse ok] : (963, 202)
[2026-09-28 01:19:02.604] [INF] [default] [TitleBar.cpp:159 in Update] -> [follow mouse ok] : (965, 202)
[2026-09-28 01:19:02.610] [INF] [default] [TitleBar.cpp:159 in Update] -> [follow mouse ok] : (966, 203)
[2026-09-28 01:19:02.617] [INF] [default] [TitleBar.cpp:159 in Update] -> [follow mouse ok] : (967, 203)
[2026-09-28 01:19:02.624] [INF] [default] [TitleBar.cpp:159 in Update] -> [follow mouse ok] : (969, 204)
[2026-09-28 01:19:02.631] [INF] [default] [TitleBar.cpp:159 in Update] -> [follow mouse ok] : (971, 205)
[2026-09-28 01:19:02.638] [INF] [default] [TitleBar.cpp:159 in Update] -> [follow mouse ok] : (972, 205)
[2026-09-28 01:19:02.645] [INF] [default] [TitleBar.cpp:159 in Update] -> [follow mouse ok] : (974, 205)
[2026-09-28 01:19:02.652] [INF] [default] [TitleBar.cpp:159 in Update] -> [follow mouse ok] : (975, 205)
[2026-09-28 01:19:02.659] [INF] [default] [TitleBar.cpp:159 in Update] -> [follow mouse ok] : (978, 205)
[2026-09-28 01:19:02.665] [INF] [default] [TitleBar.cpp:159 in Update] -> [follow mouse ok] : (980, 206)
[2026-09-28 01:19:02.673] [INF] [default] [TitleBar.cpp:159 in Update] -> [follow mouse ok] : (982, 207)
[2026-09-28 01:19:02.679] [INF] [default] [TitleBar.cpp:159 in Update] -> [follow mouse ok] : (984, 207)
[2026-09-28 01:19:02.687] [INF] [default] [TitleBar.cpp:159 in Update] -> [follow mouse ok] : (987, 208)
[2026-09-28 01:19:02.694] [INF] [default] [TitleBar.cpp:159 in Update] -> [follow mouse ok] : (989, 209)
[2026-09-28 01:19:02.700] [INF] [default] [TitleBar.cpp:159 in Update] -> [follow mouse ok] : (991, 210)
[2026-09-28 01:19:02.707] [INF] [default] [TitleBar.cpp:159 in Update] -> [follow mouse ok] : (993, 211)
[2026-09-28 01:19:02.715] [INF] [default] [TitleBar.cpp:159 in Update] -> [follow mouse ok] : (996, 211)
[2026-09-28 01:19:02.721] [INF] [default] [TitleBar.cpp:159 in Update] -> [follow mouse ok] : (997, 211)
[2026-09-28 01:19:02.727] [INF] [default] [TitleBar.cpp:159 in Update] -> [follow mouse ok] : (999, 211)
[2026-09-28 01:19:02.735] [INF] [default] [TitleBar.cpp:159 in Update] -> [follow mouse ok] : (1002, 212)
[2026-09-28 01:19:02.742] [INF] [default] [TitleBar.cpp:159 in Update] -> [follow mouse ok] : (1003, 212)
[2026-09-28 01:19:02.749] [INF] [default] [TitleBar.cpp:159 in Update] -> [follow mouse ok] : (1005, 213)
[2026-09-28 01:19:02.757] [INF] [default] [TitleBar.cpp:159 in Update] -> [follow mouse ok] : (1007, 213)
[2026-09-28 01:19:02.763] [INF] [default] [TitleBar.cpp:159 in Update] -> [follow mouse ok] : (1009, 213)
[2026-09-28 01:19:02.771] [INF] [default] [TitleBar.cpp:159 in Update] -> [follow mouse ok] : (1010, 214)
[2026-09-28 01:19:02.777] [INF] [default] [TitleBar.cpp:159 in Update] -> [follow mouse ok] : (1012, 214)
[2026-09-28 01:19:02.783] [INF] [default] [TitleBar.cpp:159 in Update] -> [follow mouse ok] : (1013, 214)
[2026-09-28 01:19:02.792] [INF] [default] [TitleBar.cpp:159 in Update] -> [follow mouse ok] : (1015, 215)
[2026-09-28 01:19:02.804] [INF] [default] [TitleBar.cpp:159 in Update] -> [follow mouse ok] : (1018, 216)
[2026-09-28 01:19:02.812] [INF] [default] [TitleBar.cpp:159 in Update] -> [follow mouse ok] : (1019, 216)
[2026-09-28 01:19:02.826] [INF] [default] [TitleBar.cpp:159 in Update] -> [follow mouse ok] : (1022, 216)
[2026-09-28 01:19:02.833] [INF] [default] [TitleBar.cpp:159 in Update] -> [follow mouse ok] : (1023, 216)
[2026-09-28 01:19:02.840] [INF] [default] [TitleBar.cpp:159 in Update] -> [follow mouse ok] : (1025, 216)
[2026-09-28 01:19:02.846] [INF] [default] [TitleBar.cpp:159 in Update] -> [follow mouse ok] : (1026, 217)
[2026-09-28 01:19:02.854] [INF] [default] [TitleBar.cpp:159 in Update] -> [follow mouse ok] : (1027, 217)
[2026-09-28 01:19:02.861] [INF] [default] [TitleBar.cpp:159 in Update] -> [follow mouse ok] : (1029, 218)
[2026-09-28 01:19:02.867] [INF] [default] [TitleBar.cpp:159 in Update] -> [follow mouse ok] : (1030, 218)
[2026-09-28 01:19:02.875] [INF] [default] [TitleBar.cpp:159 in Update] -> [follow mouse ok] : (1031, 218)
[2026-09-28 01:19:02.882] [INF] [default] [TitleBar.cpp:159 in Update] -> [follow mouse ok] : (1033, 219)
[2026-09-28 01:19:02.889] [INF] [default] [TitleBar.cpp:159 in Update] -> [follow mouse ok] : (1035, 219)
[2026-09-28 01:19:02.896] [INF] [default] [TitleBar.cpp:159 in Update] -> [follow mouse ok] : (1037, 220)
[2026-09-28 01:19:02.903] [INF] [default] [TitleBar.cpp:159 in Update] -> [follow mouse ok] : (1039, 220)
[2026-09-28 01:19:02.909] [INF] [default] [TitleBar.cpp:159 in Update] -> [follow mouse ok] : (1041, 221)
[2026-09-28 01:19:02.916] [INF] [default] [TitleBar.cpp:159 in Update] -> [follow mouse ok] : (1043, 221)
[2026-09-28 01:19:02.923] [INF] [default] [TitleBar.cpp:159 in Update] -> [follow mouse ok] : (1045, 221)
[2026-09-28 01:19:02.930] [INF] [default] [TitleBar.cpp:159 in Update] -> [follow mouse ok] : (1047, 221)
[2026-09-28 01:19:02.937] [INF] [default] [TitleBar.cpp:159 in Update] -> [follow mouse ok] : (1048, 221)
[2026-09-28 01:19:02.945] [INF] [default] [TitleBar.cpp:159 in Update] -> [follow mouse ok] : (1050, 221)
[2026-09-28 01:19:02.951] [INF] [default] [TitleBar.cpp:159 in Update] -> [follow mouse ok] : (1052, 222)
[2026-09-28 01:19:02.959] [INF] [default] [TitleBar.cpp:159 in Update] -> [follow mouse ok] : (1053, 222)
[2026-09-28 01:19:02.965] [INF] [default] [TitleBar.cpp:159 in Update] -> [follow mouse ok] : (1055, 223)
[2026-09-28 01:19:02.979] [INF] [default] [TitleBar.cpp:159 in Update] -> [follow mouse ok] : (1057, 224)
[2026-09-28 01:19:02.986] [INF] [default] [TitleBar.cpp:159 in Update] -> [follow mouse ok] : (1058, 224)
[2026-09-28 01:19:02.993] [INF] [default] [TitleBar.cpp:159 in Update] -> [follow mouse ok] : (1059, 224)
[2026-09-28 01:19:03.000] [INF] [default] [TitleBar.cpp:159 in Update] -> [follow mouse ok] : (1060, 224)
[2026-09-28 01:19:03.007] [INF] [default] [TitleBar.cpp:159 in Update] -> [follow mouse ok] : (1061, 225)
[2026-09-28 01:19:03.014] [INF] [default] [TitleBar.cpp:159 in Update] -> [follow mouse ok] : (1063, 225)
[2026-09-28 01:19:03.022] [INF] [default] [TitleBar.cpp:159 in Update] -> [follow mouse ok] : (1064, 225)
[2026-09-28 01:19:03.028] [INF] [default] [TitleBar.cpp:159 in Update] -> [follow mouse ok] : (1065, 225)
[2026-09-28 01:19:03.042] [INF] [default] [TitleBar.cpp:159 in Update] -> [follow mouse ok] : (1066, 226)
[2026-09-28 01:19:03.049] [INF] [default] [TitleBar.cpp:159 in Update] -> [follow mouse ok] : (1067, 226)
[2026-09-28 01:19:03.070] [INF] [default] [TitleBar.cpp:159 in Update] -> [follow mouse ok] : (1068, 226)
[2026-09-28 01:19:03.077] [INF] [default] [TitleBar.cpp:159 in Update] -> [follow mouse ok] : (1069, 227)
[2026-09-28 01:19:03.091] [INF] [default] [TitleBar.cpp:159 in Update] -> [follow mouse ok] : (1070, 227)
[2026-09-28 01:19:03.132] [INF] [default] [TitleBar.cpp:159 in Update] -> [follow mouse ok] : (1071, 227)
[2026-09-28 01:19:03.153] [INF] [default] [TitleBar.cpp:159 in Update] -> [follow mouse ok] : (1072, 227)
[2026-09-28 01:19:03.230] [INF] [default] [TitleBar.cpp:159 in Update] -> [follow mouse ok] : (1072, 228)
[2026-09-28 01:19:03.272] [INF] [default] [TitleBar.cpp:159 in Update] -> [follow mouse ok] : (1071, 228)
