[2026-09-28 01:29:33.488] [INF] [default] [c3-exo10_main.cpp:40 in nkmain] -> [window] : (312, 160)
[2026-09-28 01:29:33.489] [INF] [default] [button.h:33 in Button] -> [button] size : NkRectT[pos(1130, 10); size(40, 30)]
[2026-09-28 01:29:33.489] [INF] [default] [button.h:33 in Button] -> [button] size : NkRectT[pos(1060, 10); size(40, 30)]
[2026-09-28 01:29:33.489] [INF] [default] [button.h:33 in Button] -> [button] size : NkRectT[pos(1020, 10); size(40, 30)]
[2026-09-28 01:29:33.489] [INF] [default] [c3-exo10_main.cpp:43 in nkmain] -> [button] : RECT : (1130, 10) (1170, 40)
[2026-09-28 01:29:34.973] [INF] [default] [TitleBar.cpp:145 in Update] -> [follow mouse ok] : (359, 359)
[2026-09-28 01:29:35.223] [INF] [default] [TitleBar.cpp:160 in Update] -> [follow mouse ok] : (0.997977, 0.063583)
[2026-09-28 01:29:35.226] [INF] [default] [TitleBar.cpp:160 in Update] -> [follow mouse ok] : (0.997931, 0.0642925)
[2026-09-28 01:29:35.229] [INF] [default] [TitleBar.cpp:160 in Update] -> [follow mouse ok] : (0.997908, 0.0646532)
[2026-09-28 01:29:35.243] [INF] [default] [TitleBar.cpp:160 in Update] -> [follow mouse ok] : (0.99786, 0.0653868)
[2026-09-28 01:29:35.246] [INF] [default] [TitleBar.cpp:160 in Update] -> [follow mouse ok] : (0.997657, 0.0684108)
[2026-09-28 01:29:35.251] [INF] [default] [TitleBar.cpp:160 in Update] -> [follow mouse ok] : (0.997617, 0.0689994)
[2026-09-28 01:29:35.258] [INF] [default] [TitleBar.cpp:160 in Update] -> [follow mouse ok] : (0.997575, 0.0695983)
[2026-09-28 01:29:35.260] [INF] [default] [TitleBar.cpp:160 in Update] -> [follow mouse ok] : (0.997518, 0.070413)
[2026-09-28 01:29:35.264] [INF] [default] [TitleBar.cpp:160 in Update] -> [follow mouse ok] : (0.997276, 0.073763)
[2026-09-28 01:29:35.272] [INF] [default] [TitleBar.cpp:160 in Update] -> [follow mouse ok] : (0.99726, 0.0739807)
[2026-09-28 01:29:35.276] [INF] [default] [TitleBar.cpp:160 in Update] -> [follow mouse ok] : (0.997194, 0.0748644)
[2026-09-28 01:29:35.280] [INF] [default] [TitleBar.cpp:160 in Update] -> [follow mouse ok] : (0.996948, 0.0780742)
[2026-09-28 01:29:35.286] [INF] [default] [TitleBar.cpp:160 in Update] -> [follow mouse ok] : (0.99669, 0.081301)
[2026-09-28 01:29:35.293] [INF] [default] [TitleBar.cpp:160 in Update] -> [follow mouse ok] : (0.99642, 0.0845447)
[2026-09-28 01:29:35.295] [INF] [default] [TitleBar.cpp:160 in Update] -> [follow mouse ok] : (0.996332, 0.0855745)
[2026-09-28 01:29:35.300] [INF] [default] [TitleBar.cpp:160 in Update] -> [follow mouse ok] : (0.996309, 0.0858359)
[2026-09-28 01:29:35.307] [INF] [default] [TitleBar.cpp:160 in Update] -> [follow mouse ok] : (0.996287, 0.0860988)
[2026-09-28 01:29:35.310] [INF] [default] [TitleBar.cpp:160 in Update] -> [follow mouse ok] : (0.996194, 0.087167)
[2026-09-28 01:29:35.314] [INF] [default] [TitleBar.cpp:160 in Update] -> [follow mouse ok] : (0.99617, 0.0874381)
[2026-09-28 01:29:35.320] [INF] [default] [TitleBar.cpp:160 in Update] -> [follow mouse ok] : (0.995607, 0.0936307)
[2026-09-28 01:29:35.326] [INF] [default] [TitleBar.cpp:160 in Update] -> [follow mouse ok] : (0.995495, 0.0948091)
[2026-09-28 01:29:35.328] [INF] [default] [TitleBar.cpp:160 in Update] -> [follow mouse ok] : (0.9951, 0.0988721)
[2026-09-28 01:29:35.335] [INF] [default] [TitleBar.cpp:160 in Update] -> [follow mouse ok] : (0.995069, 0.0991869)
[2026-09-28 01:29:35.341] [INF] [default] [TitleBar.cpp:160 in Update] -> [follow mouse ok] : (0.994714, 0.10268)
[2026-09-28 01:29:35.343] [INF] [default] [TitleBar.cpp:160 in Update] -> [follow mouse ok] : (0.994576, 0.104008)
[2026-09-28 01:29:35.348] [INF] [default] [TitleBar.cpp:160 in Update] -> [follow mouse ok] : (0.994121, 0.108271)
[2026-09-28 01:29:35.355] [INF] [default] [TitleBar.cpp:160 in Update] -> [follow mouse ok] : (0.993722, 0.111876)
[2026-09-28 01:29:35.359] [INF] [default] [TitleBar.cpp:160 in Update] -> [follow mouse ok] : (0.993554, 0.113359)
[2026-09-28 01:29:35.362] [INF] [default] [TitleBar.cpp:160 in Update] -> [follow mouse ok] : (0.993424, 0.114496)
[2026-09-28 01:29:35.369] [INF] [default] [TitleBar.cpp:160 in Update] -> [follow mouse ok] : (0.993289, 0.115657)
[2026-09-28 01:29:35.377] [INF] [default] [TitleBar.cpp:160 in Update] -> [follow mouse ok] : (0.992796, 0.11982)
[2026-09-28 01:29:35.383] [INF] [default] [TitleBar.cpp:160 in Update] -> [follow mouse ok] : (0.992696, 0.12064)
[2026-09-28 01:29:35.393] [INF] [default] [TitleBar.cpp:160 in Update] -> [follow mouse ok] : (0.992491, 0.122314)
[2026-09-28 01:29:35.397] [INF] [default] [TitleBar.cpp:160 in Update] -> [follow mouse ok] : (0.99195, 0.126632)
[2026-09-28 01:29:35.405] [INF] [default] [TitleBar.cpp:160 in Update] -> [follow mouse ok] : (0.991836, 0.127522)
[2026-09-28 01:29:35.410] [INF] [default] [TitleBar.cpp:160 in Update] -> [follow mouse ok] : (0.9916, 0.129339)
[2026-09-28 01:29:35.412] [INF] [default] [TitleBar.cpp:160 in Update] -> [follow mouse ok] : (0.991417, 0.130736)
[2026-09-28 01:29:35.418] [INF] [default] [TitleBar.cpp:160 in Update] -> [follow mouse ok] : (0.991292, 0.131685)
[2026-09-28 01:29:35.425] [INF] [default] [TitleBar.cpp:160 in Update] -> [follow mouse ok] : (0.991228, 0.132164)
[2026-09-28 01:29:35.429] [INF] [default] [TitleBar.cpp:160 in Update] -> [follow mouse ok] : (0.990966, 0.134116)
[2026-09-28 01:29:35.433] [INF] [default] [TitleBar.cpp:160 in Update] -> [follow mouse ok] : (0.990761, 0.135618)
[2026-09-28 01:29:35.439] [INF] [default] [TitleBar.cpp:160 in Update] -> [follow mouse ok] : (0.990101, 0.140359)
[2026-09-28 01:29:35.443] [INF] [default] [TitleBar.cpp:160 in Update] -> [follow mouse ok] : (0.989795, 0.1425)
[2026-09-28 01:29:35.446] [INF] [default] [TitleBar.cpp:160 in Update] -> [follow mouse ok] : (0.989795, 0.1425)
[2026-09-28 01:29:35.453] [INF] [default] [TitleBar.cpp:160 in Update] -> [follow mouse ok] : (0.989556, 0.144148)
[2026-09-28 01:29:35.461] [INF] [default] [TitleBar.cpp:160 in Update] -> [follow mouse ok] : (0.989225, 0.146405)
[2026-09-28 01:29:35.462] [INF] [default] [TitleBar.cpp:160 in Update] -> [follow mouse ok] : (0.988555, 0.150864)
[2026-09-28 01:29:35.467] [INF] [default] [TitleBar.cpp:160 in Update] -> [follow mouse ok] : (0.988279, 0.152661)
[2026-09-28 01:29:35.474] [INF] [default] [TitleBar.cpp:160 in Update] -> [follow mouse ok] : (0.988089, 0.153883)
[2026-09-28 01:29:35.476] [INF] [default] [TitleBar.cpp:160 in Update] -> [follow mouse ok] : (0.987696, 0.156385)
[2026-09-28 01:29:35.481] [INF] [default] [TitleBar.cpp:160 in Update] -> [follow mouse ok] : (0.987389, 0.158315)
[2026-09-28 01:29:35.487] [INF] [default] [TitleBar.cpp:160 in Update] -> [follow mouse ok] : (0.987069, 0.160293)
[2026-09-28 01:29:35.493] [INF] [default] [TitleBar.cpp:160 in Update] -> [follow mouse ok] : (0.986625, 0.163008)
[2026-09-28 01:29:35.495] [INF] [default] [TitleBar.cpp:160 in Update] -> [follow mouse ok] : (0.986276, 0.165104)
[2026-09-28 01:29:35.501] [INF] [default] [TitleBar.cpp:160 in Update] -> [follow mouse ok] : (0.985914, 0.167253)
[2026-09-28 01:29:35.509] [INF] [default] [TitleBar.cpp:160 in Update] -> [follow mouse ok] : (0.984648, 0.174551)
[2026-09-28 01:29:35.511] [INF] [default] [TitleBar.cpp:160 in Update] -> [follow mouse ok] : (0.984088, 0.177683)
[2026-09-28 01:29:35.516] [INF] [default] [TitleBar.cpp:160 in Update] -> [follow mouse ok] : (0.983648, 0.180104)
[2026-09-28 01:29:35.523] [INF] [default] [TitleBar.cpp:160 in Update] -> [follow mouse ok] : (0.983189, 0.182592)
[2026-09-28 01:29:35.526] [INF] [default] [TitleBar.cpp:160 in Update] -> [follow mouse ok] : (0.982547, 0.186016)
[2026-09-28 01:29:35.530] [INF] [default] [TitleBar.cpp:160 in Update] -> [follow mouse ok] : (0.982041, 0.188668)
[2026-09-28 01:29:35.544] [INF] [default] [TitleBar.cpp:160 in Update] -> [follow mouse ok] : (0.981332, 0.192321)
[2026-09-28 01:29:35.546] [INF] [default] [TitleBar.cpp:160 in Update] -> [follow mouse ok] : (0.980773, 0.195154)
[2026-09-28 01:29:35.557] [INF] [default] [TitleBar.cpp:160 in Update] -> [follow mouse ok] : (0.980188, 0.198069)
[2026-09-28 01:29:35.559] [INF] [default] [TitleBar.cpp:160 in Update] -> [follow mouse ok] : (0.979367, 0.202092)
[2026-09-28 01:29:35.576] [INF] [default] [TitleBar.cpp:160 in Update] -> [follow mouse ok] : (0.979549, 0.201205)
[2026-09-28 01:29:35.585] [INF] [default] [TitleBar.cpp:160 in Update] -> [follow mouse ok] : (0.979954, 0.199222)
[2026-09-28 01:29:35.593] [INF] [default] [TitleBar.cpp:160 in Update] -> [follow mouse ok] : (0.979072, 0.203515)
[2026-09-28 01:29:35.601] [INF] [default] [TitleBar.cpp:160 in Update] -> [follow mouse ok] : (0.97813, 0.207993)
[2026-09-28 01:29:35.609] [INF] [default] [TitleBar.cpp:160 in Update] -> [follow mouse ok] : (0.978305, 0.20717)
[2026-09-28 01:29:35.614] [INF] [default] [TitleBar.cpp:160 in Update] -> [follow mouse ok] : (0.978736, 0.205124)
[2026-09-28 01:29:35.627] [INF] [default] [TitleBar.cpp:160 in Update] -> [follow mouse ok] : (0.97893, 0.204194)
[2026-09-28 01:29:35.643] [INF] [default] [TitleBar.cpp:160 in Update] -> [follow mouse ok] : (0.979134, 0.203216)
[2026-09-28 01:29:35.660] [INF] [default] [TitleBar.cpp:160 in Update] -> [follow mouse ok] : (0.979347, 0.202188)
[2026-09-28 01:29:35.669] [INF] [default] [TitleBar.cpp:160 in Update] -> [follow mouse ok] : (0.97983, 0.199834)
[2026-09-28 01:29:35.677] [INF] [default] [TitleBar.cpp:160 in Update] -> [follow mouse ok] : (0.97876, 0.20501)
[2026-09-28 01:29:35.693] [INF] [default] [TitleBar.cpp:160 in Update] -> [follow mouse ok] : (0.97898, 0.203954)
[2026-09-28 01:29:35.709] [INF] [default] [TitleBar.cpp:160 in Update] -> [follow mouse ok] : (0.979213, 0.202837)
[2026-09-28 01:29:35.726] [INF] [default] [TitleBar.cpp:160 in Update] -> [follow mouse ok] : (0.979457, 0.201653)
[2026-09-28 01:29:35.743] [INF] [default] [TitleBar.cpp:160 in Update] -> [follow mouse ok] : (0.979715, 0.200396)
[2026-09-28 01:29:35.746] [INF] [default] [TitleBar.cpp:160 in Update] -> [follow mouse ok] : (0.978469, 0.206396)
[2026-09-28 01:29:35.760] [INF] [default] [TitleBar.cpp:160 in Update] -> [follow mouse ok] : (0.978717, 0.205215)
[2026-09-28 01:29:35.766] [INF] [default] [TitleBar.cpp:160 in Update] -> [follow mouse ok] : (0.978637, 0.205596)
[2026-09-28 01:29:35.774] [INF] [default] [TitleBar.cpp:160 in Update] -> [follow mouse ok] : (0.97855, 0.20601)
[2026-09-28 01:29:35.777] [INF] [default] [TitleBar.cpp:160 in Update] -> [follow mouse ok] : (0.978832, 0.204665)
[2026-09-28 01:29:35.780] [INF] [default] [TitleBar.cpp:160 in Update] -> [follow mouse ok] : (0.97726, 0.212047)
[2026-09-28 01:29:35.787] [INF] [default] [TitleBar.cpp:160 in Update] -> [follow mouse ok] : (0.977089, 0.212831)
[2026-09-28 01:29:35.793] [INF] [default] [TitleBar.cpp:160 in Update] -> [follow mouse ok] : (0.977358, 0.211593)
[2026-09-28 01:29:35.796] [INF] [default] [TitleBar.cpp:160 in Update] -> [follow mouse ok] : (0.974924, 0.222537)
[2026-09-28 01:29:35.801] [INF] [default] [TitleBar.cpp:160 in Update] -> [follow mouse ok] : (0.97458, 0.224041)
[2026-09-28 01:29:35.808] [INF] [default] [TitleBar.cpp:160 in Update] -> [follow mouse ok] : (0.973575, 0.228369)
[2026-09-28 01:29:35.809] [INF] [default] [TitleBar.cpp:160 in Update] -> [follow mouse ok] : (0.973748, 0.227629)
[2026-09-28 01:29:35.815] [INF] [default] [TitleBar.cpp:160 in Update] -> [follow mouse ok] : (0.971754, 0.235997)
[2026-09-28 01:29:35.822] [INF] [default] [TitleBar.cpp:160 in Update] -> [follow mouse ok] : (0.971015, 0.239019)
[2026-09-28 01:29:35.826] [INF] [default] [TitleBar.cpp:160 in Update] -> [follow mouse ok] : (0.971072, 0.238788)
[2026-09-28 01:29:35.829] [INF] [default] [TitleBar.cpp:160 in Update] -> [follow mouse ok] : (0.966838, 0.255391)
[2026-09-28 01:29:35.836] [INF] [default] [TitleBar.cpp:160 in Update] -> [follow mouse ok] : (0.960714, 0.27754)
[2026-09-28 01:29:35.844] [INF] [default] [TitleBar.cpp:160 in Update] -> [follow mouse ok] : (0.959737, 0.280899)
[2026-09-28 01:29:35.846] [INF] [default] [TitleBar.cpp:160 in Update] -> [follow mouse ok] : (0.945687, 0.32508)
[2026-09-28 01:29:35.850] [INF] [default] [TitleBar.cpp:160 in Update] -> [follow mouse ok] : (0.90286, 0.429934)
[2026-09-28 01:29:35.856] [INF] [default] [TitleBar.cpp:160 in Update] -> [follow mouse ok] : (0.83205, 0.5547)
[2026-09-28 01:29:35.860] [INF] [default] [TitleBar.cpp:160 in Update] -> [follow mouse ok] : (0.8, 0.6)
[2026-09-28 01:29:38.053] [INF] [default] [TitleBar.cpp:160 in Update] -> [follow mouse ok] : (1, 0)
[2026-09-28 01:29:38.060] [INF] [default] [TitleBar.cpp:160 in Update] -> [follow mouse ok] : (1, 0)
[2026-09-28 01:29:38.066] [INF] [default] [TitleBar.cpp:160 in Update] -> [follow mouse ok] : (0.999998, 0.00196078)
[2026-09-28 01:29:38.073] [INF] [default] [TitleBar.cpp:160 in Update] -> [follow mouse ok] : (0.999992, 0.00396036)
[2026-09-28 01:29:38.076] [INF] [default] [TitleBar.cpp:160 in Update] -> [follow mouse ok] : (0.999992, 0.00399198)
[2026-09-28 01:29:38.080] [INF] [default] [TitleBar.cpp:160 in Update] -> [follow mouse ok] : (0.999992, 0.00401603)
[2026-09-28 01:29:38.086] [INF] [default] [TitleBar.cpp:160 in Update] -> [follow mouse ok] : (0.999982, 0.00607276)
[2026-09-28 01:29:38.094] [INF] [default] [TitleBar.cpp:160 in Update] -> [follow mouse ok] : (0.999981, 0.00612233)
[2026-09-28 01:29:38.097] [INF] [default] [TitleBar.cpp:160 in Update] -> [follow mouse ok] : (0.999966, 0.00823017)
[2026-09-28 01:29:38.101] [INF] [default] [TitleBar.cpp:160 in Update] -> [follow mouse ok] : (0.999946, 0.0103729)
[2026-09-28 01:29:38.109] [INF] [default] [TitleBar.cpp:160 in Update] -> [follow mouse ok] : (0.999945, 0.0104597)
[2026-09-28 01:29:38.115] [INF] [default] [TitleBar.cpp:160 in Update] -> [follow mouse ok] : (0.99992, 0.0126306)
[2026-09-28 01:29:38.122] [INF] [default] [TitleBar.cpp:160 in Update] -> [follow mouse ok] : (0.99989, 0.0148289)
[2026-09-28 01:29:38.126] [INF] [default] [TitleBar.cpp:160 in Update] -> [follow mouse ok] : (0.999888, 0.0149556)
[2026-09-28 01:29:38.135] [INF] [default] [TitleBar.cpp:160 in Update] -> [follow mouse ok] : (0.999852, 0.0172018)
[2026-09-28 01:29:38.143] [INF] [default] [TitleBar.cpp:160 in Update] -> [follow mouse ok] : (0.99981, 0.0195191)
[2026-09-28 01:29:38.150] [INF] [default] [TitleBar.cpp:160 in Update] -> [follow mouse ok] : (0.999761, 0.0218766)
[2026-09-28 01:29:38.159] [INF] [default] [TitleBar.cpp:160 in Update] -> [follow mouse ok] : (0.999756, 0.0220697)
[2026-09-28 01:29:38.164] [INF] [default] [TitleBar.cpp:160 in Update] -> [follow mouse ok] : (0.9997, 0.0244915)
[2026-09-28 01:29:38.171] [INF] [default] [TitleBar.cpp:160 in Update] -> [follow mouse ok] : (0.999637, 0.0269565)
[2026-09-28 01:29:38.177] [INF] [default] [TitleBar.cpp:160 in Update] -> [follow mouse ok] : (0.99963, 0.0272008)
[2026-09-28 01:29:38.179] [INF] [default] [TitleBar.cpp:160 in Update] -> [follow mouse ok] : (0.999625, 0.027387)
[2026-09-28 01:29:38.185] [INF] [default] [TitleBar.cpp:160 in Update] -> [follow mouse ok] : (0.999552, 0.0299405)
[2026-09-28 01:29:38.191] [INF] [default] [TitleBar.cpp:160 in Update] -> [follow mouse ok] : (0.99947, 0.0325409)
[2026-09-28 01:29:38.193] [INF] [default] [TitleBar.cpp:160 in Update] -> [follow mouse ok] : (0.99946, 0.0328461)
[2026-09-28 01:29:38.205] [INF] [default] [TitleBar.cpp:160 in Update] -> [follow mouse ok] : (0.999453, 0.0330788)
[2026-09-28 01:29:38.209] [INF] [default] [TitleBar.cpp:160 in Update] -> [follow mouse ok] : (0.999442, 0.0333943)
[2026-09-28 01:29:38.213] [INF] [default] [TitleBar.cpp:160 in Update] -> [follow mouse ok] : (0.999347, 0.036121)
[2026-09-28 01:29:38.219] [INF] [default] [TitleBar.cpp:160 in Update] -> [follow mouse ok] : (0.999243, 0.0389)
[2026-09-28 01:29:38.227] [INF] [default] [TitleBar.cpp:160 in Update] -> [follow mouse ok] : (0.999228, 0.0392817)
[2026-09-28 01:29:38.233] [INF] [default] [TitleBar.cpp:160 in Update] -> [follow mouse ok] : (0.999217, 0.0395729)
[2026-09-28 01:29:38.243] [INF] [default] [TitleBar.cpp:160 in Update] -> [follow mouse ok] : (0.999201, 0.039968)
[2026-09-28 01:29:38.247] [INF] [default] [TitleBar.cpp:160 in Update] -> [follow mouse ok] : (0.99908, 0.0428898)
[2026-09-28 01:29:38.259] [INF] [default] [TitleBar.cpp:160 in Update] -> [follow mouse ok] : (0.999061, 0.0433266)
[2026-09-28 01:29:38.276] [INF] [default] [TitleBar.cpp:160 in Update] -> [follow mouse ok] : (0.999041, 0.0437724)
[2026-09-28 01:29:38.294] [INF] [default] [TitleBar.cpp:160 in Update] -> [follow mouse ok] : (0.999021, 0.0442275)
[2026-09-28 01:29:38.303] [INF] [default] [TitleBar.cpp:160 in Update] -> [follow mouse ok] : (0.999006, 0.0445751)
[2026-09-28 01:29:38.310] [INF] [default] [TitleBar.cpp:160 in Update] -> [follow mouse ok] : (0.998985, 0.0450471)
[2026-09-28 01:29:38.324] [INF] [default] [TitleBar.cpp:160 in Update] -> [follow mouse ok] : (0.998968, 0.0454077)
[2026-09-28 01:29:38.326] [INF] [default] [TitleBar.cpp:160 in Update] -> [follow mouse ok] : (0.998946, 0.0458975)
[2026-09-28 01:29:38.343] [INF] [default] [TitleBar.cpp:160 in Update] -> [follow mouse ok] : (0.998923, 0.0463981)
[2026-09-28 01:29:38.360] [INF] [default] [TitleBar.cpp:160 in Update] -> [follow mouse ok] : (0.998899, 0.0469096)
[2026-09-28 01:29:38.376] [INF] [default] [TitleBar.cpp:160 in Update] -> [follow mouse ok] : (0.998874, 0.0474326)
[2026-09-28 01:29:38.393] [INF] [default] [TitleBar.cpp:160 in Update] -> [follow mouse ok] : (0.998849, 0.0479673)
[2026-09-28 01:29:38.410] [INF] [default] [TitleBar.cpp:160 in Update] -> [follow mouse ok] : (0.998822, 0.0485142)
[2026-09-28 01:29:38.426] [INF] [default] [TitleBar.cpp:160 in Update] -> [follow mouse ok] : (0.998795, 0.0490737)
[2026-09-28 01:29:38.443] [INF] [default] [TitleBar.cpp:160 in Update] -> [follow mouse ok] : (0.998767, 0.0496463)
[2026-09-28 01:29:38.456] [INF] [default] [TitleBar.cpp:160 in Update] -> [follow mouse ok] : (0.998585, 0.0531791)
[2026-09-28 01:29:38.460] [INF] [default] [TitleBar.cpp:160 in Update] -> [follow mouse ok] : (0.998551, 0.0538141)
[2026-09-28 01:29:38.469] [INF] [default] [TitleBar.cpp:160 in Update] -> [follow mouse ok] : (0.998337, 0.0576547)
[2026-09-28 01:29:38.477] [INF] [default] [TitleBar.cpp:160 in Update] -> [follow mouse ok] : (0.998296, 0.0583619)
[2026-09-28 01:29:38.491] [INF] [default] [TitleBar.cpp:160 in Update] -> [follow mouse ok] : (0.998242, 0.0592706)
[2026-09-28 01:29:38.493] [INF] [default] [TitleBar.cpp:160 in Update] -> [follow mouse ok] : (0.998197, 0.0600182)
[2026-09-28 01:29:38.506] [INF] [default] [TitleBar.cpp:160 in Update] -> [follow mouse ok] : (0.997939, 0.0641761)
[2026-09-28 01:29:38.510] [INF] [default] [TitleBar.cpp:160 in Update] -> [follow mouse ok] : (0.997885, 0.0650088)
[2026-09-28 01:29:38.512] [INF] [default] [TitleBar.cpp:160 in Update] -> [follow mouse ok] : (0.997814, 0.0660804)
[2026-09-28 01:29:38.519] [INF] [default] [TitleBar.cpp:160 in Update] -> [follow mouse ok] : (0.99751, 0.070531)
[2026-09-28 01:29:38.526] [INF] [default] [TitleBar.cpp:160 in Update] -> [follow mouse ok] : (0.997441, 0.071489)
[2026-09-28 01:29:38.533] [INF] [default] [TitleBar.cpp:160 in Update] -> [follow mouse ok] : (0.997075, 0.0764308)
[2026-09-28 01:29:38.541] [INF] [default] [TitleBar.cpp:160 in Update] -> [follow mouse ok] : (0.996971, 0.0777779)
[2026-09-28 01:29:38.543] [INF] [default] [TitleBar.cpp:160 in Update] -> [follow mouse ok] : (0.996883, 0.07889)
[2026-09-28 01:29:38.554] [INF] [default] [TitleBar.cpp:160 in Update] -> [follow mouse ok] : (0.996444, 0.0842581)
[2026-09-28 01:29:38.560] [INF] [default] [TitleBar.cpp:160 in Update] -> [follow mouse ok] : (0.996338, 0.0855066)
[2026-09-28 01:29:38.562] [INF] [default] [TitleBar.cpp:160 in Update] -> [follow mouse ok] : (0.996198, 0.08712)
[2026-09-28 01:29:38.567] [INF] [default] [TitleBar.cpp:160 in Update] -> [follow mouse ok] : (0.996019, 0.0891379)
[2026-09-28 01:29:38.575] [INF] [default] [TitleBar.cpp:160 in Update] -> [follow mouse ok] : (0.995861, 0.0908921)
[2026-09-28 01:29:38.577] [INF] [default] [TitleBar.cpp:160 in Update] -> [follow mouse ok] : (0.995727, 0.0923456)
[2026-09-28 01:29:38.582] [INF] [default] [TitleBar.cpp:160 in Update] -> [follow mouse ok] : (0.995514, 0.094615)
[2026-09-28 01:29:38.588] [INF] [default] [TitleBar.cpp:160 in Update] -> [follow mouse ok] : (0.994825, 0.101599)
[2026-09-28 01:29:38.593] [INF] [default] [TitleBar.cpp:160 in Update] -> [follow mouse ok] : (0.994646, 0.10334)
[2026-09-28 01:29:38.595] [INF] [default] [TitleBar.cpp:160 in Update] -> [follow mouse ok] : (0.993829, 0.110918)
[2026-09-28 01:29:38.602] [INF] [default] [TitleBar.cpp:160 in Update] -> [follow mouse ok] : (0.993547, 0.113419)
[2026-09-28 01:29:38.609] [INF] [default] [TitleBar.cpp:160 in Update] -> [follow mouse ok] : (0.992563, 0.121729)
[2026-09-28 01:29:38.616] [INF] [default] [TitleBar.cpp:160 in Update] -> [follow mouse ok] : (0.991355, 0.131209)
[2026-09-28 01:29:38.623] [INF] [default] [TitleBar.cpp:160 in Update] -> [follow mouse ok] : (0.990738, 0.135786)
[2026-09-28 01:29:38.626] [INF] [default] [TitleBar.cpp:160 in Update] -> [follow mouse ok] : (0.990356, 0.138547)
[2026-09-28 01:29:38.630] [INF] [default] [TitleBar.cpp:160 in Update] -> [follow mouse ok] : (0.988975, 0.148082)
[2026-09-28 01:29:38.638] [INF] [default] [TitleBar.cpp:160 in Update] -> [follow mouse ok] : (0.988116, 0.153707)
[2026-09-28 01:29:38.643] [INF] [default] [TitleBar.cpp:160 in Update] -> [follow mouse ok] : (0.98758, 0.157115)
[2026-09-28 01:29:38.645] [INF] [default] [TitleBar.cpp:160 in Update] -> [follow mouse ok] : (0.986551, 0.163452)
[2026-09-28 01:29:38.651] [INF] [default] [TitleBar.cpp:160 in Update] -> [follow mouse ok] : (0.984539, 0.175163)
[2026-09-28 01:29:38.658] [INF] [default] [TitleBar.cpp:160 in Update] -> [follow mouse ok] : (0.982944, 0.183906)
[2026-09-28 01:29:38.660] [INF] [default] [TitleBar.cpp:160 in Update] -> [follow mouse ok] : (0.982053, 0.188606)
[2026-09-28 01:29:38.665] [INF] [default] [TitleBar.cpp:160 in Update] -> [follow mouse ok] : (0.980581, 0.196116)
[2026-09-28 01:29:38.672] [INF] [default] [TitleBar.cpp:160 in Update] -> [follow mouse ok] : (0.979213, 0.202837)
[2026-09-28 01:29:38.676] [INF] [default] [TitleBar.cpp:160 in Update] -> [follow mouse ok] : (0.979457, 0.201653)
[2026-09-28 01:29:38.678] [INF] [default] [TitleBar.cpp:160 in Update] -> [follow mouse ok] : (0.978469, 0.206396)
[2026-09-28 01:29:38.686] [INF] [default] [TitleBar.cpp:160 in Update] -> [follow mouse ok] : (0.978036, 0.208434)
[2026-09-28 01:29:38.694] [INF] [default] [TitleBar.cpp:160 in Update] -> [follow mouse ok] : (0.976187, 0.21693)
[2026-09-28 01:29:38.695] [INF] [default] [TitleBar.cpp:160 in Update] -> [follow mouse ok] : (0.97639, 0.216015)
[2026-09-28 01:29:38.700] [INF] [default] [TitleBar.cpp:160 in Update] -> [follow mouse ok] : (0.975313, 0.220826)
[2026-09-28 01:29:38.707] [INF] [default] [TitleBar.cpp:160 in Update] -> [follow mouse ok] : (0.971297, 0.237869)
[2026-09-28 01:29:38.709] [INF] [default] [TitleBar.cpp:160 in Update] -> [follow mouse ok] : (0.971346, 0.23767)
[2026-09-28 01:29:38.714] [INF] [default] [TitleBar.cpp:160 in Update] -> [follow mouse ok] : (0.970781, 0.239968)
[2026-09-28 01:29:38.721] [INF] [default] [TitleBar.cpp:160 in Update] -> [follow mouse ok] : (0.969452, 0.245283)
[2026-09-28 01:29:38.727] [INF] [default] [TitleBar.cpp:160 in Update] -> [follow mouse ok] : (0.969416, 0.245422)
[2026-09-28 01:29:38.729] [INF] [default] [TitleBar.cpp:160 in Update] -> [follow mouse ok] : (0.967758, 0.251882)
[2026-09-28 01:29:38.741] [INF] [default] [TitleBar.cpp:160 in Update] -> [follow mouse ok] : (0.965755, 0.259457)
[2026-09-28 01:29:38.743] [INF] [default] [TitleBar.cpp:160 in Update] -> [follow mouse ok] : (0.965468, 0.260523)
[2026-09-28 01:29:38.749] [INF] [default] [TitleBar.cpp:160 in Update] -> [follow mouse ok] : (0.963993, 0.265929)
[2026-09-28 01:29:38.755] [INF] [default] [TitleBar.cpp:160 in Update] -> [follow mouse ok] : (0.962206, 0.272322)
[2026-09-28 01:29:38.759] [INF] [default] [TitleBar.cpp:160 in Update] -> [follow mouse ok] : (0.961524, 0.274721)
[2026-09-28 01:29:38.763] [INF] [default] [TitleBar.cpp:160 in Update] -> [follow mouse ok] : (0.959018, 0.283346)
[2026-09-28 01:29:38.778] [INF] [default] [TitleBar.cpp:160 in Update] -> [follow mouse ok] : (0.953583, 0.301131)
[2026-09-28 01:29:38.783] [INF] [default] [TitleBar.cpp:160 in Update] -> [follow mouse ok] : (0.948683, 0.316228)
[2026-09-28 01:29:38.790] [INF] [default] [TitleBar.cpp:160 in Update] -> [follow mouse ok] : (0.941742, 0.336336)
[2026-09-28 01:29:38.793] [INF] [default] [TitleBar.cpp:160 in Update] -> [follow mouse ok] : (0.936329, 0.351123)
[2026-09-28 01:29:38.798] [INF] [default] [TitleBar.cpp:160 in Update] -> [follow mouse ok] : (0.921635, 0.388057)
[2026-09-28 01:29:38.804] [INF] [default] [TitleBar.cpp:160 in Update] -> [follow mouse ok] : (0.894427, 0.447214)
[2026-09-28 01:29:38.810] [INF] [default] [TitleBar.cpp:160 in Update] -> [follow mouse ok] : (0.894427, 0.447214)
[2026-09-28 01:29:38.818] [INF] [default] [TitleBar.cpp:160 in Update] -> [follow mouse ok] : (0.857493, 0.514496)
[2026-09-28 01:29:38.825] [INF] [default] [TitleBar.cpp:160 in Update] -> [follow mouse ok] : (0, 1)
[2026-09-28 01:29:42.536] [INF] [default] [TitleBar.cpp:160 in Update] -> [follow mouse ok] : (0.999992, 0.00396822)
[2026-09-28 01:29:42.542] [INF] [default] [TitleBar.cpp:160 in Update] -> [follow mouse ok] : (0.999967, 0.0080969)
[2026-09-28 01:29:42.545] [INF] [default] [TitleBar.cpp:160 in Update] -> [follow mouse ok] : (0.999966, 0.00823017)
[2026-09-28 01:29:42.549] [INF] [default] [TitleBar.cpp:160 in Update] -> [follow mouse ok] : (0.999921, 0.012604)
[2026-09-28 01:29:42.556] [INF] [default] [TitleBar.cpp:160 in Update] -> [follow mouse ok] : (0.999854, 0.0170915)
[2026-09-28 01:29:42.562] [INF] [default] [TitleBar.cpp:160 in Update] -> [follow mouse ok] : (0.999849, 0.0173887)
[2026-09-28 01:29:42.564] [INF] [default] [TitleBar.cpp:160 in Update] -> [follow mouse ok] : (0.999753, 0.0222167)
[2026-09-28 01:29:42.577] [INF] [default] [TitleBar.cpp:160 in Update] -> [follow mouse ok] : (0.999632, 0.0271393)
[2026-09-28 01:29:42.579] [INF] [default] [TitleBar.cpp:160 in Update] -> [follow mouse ok] : (0.999618, 0.0276392)
[2026-09-28 01:29:42.584] [INF] [default] [TitleBar.cpp:160 in Update] -> [follow mouse ok] : (0.99946, 0.0328461)
[2026-09-28 01:29:42.596] [INF] [default] [TitleBar.cpp:160 in Update] -> [follow mouse ok] : (0.99944, 0.0334741)
[2026-09-28 01:29:42.599] [INF] [default] [TitleBar.cpp:160 in Update] -> [follow mouse ok] : (0.999239, 0.0389947)
[2026-09-28 01:29:42.612] [INF] [default] [TitleBar.cpp:160 in Update] -> [follow mouse ok] : (0.999209, 0.0397695)
[2026-09-28 01:29:42.629] [INF] [default] [TitleBar.cpp:160 in Update] -> [follow mouse ok] : (0.999176, 0.0405757)
[2026-09-28 01:29:42.645] [INF] [default] [TitleBar.cpp:160 in Update] -> [follow mouse ok] : (0.999142, 0.0414152)
[2026-09-28 01:29:42.662] [INF] [default] [TitleBar.cpp:160 in Update] -> [follow mouse ok] : (0.999105, 0.0422902)
[2026-09-28 01:29:42.679] [INF] [default] [TitleBar.cpp:160 in Update] -> [follow mouse ok] : (0.999066, 0.0432029)
[2026-09-28 01:29:42.695] [INF] [default] [TitleBar.cpp:160 in Update] -> [follow mouse ok] : (0.999025, 0.0441558)
[2026-09-28 01:29:42.712] [INF] [default] [TitleBar.cpp:160 in Update] -> [follow mouse ok] : (0.99898, 0.0451516)
[2026-09-28 01:29:42.729] [INF] [default] [TitleBar.cpp:160 in Update] -> [follow mouse ok] : (0.998932, 0.0461934)
[2026-09-28 01:29:42.745] [INF] [default] [TitleBar.cpp:160 in Update] -> [follow mouse ok] : (0.998882, 0.0472843)
[2026-09-28 01:29:42.762] [INF] [default] [TitleBar.cpp:160 in Update] -> [follow mouse ok] : (0.998827, 0.048428)
[2026-09-28 01:29:42.780] [INF] [default] [TitleBar.cpp:160 in Update] -> [follow mouse ok] : (0.998768, 0.0496282)
[2026-09-28 01:29:42.795] [INF] [default] [TitleBar.cpp:160 in Update] -> [follow mouse ok] : (0.998704, 0.0508894)
[2026-09-28 01:29:42.812] [INF] [default] [TitleBar.cpp:160 in Update] -> [follow mouse ok] : (0.998636, 0.0522162)
[2026-09-28 01:29:42.829] [INF] [default] [TitleBar.cpp:160 in Update] -> [follow mouse ok] : (0.998562, 0.0536141)
[2026-09-28 01:29:42.845] [INF] [default] [TitleBar.cpp:160 in Update] -> [follow mouse ok] : (0.998481, 0.0550886)
[2026-09-28 01:29:42.862] [INF] [default] [TitleBar.cpp:160 in Update] -> [follow mouse ok] : (0.998394, 0.0566465)
[2026-09-28 01:29:42.880] [INF] [default] [TitleBar.cpp:160 in Update] -> [follow mouse ok] : (0.998299, 0.0582949)
[2026-09-28 01:29:42.896] [INF] [default] [TitleBar.cpp:160 in Update] -> [follow mouse ok] : (0.998196, 0.0600419)
[2026-09-28 01:29:42.913] [INF] [default] [TitleBar.cpp:160 in Update] -> [follow mouse ok] : (0.998083, 0.0618966)
[2026-09-28 01:29:42.929] [INF] [default] [TitleBar.cpp:160 in Update] -> [follow mouse ok] : (0.997958, 0.0638693)
[2026-09-28 01:29:42.946] [INF] [default] [TitleBar.cpp:160 in Update] -> [follow mouse ok] : (0.997821, 0.0659717)
[2026-09-28 01:29:42.962] [INF] [default] [TitleBar.cpp:160 in Update] -> [follow mouse ok] : (0.99767, 0.0682168)
[2026-09-28 01:29:42.978] [INF] [default] [TitleBar.cpp:160 in Update] -> [follow mouse ok] : (0.997503, 0.0706197)
[2026-09-28 01:29:42.995] [INF] [default] [TitleBar.cpp:160 in Update] -> [follow mouse ok] : (0.997317, 0.0731976)
[2026-09-28 01:29:43.013] [INF] [default] [TitleBar.cpp:160 in Update] -> [follow mouse ok] : (0.99711, 0.0759703)
[2026-09-28 01:29:43.029] [INF] [default] [TitleBar.cpp:160 in Update] -> [follow mouse ok] : (0.996878, 0.0789606)
[2026-09-28 01:29:43.046] [INF] [default] [TitleBar.cpp:160 in Update] -> [follow mouse ok] : (0.996616, 0.0821952)
[2026-09-28 01:29:43.062] [INF] [default] [TitleBar.cpp:160 in Update] -> [follow mouse ok] : (0.996321, 0.085705)
[2026-09-28 01:29:43.079] [INF] [default] [TitleBar.cpp:160 in Update] -> [follow mouse ok] : (0.995984, 0.0895267)
[2026-09-28 01:29:43.095] [INF] [default] [TitleBar.cpp:160 in Update] -> [follow mouse ok] : (0.9956, 0.0937035)
[2026-09-28 01:29:43.112] [INF] [default] [TitleBar.cpp:160 in Update] -> [follow mouse ok] : (0.995158, 0.0982872)
[2026-09-28 01:29:43.129] [INF] [default] [TitleBar.cpp:160 in Update] -> [follow mouse ok] : (0.994646, 0.10334)
[2026-09-28 01:29:43.146] [INF] [default] [TitleBar.cpp:160 in Update] -> [follow mouse ok] : (0.994049, 0.108937)
[2026-09-28 01:29:43.162] [INF] [default] [TitleBar.cpp:160 in Update] -> [follow mouse ok] : (0.993346, 0.115171)
[2026-09-28 01:29:43.179] [INF] [default] [TitleBar.cpp:160 in Update] -> [follow mouse ok] : (0.992511, 0.122155)
[2026-09-28 01:29:43.196] [INF] [default] [TitleBar.cpp:160 in Update] -> [follow mouse ok] : (0.991509, 0.130034)
[2026-09-28 01:29:43.212] [INF] [default] [TitleBar.cpp:160 in Update] -> [follow mouse ok] : (0.990294, 0.138989)
[2026-09-28 01:29:43.229] [INF] [default] [TitleBar.cpp:160 in Update] -> [follow mouse ok] : (0.988799, 0.149253)
[2026-09-28 01:29:43.245] [INF] [default] [TitleBar.cpp:160 in Update] -> [follow mouse ok] : (0.986933, 0.161132)
[2026-09-28 01:29:43.262] [INF] [default] [TitleBar.cpp:160 in Update] -> [follow mouse ok] : (0.984563, 0.175033)
[2026-09-28 01:29:43.279] [INF] [default] [TitleBar.cpp:160 in Update] -> [follow mouse ok] : (0.981491, 0.19151)
[2026-09-28 01:29:43.295] [INF] [default] [TitleBar.cpp:160 in Update] -> [follow mouse ok] : (0.977414, 0.211333)
[2026-09-28 01:29:43.312] [INF] [default] [TitleBar.cpp:160 in Update] -> [follow mouse ok] : (0.978234, 0.207504)
[2026-09-28 01:29:43.329] [INF] [default] [TitleBar.cpp:160 in Update] -> [follow mouse ok] : (0.97926, 0.202606)
[2026-09-28 01:29:43.346] [INF] [default] [TitleBar.cpp:160 in Update] -> [follow mouse ok] : (0.980581, 0.196116)
[2026-09-28 01:29:43.362] [INF] [default] [TitleBar.cpp:160 in Update] -> [follow mouse ok] : (0.972806, 0.231621)
[2026-09-28 01:29:43.379] [INF] [default] [TitleBar.cpp:160 in Update] -> [follow mouse ok] : (0.973417, 0.229039)
[2026-09-28 01:29:43.396] [INF] [default] [TitleBar.cpp:160 in Update] -> [follow mouse ok] : (0.974391, 0.22486)
[2026-09-28 01:29:43.412] [INF] [default] [TitleBar.cpp:160 in Update] -> [follow mouse ok] : (0.976187, 0.21693)
[2026-09-28 01:29:43.429] [INF] [default] [TitleBar.cpp:160 in Update] -> [follow mouse ok] : (0.980581, 0.196116)
[2026-09-28 01:29:43.445] [INF] [default] [TitleBar.cpp:160 in Update] -> [follow mouse ok] : (0.707107, 0.707107)
[2026-09-28 01:29:45.860] [INF] [default] [TitleBar.cpp:160 in Update] -> [follow mouse ok] : (0.999955, 0.00952338)
[2026-09-28 01:29:45.866] [INF] [default] [TitleBar.cpp:160 in Update] -> [follow mouse ok] : (0.999951, 0.0099005)
[2026-09-28 01:29:45.867] [INF] [default] [TitleBar.cpp:160 in Update] -> [follow mouse ok] : (0.998727, 0.0504408)
[2026-09-28 01:29:45.873] [INF] [default] [TitleBar.cpp:160 in Update] -> [follow mouse ok] : (0.994728, 0.102549)
[2026-09-28 01:29:45.880] [INF] [default] [TitleBar.cpp:160 in Update] -> [follow mouse ok] : (0.989315, 0.145794)
[2026-09-28 01:29:45.882] [INF] [default] [TitleBar.cpp:160 in Update] -> [follow mouse ok] : (0.988372, 0.152057)
[2026-09-28 01:29:45.887] [INF] [default] [TitleBar.cpp:160 in Update] -> [follow mouse ok] : (0.980155, 0.198234)
[2026-09-28 01:29:45.899] [INF] [default] [TitleBar.cpp:160 in Update] -> [follow mouse ok] : (0.978305, 0.20717)
[2026-09-28 01:29:45.916] [INF] [default] [TitleBar.cpp:160 in Update] -> [follow mouse ok] : (0.978678, 0.205402)
[2026-09-28 01:29:45.932] [INF] [default] [TitleBar.cpp:160 in Update] -> [follow mouse ok] : (0.979086, 0.203446)
[2026-09-28 01:29:45.949] [INF] [default] [TitleBar.cpp:160 in Update] -> [follow mouse ok] : (0.979535, 0.201274)
[2026-09-28 01:29:45.966] [INF] [default] [TitleBar.cpp:160 in Update] -> [follow mouse ok] : (0.980031, 0.198847)
[2026-09-28 01:29:45.983] [INF] [default] [TitleBar.cpp:160 in Update] -> [follow mouse ok] : (0.977582, 0.210556)
[2026-09-28 01:29:45.999] [INF] [default] [TitleBar.cpp:160 in Update] -> [follow mouse ok] : (0.978036, 0.208434)
[2026-09-28 01:29:46.015] [INF] [default] [TitleBar.cpp:160 in Update] -> [follow mouse ok] : (0.97855, 0.20601)
[2026-09-28 01:29:46.033] [INF] [default] [TitleBar.cpp:160 in Update] -> [follow mouse ok] : (0.979134, 0.203216)
[2026-09-28 01:29:46.049] [INF] [default] [TitleBar.cpp:160 in Update] -> [follow mouse ok] : (0.979804, 0.19996)
[2026-09-28 01:29:46.065] [INF] [default] [TitleBar.cpp:160 in Update] -> [follow mouse ok] : (0.976187, 0.21693)
[2026-09-28 01:29:46.082] [INF] [default] [TitleBar.cpp:160 in Update] -> [follow mouse ok] : (0.976744, 0.214407)
[2026-09-28 01:29:46.099] [INF] [default] [TitleBar.cpp:160 in Update] -> [follow mouse ok] : (0.977414, 0.211333)
[2026-09-28 01:29:46.116] [INF] [default] [TitleBar.cpp:160 in Update] -> [follow mouse ok] : (0.978234, 0.207504)
[2026-09-28 01:29:46.132] [INF] [default] [TitleBar.cpp:160 in Update] -> [follow mouse ok] : (0.97926, 0.202606)
[2026-09-28 01:29:46.149] [INF] [default] [TitleBar.cpp:160 in Update] -> [follow mouse ok] : (0.980581, 0.196116)
[2026-09-28 01:29:46.166] [INF] [default] [TitleBar.cpp:160 in Update] -> [follow mouse ok] : (0.972806, 0.231621)
[2026-09-28 01:29:46.182] [INF] [default] [TitleBar.cpp:160 in Update] -> [follow mouse ok] : (0.973417, 0.229039)
[2026-09-28 01:29:46.199] [INF] [default] [TitleBar.cpp:160 in Update] -> [follow mouse ok] : (0.974391, 0.22486)
[2026-09-28 01:29:46.216] [INF] [default] [TitleBar.cpp:160 in Update] -> [follow mouse ok] : (0.976187, 0.21693)
[2026-09-28 01:29:46.232] [INF] [default] [TitleBar.cpp:160 in Update] -> [follow mouse ok] : (0.980581, 0.196116)
[2026-09-28 01:29:46.249] [INF] [default] [TitleBar.cpp:160 in Update] -> [follow mouse ok] : (0.707107, 0.707107)
[2026-09-28 01:29:46.854] [INF] [default] [TitleBar.cpp:160 in Update] -> [follow mouse ok] : (1, 0)
[2026-09-28 01:29:46.860] [INF] [default] [TitleBar.cpp:160 in Update] -> [follow mouse ok] : (0.98995, 0.141421)
[2026-09-28 01:29:46.862] [INF] [default] [TitleBar.cpp:160 in Update] -> [follow mouse ok] : (0.980581, 0.196116)
[2026-09-28 01:29:46.867] [INF] [default] [TitleBar.cpp:160 in Update] -> [follow mouse ok] : (0.974391, 0.22486)
[2026-09-28 01:29:46.874] [INF] [default] [TitleBar.cpp:160 in Update] -> [follow mouse ok] : (0.959365, 0.282166)
[2026-09-28 01:29:46.880] [INF] [default] [TitleBar.cpp:160 in Update] -> [follow mouse ok] : (0.955779, 0.294086)
[2026-09-28 01:29:46.882] [INF] [default] [TitleBar.cpp:160 in Update] -> [follow mouse ok] : (0.956674, 0.291162)
[2026-09-28 01:29:46.888] [INF] [default] [TitleBar.cpp:160 in Update] -> [follow mouse ok] : (0.961524, 0.274721)
[2026-09-28 01:29:46.896] [INF] [default] [TitleBar.cpp:160 in Update] -> [follow mouse ok] : (0.951709, 0.307003)
[2026-09-28 01:29:46.898] [INF] [default] [TitleBar.cpp:160 in Update] -> [follow mouse ok] : (0.948683, 0.316228)
[2026-09-28 01:29:46.902] [INF] [default] [TitleBar.cpp:160 in Update] -> [follow mouse ok] : (0.936329, 0.351123)
[2026-09-28 01:29:46.909] [INF] [default] [TitleBar.cpp:160 in Update] -> [follow mouse ok] : (0.926739, 0.375705)
[2026-09-28 01:29:46.913] [INF] [default] [TitleBar.cpp:160 in Update] -> [follow mouse ok] : (0.920582, 0.39055)
[2026-09-28 01:29:46.916] [INF] [default] [TitleBar.cpp:160 in Update] -> [follow mouse ok] : (0.926467, 0.376377)
[2026-09-28 01:29:46.923] [INF] [default] [TitleBar.cpp:160 in Update] -> [follow mouse ok] : (0.904819, 0.425797)
[2026-09-28 01:29:46.930] [INF] [default] [TitleBar.cpp:160 in Update] -> [follow mouse ok] : (0.906183, 0.422885)
[2026-09-28 01:29:46.931] [INF] [default] [TitleBar.cpp:160 in Update] -> [follow mouse ok] : (0.916157, 0.400819)
[2026-09-28 01:29:46.937] [INF] [default] [TitleBar.cpp:160 in Update] -> [follow mouse ok] : (0.928477, 0.371391)
[2026-09-28 01:29:46.943] [INF] [default] [TitleBar.cpp:160 in Update] -> [follow mouse ok] : (0.917857, 0.396911)
[2026-09-28 01:29:46.946] [INF] [default] [TitleBar.cpp:160 in Update] -> [follow mouse ok] : (0.910366, 0.413803)
[2026-09-28 01:29:46.951] [INF] [default] [TitleBar.cpp:160 in Update] -> [follow mouse ok] : (0.919145, 0.393919)
[2026-09-28 01:29:46.957] [INF] [default] [TitleBar.cpp:160 in Update] -> [follow mouse ok] : (0.909474, 0.41576)
[2026-09-28 01:29:46.963] [INF] [default] [TitleBar.cpp:160 in Update] -> [follow mouse ok] : (0.911371, 0.411587)
[2026-09-28 01:29:46.965] [INF] [default] [TitleBar.cpp:160 in Update] -> [follow mouse ok] : (0.917556, 0.397607)
[2026-09-28 01:29:46.972] [INF] [default] [TitleBar.cpp:160 in Update] -> [follow mouse ok] : (0.912509, 0.409056)
[2026-09-28 01:29:46.979] [INF] [default] [TitleBar.cpp:160 in Update] -> [follow mouse ok] : (0.912509, 0.409056)
[2026-09-28 01:29:46.980] [INF] [default] [TitleBar.cpp:160 in Update] -> [follow mouse ok] : (0.915315, 0.402739)
[2026-09-28 01:29:46.985] [INF] [default] [TitleBar.cpp:160 in Update] -> [follow mouse ok] : (0.923077, 0.384615)
[2026-09-28 01:29:46.992] [INF] [default] [TitleBar.cpp:160 in Update] -> [follow mouse ok] : (0.919145, 0.393919)
[2026-09-28 01:29:46.996] [INF] [default] [TitleBar.cpp:160 in Update] -> [follow mouse ok] : (0.904819, 0.425797)
[2026-09-28 01:29:47.001] [INF] [default] [TitleBar.cpp:160 in Update] -> [follow mouse ok] : (0.906183, 0.422885)
[2026-09-28 01:29:47.013] [INF] [default] [TitleBar.cpp:160 in Update] -> [follow mouse ok] : (0.910366, 0.413803)
[2026-09-28 01:29:47.029] [INF] [default] [TitleBar.cpp:160 in Update] -> [follow mouse ok] : (0.919145, 0.393919)
[2026-09-28 01:29:47.046] [INF] [default] [TitleBar.cpp:160 in Update] -> [follow mouse ok] : (0.83205, 0.5547)
[2026-09-28 01:29:48.277] [INF] [default] [TitleBar.cpp:160 in Update] -> [follow mouse ok] : (0.0198472, 0.999803)
[2026-09-28 01:29:48.283] [INF] [default] [TitleBar.cpp:160 in Update] -> [follow mouse ok] : (0.0495668, 0.998771)
[2026-09-28 01:29:48.291] [INF] [default] [TitleBar.cpp:160 in Update] -> [follow mouse ok] : (0.0865229, 0.99625)
[2026-09-28 01:29:48.292] [INF] [default] [TitleBar.cpp:160 in Update] -> [follow mouse ok] : (0.0873838, 0.996175)
[2026-09-28 01:29:48.297] [INF] [default] [TitleBar.cpp:160 in Update] -> [follow mouse ok] : (0.136218, 0.990679)
[2026-09-28 01:29:48.304] [INF] [default] [TitleBar.cpp:160 in Update] -> [follow mouse ok] : (0.213842, 0.976868)
[2026-09-28 01:29:48.308] [INF] [default] [TitleBar.cpp:160 in Update] -> [follow mouse ok] : (0.21355, 0.976932)
[2026-09-28 01:29:48.312] [INF] [default] [TitleBar.cpp:160 in Update] -> [follow mouse ok] : (0.250026, 0.968239)
[2026-09-28 01:29:48.318] [INF] [default] [TitleBar.cpp:160 in Update] -> [follow mouse ok] : (0.275688, 0.961247)
[2026-09-28 01:29:48.325] [INF] [default] [TitleBar.cpp:160 in Update] -> [follow mouse ok] : (0.276023, 0.961151)
[2026-09-28 01:29:48.327] [INF] [default] [TitleBar.cpp:160 in Update] -> [follow mouse ok] : (0.298415, 0.954436)
[2026-09-28 01:29:48.332] [INF] [default] [TitleBar.cpp:160 in Update] -> [follow mouse ok] : (0.325839, 0.945425)
[2026-09-28 01:29:48.339] [INF] [default] [TitleBar.cpp:160 in Update] -> [follow mouse ok] : (0.363751, 0.931496)
[2026-09-28 01:29:48.341] [INF] [default] [TitleBar.cpp:160 in Update] -> [follow mouse ok] : (0.364961, 0.931023)
[2026-09-28 01:29:48.346] [INF] [default] [TitleBar.cpp:160 in Update] -> [follow mouse ok] : (0.400171, 0.916441)
[2026-09-28 01:29:48.353] [INF] [default] [TitleBar.cpp:160 in Update] -> [follow mouse ok] : (0.418273, 0.908321)
[2026-09-28 01:29:48.358] [INF] [default] [TitleBar.cpp:160 in Update] -> [follow mouse ok] : (0.417947, 0.908471)
[2026-09-28 01:29:48.360] [INF] [default] [TitleBar.cpp:160 in Update] -> [follow mouse ok] : (0.439165, 0.898406)
[2026-09-28 01:29:48.366] [INF] [default] [TitleBar.cpp:160 in Update] -> [follow mouse ok] : (0.455289, 0.890344)
[2026-09-28 01:29:48.375] [INF] [default] [TitleBar.cpp:160 in Update] -> [follow mouse ok] : (0.469528, 0.882917)
[2026-09-28 01:29:48.381] [INF] [default] [TitleBar.cpp:160 in Update] -> [follow mouse ok] : (0.476864, 0.878977)
[2026-09-28 01:29:48.387] [INF] [default] [TitleBar.cpp:160 in Update] -> [follow mouse ok] : (0.482319, 0.875996)
[2026-09-28 01:29:48.391] [INF] [default] [TitleBar.cpp:160 in Update] -> [follow mouse ok] : (0.482729, 0.87577)
[2026-09-28 01:29:48.395] [INF] [default] [TitleBar.cpp:160 in Update] -> [follow mouse ok] : (0.48836, 0.872643)
[2026-09-28 01:29:48.401] [INF] [default] [TitleBar.cpp:160 in Update] -> [follow mouse ok] : (0.492057, 0.870563)
[2026-09-28 01:29:48.407] [INF] [default] [TitleBar.cpp:160 in Update] -> [follow mouse ok] : (0.492598, 0.870257)
[2026-09-28 01:29:48.409] [INF] [default] [TitleBar.cpp:160 in Update] -> [follow mouse ok] : (0.497329, 0.867562)
[2026-09-28 01:29:48.416] [INF] [default] [TitleBar.cpp:160 in Update] -> [follow mouse ok] : (0.501257, 0.865298)
[2026-09-28 01:29:48.423] [INF] [default] [TitleBar.cpp:160 in Update] -> [follow mouse ok] : (0.503164, 0.864191)
[2026-09-28 01:29:48.424] [INF] [default] [TitleBar.cpp:160 in Update] -> [follow mouse ok] : (0.503871, 0.863779)
[2026-09-28 01:29:48.429] [INF] [default] [TitleBar.cpp:160 in Update] -> [follow mouse ok] : (0.506766, 0.862084)
[2026-09-28 01:29:48.441] [INF] [default] [TitleBar.cpp:160 in Update] -> [follow mouse ok] : (0.507536, 0.861631)
[2026-09-28 01:29:48.450] [INF] [default] [TitleBar.cpp:160 in Update] -> [follow mouse ok] : (0.510539, 0.859855)
[2026-09-28 01:29:48.457] [INF] [default] [TitleBar.cpp:160 in Update] -> [follow mouse ok] : (0.511377, 0.859356)
[2026-09-28 01:29:48.464] [INF] [default] [TitleBar.cpp:160 in Update] -> [follow mouse ok] : (0.513591, 0.858035)
[2026-09-28 01:29:48.471] [INF] [default] [TitleBar.cpp:160 in Update] -> [follow mouse ok] : (0.516783, 0.856116)
[2026-09-28 01:29:48.474] [INF] [default] [TitleBar.cpp:160 in Update] -> [follow mouse ok] : (0.517742, 0.855537)
[2026-09-28 01:29:48.478] [INF] [default] [TitleBar.cpp:160 in Update] -> [follow mouse ok] : (0.520151, 0.854074)
[2026-09-28 01:29:48.486] [INF] [default] [TitleBar.cpp:160 in Update] -> [follow mouse ok] : (0.525007, 0.851098)
[2026-09-28 01:29:48.491] [INF] [default] [TitleBar.cpp:160 in Update] -> [follow mouse ok] : (0.526127, 0.850406)
[2026-09-28 01:29:48.506] [INF] [default] [TitleBar.cpp:160 in Update] -> [follow mouse ok] : (0.528787, 0.848754)
[2026-09-28 01:29:48.508] [INF] [default] [TitleBar.cpp:160 in Update] -> [follow mouse ok] : (0.529999, 0.847998)
[2026-09-28 01:29:48.514] [INF] [default] [TitleBar.cpp:160 in Update] -> [follow mouse ok] : (0.536875, 0.843661)
[2026-09-28 01:29:48.520] [INF] [default] [TitleBar.cpp:160 in Update] -> [follow mouse ok] : (0.540758, 0.841178)
[2026-09-28 01:29:48.525] [INF] [default] [TitleBar.cpp:160 in Update] -> [follow mouse ok] : (0.542209, 0.840244)
[2026-09-28 01:29:48.527] [INF] [default] [TitleBar.cpp:160 in Update] -> [follow mouse ok] : (0.549617, 0.835417)
[2026-09-28 01:29:48.534] [INF] [default] [TitleBar.cpp:160 in Update] -> [follow mouse ok] : (0.552975, 0.833198)
[2026-09-28 01:29:48.541] [INF] [default] [TitleBar.cpp:160 in Update] -> [follow mouse ok] : (0.559081, 0.829113)
[2026-09-28 01:29:48.548] [INF] [default] [TitleBar.cpp:160 in Update] -> [follow mouse ok] : (0.567188, 0.823588)
[2026-09-28 01:29:48.555] [INF] [default] [TitleBar.cpp:160 in Update] -> [follow mouse ok] : (0.573728, 0.819046)
[2026-09-28 01:29:48.558] [INF] [default] [TitleBar.cpp:160 in Update] -> [follow mouse ok] : (0.575892, 0.817526)
[2026-09-28 01:29:48.562] [INF] [default] [TitleBar.cpp:160 in Update] -> [follow mouse ok] : (0.58279, 0.812623)
[2026-09-28 01:29:48.568] [INF] [default] [TitleBar.cpp:160 in Update] -> [follow mouse ok] : (0.587174, 0.809461)
[2026-09-28 01:29:48.574] [INF] [default] [TitleBar.cpp:160 in Update] -> [follow mouse ok] : (0.589695, 0.807626)
[2026-09-28 01:29:48.576] [INF] [default] [TitleBar.cpp:160 in Update] -> [follow mouse ok] : (0.594391, 0.804176)
[2026-09-28 01:29:48.583] [INF] [default] [TitleBar.cpp:160 in Update] -> [follow mouse ok] : (0.6, 0.8)
[2026-09-28 01:29:48.590] [INF] [default] [TitleBar.cpp:160 in Update] -> [follow mouse ok] : (0.605083, 0.796162)
[2026-09-28 01:29:48.591] [INF] [default] [TitleBar.cpp:160 in Update] -> [follow mouse ok] : (0.602964, 0.797768)
[2026-09-28 01:29:48.596] [INF] [default] [TitleBar.cpp:160 in Update] -> [follow mouse ok] : (0.603035, 0.797715)
[2026-09-28 01:29:48.608] [INF] [default] [TitleBar.cpp:160 in Update] -> [follow mouse ok] : (0.600775, 0.799418)
[2026-09-28 01:29:48.618] [INF] [default] [TitleBar.cpp:160 in Update] -> [follow mouse ok] : (0.600794, 0.799404)
[2026-09-28 01:29:48.625] [INF] [default] [TitleBar.cpp:160 in Update] -> [follow mouse ok] : (0.598376, 0.801215)
[2026-09-28 01:29:48.627] [INF] [default] [TitleBar.cpp:160 in Update] -> [follow mouse ok] : (0.604952, 0.796262)
[2026-09-28 01:29:48.631] [INF] [default] [TitleBar.cpp:160 in Update] -> [follow mouse ok] : (0.605083, 0.796162)
[2026-09-28 01:29:48.638] [INF] [default] [TitleBar.cpp:160 in Update] -> [follow mouse ok] : (0.606043, 0.795432)
[2026-09-28 01:29:48.641] [INF] [default] [TitleBar.cpp:160 in Update] -> [follow mouse ok] : (0.603538, 0.797334)
[2026-09-28 01:29:48.645] [INF] [default] [TitleBar.cpp:160 in Update] -> [follow mouse ok] : (0.603638, 0.797258)
[2026-09-28 01:29:48.658] [INF] [default] [TitleBar.cpp:160 in Update] -> [follow mouse ok] : (0.600933, 0.799299)
[2026-09-28 01:29:48.674] [INF] [default] [TitleBar.cpp:160 in Update] -> [follow mouse ok] : (0.598084, 0.801433)
[2026-09-28 01:29:48.679] [INF] [default] [TitleBar.cpp:160 in Update] -> [follow mouse ok] : (0.604927, 0.796281)
[2026-09-28 01:29:48.691] [INF] [default] [TitleBar.cpp:160 in Update] -> [follow mouse ok] : (0.602026, 0.798477)
[2026-09-28 01:29:48.708] [INF] [default] [TitleBar.cpp:160 in Update] -> [follow mouse ok] : (0.598958, 0.800781)
[2026-09-28 01:29:48.724] [INF] [default] [TitleBar.cpp:160 in Update] -> [follow mouse ok] : (0.603212, 0.797581)
[2026-09-28 01:29:48.729] [INF] [default] [TitleBar.cpp:160 in Update] -> [follow mouse ok] : (0.603323, 0.797497)
[2026-09-28 01:29:48.741] [INF] [default] [TitleBar.cpp:160 in Update] -> [follow mouse ok] : (0.6, 0.8)
[2026-09-28 01:29:48.758] [INF] [default] [TitleBar.cpp:160 in Update] -> [follow mouse ok] : (0.6, 0.8)
[2026-09-28 01:29:48.774] [INF] [default] [TitleBar.cpp:160 in Update] -> [follow mouse ok] : (0.6, 0.8)
[2026-09-28 01:29:48.791] [INF] [default] [TitleBar.cpp:160 in Update] -> [follow mouse ok] : (0.6, 0.8)
[2026-09-28 01:29:48.798] [INF] [default] [TitleBar.cpp:160 in Update] -> [follow mouse ok] : (0.604019, 0.79697)
[2026-09-28 01:29:48.808] [INF] [default] [TitleBar.cpp:160 in Update] -> [follow mouse ok] : (0.6, 0.8)
[2026-09-28 01:29:48.813] [INF] [default] [TitleBar.cpp:160 in Update] -> [follow mouse ok] : (0.604386, 0.796691)
[2026-09-28 01:29:48.825] [INF] [default] [TitleBar.cpp:160 in Update] -> [follow mouse ok] : (0.6, 0.8)
[2026-09-28 01:29:48.827] [INF] [default] [TitleBar.cpp:160 in Update] -> [follow mouse ok] : (0.604828, 0.796356)
[2026-09-28 01:29:48.841] [INF] [default] [TitleBar.cpp:160 in Update] -> [follow mouse ok] : (0.598289, 0.80128)
[2026-09-28 01:29:48.847] [INF] [default] [TitleBar.cpp:160 in Update] -> [follow mouse ok] : (0.603638, 0.797258)
[2026-09-28 01:29:48.855] [INF] [default] [TitleBar.cpp:160 in Update] -> [follow mouse ok] : (0.5961, 0.80291)
[2026-09-28 01:29:48.858] [INF] [default] [TitleBar.cpp:160 in Update] -> [follow mouse ok] : (0.604105, 0.796905)
[2026-09-28 01:29:48.861] [INF] [default] [TitleBar.cpp:160 in Update] -> [follow mouse ok] : (0.593199, 0.805056)
[2026-09-28 01:29:48.868] [INF] [default] [TitleBar.cpp:160 in Update] -> [follow mouse ok] : (0.597481, 0.801883)
[2026-09-28 01:29:48.875] [INF] [default] [TitleBar.cpp:160 in Update] -> [follow mouse ok] : (0.608077, 0.793878)
[2026-09-28 01:29:48.876] [INF] [default] [TitleBar.cpp:160 in Update] -> [follow mouse ok] : (0.617822, 0.786318)
[2026-09-28 01:29:48.883] [INF] [default] [TitleBar.cpp:160 in Update] -> [follow mouse ok] : (0.593199, 0.805056)
[2026-09-28 01:29:48.889] [INF] [default] [TitleBar.cpp:160 in Update] -> [follow mouse ok] : (0.588172, 0.808736)
[2026-09-28 01:29:48.891] [INF] [default] [TitleBar.cpp:160 in Update] -> [follow mouse ok] : (0.604386, 0.796691)
[2026-09-28 01:29:48.896] [INF] [default] [TitleBar.cpp:160 in Update] -> [follow mouse ok] : (0.620703, 0.784046)
[2026-09-28 01:29:48.903] [INF] [default] [TitleBar.cpp:160 in Update] -> [follow mouse ok] : (0.593199, 0.805056)
[2026-09-28 01:29:48.908] [INF] [default] [TitleBar.cpp:160 in Update] -> [follow mouse ok] : (0.624695, 0.780869)
[2026-09-28 01:29:48.917] [INF] [default] [TitleBar.cpp:160 in Update] -> [follow mouse ok] : (0.536875, 0.843661)
[2026-09-28 01:29:48.924] [INF] [default] [TitleBar.cpp:160 in Update] -> [follow mouse ok] : (0.5547, 0.83205)
[2026-09-28 01:29:48.931] [INF] [default] [TitleBar.cpp:160 in Update] -> [follow mouse ok] : (1, 0)
