[2026-09-28 01:36:47.516] [INF] [default] [c3-exo10_main.cpp:40 in nkmain] -> [window] : (312, 160)
[2026-09-28 01:36:47.516] [INF] [default] [button.h:33 in Button] -> [button] size : NkRectT[pos(1130, 10); size(40, 30)]
[2026-09-28 01:36:47.516] [INF] [default] [button.h:33 in Button] -> [button] size : NkRectT[pos(1060, 10); size(40, 30)]
[2026-09-28 01:36:47.516] [INF] [default] [button.h:33 in Button] -> [button] size : NkRectT[pos(1020, 10); size(40, 30)]
[2026-09-28 01:36:47.518] [INF] [default] [c3-exo10_main.cpp:43 in nkmain] -> [button] : RECT : (1130, 10) (1170, 40)
[2026-09-28 01:36:49.700] [INF] [default] [TitleBar.cpp:145 in Update] -> [follow mouse ok] : (291, 291)
[2026-09-28 01:36:49.988] [INF] [default] [TitleBar.cpp:165 in Update] -> [follow mouse ok] : (2.2929, 0.180605)
[2026-09-28 01:36:49.995] [INF] [default] [TitleBar.cpp:165 in Update] -> [follow mouse ok] : (-1.62635, -1.62635)
[2026-09-28 01:36:50.000] [INF] [default] [TitleBar.cpp:165 in Update] -> [follow mouse ok] : (-1.62635, -1.62635)
[2026-09-28 01:36:50.002] [INF] [default] [TitleBar.cpp:165 in Update] -> [follow mouse ok] : (-1.62635, -1.62635)
[2026-09-28 01:36:50.008] [INF] [default] [TitleBar.cpp:165 in Update] -> [follow mouse ok] : (-1.62635, -1.62635)
[2026-09-28 01:36:50.017] [INF] [default] [TitleBar.cpp:165 in Update] -> [follow mouse ok] : (-1.62635, -1.62635)
[2026-09-28 01:36:50.023] [INF] [default] [TitleBar.cpp:165 in Update] -> [follow mouse ok] : (-1.62635, -1.62635)
[2026-09-28 01:36:50.030] [INF] [default] [TitleBar.cpp:165 in Update] -> [follow mouse ok] : (-1.62635, -1.62635)
[2026-09-28 01:36:50.037] [INF] [default] [TitleBar.cpp:165 in Update] -> [follow mouse ok] : (-1.62635, -1.62635)
[2026-09-28 01:36:50.052] [INF] [default] [TitleBar.cpp:165 in Update] -> [follow mouse ok] : (-1.62635, -1.62635)
[2026-09-28 01:36:50.058] [INF] [default] [TitleBar.cpp:165 in Update] -> [follow mouse ok] : (-1.62635, -1.62635)
[2026-09-28 01:36:50.064] [INF] [default] [TitleBar.cpp:165 in Update] -> [follow mouse ok] : (-1.62635, -1.62635)
[2026-09-28 01:36:50.072] [INF] [default] [TitleBar.cpp:165 in Update] -> [follow mouse ok] : (-1.62635, -1.62635)
[2026-09-28 01:36:50.079] [INF] [default] [TitleBar.cpp:165 in Update] -> [follow mouse ok] : (-1.62635, -1.62635)
[2026-09-28 01:36:50.086] [INF] [default] [TitleBar.cpp:165 in Update] -> [follow mouse ok] : (-1.62635, -1.62635)
[2026-09-28 01:36:50.092] [INF] [default] [TitleBar.cpp:165 in Update] -> [follow mouse ok] : (-1.62635, -1.62635)
[2026-09-28 01:36:50.100] [INF] [default] [TitleBar.cpp:165 in Update] -> [follow mouse ok] : (-1.62635, -1.62635)
[2026-09-28 01:36:50.107] [INF] [default] [TitleBar.cpp:165 in Update] -> [follow mouse ok] : (-1.62635, -1.62635)
[2026-09-28 01:36:50.113] [INF] [default] [TitleBar.cpp:165 in Update] -> [follow mouse ok] : (-1.62635, -1.62635)
[2026-09-28 01:36:50.121] [INF] [default] [TitleBar.cpp:165 in Update] -> [follow mouse ok] : (-1.62635, -1.62635)
[2026-09-28 01:36:50.135] [INF] [default] [TitleBar.cpp:165 in Update] -> [follow mouse ok] : (-1.62635, -1.62635)
[2026-09-28 01:36:50.142] [INF] [default] [TitleBar.cpp:165 in Update] -> [follow mouse ok] : (-1.62635, -1.62635)
[2026-09-28 01:36:50.148] [INF] [default] [TitleBar.cpp:165 in Update] -> [follow mouse ok] : (-1.62635, -1.62635)
[2026-09-28 01:36:50.169] [INF] [default] [TitleBar.cpp:165 in Update] -> [follow mouse ok] : (-1.62635, -1.62635)
[2026-09-28 01:36:50.183] [INF] [default] [TitleBar.cpp:165 in Update] -> [follow mouse ok] : (-1.62635, -1.62635)
[2026-09-28 01:36:50.219] [INF] [default] [TitleBar.cpp:165 in Update] -> [follow mouse ok] : (-1.62635, -1.62635)
[2026-09-28 01:36:50.253] [INF] [default] [TitleBar.cpp:165 in Update] -> [follow mouse ok] : (-1.62635, -1.62635)
