[2026-09-28 01:50:22.857] [INF] [default] [c3-exo10_main.cpp:40 in nkmain] -> [window] : (312, 160)
[2026-09-28 01:50:22.858] [INF] [default] [button.h:33 in Button] -> [button] size : NkRectT[pos(1130, 10); size(40, 30)]
[2026-09-28 01:50:22.858] [INF] [default] [button.h:33 in Button] -> [button] size : NkRectT[pos(1060, 10); size(40, 30)]
[2026-09-28 01:50:22.858] [INF] [default] [button.h:33 in Button] -> [button] size : NkRectT[pos(1020, 10); size(40, 30)]
[2026-09-28 01:50:22.859] [INF] [default] [c3-exo10_main.cpp:43 in nkmain] -> [button] : RECT : (1130, 10) (1170, 40)
[2026-09-28 01:50:24.741] [INF] [default] [TitleBar.cpp:145 in Update] -> [follow mouse ok] : (504, 504)
[2026-09-28 01:50:25.040] [INF] [default] [TitleBar.cpp:164 in Update] -> 
[2026-09-28 01:50:25.048] [INF] [default] [TitleBar.cpp:164 in Update] -> 
[2026-09-28 01:50:25.069] [INF] [default] [TitleBar.cpp:164 in Update] -> 
[2026-09-28 01:50:25.082] [INF] [default] [TitleBar.cpp:164 in Update] -> 
[2026-09-28 01:50:25.102] [INF] [default] [TitleBar.cpp:164 in Update] -> 
[2026-09-28 01:50:25.109] [INF] [default] [TitleBar.cpp:164 in Update] -> 
[2026-09-28 01:50:25.116] [INF] [default] [TitleBar.cpp:164 in Update] -> 
[2026-09-28 01:50:25.123] [INF] [default] [TitleBar.cpp:164 in Update] -> 
[2026-09-28 01:50:25.132] [INF] [default] [TitleBar.cpp:164 in Update] -> 
[2026-09-28 01:50:25.144] [INF] [default] [TitleBar.cpp:164 in Update] -> 
[2026-09-28 01:50:25.148] [INF] [default] [TitleBar.cpp:164 in Update] -> 
[2026-09-28 01:50:25.166] [INF] [default] [TitleBar.cpp:164 in Update] -> 
[2026-09-28 01:50:25.182] [INF] [default] [TitleBar.cpp:164 in Update] -> 
[2026-09-28 01:50:25.186] [INF] [default] [TitleBar.cpp:164 in Update] -> 
[2026-09-28 01:50:25.199] [INF] [default] [TitleBar.cpp:164 in Update] -> 
[2026-09-28 01:50:25.214] [INF] [default] [TitleBar.cpp:164 in Update] -> 
[2026-09-28 01:50:25.215] [INF] [default] [TitleBar.cpp:164 in Update] -> 
[2026-09-28 01:50:25.228] [INF] [default] [TitleBar.cpp:164 in Update] -> 
[2026-09-28 01:50:25.232] [INF] [default] [TitleBar.cpp:164 in Update] -> 
[2026-09-28 01:50:25.249] [INF] [default] [TitleBar.cpp:164 in Update] -> 
[2026-09-28 01:50:25.255] [INF] [default] [TitleBar.cpp:164 in Update] -> 
[2026-09-28 01:50:25.266] [INF] [default] [TitleBar.cpp:164 in Update] -> 
[2026-09-28 01:50:25.283] [INF] [default] [TitleBar.cpp:164 in Update] -> 
[2026-09-28 01:50:25.297] [INF] [default] [TitleBar.cpp:164 in Update] -> 
[2026-09-28 01:50:25.299] [INF] [default] [TitleBar.cpp:164 in Update] -> 
[2026-09-28 01:50:25.304] [INF] [default] [TitleBar.cpp:164 in Update] -> 
[2026-09-28 01:50:25.316] [INF] [default] [TitleBar.cpp:164 in Update] -> 
[2026-09-28 01:50:25.374] [INF] [default] [TitleBar.cpp:164 in Update] -> 
[2026-09-28 01:50:25.382] [INF] [default] [TitleBar.cpp:164 in Update] -> 
[2026-09-28 01:50:25.464] [INF] [default] [TitleBar.cpp:164 in Update] -> 
[2026-09-28 01:50:25.465] [INF] [default] [TitleBar.cpp:164 in Update] -> 
[2026-09-28 01:50:27.105] [INF] [default] [TitleBar.cpp:164 in Update] -> 
[2026-09-28 01:50:27.111] [INF] [default] [TitleBar.cpp:164 in Update] -> 
[2026-09-28 01:50:27.116] [INF] [default] [TitleBar.cpp:164 in Update] -> 
[2026-09-28 01:50:27.118] [INF] [default] [TitleBar.cpp:164 in Update] -> 
[2026-09-28 01:50:27.124] [INF] [default] [TitleBar.cpp:164 in Update] -> 
[2026-09-28 01:50:27.132] [INF] [default] [TitleBar.cpp:164 in Update] -> 
[2026-09-28 01:50:27.133] [INF] [default] [TitleBar.cpp:164 in Update] -> 
[2026-09-28 01:50:27.139] [INF] [default] [TitleBar.cpp:164 in Update] -> 
[2026-09-28 01:50:27.146] [INF] [default] [TitleBar.cpp:164 in Update] -> 
[2026-09-28 01:50:27.149] [INF] [default] [TitleBar.cpp:164 in Update] -> 
[2026-09-28 01:50:27.153] [INF] [default] [TitleBar.cpp:164 in Update] -> 
[2026-09-28 01:50:27.160] [INF] [default] [TitleBar.cpp:164 in Update] -> 
[2026-09-28 01:50:27.165] [INF] [default] [TitleBar.cpp:164 in Update] -> 
[2026-09-28 01:50:27.168] [INF] [default] [TitleBar.cpp:164 in Update] -> 
[2026-09-28 01:50:27.174] [INF] [default] [TitleBar.cpp:164 in Update] -> 
[2026-09-28 01:50:27.181] [INF] [default] [TitleBar.cpp:164 in Update] -> 
[2026-09-28 01:50:27.182] [INF] [default] [TitleBar.cpp:164 in Update] -> 
[2026-09-28 01:50:28.510] [INF] [default] [TitleBar.cpp:164 in Update] -> 
[2026-09-28 01:50:28.516] [INF] [default] [TitleBar.cpp:164 in Update] -> 
[2026-09-28 01:50:28.522] [INF] [default] [TitleBar.cpp:164 in Update] -> 
[2026-09-28 01:50:28.530] [INF] [default] [TitleBar.cpp:164 in Update] -> 
[2026-09-28 01:50:28.532] [INF] [default] [TitleBar.cpp:164 in Update] -> 
[2026-09-28 01:50:29.606] [INF] [default] [TitleBar.cpp:164 in Update] -> 
[2026-09-28 01:50:29.612] [INF] [default] [TitleBar.cpp:164 in Update] -> 
[2026-09-28 01:50:29.615] [INF] [default] [TitleBar.cpp:164 in Update] -> 
[2026-09-28 01:50:29.620] [INF] [default] [TitleBar.cpp:164 in Update] -> 
[2026-09-28 01:50:29.626] [INF] [default] [TitleBar.cpp:164 in Update] -> 
[2026-09-28 01:50:29.632] [INF] [default] [TitleBar.cpp:164 in Update] -> 
[2026-09-28 01:50:29.633] [INF] [default] [TitleBar.cpp:164 in Update] -> 
[2026-09-28 01:50:29.640] [INF] [default] [TitleBar.cpp:164 in Update] -> 
[2026-09-28 01:50:29.647] [INF] [default] [TitleBar.cpp:164 in Update] -> 
[2026-09-28 01:50:29.649] [INF] [default] [TitleBar.cpp:164 in Update] -> 
[2026-09-28 01:50:29.654] [INF] [default] [TitleBar.cpp:164 in Update] -> 
[2026-09-28 01:50:29.661] [INF] [default] [TitleBar.cpp:164 in Update] -> 
[2026-09-28 01:50:29.666] [INF] [default] [TitleBar.cpp:164 in Update] -> 
[2026-09-28 01:50:29.668] [INF] [default] [TitleBar.cpp:164 in Update] -> 
[2026-09-28 01:50:29.683] [INF] [default] [TitleBar.cpp:164 in Update] -> 
[2026-09-28 01:50:29.689] [INF] [default] [TitleBar.cpp:164 in Update] -> 
[2026-09-28 01:50:29.695] [INF] [default] [TitleBar.cpp:164 in Update] -> 
[2026-09-28 01:50:29.699] [INF] [default] [TitleBar.cpp:164 in Update] -> 
[2026-09-28 01:50:29.703] [INF] [default] [TitleBar.cpp:164 in Update] -> 
[2026-09-28 01:50:29.715] [INF] [default] [TitleBar.cpp:164 in Update] -> 
[2026-09-28 01:50:29.718] [INF] [default] [TitleBar.cpp:164 in Update] -> 
[2026-09-28 01:50:31.166] [INF] [default] [TitleBar.cpp:164 in Update] -> 
[2026-09-28 01:50:31.875] [INF] [default] [TitleBar.cpp:164 in Update] -> 
[2026-09-28 01:50:31.887] [INF] [default] [TitleBar.cpp:164 in Update] -> 
[2026-09-28 01:50:31.890] [INF] [default] [TitleBar.cpp:164 in Update] -> 
[2026-09-28 01:50:31.904] [INF] [default] [TitleBar.cpp:164 in Update] -> 
[2026-09-28 01:50:31.905] [INF] [default] [TitleBar.cpp:164 in Update] -> 
[2026-09-28 01:50:31.910] [INF] [default] [TitleBar.cpp:164 in Update] -> 
[2026-09-28 01:50:31.921] [INF] [default] [TitleBar.cpp:164 in Update] -> 
[2026-09-28 01:50:31.924] [INF] [default] [TitleBar.cpp:164 in Update] -> 
[2026-09-28 01:50:31.937] [INF] [default] [TitleBar.cpp:164 in Update] -> 
[2026-09-28 01:50:31.939] [INF] [default] [TitleBar.cpp:164 in Update] -> 
[2026-09-28 01:50:31.953] [INF] [default] [TitleBar.cpp:164 in Update] -> 
[2026-09-28 01:50:31.959] [INF] [default] [TitleBar.cpp:164 in Update] -> 
[2026-09-28 01:50:31.970] [INF] [default] [TitleBar.cpp:164 in Update] -> 
[2026-09-28 01:50:31.987] [INF] [default] [TitleBar.cpp:164 in Update] -> 
[2026-09-28 01:50:32.004] [INF] [default] [TitleBar.cpp:164 in Update] -> 
[2026-09-28 01:50:32.014] [INF] [default] [TitleBar.cpp:164 in Update] -> 
[2026-09-28 01:50:32.021] [INF] [default] [TitleBar.cpp:164 in Update] -> 
[2026-09-28 01:50:32.056] [INF] [default] [TitleBar.cpp:164 in Update] -> 
[2026-09-28 01:50:32.071] [INF] [default] [TitleBar.cpp:164 in Update] -> 
[2026-09-28 01:50:32.077] [INF] [default] [TitleBar.cpp:164 in Update] -> 
[2026-09-28 01:50:32.087] [INF] [default] [TitleBar.cpp:164 in Update] -> 
[2026-09-28 01:50:32.091] [INF] [default] [TitleBar.cpp:164 in Update] -> 
[2026-09-28 01:50:32.104] [INF] [default] [TitleBar.cpp:164 in Update] -> 
[2026-09-28 01:50:32.147] [INF] [default] [TitleBar.cpp:164 in Update] -> 
[2026-09-28 01:50:32.154] [INF] [default] [TitleBar.cpp:164 in Update] -> 
[2026-09-28 01:50:32.161] [INF] [default] [TitleBar.cpp:164 in Update] -> 
[2026-09-28 01:50:32.170] [INF] [default] [TitleBar.cpp:164 in Update] -> 
[2026-09-28 01:50:32.258] [INF] [default] [TitleBar.cpp:164 in Update] -> 
[2026-09-28 01:50:32.271] [INF] [default] [TitleBar.cpp:164 in Update] -> 
[2026-09-28 01:50:32.279] [INF] [default] [TitleBar.cpp:164 in Update] -> 
[2026-09-28 01:50:32.285] [INF] [default] [TitleBar.cpp:164 in Update] -> 
[2026-09-28 01:50:32.287] [INF] [default] [TitleBar.cpp:164 in Update] -> 
[2026-09-28 01:50:32.294] [INF] [default] [TitleBar.cpp:164 in Update] -> 
[2026-09-28 01:50:32.300] [INF] [default] [TitleBar.cpp:164 in Update] -> 
[2026-09-28 01:50:32.304] [INF] [default] [TitleBar.cpp:164 in Update] -> 
[2026-09-28 01:50:32.321] [INF] [default] [TitleBar.cpp:164 in Update] -> 
[2026-09-28 01:50:32.335] [INF] [default] [TitleBar.cpp:164 in Update] -> 
[2026-09-28 01:50:32.337] [INF] [default] [TitleBar.cpp:164 in Update] -> 
[2026-09-28 01:50:32.356] [INF] [default] [TitleBar.cpp:164 in Update] -> 
[2026-09-28 01:50:32.362] [INF] [default] [TitleBar.cpp:164 in Update] -> 
[2026-09-28 01:50:32.370] [INF] [default] [TitleBar.cpp:164 in Update] -> 
[2026-09-28 01:50:32.377] [INF] [default] [TitleBar.cpp:164 in Update] -> 
[2026-09-28 01:50:32.387] [INF] [default] [TitleBar.cpp:164 in Update] -> 
[2026-09-28 01:50:32.398] [INF] [default] [TitleBar.cpp:164 in Update] -> 
[2026-09-28 01:50:32.404] [INF] [default] [TitleBar.cpp:164 in Update] -> 
[2026-09-28 01:50:32.411] [INF] [default] [TitleBar.cpp:164 in Update] -> 
[2026-09-28 01:50:32.421] [INF] [default] [TitleBar.cpp:164 in Update] -> 
[2026-09-28 01:50:32.426] [INF] [default] [TitleBar.cpp:164 in Update] -> 
[2026-09-28 01:50:32.432] [INF] [default] [TitleBar.cpp:164 in Update] -> 
[2026-09-28 01:50:32.437] [INF] [default] [TitleBar.cpp:164 in Update] -> 
[2026-09-28 01:50:32.439] [INF] [default] [TitleBar.cpp:164 in Update] -> 
[2026-09-28 01:50:32.454] [INF] [default] [TitleBar.cpp:164 in Update] -> 
[2026-09-28 01:50:32.482] [INF] [default] [TitleBar.cpp:164 in Update] -> 
[2026-09-28 01:50:32.487] [INF] [default] [TitleBar.cpp:164 in Update] -> 
[2026-09-28 01:50:32.523] [INF] [default] [TitleBar.cpp:164 in Update] -> 
[2026-09-28 01:50:32.537] [INF] [default] [TitleBar.cpp:164 in Update] -> 
[2026-09-28 01:50:32.538] [INF] [default] [TitleBar.cpp:164 in Update] -> 
[2026-09-28 01:50:32.554] [INF] [default] [TitleBar.cpp:164 in Update] -> 
[2026-09-28 01:50:32.565] [INF] [default] [TitleBar.cpp:164 in Update] -> 
[2026-09-28 01:50:32.571] [INF] [default] [TitleBar.cpp:164 in Update] -> 
[2026-09-28 01:50:32.572] [INF] [default] [TitleBar.cpp:164 in Update] -> 
[2026-09-28 01:50:33.096] [INF] [default] [TitleBar.cpp:164 in Update] -> 
[2026-09-28 01:50:33.100] [INF] [default] [TitleBar.cpp:164 in Update] -> 
[2026-09-28 01:50:33.104] [INF] [default] [TitleBar.cpp:164 in Update] -> 
[2026-09-28 01:50:33.115] [INF] [default] [TitleBar.cpp:164 in Update] -> 
[2026-09-28 01:50:33.121] [INF] [default] [TitleBar.cpp:164 in Update] -> 
[2026-09-28 01:50:33.123] [INF] [default] [TitleBar.cpp:164 in Update] -> 
[2026-09-28 01:50:33.135] [INF] [default] [TitleBar.cpp:164 in Update] -> 
[2026-09-28 01:50:33.137] [INF] [default] [TitleBar.cpp:164 in Update] -> 
[2026-09-28 01:50:33.150] [INF] [default] [TitleBar.cpp:164 in Update] -> 
[2026-09-28 01:50:33.154] [INF] [default] [TitleBar.cpp:164 in Update] -> 
[2026-09-28 01:50:33.157] [INF] [default] [TitleBar.cpp:164 in Update] -> 
[2026-09-28 01:50:33.163] [INF] [default] [TitleBar.cpp:164 in Update] -> 
[2026-09-28 01:50:33.171] [INF] [default] [TitleBar.cpp:164 in Update] -> 
[2026-09-28 01:50:33.177] [INF] [default] [TitleBar.cpp:164 in Update] -> 
[2026-09-28 01:50:33.184] [INF] [default] [TitleBar.cpp:164 in Update] -> 
[2026-09-28 01:50:33.187] [INF] [default] [TitleBar.cpp:164 in Update] -> 
[2026-09-28 01:50:33.205] [INF] [default] [TitleBar.cpp:164 in Update] -> 
[2026-09-28 01:50:33.212] [INF] [default] [TitleBar.cpp:164 in Update] -> 
[2026-09-28 01:50:33.221] [INF] [default] [TitleBar.cpp:164 in Update] -> 
[2026-09-28 01:50:33.233] [INF] [default] [TitleBar.cpp:164 in Update] -> 
[2026-09-28 01:50:33.238] [INF] [default] [TitleBar.cpp:164 in Update] -> 
[2026-09-28 01:50:33.261] [INF] [default] [TitleBar.cpp:164 in Update] -> 
[2026-09-28 01:50:33.271] [INF] [default] [TitleBar.cpp:164 in Update] -> 
[2026-09-28 01:50:33.282] [INF] [default] [TitleBar.cpp:164 in Update] -> 
[2026-09-28 01:50:33.287] [INF] [default] [TitleBar.cpp:164 in Update] -> 
[2026-09-28 01:50:33.380] [INF] [default] [TitleBar.cpp:164 in Update] -> 
[2026-09-28 01:50:33.387] [INF] [default] [TitleBar.cpp:164 in Update] -> 
[2026-09-28 01:50:33.456] [INF] [default] [TitleBar.cpp:164 in Update] -> 
[2026-09-28 01:50:33.471] [INF] [default] [TitleBar.cpp:164 in Update] -> 
[2026-09-28 01:50:33.575] [INF] [default] [TitleBar.cpp:164 in Update] -> 
[2026-09-28 01:50:33.581] [INF] [default] [TitleBar.cpp:164 in Update] -> 
[2026-09-28 01:50:33.587] [INF] [default] [TitleBar.cpp:164 in Update] -> 
[2026-09-28 01:50:33.589] [INF] [default] [TitleBar.cpp:164 in Update] -> 
[2026-09-28 01:50:33.603] [INF] [default] [TitleBar.cpp:164 in Update] -> 
[2026-09-28 01:50:33.604] [INF] [default] [TitleBar.cpp:164 in Update] -> 
[2026-09-28 01:50:33.616] [INF] [default] [TitleBar.cpp:164 in Update] -> 
[2026-09-28 01:50:33.620] [INF] [default] [TitleBar.cpp:164 in Update] -> 
[2026-09-28 01:50:33.624] [INF] [default] [TitleBar.cpp:164 in Update] -> 
[2026-09-28 01:50:33.637] [INF] [default] [TitleBar.cpp:164 in Update] -> 
[2026-09-28 01:50:33.644] [INF] [default] [TitleBar.cpp:164 in Update] -> 
[2026-09-28 01:50:33.650] [INF] [default] [TitleBar.cpp:164 in Update] -> 
[2026-09-28 01:50:33.653] [INF] [default] [TitleBar.cpp:164 in Update] -> 
[2026-09-28 01:50:33.658] [INF] [default] [TitleBar.cpp:164 in Update] -> 
[2026-09-28 01:50:33.666] [INF] [default] [TitleBar.cpp:164 in Update] -> 
[2026-09-28 01:50:33.671] [INF] [default] [TitleBar.cpp:164 in Update] -> 
[2026-09-28 01:50:33.673] [INF] [default] [TitleBar.cpp:164 in Update] -> 
[2026-09-28 01:50:33.686] [INF] [default] [TitleBar.cpp:164 in Update] -> 
[2026-09-28 01:50:33.687] [INF] [default] [TitleBar.cpp:164 in Update] -> 
[2026-09-28 01:50:33.693] [INF] [default] [TitleBar.cpp:164 in Update] -> 
[2026-09-28 01:50:33.704] [INF] [default] [TitleBar.cpp:164 in Update] -> 
[2026-09-28 01:50:33.706] [INF] [default] [TitleBar.cpp:164 in Update] -> 
[2026-09-28 01:50:33.721] [INF] [default] [TitleBar.cpp:164 in Update] -> 
[2026-09-28 01:50:33.737] [INF] [default] [TitleBar.cpp:164 in Update] -> 
[2026-09-28 01:50:33.742] [INF] [default] [TitleBar.cpp:164 in Update] -> 
[2026-09-28 01:50:33.754] [INF] [default] [TitleBar.cpp:164 in Update] -> 
[2026-09-28 01:50:33.756] [INF] [default] [TitleBar.cpp:164 in Update] -> 
[2026-09-28 01:50:33.771] [INF] [default] [TitleBar.cpp:164 in Update] -> 
[2026-09-28 01:50:33.784] [INF] [default] [TitleBar.cpp:164 in Update] -> 
[2026-09-28 01:50:33.787] [INF] [default] [TitleBar.cpp:164 in Update] -> 
[2026-09-28 01:50:33.790] [INF] [default] [TitleBar.cpp:164 in Update] -> 
[2026-09-28 01:50:33.804] [INF] [default] [TitleBar.cpp:164 in Update] -> 
[2026-09-28 01:50:33.818] [INF] [default] [TitleBar.cpp:164 in Update] -> 
[2026-09-28 01:50:33.821] [INF] [default] [TitleBar.cpp:164 in Update] -> 
[2026-09-28 01:50:33.825] [INF] [default] [TitleBar.cpp:164 in Update] -> 
[2026-09-28 01:50:33.837] [INF] [default] [TitleBar.cpp:164 in Update] -> 
[2026-09-28 01:50:33.846] [INF] [default] [TitleBar.cpp:164 in Update] -> 
[2026-09-28 01:50:33.854] [INF] [default] [TitleBar.cpp:164 in Update] -> 
[2026-09-28 01:50:33.860] [INF] [default] [TitleBar.cpp:164 in Update] -> 
[2026-09-28 01:50:33.868] [INF] [default] [TitleBar.cpp:164 in Update] -> 
[2026-09-28 01:50:33.871] [INF] [default] [TitleBar.cpp:164 in Update] -> 
[2026-09-28 01:50:33.881] [INF] [default] [TitleBar.cpp:164 in Update] -> 
[2026-09-28 01:50:33.888] [INF] [default] [TitleBar.cpp:164 in Update] -> 
[2026-09-28 01:50:33.889] [INF] [default] [TitleBar.cpp:164 in Update] -> 
[2026-09-28 01:50:33.895] [INF] [default] [TitleBar.cpp:164 in Update] -> 
[2026-09-28 01:50:33.904] [INF] [default] [TitleBar.cpp:164 in Update] -> 
[2026-09-28 01:50:33.909] [INF] [default] [TitleBar.cpp:164 in Update] -> 
[2026-09-28 01:50:33.915] [INF] [default] [TitleBar.cpp:164 in Update] -> 
[2026-09-28 01:50:33.921] [INF] [default] [TitleBar.cpp:164 in Update] -> 
[2026-09-28 01:50:33.929] [INF] [default] [TitleBar.cpp:164 in Update] -> 
[2026-09-28 01:50:33.938] [INF] [default] [TitleBar.cpp:164 in Update] -> 
[2026-09-28 01:50:33.964] [INF] [default] [TitleBar.cpp:164 in Update] -> 
[2026-09-28 01:50:33.970] [INF] [default] [TitleBar.cpp:164 in Update] -> 
[2026-09-28 01:50:33.972] [INF] [default] [TitleBar.cpp:164 in Update] -> 
[2026-09-28 01:50:33.987] [INF] [default] [TitleBar.cpp:164 in Update] -> 
[2026-09-28 01:50:33.992] [INF] [default] [TitleBar.cpp:164 in Update] -> 
[2026-09-28 01:50:34.004] [INF] [default] [TitleBar.cpp:164 in Update] -> 
[2026-09-28 01:50:34.027] [INF] [default] [TitleBar.cpp:164 in Update] -> 
[2026-09-28 01:50:34.033] [INF] [default] [TitleBar.cpp:164 in Update] -> 
[2026-09-28 01:50:34.037] [INF] [default] [TitleBar.cpp:164 in Update] -> 
[2026-09-28 01:50:34.042] [INF] [default] [TitleBar.cpp:164 in Update] -> 
[2026-09-28 01:50:34.049] [INF] [default] [TitleBar.cpp:164 in Update] -> 
[2026-09-28 01:50:34.053] [INF] [default] [TitleBar.cpp:164 in Update] -> 
[2026-09-28 01:50:34.062] [INF] [default] [TitleBar.cpp:164 in Update] -> 
[2026-09-28 01:50:34.069] [INF] [default] [TitleBar.cpp:164 in Update] -> 
[2026-09-28 01:50:34.071] [INF] [default] [TitleBar.cpp:164 in Update] -> 
[2026-09-28 01:50:34.083] [INF] [default] [TitleBar.cpp:164 in Update] -> 
[2026-09-28 01:50:34.087] [INF] [default] [TitleBar.cpp:164 in Update] -> 
[2026-09-28 01:50:34.096] [INF] [default] [TitleBar.cpp:164 in Update] -> 
[2026-09-28 01:50:34.104] [INF] [default] [TitleBar.cpp:164 in Update] -> 
[2026-09-28 01:50:34.111] [INF] [default] [TitleBar.cpp:164 in Update] -> 
[2026-09-28 01:50:34.118] [INF] [default] [TitleBar.cpp:164 in Update] -> 
[2026-09-28 01:50:34.121] [INF] [default] [TitleBar.cpp:164 in Update] -> 
[2026-09-28 01:50:34.167] [INF] [default] [TitleBar.cpp:164 in Update] -> 
[2026-09-28 01:50:34.170] [INF] [default] [TitleBar.cpp:164 in Update] -> 
[2026-09-28 01:50:34.173] [INF] [default] [TitleBar.cpp:164 in Update] -> 
[2026-09-28 01:50:34.187] [INF] [default] [TitleBar.cpp:164 in Update] -> 
[2026-09-28 01:50:34.271] [INF] [default] [TitleBar.cpp:164 in Update] -> 
[2026-09-28 01:50:34.277] [INF] [default] [TitleBar.cpp:164 in Update] -> 
[2026-09-28 01:50:34.285] [INF] [default] [TitleBar.cpp:164 in Update] -> 
[2026-09-28 01:50:34.287] [INF] [default] [TitleBar.cpp:164 in Update] -> 
[2026-09-28 01:50:34.292] [INF] [default] [TitleBar.cpp:164 in Update] -> 
[2026-09-28 01:50:34.304] [INF] [default] [TitleBar.cpp:164 in Update] -> 
[2026-09-28 01:50:34.306] [INF] [default] [TitleBar.cpp:164 in Update] -> 
[2026-09-28 01:50:34.320] [INF] [default] [TitleBar.cpp:164 in Update] -> 
[2026-09-28 01:50:34.322] [INF] [default] [TitleBar.cpp:164 in Update] -> 
[2026-09-28 01:50:34.327] [INF] [default] [TitleBar.cpp:164 in Update] -> 
[2026-09-28 01:50:34.337] [INF] [default] [TitleBar.cpp:164 in Update] -> 
[2026-09-28 01:50:34.347] [INF] [default] [TitleBar.cpp:164 in Update] -> 
[2026-09-28 01:50:34.355] [INF] [default] [TitleBar.cpp:164 in Update] -> 
[2026-09-28 01:50:34.362] [INF] [default] [TitleBar.cpp:164 in Update] -> 
[2026-09-28 01:50:34.370] [INF] [default] [TitleBar.cpp:164 in Update] -> 
[2026-09-28 01:50:34.389] [INF] [default] [TitleBar.cpp:164 in Update] -> 
[2026-09-28 01:50:34.404] [INF] [default] [TitleBar.cpp:164 in Update] -> 
[2026-09-28 01:50:34.410] [INF] [default] [TitleBar.cpp:164 in Update] -> 
[2026-09-28 01:50:34.421] [INF] [default] [TitleBar.cpp:164 in Update] -> 
[2026-09-28 01:50:34.424] [INF] [default] [TitleBar.cpp:164 in Update] -> 
[2026-09-28 01:50:34.437] [INF] [default] [TitleBar.cpp:164 in Update] -> 
[2026-09-28 01:50:34.493] [INF] [default] [TitleBar.cpp:164 in Update] -> 
[2026-09-28 01:50:34.504] [INF] [default] [TitleBar.cpp:164 in Update] -> 
[2026-09-28 01:50:34.514] [INF] [default] [TitleBar.cpp:164 in Update] -> 
[2026-09-28 01:50:34.521] [INF] [default] [TitleBar.cpp:164 in Update] -> 
[2026-09-28 01:50:34.529] [INF] [default] [TitleBar.cpp:164 in Update] -> 
[2026-09-28 01:50:34.537] [INF] [default] [TitleBar.cpp:164 in Update] -> 
[2026-09-28 01:50:34.577] [INF] [default] [TitleBar.cpp:164 in Update] -> 
[2026-09-28 01:50:34.587] [INF] [default] [TitleBar.cpp:164 in Update] -> 
[2026-09-28 01:50:34.592] [INF] [default] [TitleBar.cpp:164 in Update] -> 
[2026-09-28 01:50:34.598] [INF] [default] [TitleBar.cpp:164 in Update] -> 
[2026-09-28 01:50:34.604] [INF] [default] [TitleBar.cpp:164 in Update] -> 
[2026-09-28 01:50:34.667] [INF] [default] [TitleBar.cpp:164 in Update] -> 
[2026-09-28 01:50:34.670] [INF] [default] [TitleBar.cpp:164 in Update] -> 
[2026-09-28 01:50:34.682] [INF] [default] [TitleBar.cpp:164 in Update] -> 
[2026-09-28 01:50:34.687] [INF] [default] [TitleBar.cpp:164 in Update] -> 
[2026-09-28 01:50:34.689] [INF] [default] [TitleBar.cpp:164 in Update] -> 
[2026-09-28 01:50:34.704] [INF] [default] [TitleBar.cpp:164 in Update] -> 
[2026-09-28 01:50:34.758] [INF] [default] [TitleBar.cpp:164 in Update] -> 
[2026-09-28 01:50:34.771] [INF] [default] [TitleBar.cpp:164 in Update] -> 
[2026-09-28 01:50:34.772] [INF] [default] [TitleBar.cpp:164 in Update] -> 
[2026-09-28 01:50:34.787] [INF] [default] [TitleBar.cpp:164 in Update] -> 
[2026-09-28 01:50:34.807] [INF] [default] [TitleBar.cpp:164 in Update] -> 
[2026-09-28 01:50:34.814] [INF] [default] [TitleBar.cpp:164 in Update] -> 
[2026-09-28 01:50:34.821] [INF] [default] [TitleBar.cpp:164 in Update] -> 
[2026-09-28 01:50:34.835] [INF] [default] [TitleBar.cpp:164 in Update] -> 
[2026-09-28 01:50:34.837] [INF] [default] [TitleBar.cpp:164 in Update] -> 
[2026-09-28 01:50:34.905] [INF] [default] [TitleBar.cpp:164 in Update] -> 
[2026-09-28 01:50:34.919] [INF] [default] [TitleBar.cpp:164 in Update] -> 
[2026-09-28 01:50:34.920] [INF] [default] [TitleBar.cpp:164 in Update] -> 
[2026-09-28 01:50:34.933] [INF] [default] [TitleBar.cpp:164 in Update] -> 
[2026-09-28 01:50:34.937] [INF] [default] [TitleBar.cpp:164 in Update] -> 
[2026-09-28 01:50:34.940] [INF] [default] [TitleBar.cpp:164 in Update] -> 
[2026-09-28 01:50:34.946] [INF] [default] [TitleBar.cpp:164 in Update] -> 
[2026-09-28 01:50:34.953] [INF] [default] [TitleBar.cpp:164 in Update] -> 
[2026-09-28 01:50:34.967] [INF] [default] [TitleBar.cpp:164 in Update] -> 
[2026-09-28 01:50:34.971] [INF] [default] [TitleBar.cpp:164 in Update] -> 
[2026-09-28 01:50:34.974] [INF] [default] [TitleBar.cpp:164 in Update] -> 
[2026-09-28 01:50:34.981] [INF] [default] [TitleBar.cpp:164 in Update] -> 
[2026-09-28 01:50:34.988] [INF] [default] [TitleBar.cpp:164 in Update] -> 
[2026-09-28 01:50:34.990] [INF] [default] [TitleBar.cpp:164 in Update] -> 
[2026-09-28 01:50:34.996] [INF] [default] [TitleBar.cpp:164 in Update] -> 
[2026-09-28 01:50:35.003] [INF] [default] [TitleBar.cpp:164 in Update] -> 
[2026-09-28 01:50:35.009] [INF] [default] [TitleBar.cpp:164 in Update] -> 
[2026-09-28 01:50:35.016] [INF] [default] [TitleBar.cpp:164 in Update] -> 
[2026-09-28 01:50:35.021] [INF] [default] [TitleBar.cpp:164 in Update] -> 
[2026-09-28 01:50:35.044] [INF] [default] [TitleBar.cpp:164 in Update] -> 
[2026-09-28 01:50:35.050] [INF] [default] [TitleBar.cpp:164 in Update] -> 
[2026-09-28 01:50:35.054] [INF] [default] [TitleBar.cpp:164 in Update] -> 
[2026-09-28 01:50:35.065] [INF] [default] [TitleBar.cpp:164 in Update] -> 
[2026-09-28 01:50:35.071] [INF] [default] [TitleBar.cpp:164 in Update] -> 
[2026-09-28 01:50:35.086] [INF] [default] [TitleBar.cpp:164 in Update] -> 
[2026-09-28 01:50:35.087] [INF] [default] [TitleBar.cpp:164 in Update] -> 
