[2026-09-28 01:37:30.449] [INF] [default] [c3-exo10_main.cpp:40 in nkmain] -> [window] : (312, 160)
[2026-09-28 01:37:30.450] [INF] [default] [button.h:33 in Button] -> [button] size : NkRectT[pos(1130, 10); size(40, 30)]
[2026-09-28 01:37:30.450] [INF] [default] [button.h:33 in Button] -> [button] size : NkRectT[pos(1060, 10); size(40, 30)]
[2026-09-28 01:37:30.450] [INF] [default] [button.h:33 in Button] -> [button] size : NkRectT[pos(1020, 10); size(40, 30)]
[2026-09-28 01:37:30.451] [INF] [default] [c3-exo10_main.cpp:43 in nkmain] -> [button] : RECT : (1130, 10) (1170, 40)
[2026-09-28 01:37:31.755] [INF] [default] [TitleBar.cpp:145 in Update] -> [follow mouse ok] : (470, 470)
[2026-09-28 01:37:31.991] [INF] [default] [TitleBar.cpp:165 in Update] -> [follow mouse ok] : (2.29595, 0.136489)
[2026-09-28 01:37:31.997] [INF] [default] [TitleBar.cpp:165 in Update] -> [follow mouse ok] : (2.29573, 0.14016)
[2026-09-28 01:37:32.005] [INF] [default] [TitleBar.cpp:165 in Update] -> [follow mouse ok] : (2.296, 0.135629)
[2026-09-28 01:37:32.007] [INF] [default] [TitleBar.cpp:165 in Update] -> [follow mouse ok] : (2.29596, 0.136201)
[2026-09-28 01:37:32.011] [INF] [default] [TitleBar.cpp:165 in Update] -> [follow mouse ok] : (2.29623, 0.131631)
[2026-09-28 01:37:32.018] [INF] [default] [TitleBar.cpp:165 in Update] -> [follow mouse ok] : (2.29621, 0.13191)
[2026-09-28 01:37:32.022] [INF] [default] [TitleBar.cpp:165 in Update] -> [follow mouse ok] : (2.29618, 0.132472)
[2026-09-28 01:37:32.026] [INF] [default] [TitleBar.cpp:165 in Update] -> [follow mouse ok] : (2.29617, 0.132755)
[2026-09-28 01:37:32.032] [INF] [default] [TitleBar.cpp:165 in Update] -> [follow mouse ok] : (2.29615, 0.133039)
[2026-09-28 01:37:32.038] [INF] [default] [TitleBar.cpp:165 in Update] -> [follow mouse ok] : (2.29612, 0.13361)
[2026-09-28 01:37:32.047] [INF] [default] [TitleBar.cpp:165 in Update] -> [follow mouse ok] : (2.2961, 0.133898)
[2026-09-28 01:37:32.052] [INF] [default] [TitleBar.cpp:165 in Update] -> [follow mouse ok] : (2.29637, 0.129233)
[2026-09-28 01:37:32.055] [INF] [default] [TitleBar.cpp:165 in Update] -> [follow mouse ok] : (2.29633, 0.129793)
[2026-09-28 01:37:32.060] [INF] [default] [TitleBar.cpp:165 in Update] -> [follow mouse ok] : (2.29632, 0.130075)
[2026-09-28 01:37:32.072] [INF] [default] [TitleBar.cpp:165 in Update] -> [follow mouse ok] : (2.29629, 0.130642)
[2026-09-28 01:37:32.074] [INF] [default] [TitleBar.cpp:165 in Update] -> [follow mouse ok] : (2.29655, 0.125907)
[2026-09-28 01:37:32.081] [INF] [default] [TitleBar.cpp:165 in Update] -> [follow mouse ok] : (2.29654, 0.126183)
[2026-09-28 01:37:32.088] [INF] [default] [TitleBar.cpp:165 in Update] -> [follow mouse ok] : (2.29651, 0.126739)
[2026-09-28 01:37:32.095] [INF] [default] [TitleBar.cpp:165 in Update] -> [follow mouse ok] : (2.29678, 0.121684)
[2026-09-28 01:37:32.106] [INF] [default] [TitleBar.cpp:165 in Update] -> [follow mouse ok] : (2.29675, 0.122222)
[2026-09-28 01:37:32.110] [INF] [default] [TitleBar.cpp:165 in Update] -> [follow mouse ok] : (2.29674, 0.122493)
[2026-09-28 01:37:32.123] [INF] [default] [TitleBar.cpp:165 in Update] -> [follow mouse ok] : (2.29671, 0.123038)
[2026-09-28 01:37:32.125] [INF] [default] [TitleBar.cpp:165 in Update] -> [follow mouse ok] : (2.29669, 0.123312)
[2026-09-28 01:37:32.130] [INF] [default] [TitleBar.cpp:165 in Update] -> [follow mouse ok] : (2.29668, 0.123588)
[2026-09-28 01:37:32.138] [INF] [default] [TitleBar.cpp:165 in Update] -> [follow mouse ok] : (2.29665, 0.124143)
[2026-09-28 01:37:32.144] [INF] [default] [TitleBar.cpp:165 in Update] -> [follow mouse ok] : (2.29663, 0.124423)
[2026-09-28 01:37:32.155] [INF] [default] [TitleBar.cpp:165 in Update] -> [follow mouse ok] : (2.2966, 0.124985)
[2026-09-28 01:37:32.165] [INF] [default] [TitleBar.cpp:165 in Update] -> [follow mouse ok] : (2.29686, 0.120063)
[2026-09-28 01:37:32.172] [INF] [default] [TitleBar.cpp:165 in Update] -> [follow mouse ok] : (2.29684, 0.12061)
[2026-09-28 01:37:32.186] [INF] [default] [TitleBar.cpp:165 in Update] -> [follow mouse ok] : (2.29682, 0.120885)
[2026-09-28 01:37:32.189] [INF] [default] [TitleBar.cpp:165 in Update] -> [follow mouse ok] : (2.29679, 0.12144)
[2026-09-28 01:37:32.206] [INF] [default] [TitleBar.cpp:165 in Update] -> [follow mouse ok] : (2.29676, 0.121999)
[2026-09-28 01:37:32.220] [INF] [default] [TitleBar.cpp:165 in Update] -> [follow mouse ok] : (2.29675, 0.122281)
[2026-09-28 01:37:32.222] [INF] [default] [TitleBar.cpp:165 in Update] -> [follow mouse ok] : (2.29672, 0.122848)
[2026-09-28 01:37:32.227] [INF] [default] [TitleBar.cpp:165 in Update] -> [follow mouse ok] : (2.29697, 0.118068)
[2026-09-28 01:37:32.234] [INF] [default] [TitleBar.cpp:165 in Update] -> [follow mouse ok] : (2.29695, 0.118344)
[2026-09-28 01:37:32.238] [INF] [default] [TitleBar.cpp:165 in Update] -> [follow mouse ok] : (2.29692, 0.1189)
[2026-09-28 01:37:32.242] [INF] [default] [TitleBar.cpp:165 in Update] -> [follow mouse ok] : (2.29691, 0.119179)
[2026-09-28 01:37:32.255] [INF] [default] [TitleBar.cpp:165 in Update] -> [follow mouse ok] : (2.29716, 0.114314)
[2026-09-28 01:37:32.268] [INF] [default] [TitleBar.cpp:165 in Update] -> [follow mouse ok] : (2.29714, 0.114584)
[2026-09-28 01:37:32.272] [INF] [default] [TitleBar.cpp:165 in Update] -> [follow mouse ok] : (2.29712, 0.11513)
[2026-09-28 01:37:32.276] [INF] [default] [TitleBar.cpp:165 in Update] -> [follow mouse ok] : (2.2971, 0.115405)
[2026-09-28 01:37:32.288] [INF] [default] [TitleBar.cpp:165 in Update] -> [follow mouse ok] : (2.29707, 0.115958)
[2026-09-28 01:37:32.292] [INF] [default] [TitleBar.cpp:165 in Update] -> [follow mouse ok] : (2.29732, 0.110982)
[2026-09-28 01:37:32.297] [INF] [default] [TitleBar.cpp:165 in Update] -> [follow mouse ok] : (2.29731, 0.11125)
[2026-09-28 01:37:32.303] [INF] [default] [TitleBar.cpp:165 in Update] -> [follow mouse ok] : (2.29729, 0.111519)
[2026-09-28 01:37:32.305] [INF] [default] [TitleBar.cpp:165 in Update] -> [follow mouse ok] : (2.29727, 0.112062)
[2026-09-28 01:37:32.311] [INF] [default] [TitleBar.cpp:165 in Update] -> [follow mouse ok] : (2.29726, 0.112335)
[2026-09-28 01:37:32.322] [INF] [default] [TitleBar.cpp:165 in Update] -> [follow mouse ok] : (2.29723, 0.112886)
[2026-09-28 01:37:32.332] [INF] [default] [TitleBar.cpp:165 in Update] -> [follow mouse ok] : (2.2975, 0.107254)
[2026-09-28 01:37:32.338] [INF] [default] [TitleBar.cpp:165 in Update] -> [follow mouse ok] : (2.29747, 0.107783)
[2026-09-28 01:37:32.345] [INF] [default] [TitleBar.cpp:165 in Update] -> [follow mouse ok] : (2.29746, 0.108049)
[2026-09-28 01:37:32.355] [INF] [default] [TitleBar.cpp:165 in Update] -> [follow mouse ok] : (2.29744, 0.108585)
[2026-09-28 01:37:32.360] [INF] [default] [TitleBar.cpp:165 in Update] -> [follow mouse ok] : (2.29742, 0.108855)
[2026-09-28 01:37:32.366] [INF] [default] [TitleBar.cpp:165 in Update] -> [follow mouse ok] : (2.29767, 0.103395)
[2026-09-28 01:37:32.372] [INF] [default] [TitleBar.cpp:165 in Update] -> [follow mouse ok] : (2.29765, 0.103914)
[2026-09-28 01:37:32.380] [INF] [default] [TitleBar.cpp:165 in Update] -> [follow mouse ok] : (2.29765, 0.103914)
[2026-09-28 01:37:32.387] [INF] [default] [TitleBar.cpp:165 in Update] -> [follow mouse ok] : (2.29764, 0.104175)
[2026-09-28 01:37:32.390] [INF] [default] [TitleBar.cpp:165 in Update] -> [follow mouse ok] : (2.29762, 0.104701)
[2026-09-28 01:37:32.401] [INF] [default] [TitleBar.cpp:165 in Update] -> [follow mouse ok] : (2.2976, 0.104967)
[2026-09-28 01:37:32.405] [INF] [default] [TitleBar.cpp:165 in Update] -> [follow mouse ok] : (2.29758, 0.105501)
[2026-09-28 01:37:32.408] [INF] [default] [TitleBar.cpp:165 in Update] -> [follow mouse ok] : (2.29757, 0.10577)
[2026-09-28 01:37:32.415] [INF] [default] [TitleBar.cpp:165 in Update] -> [follow mouse ok] : (2.29755, 0.106041)
[2026-09-28 01:37:32.422] [INF] [default] [TitleBar.cpp:165 in Update] -> [follow mouse ok] : (2.29753, 0.106586)
[2026-09-28 01:37:32.424] [INF] [default] [TitleBar.cpp:165 in Update] -> [follow mouse ok] : (2.29778, 0.100936)
[2026-09-28 01:37:32.428] [INF] [default] [TitleBar.cpp:165 in Update] -> [follow mouse ok] : (2.29777, 0.101197)
[2026-09-28 01:37:32.436] [INF] [default] [TitleBar.cpp:165 in Update] -> [follow mouse ok] : (2.29776, 0.10146)
[2026-09-28 01:37:32.439] [INF] [default] [TitleBar.cpp:165 in Update] -> [follow mouse ok] : (2.29774, 0.101988)
[2026-09-28 01:37:32.443] [INF] [default] [TitleBar.cpp:165 in Update] -> [follow mouse ok] : (2.29773, 0.102255)
[2026-09-28 01:37:32.450] [INF] [default] [TitleBar.cpp:165 in Update] -> [follow mouse ok] : (2.29771, 0.102523)
[2026-09-28 01:37:32.455] [INF] [default] [TitleBar.cpp:165 in Update] -> [follow mouse ok] : (2.29769, 0.103063)
[2026-09-28 01:37:32.458] [INF] [default] [TitleBar.cpp:165 in Update] -> [follow mouse ok] : (2.29793, 0.0975249)
[2026-09-28 01:37:32.463] [INF] [default] [TitleBar.cpp:165 in Update] -> [follow mouse ok] : (2.29792, 0.0977838)
[2026-09-28 01:37:32.472] [INF] [default] [TitleBar.cpp:165 in Update] -> [follow mouse ok] : (2.29791, 0.0980441)
[2026-09-28 01:37:32.473] [INF] [default] [TitleBar.cpp:165 in Update] -> [follow mouse ok] : (2.29789, 0.0985689)
[2026-09-28 01:37:32.478] [INF] [default] [TitleBar.cpp:165 in Update] -> [follow mouse ok] : (2.29788, 0.0988334)
[2026-09-28 01:37:32.489] [INF] [default] [TitleBar.cpp:165 in Update] -> [follow mouse ok] : (2.29785, 0.0993666)
[2026-09-28 01:37:32.492] [INF] [default] [TitleBar.cpp:165 in Update] -> [follow mouse ok] : (2.29784, 0.0996354)
[2026-09-28 01:37:32.506] [INF] [default] [TitleBar.cpp:165 in Update] -> [follow mouse ok] : (2.29782, 0.100177)
[2026-09-28 01:37:32.508] [INF] [default] [TitleBar.cpp:165 in Update] -> [follow mouse ok] : (2.29781, 0.100451)
[2026-09-28 01:37:32.522] [INF] [default] [TitleBar.cpp:165 in Update] -> [follow mouse ok] : (2.29778, 0.101001)
[2026-09-28 01:37:32.527] [INF] [default] [TitleBar.cpp:165 in Update] -> [follow mouse ok] : (2.29777, 0.101279)
[2026-09-28 01:37:32.538] [INF] [default] [TitleBar.cpp:165 in Update] -> [follow mouse ok] : (2.29774, 0.101839)
[2026-09-28 01:37:32.541] [INF] [default] [TitleBar.cpp:165 in Update] -> [follow mouse ok] : (2.29773, 0.102121)
[2026-09-28 01:37:32.555] [INF] [default] [TitleBar.cpp:165 in Update] -> [follow mouse ok] : (2.29771, 0.102691)
[2026-09-28 01:37:32.561] [INF] [default] [TitleBar.cpp:165 in Update] -> [follow mouse ok] : (2.29769, 0.102978)
[2026-09-28 01:37:32.571] [INF] [default] [TitleBar.cpp:165 in Update] -> [follow mouse ok] : (2.29767, 0.103557)
[2026-09-28 01:37:32.588] [INF] [default] [TitleBar.cpp:165 in Update] -> [follow mouse ok] : (2.29764, 0.104142)
[2026-09-28 01:37:32.596] [INF] [default] [TitleBar.cpp:165 in Update] -> [follow mouse ok] : (2.29763, 0.104438)
[2026-09-28 01:37:32.603] [INF] [default] [TitleBar.cpp:165 in Update] -> [follow mouse ok] : (2.29761, 0.104735)
[2026-09-28 01:37:32.605] [INF] [default] [TitleBar.cpp:165 in Update] -> [follow mouse ok] : (2.29759, 0.105333)
[2026-09-28 01:37:32.622] [INF] [default] [TitleBar.cpp:165 in Update] -> [follow mouse ok] : (2.29756, 0.105939)
[2026-09-28 01:37:32.639] [INF] [default] [TitleBar.cpp:165 in Update] -> [follow mouse ok] : (2.29754, 0.106245)
[2026-09-28 01:37:32.640] [INF] [default] [TitleBar.cpp:165 in Update] -> [follow mouse ok] : (2.29752, 0.106861)
[2026-09-28 01:37:32.655] [INF] [default] [TitleBar.cpp:165 in Update] -> [follow mouse ok] : (2.29749, 0.107485)
[2026-09-28 01:37:32.672] [INF] [default] [TitleBar.cpp:165 in Update] -> [follow mouse ok] : (2.29746, 0.108116)
[2026-09-28 01:37:32.688] [INF] [default] [TitleBar.cpp:165 in Update] -> [follow mouse ok] : (2.29743, 0.108754)
[2026-09-28 01:37:32.706] [INF] [default] [TitleBar.cpp:165 in Update] -> [follow mouse ok] : (2.2974, 0.1094)
[2026-09-28 01:37:32.714] [INF] [default] [TitleBar.cpp:165 in Update] -> [follow mouse ok] : (2.29703, 0.116915)
[2026-09-28 01:37:32.722] [INF] [default] [TitleBar.cpp:165 in Update] -> [follow mouse ok] : (2.29699, 0.117617)
[2026-09-28 01:37:32.738] [INF] [default] [TitleBar.cpp:165 in Update] -> [follow mouse ok] : (2.29695, 0.118328)
[2026-09-28 01:37:32.749] [INF] [default] [TitleBar.cpp:165 in Update] -> [follow mouse ok] : (2.2969, 0.119411)
[2026-09-28 01:37:32.755] [INF] [default] [TitleBar.cpp:165 in Update] -> [follow mouse ok] : (2.29686, 0.120143)
[2026-09-28 01:37:32.763] [INF] [default] [TitleBar.cpp:165 in Update] -> [follow mouse ok] : (2.29641, 0.128371)
[2026-09-28 01:37:32.769] [INF] [default] [TitleBar.cpp:165 in Update] -> [follow mouse ok] : (2.29596, 0.136322)
[2026-09-28 01:37:32.772] [INF] [default] [TitleBar.cpp:165 in Update] -> [follow mouse ok] : (2.29591, 0.137177)
[2026-09-28 01:37:32.784] [INF] [default] [TitleBar.cpp:165 in Update] -> [follow mouse ok] : (2.29583, 0.138478)
[2026-09-28 01:37:32.788] [INF] [default] [TitleBar.cpp:165 in Update] -> [follow mouse ok] : (2.29577, 0.13936)
[2026-09-28 01:37:32.791] [INF] [default] [TitleBar.cpp:165 in Update] -> [follow mouse ok] : (2.2952, 0.148556)
[2026-09-28 01:37:32.806] [INF] [default] [TitleBar.cpp:165 in Update] -> [follow mouse ok] : (2.29513, 0.14952)
[2026-09-28 01:37:32.813] [INF] [default] [TitleBar.cpp:165 in Update] -> [follow mouse ok] : (2.29504, 0.150989)
[2026-09-28 01:37:32.819] [INF] [default] [TitleBar.cpp:165 in Update] -> [follow mouse ok] : (2.29494, 0.152488)
[2026-09-28 01:37:32.822] [INF] [default] [TitleBar.cpp:165 in Update] -> [follow mouse ok] : (2.29487, 0.153503)
[2026-09-28 01:37:32.827] [INF] [default] [TitleBar.cpp:165 in Update] -> [follow mouse ok] : (2.29477, 0.155052)
[2026-09-28 01:37:32.833] [INF] [default] [TitleBar.cpp:165 in Update] -> [follow mouse ok] : (2.29415, 0.163868)
[2026-09-28 01:37:32.838] [INF] [default] [TitleBar.cpp:165 in Update] -> [follow mouse ok] : (2.29408, 0.164985)
[2026-09-28 01:37:32.841] [INF] [default] [TitleBar.cpp:165 in Update] -> [follow mouse ok] : (2.29391, 0.167264)
[2026-09-28 01:37:32.854] [INF] [default] [TitleBar.cpp:165 in Update] -> [follow mouse ok] : (2.29313, 0.177637)
[2026-09-28 01:37:32.856] [INF] [default] [TitleBar.cpp:165 in Update] -> [follow mouse ok] : (2.29303, 0.178889)
[2026-09-28 01:37:32.862] [INF] [default] [TitleBar.cpp:165 in Update] -> [follow mouse ok] : (2.29283, 0.181447)
[2026-09-28 01:37:32.872] [INF] [default] [TitleBar.cpp:165 in Update] -> [follow mouse ok] : (2.29273, 0.182754)
[2026-09-28 01:37:32.875] [INF] [default] [TitleBar.cpp:165 in Update] -> [follow mouse ok] : (2.29251, 0.185424)
[2026-09-28 01:37:32.881] [INF] [default] [TitleBar.cpp:165 in Update] -> [follow mouse ok] : (2.29235, 0.187478)
[2026-09-28 01:37:32.889] [INF] [default] [TitleBar.cpp:165 in Update] -> [follow mouse ok] : (2.29223, 0.188873)
[2026-09-28 01:37:32.890] [INF] [default] [TitleBar.cpp:165 in Update] -> [follow mouse ok] : (2.292, 0.191726)
[2026-09-28 01:37:32.895] [INF] [default] [TitleBar.cpp:165 in Update] -> [follow mouse ok] : (2.29181, 0.193922)
[2026-09-28 01:37:32.903] [INF] [default] [TitleBar.cpp:165 in Update] -> [follow mouse ok] : (2.29162, 0.19617)
[2026-09-28 01:37:32.905] [INF] [default] [TitleBar.cpp:165 in Update] -> [follow mouse ok] : (2.29149, 0.197697)
[2026-09-28 01:37:32.910] [INF] [default] [TitleBar.cpp:165 in Update] -> [follow mouse ok] : (2.29128, 0.200033)
[2026-09-28 01:37:32.916] [INF] [default] [TitleBar.cpp:165 in Update] -> [follow mouse ok] : (2.291, 0.203234)
[2026-09-28 01:37:32.922] [INF] [default] [TitleBar.cpp:165 in Update] -> [follow mouse ok] : (2.29086, 0.204873)
[2026-09-28 01:37:32.925] [INF] [default] [TitleBar.cpp:165 in Update] -> [follow mouse ok] : (2.29063, 0.207382)
[2026-09-28 01:37:32.930] [INF] [default] [TitleBar.cpp:165 in Update] -> [follow mouse ok] : (2.2904, 0.209953)
[2026-09-28 01:37:32.937] [INF] [default] [TitleBar.cpp:165 in Update] -> [follow mouse ok] : (2.29015, 0.212588)
[2026-09-28 01:37:32.940] [INF] [default] [TitleBar.cpp:165 in Update] -> [follow mouse ok] : (2.28999, 0.214382)
[2026-09-28 01:37:32.952] [INF] [default] [TitleBar.cpp:165 in Update] -> [follow mouse ok] : (2.28964, 0.218061)
[2026-09-28 01:37:32.954] [INF] [default] [TitleBar.cpp:165 in Update] -> [follow mouse ok] : (2.28946, 0.219948)
[2026-09-28 01:37:32.965] [INF] [default] [TitleBar.cpp:165 in Update] -> [follow mouse ok] : (2.28908, 0.223822)
[2026-09-28 01:37:32.973] [INF] [default] [TitleBar.cpp:165 in Update] -> [follow mouse ok] : (2.28889, 0.22581)
[2026-09-28 01:37:32.975] [INF] [default] [TitleBar.cpp:165 in Update] -> [follow mouse ok] : (2.28859, 0.228859)
[2026-09-28 01:37:32.979] [INF] [default] [TitleBar.cpp:165 in Update] -> [follow mouse ok] : (2.28827, 0.231991)
[2026-09-28 01:37:32.987] [INF] [default] [TitleBar.cpp:165 in Update] -> [follow mouse ok] : (2.28794, 0.235209)
[2026-09-28 01:37:32.988] [INF] [default] [TitleBar.cpp:165 in Update] -> [follow mouse ok] : (2.28771, 0.237404)
[2026-09-28 01:37:32.994] [INF] [default] [TitleBar.cpp:165 in Update] -> [follow mouse ok] : (2.28736, 0.240775)
[2026-09-28 01:37:33.001] [INF] [default] [TitleBar.cpp:165 in Update] -> [follow mouse ok] : (2.28699, 0.244242)
[2026-09-28 01:37:33.005] [INF] [default] [TitleBar.cpp:165 in Update] -> [follow mouse ok] : (2.28674, 0.246609)
[2026-09-28 01:37:33.008] [INF] [default] [TitleBar.cpp:165 in Update] -> [follow mouse ok] : (2.28635, 0.250247)
[2026-09-28 01:37:33.014] [INF] [default] [TitleBar.cpp:165 in Update] -> [follow mouse ok] : (2.28593, 0.253992)
[2026-09-28 01:37:33.022] [INF] [default] [TitleBar.cpp:165 in Update] -> [follow mouse ok] : (2.2855, 0.257851)
[2026-09-28 01:37:33.025] [INF] [default] [TitleBar.cpp:165 in Update] -> [follow mouse ok] : (2.2852, 0.260489)
[2026-09-28 01:37:33.029] [INF] [default] [TitleBar.cpp:165 in Update] -> [follow mouse ok] : (2.28457, 0.265929)
[2026-09-28 01:37:33.035] [INF] [default] [TitleBar.cpp:165 in Update] -> [follow mouse ok] : (2.28408, 0.27016)
[2026-09-28 01:37:33.038] [INF] [default] [TitleBar.cpp:165 in Update] -> [follow mouse ok] : (2.28373, 0.273055)
[2026-09-28 01:37:33.043] [INF] [default] [TitleBar.cpp:165 in Update] -> [follow mouse ok] : (2.28301, 0.279035)
[2026-09-28 01:37:33.048] [INF] [default] [TitleBar.cpp:165 in Update] -> [follow mouse ok] : (2.28244, 0.283693)
[2026-09-28 01:37:33.056] [INF] [default] [TitleBar.cpp:165 in Update] -> [follow mouse ok] : (2.28204, 0.286885)
[2026-09-28 01:37:33.058] [INF] [default] [TitleBar.cpp:165 in Update] -> [follow mouse ok] : (2.2812, 0.293487)
[2026-09-28 01:37:33.063] [INF] [default] [TitleBar.cpp:165 in Update] -> [follow mouse ok] : (2.28006, 0.302177)
[2026-09-28 01:37:33.070] [INF] [default] [TitleBar.cpp:165 in Update] -> [follow mouse ok] : (2.27933, 0.30764)
[2026-09-28 01:37:33.072] [INF] [default] [TitleBar.cpp:165 in Update] -> [follow mouse ok] : (2.27882, 0.311392)
[2026-09-28 01:37:33.077] [INF] [default] [TitleBar.cpp:165 in Update] -> [follow mouse ok] : (2.27746, 0.321181)
[2026-09-28 01:37:33.084] [INF] [default] [TitleBar.cpp:165 in Update] -> [follow mouse ok] : (2.27597, 0.331598)
[2026-09-28 01:37:33.088] [INF] [default] [TitleBar.cpp:165 in Update] -> [follow mouse ok] : (2.27533, 0.335955)
[2026-09-28 01:37:33.091] [INF] [default] [TitleBar.cpp:165 in Update] -> [follow mouse ok] : (2.27398, 0.345017)
[2026-09-28 01:37:33.098] [INF] [default] [TitleBar.cpp:165 in Update] -> [follow mouse ok] : (2.27212, 0.357047)
[2026-09-28 01:37:33.105] [INF] [default] [TitleBar.cpp:165 in Update] -> [follow mouse ok] : (2.27005, 0.369935)
[2026-09-28 01:37:33.107] [INF] [default] [TitleBar.cpp:165 in Update] -> [follow mouse ok] : (2.26917, 0.375351)
[2026-09-28 01:37:33.112] [INF] [default] [TitleBar.cpp:165 in Update] -> [follow mouse ok] : (2.26726, 0.386665)
[2026-09-28 01:37:33.119] [INF] [default] [TitleBar.cpp:165 in Update] -> [follow mouse ok] : (2.26463, 0.40179)
[2026-09-28 01:37:33.122] [INF] [default] [TitleBar.cpp:165 in Update] -> [follow mouse ok] : (2.26349, 0.408171)
[2026-09-28 01:37:33.125] [INF] [default] [TitleBar.cpp:165 in Update] -> [follow mouse ok] : (2.26039, 0.42503)
[2026-09-28 01:37:33.133] [INF] [default] [TitleBar.cpp:165 in Update] -> [follow mouse ok] : (2.25761, 0.439535)
[2026-09-28 01:37:33.139] [INF] [default] [TitleBar.cpp:165 in Update] -> [follow mouse ok] : (2.25611, 0.447158)
[2026-09-28 01:37:33.141] [INF] [default] [TitleBar.cpp:165 in Update] -> [follow mouse ok] : (2.25287, 0.463208)
[2026-09-28 01:37:33.146] [INF] [default] [TitleBar.cpp:165 in Update] -> [follow mouse ok] : (2.2502, 0.476005)
[2026-09-28 01:37:33.154] [INF] [default] [TitleBar.cpp:165 in Update] -> [follow mouse ok] : (2.24628, 0.494182)
[2026-09-28 01:37:33.155] [INF] [default] [TitleBar.cpp:165 in Update] -> [follow mouse ok] : (2.24415, 0.503788)
[2026-09-28 01:37:33.160] [INF] [default] [TitleBar.cpp:165 in Update] -> [follow mouse ok] : (2.23948, 0.524134)
[2026-09-28 01:37:33.167] [INF] [default] [TitleBar.cpp:165 in Update] -> [follow mouse ok] : (2.2356, 0.540474)
[2026-09-28 01:37:33.173] [INF] [default] [TitleBar.cpp:165 in Update] -> [follow mouse ok] : (2.2328, 0.551927)
[2026-09-28 01:37:33.175] [INF] [default] [TitleBar.cpp:165 in Update] -> [follow mouse ok] : (2.22663, 0.576304)
[2026-09-28 01:37:33.182] [INF] [default] [TitleBar.cpp:165 in Update] -> [follow mouse ok] : (2.22144, 0.595996)
[2026-09-28 01:37:33.189] [INF] [default] [TitleBar.cpp:165 in Update] -> [follow mouse ok] : (2.21569, 0.617027)
[2026-09-28 01:37:33.191] [INF] [default] [TitleBar.cpp:165 in Update] -> [follow mouse ok] : (2.2115, 0.631859)
[2026-09-28 01:37:33.195] [INF] [default] [TitleBar.cpp:165 in Update] -> [follow mouse ok] : (2.20463, 0.655432)
[2026-09-28 01:37:33.202] [INF] [default] [TitleBar.cpp:165 in Update] -> [follow mouse ok] : (2.19695, 0.680745)
[2026-09-28 01:37:33.205] [INF] [default] [TitleBar.cpp:165 in Update] -> [follow mouse ok] : (2.19131, 0.698679)
[2026-09-28 01:37:33.216] [INF] [default] [TitleBar.cpp:165 in Update] -> [follow mouse ok] : (2.18197, 0.727324)
[2026-09-28 01:37:33.222] [INF] [default] [TitleBar.cpp:165 in Update] -> [follow mouse ok] : (2.17508, 0.747683)
[2026-09-28 01:37:33.225] [INF] [default] [TitleBar.cpp:165 in Update] -> [follow mouse ok] : (2.16359, 0.780311)
[2026-09-28 01:37:33.237] [INF] [default] [TitleBar.cpp:165 in Update] -> [follow mouse ok] : (2.15049, 0.815705)
[2026-09-28 01:37:33.239] [INF] [default] [TitleBar.cpp:165 in Update] -> [follow mouse ok] : (2.14073, 0.841)
[2026-09-28 01:37:33.244] [INF] [default] [TitleBar.cpp:165 in Update] -> [follow mouse ok] : (2.12426, 0.881769)
[2026-09-28 01:37:33.255] [INF] [default] [TitleBar.cpp:165 in Update] -> [follow mouse ok] : (2.11189, 0.911009)
[2026-09-28 01:37:33.258] [INF] [default] [TitleBar.cpp:165 in Update] -> [follow mouse ok] : (2.09085, 0.958306)
[2026-09-28 01:37:33.272] [INF] [default] [TitleBar.cpp:165 in Update] -> [follow mouse ok] : (2.07491, 0.992348)
[2026-09-28 01:37:33.285] [INF] [default] [TitleBar.cpp:165 in Update] -> [follow mouse ok] : (2.04757, 1.04759)
[2026-09-28 01:37:33.288] [INF] [default] [TitleBar.cpp:165 in Update] -> [follow mouse ok] : (2.0471, 1.04851)
[2026-09-28 01:37:33.305] [INF] [default] [TitleBar.cpp:165 in Update] -> [follow mouse ok] : (2.04658, 1.04953)
[2026-09-28 01:37:33.307] [INF] [default] [TitleBar.cpp:165 in Update] -> [follow mouse ok] : (2.03408, 1.07354)
[2026-09-28 01:37:33.322] [INF] [default] [TitleBar.cpp:165 in Update] -> [follow mouse ok] : (2.03271, 1.07614)
[2026-09-28 01:37:33.338] [INF] [default] [TitleBar.cpp:165 in Update] -> [follow mouse ok] : (2.03117, 1.07906)
[2026-09-28 01:37:33.355] [INF] [default] [TitleBar.cpp:165 in Update] -> [follow mouse ok] : (2.02941, 1.08235)
[2026-09-28 01:37:33.372] [INF] [default] [TitleBar.cpp:165 in Update] -> [follow mouse ok] : (2.0274, 1.08611)
[2026-09-28 01:37:33.388] [INF] [default] [TitleBar.cpp:165 in Update] -> [follow mouse ok] : (2.02508, 1.09043)
[2026-09-28 01:37:33.405] [INF] [default] [TitleBar.cpp:165 in Update] -> [follow mouse ok] : (2.02237, 1.09545)
[2026-09-28 01:37:33.422] [INF] [default] [TitleBar.cpp:165 in Update] -> [follow mouse ok] : (2.01916, 1.10136)
[2026-09-28 01:37:33.439] [INF] [default] [TitleBar.cpp:165 in Update] -> [follow mouse ok] : (2.0153, 1.10841)
[2026-09-28 01:37:33.455] [INF] [default] [TitleBar.cpp:165 in Update] -> [follow mouse ok] : (2.01056, 1.11698)
[2026-09-28 01:37:33.472] [INF] [default] [TitleBar.cpp:165 in Update] -> [follow mouse ok] : (2.00462, 1.1276)
[2026-09-28 01:37:33.475] [INF] [default] [TitleBar.cpp:165 in Update] -> [follow mouse ok] : (2.05718, 1.02859)
[2026-09-28 01:37:33.481] [INF] [default] [TitleBar.cpp:165 in Update] -> [follow mouse ok] : (2.11403, 0.906014)
[2026-09-28 01:37:33.488] [INF] [default] [TitleBar.cpp:165 in Update] -> [follow mouse ok] : (2.08831, 0.963834)
[2026-09-28 01:37:33.491] [INF] [default] [TitleBar.cpp:165 in Update] -> [follow mouse ok] : (2.01916, 1.10136)
[2026-09-28 01:37:33.495] [INF] [default] [TitleBar.cpp:165 in Update] -> [follow mouse ok] : (2.05718, 1.02859)
[2026-09-28 01:37:33.502] [INF] [default] [TitleBar.cpp:165 in Update] -> [follow mouse ok] : (2.1355, 0.854199)
[2026-09-28 01:37:33.505] [INF] [default] [TitleBar.cpp:165 in Update] -> [follow mouse ok] : (2.05718, 1.02859)
[2026-09-28 01:37:33.508] [INF] [default] [TitleBar.cpp:165 in Update] -> [follow mouse ok] : (2.18197, 0.727324)
[2026-09-28 01:37:33.516] [INF] [default] [TitleBar.cpp:165 in Update] -> [follow mouse ok] : (2.18197, 0.727324)
[2026-09-28 01:37:33.521] [INF] [default] [TitleBar.cpp:165 in Update] -> [follow mouse ok] : (2.11403, 0.906014)
[2026-09-28 01:37:33.524] [INF] [default] [TitleBar.cpp:165 in Update] -> [follow mouse ok] : (2.18197, 0.727324)
[2026-09-28 01:37:33.530] [INF] [default] [TitleBar.cpp:165 in Update] -> [follow mouse ok] : (2.21896, 0.60517)
[2026-09-28 01:37:33.537] [INF] [default] [TitleBar.cpp:165 in Update] -> [follow mouse ok] : (2.23133, 0.557832)
[2026-09-28 01:37:33.538] [INF] [default] [TitleBar.cpp:165 in Update] -> [follow mouse ok] : (2.203, 0.6609)
[2026-09-28 01:37:33.543] [INF] [default] [TitleBar.cpp:165 in Update] -> [follow mouse ok] : (2.2411, 0.517177)
[2026-09-28 01:37:33.550] [INF] [default] [TitleBar.cpp:165 in Update] -> [follow mouse ok] : (2.26061, 0.423864)
[2026-09-28 01:37:33.555] [INF] [default] [TitleBar.cpp:165 in Update] -> [follow mouse ok] : (2.24895, 0.481917)
[2026-09-28 01:37:33.558] [INF] [default] [TitleBar.cpp:165 in Update] -> [follow mouse ok] : (2.26061, 0.423864)
[2026-09-28 01:37:33.564] [INF] [default] [TitleBar.cpp:165 in Update] -> [follow mouse ok] : (2.26061, 0.423864)
[2026-09-28 01:37:33.572] [INF] [default] [TitleBar.cpp:165 in Update] -> [follow mouse ok] : (2.265, 0.399706)
[2026-09-28 01:37:33.575] [INF] [default] [TitleBar.cpp:165 in Update] -> [follow mouse ok] : (2.25534, 0.451067)
[2026-09-28 01:37:33.580] [INF] [default] [TitleBar.cpp:165 in Update] -> [follow mouse ok] : (2.26061, 0.423864)
[2026-09-28 01:37:33.585] [INF] [default] [TitleBar.cpp:165 in Update] -> [follow mouse ok] : (2.25534, 0.451067)
[2026-09-28 01:37:33.588] [INF] [default] [TitleBar.cpp:165 in Update] -> [follow mouse ok] : (2.2411, 0.517177)
[2026-09-28 01:37:33.593] [INF] [default] [TitleBar.cpp:165 in Update] -> [follow mouse ok] : (2.23133, 0.557832)
[2026-09-28 01:37:33.600] [INF] [default] [TitleBar.cpp:165 in Update] -> [follow mouse ok] : (2.23133, 0.557832)
[2026-09-28 01:37:33.605] [INF] [default] [TitleBar.cpp:165 in Update] -> [follow mouse ok] : (2.203, 0.6609)
[2026-09-28 01:37:33.607] [INF] [default] [TitleBar.cpp:165 in Update] -> [follow mouse ok] : (2.18197, 0.727324)
[2026-09-28 01:37:33.620] [INF] [default] [TitleBar.cpp:165 in Update] -> [follow mouse ok] : (2.18197, 0.727324)
[2026-09-28 01:37:33.621] [INF] [default] [TitleBar.cpp:165 in Update] -> [follow mouse ok] : (2.11403, 0.906014)
[2026-09-28 01:37:33.638] [INF] [default] [TitleBar.cpp:165 in Update] -> [follow mouse ok] : (1.97223, 1.18334)
[2026-09-28 01:37:33.641] [INF] [default] [TitleBar.cpp:165 in Update] -> [follow mouse ok] : (2.1355, 0.854199)
[2026-09-28 01:37:33.648] [INF] [default] [TitleBar.cpp:165 in Update] -> [follow mouse ok] : (2.05718, 1.02859)
[2026-09-28 01:37:33.655] [INF] [default] [TitleBar.cpp:165 in Update] -> [follow mouse ok] : (2.18197, 0.727324)
[2026-09-28 01:37:33.658] [INF] [default] [TitleBar.cpp:165 in Update] -> [follow mouse ok] : (1.62635, 1.62635)
[2026-09-28 01:37:33.672] [INF] [default] [TitleBar.cpp:165 in Update] -> [follow mouse ok] : (1.62635, 1.62635)
[2026-09-28 01:37:33.688] [INF] [default] [TitleBar.cpp:165 in Update] -> [follow mouse ok] : (1.62635, 1.62635)
[2026-09-28 01:37:33.706] [INF] [default] [TitleBar.cpp:165 in Update] -> [follow mouse ok] : (1.62635, 1.62635)
[2026-09-28 01:37:33.722] [INF] [default] [TitleBar.cpp:165 in Update] -> [follow mouse ok] : (1.62635, 1.62635)
[2026-09-28 01:37:33.732] [INF] [default] [TitleBar.cpp:165 in Update] -> [follow mouse ok] : (1.27581, 1.91372)
[2026-09-28 01:37:33.740] [INF] [default] [TitleBar.cpp:165 in Update] -> [follow mouse ok] : (1.02859, 2.05718)
[2026-09-28 01:37:33.755] [INF] [default] [TitleBar.cpp:165 in Update] -> [follow mouse ok] : (1.18334, 1.97223)
[2026-09-28 01:37:33.771] [INF] [default] [TitleBar.cpp:165 in Update] -> [follow mouse ok] : (1.02859, 2.05718)
[2026-09-28 01:37:33.780] [INF] [default] [TitleBar.cpp:165 in Update] -> [follow mouse ok] : (0, 2.3)
[2026-09-28 01:37:34.978] [INF] [default] [TitleBar.cpp:165 in Update] -> [follow mouse ok] : (2.29995, 0.0147907)
[2026-09-28 01:37:34.984] [INF] [default] [TitleBar.cpp:165 in Update] -> [follow mouse ok] : (2.29989, 0.0221855)
[2026-09-28 01:37:34.989] [INF] [default] [TitleBar.cpp:165 in Update] -> [follow mouse ok] : (2.29989, 0.022329)
[2026-09-28 01:37:34.991] [INF] [default] [TitleBar.cpp:165 in Update] -> [follow mouse ok] : (2.29989, 0.0224015)
[2026-09-28 01:37:34.997] [INF] [default] [TitleBar.cpp:165 in Update] -> [follow mouse ok] : (2.29981, 0.0298676)
[2026-09-28 01:37:35.005] [INF] [default] [TitleBar.cpp:165 in Update] -> [follow mouse ok] : (2.2997, 0.0373327)
[2026-09-28 01:37:35.012] [INF] [default] [TitleBar.cpp:165 in Update] -> [follow mouse ok] : (2.29956, 0.0449426)
[2026-09-28 01:37:35.018] [INF] [default] [TitleBar.cpp:165 in Update] -> [follow mouse ok] : (2.2994, 0.0526006)
[2026-09-28 01:37:35.022] [INF] [default] [TitleBar.cpp:165 in Update] -> [follow mouse ok] : (2.29939, 0.0529465)
[2026-09-28 01:37:35.026] [INF] [default] [TitleBar.cpp:165 in Update] -> [follow mouse ok] : (2.2992, 0.0607049)
[2026-09-28 01:37:35.032] [INF] [default] [TitleBar.cpp:165 in Update] -> [follow mouse ok] : (2.29898, 0.0685126)
[2026-09-28 01:37:35.038] [INF] [default] [TitleBar.cpp:165 in Update] -> [follow mouse ok] : (2.29897, 0.068969)
[2026-09-28 01:37:35.041] [INF] [default] [TitleBar.cpp:165 in Update] -> [follow mouse ok] : (2.29871, 0.0771378)
[2026-09-28 01:37:35.047] [INF] [default] [TitleBar.cpp:165 in Update] -> [follow mouse ok] : (2.2987, 0.0773972)
[2026-09-28 01:37:35.053] [INF] [default] [TitleBar.cpp:165 in Update] -> [follow mouse ok] : (2.29841, 0.085414)
[2026-09-28 01:37:35.055] [INF] [default] [TitleBar.cpp:165 in Update] -> [follow mouse ok] : (2.29839, 0.0859942)
[2026-09-28 01:37:35.061] [INF] [default] [TitleBar.cpp:165 in Update] -> [follow mouse ok] : (2.29806, 0.0944408)
[2026-09-28 01:37:35.067] [INF] [default] [TitleBar.cpp:165 in Update] -> [follow mouse ok] : (2.29805, 0.0947648)
[2026-09-28 01:37:35.072] [INF] [default] [TitleBar.cpp:165 in Update] -> [follow mouse ok] : (2.29802, 0.0954195)
[2026-09-28 01:37:35.075] [INF] [default] [TitleBar.cpp:165 in Update] -> [follow mouse ok] : (2.29727, 0.112062)
[2026-09-28 01:37:35.088] [INF] [default] [TitleBar.cpp:165 in Update] -> [follow mouse ok] : (2.29684, 0.120464)
[2026-09-28 01:37:35.095] [INF] [default] [TitleBar.cpp:165 in Update] -> [follow mouse ok] : (2.29638, 0.12892)
[2026-09-28 01:37:35.101] [INF] [default] [TitleBar.cpp:165 in Update] -> [follow mouse ok] : (2.29586, 0.137914)
[2026-09-28 01:37:35.105] [INF] [default] [TitleBar.cpp:165 in Update] -> [follow mouse ok] : (2.2958, 0.138892)
[2026-09-28 01:37:35.116] [INF] [default] [TitleBar.cpp:165 in Update] -> [follow mouse ok] : (2.29526, 0.147553)
[2026-09-28 01:37:35.121] [INF] [default] [TitleBar.cpp:165 in Update] -> [follow mouse ok] : (2.29519, 0.14861)
[2026-09-28 01:37:35.124] [INF] [default] [TitleBar.cpp:165 in Update] -> [follow mouse ok] : (2.29457, 0.157959)
[2026-09-28 01:37:35.130] [INF] [default] [TitleBar.cpp:165 in Update] -> [follow mouse ok] : (2.29332, 0.175126)
[2026-09-28 01:37:35.137] [INF] [default] [TitleBar.cpp:165 in Update] -> [follow mouse ok] : (2.29194, 0.192389)
[2026-09-28 01:37:35.138] [INF] [default] [TitleBar.cpp:165 in Update] -> [follow mouse ok] : (2.29182, 0.193794)
[2026-09-28 01:37:35.144] [INF] [default] [TitleBar.cpp:165 in Update] -> [follow mouse ok] : (2.29097, 0.203642)
[2026-09-28 01:37:35.151] [INF] [default] [TitleBar.cpp:165 in Update] -> [follow mouse ok] : (2.28933, 0.221274)
[2026-09-28 01:37:35.155] [INF] [default] [TitleBar.cpp:165 in Update] -> [follow mouse ok] : (2.28917, 0.222916)
[2026-09-28 01:37:35.158] [INF] [default] [TitleBar.cpp:165 in Update] -> [follow mouse ok] : (2.28736, 0.240775)
[2026-09-28 01:37:35.172] [INF] [default] [TitleBar.cpp:165 in Update] -> [follow mouse ok] : (2.2854, 0.258725)
[2026-09-28 01:37:35.174] [INF] [default] [TitleBar.cpp:165 in Update] -> [follow mouse ok] : (2.28518, 0.260667)
[2026-09-28 01:37:35.179] [INF] [default] [TitleBar.cpp:165 in Update] -> [follow mouse ok] : (2.28087, 0.295991)
[2026-09-28 01:37:35.186] [INF] [default] [TitleBar.cpp:165 in Update] -> [follow mouse ok] : (2.2774, 0.321618)
[2026-09-28 01:37:35.188] [INF] [default] [TitleBar.cpp:165 in Update] -> [follow mouse ok] : (2.27706, 0.324043)
[2026-09-28 01:37:35.192] [INF] [default] [TitleBar.cpp:165 in Update] -> [follow mouse ok] : (2.27171, 0.359615)
[2026-09-28 01:37:35.200] [INF] [default] [TitleBar.cpp:165 in Update] -> [follow mouse ok] : (2.26605, 0.393716)
[2026-09-28 01:37:35.206] [INF] [default] [TitleBar.cpp:165 in Update] -> [follow mouse ok] : (2.26553, 0.396689)
[2026-09-28 01:37:35.208] [INF] [default] [TitleBar.cpp:165 in Update] -> [follow mouse ok] : (2.26219, 0.415324)
[2026-09-28 01:37:35.214] [INF] [default] [TitleBar.cpp:165 in Update] -> [follow mouse ok] : (2.25188, 0.468037)
[2026-09-28 01:37:35.221] [INF] [default] [TitleBar.cpp:165 in Update] -> [follow mouse ok] : (2.2479, 0.486751)
[2026-09-28 01:37:35.222] [INF] [default] [TitleBar.cpp:165 in Update] -> [follow mouse ok] : (2.2471, 0.490439)
[2026-09-28 01:37:35.227] [INF] [default] [TitleBar.cpp:165 in Update] -> [follow mouse ok] : (2.24095, 0.517829)
[2026-09-28 01:37:35.235] [INF] [default] [TitleBar.cpp:165 in Update] -> [follow mouse ok] : (2.23394, 0.547271)
[2026-09-28 01:37:35.239] [INF] [default] [TitleBar.cpp:165 in Update] -> [follow mouse ok] : (2.23291, 0.551448)
[2026-09-28 01:37:35.242] [INF] [default] [TitleBar.cpp:165 in Update] -> [follow mouse ok] : (2.22753, 0.572794)
[2026-09-28 01:37:35.248] [INF] [default] [TitleBar.cpp:165 in Update] -> [follow mouse ok] : (2.22249, 0.592057)
[2026-09-28 01:37:35.255] [INF] [default] [TitleBar.cpp:165 in Update] -> [follow mouse ok] : (2.22127, 0.596622)
[2026-09-28 01:37:35.257] [INF] [default] [TitleBar.cpp:165 in Update] -> [follow mouse ok] : (2.2153, 0.618437)
[2026-09-28 01:37:35.262] [INF] [default] [TitleBar.cpp:165 in Update] -> [follow mouse ok] : (2.2115, 0.631859)
[2026-09-28 01:37:35.268] [INF] [default] [TitleBar.cpp:165 in Update] -> [follow mouse ok] : (2.20505, 0.654039)
[2026-09-28 01:37:35.272] [INF] [default] [TitleBar.cpp:165 in Update] -> [follow mouse ok] : (2.20352, 0.659172)
[2026-09-28 01:37:35.277] [INF] [default] [TitleBar.cpp:165 in Update] -> [follow mouse ok] : (2.19931, 0.673066)
[2026-09-28 01:37:35.289] [INF] [default] [TitleBar.cpp:165 in Update] -> [follow mouse ok] : (2.19767, 0.678411)
[2026-09-28 01:37:35.291] [INF] [default] [TitleBar.cpp:165 in Update] -> [follow mouse ok] : (2.19046, 0.701333)
[2026-09-28 01:37:35.297] [INF] [default] [TitleBar.cpp:165 in Update] -> [follow mouse ok] : (2.18197, 0.727324)
[2026-09-28 01:37:35.305] [INF] [default] [TitleBar.cpp:165 in Update] -> [follow mouse ok] : (2.17602, 0.744943)
[2026-09-28 01:37:35.306] [INF] [default] [TitleBar.cpp:165 in Update] -> [follow mouse ok] : (2.17394, 0.750997)
[2026-09-28 01:37:35.311] [INF] [default] [TitleBar.cpp:165 in Update] -> [follow mouse ok] : (2.16758, 0.769143)
[2026-09-28 01:37:35.318] [INF] [default] [TitleBar.cpp:165 in Update] -> [follow mouse ok] : (2.16211, 0.784394)
[2026-09-28 01:37:35.322] [INF] [default] [TitleBar.cpp:165 in Update] -> [follow mouse ok] : (2.15974, 0.790892)
[2026-09-28 01:37:35.326] [INF] [default] [TitleBar.cpp:165 in Update] -> [follow mouse ok] : (2.15271, 0.80983)
[2026-09-28 01:37:35.332] [INF] [default] [TitleBar.cpp:165 in Update] -> [follow mouse ok] : (2.14186, 0.838118)
[2026-09-28 01:37:35.338] [INF] [default] [TitleBar.cpp:165 in Update] -> [follow mouse ok] : (2.13908, 0.845196)
[2026-09-28 01:37:35.341] [INF] [default] [TitleBar.cpp:165 in Update] -> [follow mouse ok] : (2.12741, 0.874135)
[2026-09-28 01:37:35.346] [INF] [default] [TitleBar.cpp:165 in Update] -> [follow mouse ok] : (2.12276, 0.885373)
[2026-09-28 01:37:35.353] [INF] [default] [TitleBar.cpp:165 in Update] -> [follow mouse ok] : (2.11012, 0.915101)
[2026-09-28 01:37:35.355] [INF] [default] [TitleBar.cpp:165 in Update] -> [follow mouse ok] : (2.10666, 0.923022)
[2026-09-28 01:37:35.360] [INF] [default] [TitleBar.cpp:165 in Update] -> [follow mouse ok] : (2.09721, 0.944295)
[2026-09-28 01:37:35.367] [INF] [default] [TitleBar.cpp:165 in Update] -> [follow mouse ok] : (2.08536, 0.970194)
[2026-09-28 01:37:35.372] [INF] [default] [TitleBar.cpp:165 in Update] -> [follow mouse ok] : (2.08134, 0.978791)
[2026-09-28 01:37:35.374] [INF] [default] [TitleBar.cpp:165 in Update] -> [follow mouse ok] : (2.06618, 1.01039)
[2026-09-28 01:37:35.380] [INF] [default] [TitleBar.cpp:165 in Update] -> [follow mouse ok] : (2.05255, 1.03781)
[2026-09-28 01:37:35.388] [INF] [default] [TitleBar.cpp:165 in Update] -> [follow mouse ok] : (2.0429, 1.05667)
[2026-09-28 01:37:35.395] [INF] [default] [TitleBar.cpp:165 in Update] -> [follow mouse ok] : (2.02237, 1.09545)
[2026-09-28 01:37:35.401] [INF] [default] [TitleBar.cpp:165 in Update] -> [follow mouse ok] : (2.01401, 1.11076)
[2026-09-28 01:37:35.404] [INF] [default] [TitleBar.cpp:165 in Update] -> [follow mouse ok] : (2.01347, 1.11173)
[2026-09-28 01:37:35.408] [INF] [default] [TitleBar.cpp:165 in Update] -> [follow mouse ok] : (2.00395, 1.1288)
[2026-09-28 01:37:35.416] [INF] [default] [TitleBar.cpp:165 in Update] -> [follow mouse ok] : (1.98479, 1.16215)
[2026-09-28 01:37:35.422] [INF] [default] [TitleBar.cpp:165 in Update] -> [follow mouse ok] : (1.98717, 1.15808)
[2026-09-28 01:37:35.424] [INF] [default] [TitleBar.cpp:165 in Update] -> [follow mouse ok] : (1.9504, 1.219)
[2026-09-28 01:37:35.430] [INF] [default] [TitleBar.cpp:165 in Update] -> [follow mouse ok] : (1.94099, 1.23392)
[2026-09-28 01:37:35.437] [INF] [default] [TitleBar.cpp:165 in Update] -> [follow mouse ok] : (1.92026, 1.26595)
[2026-09-28 01:37:35.439] [INF] [default] [TitleBar.cpp:165 in Update] -> [follow mouse ok] : (1.9225, 1.26254)
[2026-09-28 01:37:35.443] [INF] [default] [TitleBar.cpp:165 in Update] -> [follow mouse ok] : (1.89051, 1.30996)
[2026-09-28 01:37:35.450] [INF] [default] [TitleBar.cpp:165 in Update] -> [follow mouse ok] : (1.87776, 1.32817)
[2026-09-28 01:37:35.454] [INF] [default] [TitleBar.cpp:165 in Update] -> [follow mouse ok] : (1.87988, 1.32516)
[2026-09-28 01:37:35.457] [INF] [default] [TitleBar.cpp:165 in Update] -> [follow mouse ok] : (1.85322, 1.3622)
[2026-09-28 01:37:35.464] [INF] [default] [TitleBar.cpp:165 in Update] -> [follow mouse ok] : (1.83212, 1.39045)
[2026-09-28 01:37:35.471] [INF] [default] [TitleBar.cpp:165 in Update] -> [follow mouse ok] : (1.80912, 1.42024)
[2026-09-28 01:37:35.486] [INF] [default] [TitleBar.cpp:165 in Update] -> [follow mouse ok] : (1.7909, 1.44315)
[2026-09-28 01:37:35.489] [INF] [default] [TitleBar.cpp:165 in Update] -> [follow mouse ok] : (1.79256, 1.44108)
[2026-09-28 01:37:35.493] [INF] [default] [TitleBar.cpp:165 in Update] -> [follow mouse ok] : (1.77283, 1.46529)
[2026-09-28 01:37:35.499] [INF] [default] [TitleBar.cpp:165 in Update] -> [follow mouse ok] : (1.7593, 1.48151)
[2026-09-28 01:37:35.505] [INF] [default] [TitleBar.cpp:165 in Update] -> [follow mouse ok] : (1.76075, 1.47978)
[2026-09-28 01:37:35.507] [INF] [default] [TitleBar.cpp:165 in Update] -> [follow mouse ok] : (1.75434, 1.48738)
[2026-09-28 01:37:35.513] [INF] [default] [TitleBar.cpp:165 in Update] -> [follow mouse ok] : (1.74766, 1.49522)
[2026-09-28 01:37:35.519] [INF] [default] [TitleBar.cpp:165 in Update] -> [follow mouse ok] : (1.74069, 1.50333)
[2026-09-28 01:37:35.522] [INF] [default] [TitleBar.cpp:165 in Update] -> [follow mouse ok] : (1.74204, 1.50176)
[2026-09-28 01:37:35.528] [INF] [default] [TitleBar.cpp:165 in Update] -> [follow mouse ok] : (1.72583, 1.52037)
[2026-09-28 01:37:35.538] [INF] [default] [TitleBar.cpp:165 in Update] -> [follow mouse ok] : (1.72705, 1.51898)
[2026-09-28 01:37:35.549] [INF] [default] [TitleBar.cpp:165 in Update] -> [follow mouse ok] : (1.71904, 1.52804)
[2026-09-28 01:37:35.555] [INF] [default] [TitleBar.cpp:165 in Update] -> [follow mouse ok] : (1.71065, 1.53742)
[2026-09-28 01:37:35.562] [INF] [default] [TitleBar.cpp:165 in Update] -> [follow mouse ok] : (1.70186, 1.54715)
[2026-09-28 01:37:35.571] [INF] [default] [TitleBar.cpp:165 in Update] -> [follow mouse ok] : (1.70288, 1.54603)
[2026-09-28 01:37:35.589] [INF] [default] [TitleBar.cpp:165 in Update] -> [follow mouse ok] : (1.70392, 1.54488)
[2026-09-28 01:37:35.597] [INF] [default] [TitleBar.cpp:165 in Update] -> [follow mouse ok] : (1.69449, 1.55522)
[2026-09-28 01:37:35.606] [INF] [default] [TitleBar.cpp:165 in Update] -> [follow mouse ok] : (1.69545, 1.55417)
[2026-09-28 01:37:35.622] [INF] [default] [TitleBar.cpp:165 in Update] -> [follow mouse ok] : (1.69645, 1.55308)
[2026-09-28 01:37:35.638] [INF] [default] [TitleBar.cpp:165 in Update] -> [follow mouse ok] : (1.69747, 1.55197)
[2026-09-28 01:37:35.652] [INF] [default] [TitleBar.cpp:165 in Update] -> [follow mouse ok] : (1.70958, 1.53862)
[2026-09-28 01:37:35.655] [INF] [default] [TitleBar.cpp:165 in Update] -> [follow mouse ok] : (1.71081, 1.53725)
[2026-09-28 01:37:35.659] [INF] [default] [TitleBar.cpp:165 in Update] -> [follow mouse ok] : (1.74629, 1.49682)
[2026-09-28 01:37:35.672] [INF] [default] [TitleBar.cpp:165 in Update] -> [follow mouse ok] : (1.74808, 1.49473)
[2026-09-28 01:37:35.674] [INF] [default] [TitleBar.cpp:165 in Update] -> [follow mouse ok] : (1.79353, 1.43988)
[2026-09-28 01:37:35.680] [INF] [default] [TitleBar.cpp:165 in Update] -> [follow mouse ok] : (1.81551, 1.41206)
[2026-09-28 01:37:35.687] [INF] [default] [TitleBar.cpp:165 in Update] -> [follow mouse ok] : (1.84, 1.38)
[2026-09-28 01:37:35.688] [INF] [default] [TitleBar.cpp:165 in Update] -> [follow mouse ok] : (1.84311, 1.37584)
[2026-09-28 01:37:35.695] [INF] [default] [TitleBar.cpp:165 in Update] -> [follow mouse ok] : (1.87332, 1.33442)
[2026-09-28 01:37:35.702] [INF] [default] [TitleBar.cpp:165 in Update] -> [follow mouse ok] : (1.91372, 1.27581)
[2026-09-28 01:37:35.705] [INF] [default] [TitleBar.cpp:165 in Update] -> [follow mouse ok] : (1.91769, 1.26982)
[2026-09-28 01:37:35.708] [INF] [default] [TitleBar.cpp:165 in Update] -> [follow mouse ok] : (1.93385, 1.24508)
[2026-09-28 01:37:35.715] [INF] [default] [TitleBar.cpp:165 in Update] -> [follow mouse ok] : (1.95336, 1.21425)
[2026-09-28 01:37:35.722] [INF] [default] [TitleBar.cpp:165 in Update] -> [follow mouse ok] : (1.95789, 1.20692)
[2026-09-28 01:37:35.724] [INF] [default] [TitleBar.cpp:165 in Update] -> [follow mouse ok] : (1.98175, 1.16733)
[2026-09-28 01:37:35.736] [INF] [default] [TitleBar.cpp:165 in Update] -> [follow mouse ok] : (1.99359, 1.147)
[2026-09-28 01:37:35.738] [INF] [default] [TitleBar.cpp:165 in Update] -> [follow mouse ok] : (1.99867, 1.13813)
[2026-09-28 01:37:35.743] [INF] [default] [TitleBar.cpp:165 in Update] -> [follow mouse ok] : (2.01056, 1.11698)
[2026-09-28 01:37:35.755] [INF] [default] [TitleBar.cpp:165 in Update] -> [follow mouse ok] : (2.00921, 1.11941)
[2026-09-28 01:37:35.772] [INF] [default] [TitleBar.cpp:165 in Update] -> [follow mouse ok] : (2.00777, 1.12199)
[2026-09-28 01:37:35.788] [INF] [default] [TitleBar.cpp:165 in Update] -> [follow mouse ok] : (2.00625, 1.12471)
[2026-09-28 01:37:35.791] [INF] [default] [TitleBar.cpp:165 in Update] -> [follow mouse ok] : (1.99696, 1.14112)
[2026-09-28 01:37:35.806] [INF] [default] [TitleBar.cpp:165 in Update] -> [follow mouse ok] : (2.0029, 1.13067)
[2026-09-28 01:37:35.808] [INF] [default] [TitleBar.cpp:165 in Update] -> [follow mouse ok] : (1.98421, 1.16315)
[2026-09-28 01:37:35.812] [INF] [default] [TitleBar.cpp:165 in Update] -> [follow mouse ok] : (1.98154, 1.16769)
[2026-09-28 01:37:35.820] [INF] [default] [TitleBar.cpp:165 in Update] -> [follow mouse ok] : (1.96895, 1.1888)
[2026-09-28 01:37:35.822] [INF] [default] [TitleBar.cpp:165 in Update] -> [follow mouse ok] : (1.97558, 1.17775)
[2026-09-28 01:37:35.827] [INF] [default] [TitleBar.cpp:165 in Update] -> [follow mouse ok] : (1.9504, 1.219)
[2026-09-28 01:37:35.833] [INF] [default] [TitleBar.cpp:165 in Update] -> [follow mouse ok] : (1.90032, 1.29567)
[2026-09-28 01:37:35.838] [INF] [default] [TitleBar.cpp:165 in Update] -> [follow mouse ok] : (1.90687, 1.28603)
[2026-09-28 01:37:35.841] [INF] [default] [TitleBar.cpp:165 in Update] -> [follow mouse ok] : (1.85163, 1.36436)
[2026-09-28 01:37:35.848] [INF] [default] [TitleBar.cpp:165 in Update] -> [follow mouse ok] : (1.80115, 1.43033)
[2026-09-28 01:37:35.855] [INF] [default] [TitleBar.cpp:165 in Update] -> [follow mouse ok] : (1.68336, 1.56726)
[2026-09-28 01:37:35.861] [INF] [default] [TitleBar.cpp:165 in Update] -> [follow mouse ok] : (1.59415, 1.65792)
[2026-09-28 01:37:35.868] [INF] [default] [TitleBar.cpp:165 in Update] -> [follow mouse ok] : (1.4368, 1.796)
[2026-09-28 01:37:35.872] [INF] [default] [TitleBar.cpp:165 in Update] -> [follow mouse ok] : (1.42762, 1.80331)
[2026-09-28 01:37:35.876] [INF] [default] [TitleBar.cpp:165 in Update] -> [follow mouse ok] : (1.19588, 1.96466)
[2026-09-28 01:37:35.883] [INF] [default] [TitleBar.cpp:165 in Update] -> [follow mouse ok] : (0.755597, 2.17234)
[2026-09-28 01:37:35.889] [INF] [default] [TitleBar.cpp:165 in Update] -> [follow mouse ok] : (0.818789, 2.14932)
[2026-09-28 01:37:35.890] [INF] [default] [TitleBar.cpp:165 in Update] -> [follow mouse ok] : (0.473824, 2.25066)
[2026-09-28 01:37:35.896] [INF] [default] [TitleBar.cpp:165 in Update] -> [follow mouse ok] : (0, 2.3)
[2026-09-28 01:37:38.180] [INF] [default] [TitleBar.cpp:165 in Update] -> [follow mouse ok] : (2.3, 0.00437262)
[2026-09-28 01:37:38.187] [INF] [default] [TitleBar.cpp:165 in Update] -> [follow mouse ok] : (2.29996, 0.0131677)
[2026-09-28 01:37:38.188] [INF] [default] [TitleBar.cpp:165 in Update] -> [follow mouse ok] : (2.29996, 0.0132182)
[2026-09-28 01:37:38.193] [INF] [default] [TitleBar.cpp:165 in Update] -> [follow mouse ok] : (2.29985, 0.0264858)
[2026-09-28 01:37:38.200] [INF] [default] [TitleBar.cpp:165 in Update] -> [follow mouse ok] : (2.29973, 0.0353804)
[2026-09-28 01:37:38.205] [INF] [default] [TitleBar.cpp:165 in Update] -> [follow mouse ok] : (2.29973, 0.035517)
[2026-09-28 01:37:38.208] [INF] [default] [TitleBar.cpp:165 in Update] -> [follow mouse ok] : (2.29965, 0.0401102)
[2026-09-28 01:37:38.215] [INF] [default] [TitleBar.cpp:165 in Update] -> [follow mouse ok] : (2.29956, 0.0447386)
[2026-09-28 01:37:38.222] [INF] [default] [TitleBar.cpp:165 in Update] -> [follow mouse ok] : (2.29947, 0.0494027)
[2026-09-28 01:37:38.228] [INF] [default] [TitleBar.cpp:165 in Update] -> [follow mouse ok] : (2.29936, 0.0541027)
[2026-09-28 01:37:38.235] [INF] [default] [TitleBar.cpp:165 in Update] -> [follow mouse ok] : (2.29925, 0.058839)
[2026-09-28 01:37:38.239] [INF] [default] [TitleBar.cpp:165 in Update] -> [follow mouse ok] : (2.29924, 0.0590714)
[2026-09-28 01:37:38.243] [INF] [default] [TitleBar.cpp:165 in Update] -> [follow mouse ok] : (2.29911, 0.0639911)
[2026-09-28 01:37:38.250] [INF] [default] [TitleBar.cpp:165 in Update] -> [follow mouse ok] : (2.29896, 0.0691071)
[2026-09-28 01:37:38.255] [INF] [default] [TitleBar.cpp:165 in Update] -> [follow mouse ok] : (2.29895, 0.0693849)
[2026-09-28 01:37:38.257] [INF] [default] [TitleBar.cpp:165 in Update] -> [follow mouse ok] : (2.29863, 0.0792632)
[2026-09-28 01:37:38.263] [INF] [default] [TitleBar.cpp:165 in Update] -> [follow mouse ok] : (2.29844, 0.0847784)
[2026-09-28 01:37:38.269] [INF] [default] [TitleBar.cpp:165 in Update] -> [follow mouse ok] : (2.29823, 0.0902198)
[2026-09-28 01:37:38.271] [INF] [default] [TitleBar.cpp:165 in Update] -> [follow mouse ok] : (2.29822, 0.0905935)
[2026-09-28 01:37:38.277] [INF] [default] [TitleBar.cpp:165 in Update] -> [follow mouse ok] : (2.29778, 0.100949)
[2026-09-28 01:37:38.284] [INF] [default] [TitleBar.cpp:165 in Update] -> [follow mouse ok] : (2.29726, 0.112181)
[2026-09-28 01:37:38.288] [INF] [default] [TitleBar.cpp:165 in Update] -> [follow mouse ok] : (2.29724, 0.112658)
[2026-09-28 01:37:38.291] [INF] [default] [TitleBar.cpp:165 in Update] -> [follow mouse ok] : (2.29663, 0.124546)
[2026-09-28 01:37:38.297] [INF] [default] [TitleBar.cpp:165 in Update] -> [follow mouse ok] : (2.2962, 0.132083)
[2026-09-28 01:37:38.305] [INF] [default] [TitleBar.cpp:165 in Update] -> [follow mouse ok] : (2.29548, 0.144111)
[2026-09-28 01:37:38.313] [INF] [default] [TitleBar.cpp:165 in Update] -> [follow mouse ok] : (2.29502, 0.151263)
[2026-09-28 01:37:38.319] [INF] [default] [TitleBar.cpp:165 in Update] -> [follow mouse ok] : (2.2945, 0.158972)
[2026-09-28 01:37:38.322] [INF] [default] [TitleBar.cpp:165 in Update] -> [follow mouse ok] : (2.29445, 0.159706)
[2026-09-28 01:37:38.326] [INF] [default] [TitleBar.cpp:165 in Update] -> [follow mouse ok] : (2.29303, 0.178889)
[2026-09-28 01:37:38.332] [INF] [default] [TitleBar.cpp:165 in Update] -> [follow mouse ok] : (2.29236, 0.187356)
[2026-09-28 01:37:38.338] [INF] [default] [TitleBar.cpp:165 in Update] -> [follow mouse ok] : (2.29228, 0.188255)
[2026-09-28 01:37:38.341] [INF] [default] [TitleBar.cpp:165 in Update] -> [follow mouse ok] : (2.29209, 0.190541)
[2026-09-28 01:37:38.347] [INF] [default] [TitleBar.cpp:165 in Update] -> [follow mouse ok] : (2.2915, 0.197543)
[2026-09-28 01:37:38.353] [INF] [default] [TitleBar.cpp:165 in Update] -> [follow mouse ok] : (2.29074, 0.206167)
[2026-09-28 01:37:38.355] [INF] [default] [TitleBar.cpp:165 in Update] -> [follow mouse ok] : (2.29065, 0.207194)
[2026-09-28 01:37:38.361] [INF] [default] [TitleBar.cpp:165 in Update] -> [follow mouse ok] : (2.29041, 0.209809)
[2026-09-28 01:37:38.367] [INF] [default] [TitleBar.cpp:165 in Update] -> [follow mouse ok] : (2.29021, 0.211948)
[2026-09-28 01:37:38.371] [INF] [default] [TitleBar.cpp:165 in Update] -> [follow mouse ok] : (2.29011, 0.213034)
[2026-09-28 01:37:38.375] [INF] [default] [TitleBar.cpp:165 in Update] -> [follow mouse ok] : (2.28991, 0.215239)
[2026-09-28 01:37:38.382] [INF] [default] [TitleBar.cpp:165 in Update] -> [follow mouse ok] : (2.28964, 0.218061)
[2026-09-28 01:37:38.388] [INF] [default] [TitleBar.cpp:165 in Update] -> [follow mouse ok] : (2.28953, 0.21921)
[2026-09-28 01:37:38.390] [INF] [default] [TitleBar.cpp:165 in Update] -> [follow mouse ok] : (2.28865, 0.228248)
[2026-09-28 01:37:38.395] [INF] [default] [TitleBar.cpp:165 in Update] -> [follow mouse ok] : (2.2884, 0.230711)
[2026-09-28 01:37:38.402] [INF] [default] [TitleBar.cpp:165 in Update] -> [follow mouse ok] : (2.28743, 0.240117)
[2026-09-28 01:37:38.405] [INF] [default] [TitleBar.cpp:165 in Update] -> [follow mouse ok] : (2.28729, 0.241436)
[2026-09-28 01:37:38.410] [INF] [default] [TitleBar.cpp:165 in Update] -> [follow mouse ok] : (2.28686, 0.245482)
[2026-09-28 01:37:38.416] [INF] [default] [TitleBar.cpp:165 in Update] -> [follow mouse ok] : (2.28656, 0.248255)
[2026-09-28 01:37:38.421] [INF] [default] [TitleBar.cpp:165 in Update] -> [follow mouse ok] : (2.28641, 0.249665)
[2026-09-28 01:37:38.424] [INF] [default] [TitleBar.cpp:165 in Update] -> [follow mouse ok] : (2.28601, 0.253261)
[2026-09-28 01:37:38.430] [INF] [default] [TitleBar.cpp:165 in Update] -> [follow mouse ok] : (2.28552, 0.257714)
[2026-09-28 01:37:38.437] [INF] [default] [TitleBar.cpp:165 in Update] -> [follow mouse ok] : (2.28508, 0.261545)
[2026-09-28 01:37:38.439] [INF] [default] [TitleBar.cpp:165 in Update] -> [follow mouse ok] : (2.2849, 0.26311)
[2026-09-28 01:37:38.444] [INF] [default] [TitleBar.cpp:165 in Update] -> [follow mouse ok] : (2.28453, 0.266295)
[2026-09-28 01:37:38.451] [INF] [default] [TitleBar.cpp:165 in Update] -> [follow mouse ok] : (2.28395, 0.271219)
[2026-09-28 01:37:38.455] [INF] [default] [TitleBar.cpp:165 in Update] -> [follow mouse ok] : (2.28375, 0.272901)
[2026-09-28 01:37:38.458] [INF] [default] [TitleBar.cpp:165 in Update] -> [follow mouse ok] : (2.28323, 0.277198)
[2026-09-28 01:37:38.464] [INF] [default] [TitleBar.cpp:165 in Update] -> [follow mouse ok] : (2.28291, 0.279841)
[2026-09-28 01:37:38.472] [INF] [default] [TitleBar.cpp:165 in Update] -> [follow mouse ok] : (2.28269, 0.281631)
[2026-09-28 01:37:38.474] [INF] [default] [TitleBar.cpp:165 in Update] -> [follow mouse ok] : (2.28304, 0.278787)
[2026-09-28 01:37:38.479] [INF] [default] [TitleBar.cpp:165 in Update] -> [follow mouse ok] : (2.28247, 0.283394)
[2026-09-28 01:37:38.485] [INF] [default] [TitleBar.cpp:165 in Update] -> [follow mouse ok] : (2.28188, 0.288155)
[2026-09-28 01:37:38.487] [INF] [default] [TitleBar.cpp:165 in Update] -> [follow mouse ok] : (2.28163, 0.290104)
[2026-09-28 01:37:38.493] [INF] [default] [TitleBar.cpp:165 in Update] -> [follow mouse ok] : (2.28112, 0.294082)
[2026-09-28 01:37:38.500] [INF] [default] [TitleBar.cpp:165 in Update] -> [follow mouse ok] : (2.28045, 0.299209)
[2026-09-28 01:37:38.505] [INF] [default] [TitleBar.cpp:165 in Update] -> [follow mouse ok] : (2.28018, 0.301309)
[2026-09-28 01:37:38.507] [INF] [default] [TitleBar.cpp:165 in Update] -> [follow mouse ok] : (2.27946, 0.306691)
[2026-09-28 01:37:38.514] [INF] [default] [TitleBar.cpp:165 in Update] -> [follow mouse ok] : (2.27982, 0.303977)
[2026-09-28 01:37:38.522] [INF] [default] [TitleBar.cpp:165 in Update] -> [follow mouse ok] : (2.27859, 0.313089)
[2026-09-28 01:37:38.528] [INF] [default] [TitleBar.cpp:165 in Update] -> [follow mouse ok] : (2.27793, 0.317851)
[2026-09-28 01:37:38.535] [INF] [default] [TitleBar.cpp:165 in Update] -> [follow mouse ok] : (2.2783, 0.31518)
[2026-09-28 01:37:38.538] [INF] [default] [TitleBar.cpp:165 in Update] -> [follow mouse ok] : (2.27796, 0.317644)
[2026-09-28 01:37:38.542] [INF] [default] [TitleBar.cpp:165 in Update] -> [follow mouse ok] : (2.27707, 0.323973)
[2026-09-28 01:37:38.548] [INF] [default] [TitleBar.cpp:165 in Update] -> [follow mouse ok] : (2.27612, 0.330557)
[2026-09-28 01:37:38.555] [INF] [default] [TitleBar.cpp:165 in Update] -> [follow mouse ok] : (2.27573, 0.333265)
[2026-09-28 01:37:38.557] [INF] [default] [TitleBar.cpp:165 in Update] -> [follow mouse ok] : (2.27448, 0.34166)
[2026-09-28 01:37:38.562] [INF] [default] [TitleBar.cpp:165 in Update] -> [follow mouse ok] : (2.27463, 0.340693)
[2026-09-28 01:37:38.570] [INF] [default] [TitleBar.cpp:165 in Update] -> [follow mouse ok] : (2.27478, 0.339673)
[2026-09-28 01:37:38.572] [INF] [default] [TitleBar.cpp:165 in Update] -> [follow mouse ok] : (2.27432, 0.342706)
[2026-09-28 01:37:38.578] [INF] [default] [TitleBar.cpp:165 in Update] -> [follow mouse ok] : (2.27362, 0.347358)
[2026-09-28 01:37:38.583] [INF] [default] [TitleBar.cpp:165 in Update] -> [follow mouse ok] : (2.27263, 0.353759)
[2026-09-28 01:37:38.588] [INF] [default] [TitleBar.cpp:165 in Update] -> [follow mouse ok] : (2.27212, 0.357047)
[2026-09-28 01:37:38.591] [INF] [default] [TitleBar.cpp:165 in Update] -> [follow mouse ok] : (2.27248, 0.354729)
[2026-09-28 01:37:38.598] [INF] [default] [TitleBar.cpp:165 in Update] -> [follow mouse ok] : (2.27139, 0.361615)
[2026-09-28 01:37:38.604] [INF] [default] [TitleBar.cpp:165 in Update] -> [follow mouse ok] : (2.27176, 0.359309)
[2026-09-28 01:37:38.606] [INF] [default] [TitleBar.cpp:165 in Update] -> [follow mouse ok] : (2.27119, 0.362922)
[2026-09-28 01:37:38.611] [INF] [default] [TitleBar.cpp:165 in Update] -> [follow mouse ok] : (2.27029, 0.368477)
[2026-09-28 01:37:38.618] [INF] [default] [TitleBar.cpp:165 in Update] -> [follow mouse ok] : (2.26903, 0.37615)
[2026-09-28 01:37:38.621] [INF] [default] [TitleBar.cpp:165 in Update] -> [follow mouse ok] : (2.26837, 0.380106)
[2026-09-28 01:37:38.625] [INF] [default] [TitleBar.cpp:165 in Update] -> [follow mouse ok] : (2.26699, 0.388269)
[2026-09-28 01:37:38.632] [INF] [default] [TitleBar.cpp:165 in Update] -> [follow mouse ok] : (2.2673, 0.386471)
[2026-09-28 01:37:38.638] [INF] [default] [TitleBar.cpp:165 in Update] -> [follow mouse ok] : (2.26656, 0.390786)
[2026-09-28 01:37:38.646] [INF] [default] [TitleBar.cpp:165 in Update] -> [follow mouse ok] : (2.2646, 0.401999)
[2026-09-28 01:37:38.653] [INF] [default] [TitleBar.cpp:165 in Update] -> [follow mouse ok] : (2.26569, 0.395813)
[2026-09-28 01:37:38.655] [INF] [default] [TitleBar.cpp:165 in Update] -> [follow mouse ok] : (2.26486, 0.400494)
[2026-09-28 01:37:38.661] [INF] [default] [TitleBar.cpp:165 in Update] -> [follow mouse ok] : (2.26313, 0.410192)
[2026-09-28 01:37:38.667] [INF] [default] [TitleBar.cpp:165 in Update] -> [follow mouse ok] : (2.26382, 0.406327)
[2026-09-28 01:37:38.672] [INF] [default] [TitleBar.cpp:165 in Update] -> [follow mouse ok] : (2.2629, 0.411436)
[2026-09-28 01:37:38.675] [INF] [default] [TitleBar.cpp:165 in Update] -> [follow mouse ok] : (2.26145, 0.419342)
[2026-09-28 01:37:38.682] [INF] [default] [TitleBar.cpp:165 in Update] -> [follow mouse ok] : (2.25991, 0.427551)
[2026-09-28 01:37:38.689] [INF] [default] [TitleBar.cpp:165 in Update] -> [follow mouse ok] : (2.25828, 0.436082)
[2026-09-28 01:37:38.696] [INF] [default] [TitleBar.cpp:165 in Update] -> [follow mouse ok] : (2.25655, 0.444953)
[2026-09-28 01:37:38.705] [INF] [default] [TitleBar.cpp:165 in Update] -> [follow mouse ok] : (2.25534, 0.451067)
[2026-09-28 01:37:38.710] [INF] [default] [TitleBar.cpp:165 in Update] -> [follow mouse ok] : (2.25342, 0.460553)
[2026-09-28 01:37:38.722] [INF] [default] [TitleBar.cpp:165 in Update] -> [follow mouse ok] : (2.25207, 0.467096)
[2026-09-28 01:37:38.724] [INF] [default] [TitleBar.cpp:165 in Update] -> [follow mouse ok] : (2.24994, 0.47726)
[2026-09-28 01:37:38.738] [INF] [default] [TitleBar.cpp:165 in Update] -> [follow mouse ok] : (2.24844, 0.484279)
[2026-09-28 01:37:38.744] [INF] [default] [TitleBar.cpp:165 in Update] -> [follow mouse ok] : (2.24606, 0.495194)
[2026-09-28 01:37:38.755] [INF] [default] [TitleBar.cpp:165 in Update] -> [follow mouse ok] : (2.24438, 0.502742)
[2026-09-28 01:37:38.758] [INF] [default] [TitleBar.cpp:165 in Update] -> [follow mouse ok] : (2.24172, 0.514493)
[2026-09-28 01:37:38.771] [INF] [default] [TitleBar.cpp:165 in Update] -> [follow mouse ok] : (2.23983, 0.522628)
[2026-09-28 01:37:38.786] [INF] [default] [TitleBar.cpp:165 in Update] -> [follow mouse ok] : (2.23684, 0.535311)
[2026-09-28 01:37:38.789] [INF] [default] [TitleBar.cpp:165 in Update] -> [follow mouse ok] : (2.23471, 0.544104)
[2026-09-28 01:37:38.805] [INF] [default] [TitleBar.cpp:165 in Update] -> [follow mouse ok] : (2.23249, 0.553182)
[2026-09-28 01:37:38.821] [INF] [default] [TitleBar.cpp:165 in Update] -> [follow mouse ok] : (2.22892, 0.567362)
[2026-09-28 01:37:38.823] [INF] [default] [TitleBar.cpp:165 in Update] -> [follow mouse ok] : (2.22639, 0.577213)
[2026-09-28 01:37:38.838] [INF] [default] [TitleBar.cpp:165 in Update] -> [follow mouse ok] : (2.22373, 0.5874)
[2026-09-28 01:37:38.855] [INF] [default] [TitleBar.cpp:165 in Update] -> [follow mouse ok] : (2.22092, 0.597939)
[2026-09-28 01:37:38.872] [INF] [default] [TitleBar.cpp:165 in Update] -> [follow mouse ok] : (2.21795, 0.608849)
[2026-09-28 01:37:38.889] [INF] [default] [TitleBar.cpp:165 in Update] -> [follow mouse ok] : (2.21482, 0.620149)
[2026-09-28 01:37:38.906] [INF] [default] [TitleBar.cpp:165 in Update] -> [follow mouse ok] : (2.2115, 0.631859)
[2026-09-28 01:37:38.922] [INF] [default] [TitleBar.cpp:165 in Update] -> [follow mouse ok] : (2.208, 0.644)
[2026-09-28 01:37:38.939] [INF] [default] [TitleBar.cpp:165 in Update] -> [follow mouse ok] : (2.20429, 0.656596)
[2026-09-28 01:37:38.955] [INF] [default] [TitleBar.cpp:165 in Update] -> [follow mouse ok] : (2.20035, 0.669672)
[2026-09-28 01:37:38.960] [INF] [default] [TitleBar.cpp:165 in Update] -> [follow mouse ok] : (2.19398, 0.690242)
[2026-09-28 01:37:38.971] [INF] [default] [TitleBar.cpp:165 in Update] -> [follow mouse ok] : (2.1894, 0.704636)
[2026-09-28 01:37:38.989] [INF] [default] [TitleBar.cpp:165 in Update] -> [follow mouse ok] : (2.18453, 0.719609)
[2026-09-28 01:37:39.005] [INF] [default] [TitleBar.cpp:165 in Update] -> [follow mouse ok] : (2.17933, 0.735196)
[2026-09-28 01:37:39.022] [INF] [default] [TitleBar.cpp:165 in Update] -> [follow mouse ok] : (2.17379, 0.751433)
[2026-09-28 01:37:39.038] [INF] [default] [TitleBar.cpp:165 in Update] -> [follow mouse ok] : (2.16786, 0.768356)
[2026-09-28 01:37:39.055] [INF] [default] [TitleBar.cpp:165 in Update] -> [follow mouse ok] : (2.16152, 0.786009)
[2026-09-28 01:37:39.072] [INF] [default] [TitleBar.cpp:165 in Update] -> [follow mouse ok] : (2.15474, 0.804435)
[2026-09-28 01:37:39.085] [INF] [default] [TitleBar.cpp:165 in Update] -> [follow mouse ok] : (2.14361, 0.833626)
[2026-09-28 01:37:39.089] [INF] [default] [TitleBar.cpp:165 in Update] -> [follow mouse ok] : (2.1355, 0.854198)
[2026-09-28 01:37:39.105] [INF] [default] [TitleBar.cpp:165 in Update] -> [follow mouse ok] : (2.12676, 0.875724)
[2026-09-28 01:37:39.122] [INF] [default] [TitleBar.cpp:165 in Update] -> [follow mouse ok] : (2.11734, 0.898265)
[2026-09-28 01:37:39.127] [INF] [default] [TitleBar.cpp:165 in Update] -> [follow mouse ok] : (2.09496, 0.94928)
[2026-09-28 01:37:39.138] [INF] [default] [TitleBar.cpp:165 in Update] -> [follow mouse ok] : (2.08336, 0.974476)
[2026-09-28 01:37:39.155] [INF] [default] [TitleBar.cpp:165 in Update] -> [follow mouse ok] : (2.0708, 1.00089)
[2026-09-28 01:37:39.172] [INF] [default] [TitleBar.cpp:165 in Update] -> [follow mouse ok] : (2.07127, 0.999923)
[2026-09-28 01:37:39.188] [INF] [default] [TitleBar.cpp:165 in Update] -> [follow mouse ok] : (2.05718, 1.02859)
[2026-09-28 01:37:39.205] [INF] [default] [TitleBar.cpp:165 in Update] -> [follow mouse ok] : (2.05718, 1.02859)
[2026-09-28 01:37:39.221] [INF] [default] [TitleBar.cpp:165 in Update] -> [follow mouse ok] : (2.05718, 1.02859)
[2026-09-28 01:37:39.239] [INF] [default] [TitleBar.cpp:165 in Update] -> [follow mouse ok] : (2.05718, 1.02859)
[2026-09-28 01:37:39.255] [INF] [default] [TitleBar.cpp:165 in Update] -> [follow mouse ok] : (2.05718, 1.02859)
[2026-09-28 01:37:39.271] [INF] [default] [TitleBar.cpp:165 in Update] -> [follow mouse ok] : (2.05718, 1.02859)
[2026-09-28 01:37:39.288] [INF] [default] [TitleBar.cpp:165 in Update] -> [follow mouse ok] : (2.05718, 1.02859)
[2026-09-28 01:37:39.305] [INF] [default] [TitleBar.cpp:165 in Update] -> [follow mouse ok] : (2.05718, 1.02859)
[2026-09-28 01:37:39.322] [INF] [default] [TitleBar.cpp:165 in Update] -> [follow mouse ok] : (2.05718, 1.02859)
[2026-09-28 01:37:39.339] [INF] [default] [TitleBar.cpp:165 in Update] -> [follow mouse ok] : (2.05718, 1.02859)
[2026-09-28 01:37:39.343] [INF] [default] [TitleBar.cpp:165 in Update] -> [follow mouse ok] : (2.04536, 1.0519)
[2026-09-28 01:37:39.355] [INF] [default] [TitleBar.cpp:165 in Update] -> [follow mouse ok] : (2.04464, 1.0533)
[2026-09-28 01:37:39.364] [INF] [default] [TitleBar.cpp:165 in Update] -> [follow mouse ok] : (2.07037, 1.00179)
[2026-09-28 01:37:39.371] [INF] [default] [TitleBar.cpp:165 in Update] -> [follow mouse ok] : (2.05718, 1.02859)
[2026-09-28 01:37:39.373] [INF] [default] [TitleBar.cpp:165 in Update] -> [follow mouse ok] : (2.05718, 1.02859)
[2026-09-28 01:37:39.378] [INF] [default] [TitleBar.cpp:165 in Update] -> [follow mouse ok] : (2.03914, 1.0639)
[2026-09-28 01:37:39.388] [INF] [default] [TitleBar.cpp:165 in Update] -> [follow mouse ok] : (2.03741, 1.06722)
[2026-09-28 01:37:39.392] [INF] [default] [TitleBar.cpp:165 in Update] -> [follow mouse ok] : (2.01056, 1.11698)
[2026-09-28 01:37:39.406] [INF] [default] [TitleBar.cpp:165 in Update] -> [follow mouse ok] : (2.00462, 1.1276)
[2026-09-28 01:37:39.407] [INF] [default] [TitleBar.cpp:165 in Update] -> [follow mouse ok] : (2.05718, 1.02859)
[2026-09-28 01:37:39.413] [INF] [default] [TitleBar.cpp:165 in Update] -> [follow mouse ok] : (2.01916, 1.10136)
[2026-09-28 01:37:39.420] [INF] [default] [TitleBar.cpp:165 in Update] -> [follow mouse ok] : (2.10177, 0.934118)
[2026-09-28 01:37:39.421] [INF] [default] [TitleBar.cpp:165 in Update] -> [follow mouse ok] : (1.99696, 1.14112)
[2026-09-28 01:37:39.438] [INF] [default] [TitleBar.cpp:165 in Update] -> [follow mouse ok] : (2.05718, 1.02859)
[2026-09-28 01:37:39.440] [INF] [default] [TitleBar.cpp:165 in Update] -> [follow mouse ok] : (1.91372, 1.27581)
[2026-09-28 01:37:39.447] [INF] [default] [TitleBar.cpp:165 in Update] -> [follow mouse ok] : (2.3, 0)
[2026-09-28 01:37:39.455] [INF] [default] [TitleBar.cpp:165 in Update] -> [follow mouse ok] : (2.3, 0)
[2026-09-28 01:37:39.472] [INF] [default] [TitleBar.cpp:165 in Update] -> [follow mouse ok] : (2.3, 0)
[2026-09-28 01:37:40.669] [INF] [default] [TitleBar.cpp:165 in Update] -> [follow mouse ok] : (0, 2.3)
[2026-09-28 01:37:40.675] [INF] [default] [TitleBar.cpp:165 in Update] -> [follow mouse ok] : (0, 2.3)
[2026-09-28 01:37:40.682] [INF] [default] [TitleBar.cpp:165 in Update] -> [follow mouse ok] : (0, 2.3)
[2026-09-28 01:37:40.683] [INF] [default] [TitleBar.cpp:165 in Update] -> [follow mouse ok] : (0, 2.3)
[2026-09-28 01:37:40.690] [INF] [default] [TitleBar.cpp:165 in Update] -> [follow mouse ok] : (0, 2.3)
[2026-09-28 01:37:40.696] [INF] [default] [TitleBar.cpp:165 in Update] -> [follow mouse ok] : (0, 2.3)
[2026-09-28 01:37:40.698] [INF] [default] [TitleBar.cpp:165 in Update] -> [follow mouse ok] : (0, 2.3)
[2026-09-28 01:37:40.703] [INF] [default] [TitleBar.cpp:165 in Update] -> [follow mouse ok] : (0, 2.3)
[2026-09-28 01:37:40.710] [INF] [default] [TitleBar.cpp:165 in Update] -> [follow mouse ok] : (0.0792632, 2.29863)
[2026-09-28 01:37:40.716] [INF] [default] [TitleBar.cpp:165 in Update] -> [follow mouse ok] : (0.0851268, 2.29842)
[2026-09-28 01:37:40.718] [INF] [default] [TitleBar.cpp:165 in Update] -> [follow mouse ok] : (0.0883962, 2.2983)
[2026-09-28 01:37:40.724] [INF] [default] [TitleBar.cpp:165 in Update] -> [follow mouse ok] : (0.0919265, 2.29816)
[2026-09-28 01:37:40.731] [INF] [default] [TitleBar.cpp:165 in Update] -> [follow mouse ok] : (0.0883962, 2.2983)
[2026-09-28 01:37:40.733] [INF] [default] [TitleBar.cpp:165 in Update] -> [follow mouse ok] : (0.0957502, 2.29801)
[2026-09-28 01:37:40.738] [INF] [default] [TitleBar.cpp:165 in Update] -> [follow mouse ok] : (0.0957502, 2.29801)
[2026-09-28 01:37:40.745] [INF] [default] [TitleBar.cpp:165 in Update] -> [follow mouse ok] : (0.0957502, 2.29801)
[2026-09-28 01:37:40.749] [INF] [default] [TitleBar.cpp:165 in Update] -> [follow mouse ok] : (0.104438, 2.29763)
[2026-09-28 01:37:40.752] [INF] [default] [TitleBar.cpp:165 in Update] -> [follow mouse ok] : (0.104438, 2.29763)
[2026-09-28 01:37:40.758] [INF] [default] [TitleBar.cpp:165 in Update] -> [follow mouse ok] : (0.0999056, 2.29783)
[2026-09-28 01:37:40.766] [INF] [default] [TitleBar.cpp:165 in Update] -> [follow mouse ok] : (0.1094, 2.2974)
[2026-09-28 01:37:40.767] [INF] [default] [TitleBar.cpp:165 in Update] -> [follow mouse ok] : (0.1094, 2.2974)
[2026-09-28 01:37:40.772] [INF] [default] [TitleBar.cpp:165 in Update] -> [follow mouse ok] : (0.1094, 2.2974)
[2026-09-28 01:37:40.780] [INF] [default] [TitleBar.cpp:165 in Update] -> [follow mouse ok] : (0.114857, 2.29713)
[2026-09-28 01:37:40.784] [INF] [default] [TitleBar.cpp:165 in Update] -> [follow mouse ok] : (0.127581, 2.29646)
[2026-09-28 01:37:40.787] [INF] [default] [TitleBar.cpp:165 in Update] -> [follow mouse ok] : (0.120885, 2.29682)
[2026-09-28 01:37:40.794] [INF] [default] [TitleBar.cpp:165 in Update] -> [follow mouse ok] : (0.114857, 2.29713)
[2026-09-28 01:37:40.799] [INF] [default] [TitleBar.cpp:165 in Update] -> [follow mouse ok] : (0.127581, 2.29646)
[2026-09-28 01:37:40.801] [INF] [default] [TitleBar.cpp:165 in Update] -> [follow mouse ok] : (0.135061, 2.29603)
[2026-09-28 01:37:40.807] [INF] [default] [TitleBar.cpp:165 in Update] -> [follow mouse ok] : (0.135061, 2.29603)
[2026-09-28 01:37:40.816] [INF] [default] [TitleBar.cpp:165 in Update] -> [follow mouse ok] : (0.14347, 2.29552)
[2026-09-28 01:37:40.821] [INF] [default] [TitleBar.cpp:165 in Update] -> [follow mouse ok] : (0.135061, 2.29603)
[2026-09-28 01:37:40.828] [INF] [default] [TitleBar.cpp:165 in Update] -> [follow mouse ok] : (0.135061, 2.29603)
[2026-09-28 01:37:40.833] [INF] [default] [TitleBar.cpp:165 in Update] -> [follow mouse ok] : (0.152994, 2.29491)
[2026-09-28 01:37:40.836] [INF] [default] [TitleBar.cpp:165 in Update] -> [follow mouse ok] : (0.163868, 2.29415)
[2026-09-28 01:37:40.842] [INF] [default] [TitleBar.cpp:165 in Update] -> [follow mouse ok] : (0.176402, 2.29323)
[2026-09-28 01:37:40.848] [INF] [default] [TitleBar.cpp:165 in Update] -> [follow mouse ok] : (0.208232, 2.29055)
[2026-09-28 01:37:40.851] [INF] [default] [TitleBar.cpp:165 in Update] -> [follow mouse ok] : (0.208232, 2.29055)
[2026-09-28 01:37:40.857] [INF] [default] [TitleBar.cpp:165 in Update] -> [follow mouse ok] : (0.228859, 2.28859)
[2026-09-28 01:37:40.863] [INF] [default] [TitleBar.cpp:165 in Update] -> [follow mouse ok] : (0.253992, 2.28593)
[2026-09-28 01:37:40.865] [INF] [default] [TitleBar.cpp:165 in Update] -> [follow mouse ok] : (0.325269, 2.27688)
[2026-09-28 01:37:40.870] [INF] [default] [TitleBar.cpp:165 in Update] -> [follow mouse ok] : (0.378118, 2.26871)
[2026-09-28 01:37:40.878] [INF] [default] [TitleBar.cpp:165 in Update] -> [follow mouse ok] : (0.378118, 2.26871)
[2026-09-28 01:37:40.882] [INF] [default] [TitleBar.cpp:165 in Update] -> [follow mouse ok] : (0.557832, 2.23133)
[2026-09-28 01:37:40.885] [INF] [default] [TitleBar.cpp:165 in Update] -> [follow mouse ok] : (0.451067, 2.25534)
[2026-09-28 01:37:40.898] [INF] [default] [TitleBar.cpp:165 in Update] -> [follow mouse ok] : (0.451067, 2.25534)
[2026-09-28 01:37:40.900] [INF] [default] [TitleBar.cpp:165 in Update] -> [follow mouse ok] : (0.727324, 2.18197)
[2026-09-28 01:37:40.905] [INF] [default] [TitleBar.cpp:165 in Update] -> [follow mouse ok] : (0.557832, 2.23133)
[2026-09-28 01:37:40.912] [INF] [default] [TitleBar.cpp:165 in Update] -> [follow mouse ok] : (0.557832, 2.23133)
[2026-09-28 01:37:40.915] [INF] [default] [TitleBar.cpp:165 in Update] -> [follow mouse ok] : (1.02859, 2.05718)
[2026-09-28 01:37:40.919] [INF] [default] [TitleBar.cpp:165 in Update] -> [follow mouse ok] : (0.6609, 2.203)
[2026-09-28 01:37:40.926] [INF] [default] [TitleBar.cpp:165 in Update] -> [follow mouse ok] : (0.727324, 2.18197)
[2026-09-28 01:37:40.932] [INF] [default] [TitleBar.cpp:165 in Update] -> [follow mouse ok] : (0.854199, 2.1355)
[2026-09-28 01:37:40.934] [INF] [default] [TitleBar.cpp:165 in Update] -> [follow mouse ok] : (0.773574, 2.16601)
[2026-09-28 01:37:40.939] [INF] [default] [TitleBar.cpp:165 in Update] -> [follow mouse ok] : (0.692602, 2.19324)
[2026-09-28 01:37:40.947] [INF] [default] [TitleBar.cpp:165 in Update] -> [follow mouse ok] : (0.727324, 2.18197)
[2026-09-28 01:37:40.949] [INF] [default] [TitleBar.cpp:165 in Update] -> [follow mouse ok] : (0.786009, 2.16153)
[2026-09-28 01:37:40.955] [INF] [default] [TitleBar.cpp:165 in Update] -> [follow mouse ok] : (0.807584, 2.15356)
[2026-09-28 01:37:40.961] [INF] [default] [TitleBar.cpp:165 in Update] -> [follow mouse ok] : (0.867783, 2.13001)
[2026-09-28 01:37:40.966] [INF] [default] [TitleBar.cpp:165 in Update] -> [follow mouse ok] : (0.926299, 2.10522)
[2026-09-28 01:37:40.968] [INF] [default] [TitleBar.cpp:165 in Update] -> [follow mouse ok] : (1.05667, 2.0429)
[2026-09-28 01:37:40.974] [INF] [default] [TitleBar.cpp:165 in Update] -> [follow mouse ok] : (1.00343, 2.06957)
[2026-09-28 01:37:40.982] [INF] [default] [TitleBar.cpp:165 in Update] -> [follow mouse ok] : (1.09369, 2.02332)
[2026-09-28 01:37:40.988] [INF] [default] [TitleBar.cpp:165 in Update] -> [follow mouse ok] : (1.08748, 2.02667)
[2026-09-28 01:37:40.996] [INF] [default] [TitleBar.cpp:165 in Update] -> [follow mouse ok] : (1.19588, 1.96466)
[2026-09-28 01:37:40.999] [INF] [default] [TitleBar.cpp:165 in Update] -> [follow mouse ok] : (1.18334, 1.97223)
[2026-09-28 01:37:41.003] [INF] [default] [TitleBar.cpp:165 in Update] -> [follow mouse ok] : (1.20542, 1.95881)
[2026-09-28 01:37:41.009] [INF] [default] [TitleBar.cpp:165 in Update] -> [follow mouse ok] : (1.23282, 1.94169)
[2026-09-28 01:37:41.015] [INF] [default] [TitleBar.cpp:165 in Update] -> [follow mouse ok] : (1.22464, 1.94686)
[2026-09-28 01:37:41.018] [INF] [default] [TitleBar.cpp:165 in Update] -> [follow mouse ok] : (1.24631, 1.93306)
[2026-09-28 01:37:41.024] [INF] [default] [TitleBar.cpp:165 in Update] -> [follow mouse ok] : (1.29145, 1.90319)
[2026-09-28 01:37:41.031] [INF] [default] [TitleBar.cpp:165 in Update] -> [follow mouse ok] : (1.37702, 1.84223)
[2026-09-28 01:37:41.033] [INF] [default] [TitleBar.cpp:165 in Update] -> [follow mouse ok] : (1.37397, 1.84451)
[2026-09-28 01:37:41.038] [INF] [default] [TitleBar.cpp:165 in Update] -> [follow mouse ok] : (1.44053, 1.793)
[2026-09-28 01:37:41.044] [INF] [default] [TitleBar.cpp:165 in Update] -> [follow mouse ok] : (1.4641, 1.77381)
[2026-09-28 01:37:41.048] [INF] [default] [TitleBar.cpp:165 in Update] -> [follow mouse ok] : (1.46262, 1.77503)
[2026-09-28 01:37:41.052] [INF] [default] [TitleBar.cpp:165 in Update] -> [follow mouse ok] : (1.48567, 1.75579)
[2026-09-28 01:37:41.059] [INF] [default] [TitleBar.cpp:165 in Update] -> [follow mouse ok] : (1.49258, 1.74992)
[2026-09-28 01:37:41.066] [INF] [default] [TitleBar.cpp:165 in Update] -> [follow mouse ok] : (1.51195, 1.73321)
[2026-09-28 01:37:41.073] [INF] [default] [TitleBar.cpp:165 in Update] -> [follow mouse ok] : (1.52053, 1.72568)
[2026-09-28 01:37:41.079] [INF] [default] [TitleBar.cpp:165 in Update] -> [follow mouse ok] : (1.53398, 1.71374)
[2026-09-28 01:37:41.082] [INF] [default] [TitleBar.cpp:165 in Update] -> [follow mouse ok] : (1.53328, 1.71437)
[2026-09-28 01:37:41.086] [INF] [default] [TitleBar.cpp:165 in Update] -> [follow mouse ok] : (1.53328, 1.71437)
[2026-09-28 01:37:41.093] [INF] [default] [TitleBar.cpp:165 in Update] -> [follow mouse ok] : (1.52729, 1.7197)
[2026-09-28 01:37:41.098] [INF] [default] [TitleBar.cpp:165 in Update] -> [follow mouse ok] : (1.52653, 1.72038)
[2026-09-28 01:37:41.100] [INF] [default] [TitleBar.cpp:165 in Update] -> [follow mouse ok] : (1.53929, 1.70897)
[2026-09-28 01:37:41.107] [INF] [default] [TitleBar.cpp:165 in Update] -> [follow mouse ok] : (1.54533, 1.70351)
[2026-09-28 01:37:41.116] [INF] [default] [TitleBar.cpp:165 in Update] -> [follow mouse ok] : (1.54471, 1.70408)
[2026-09-28 01:37:41.121] [INF] [default] [TitleBar.cpp:165 in Update] -> [follow mouse ok] : (1.53794, 1.71019)
[2026-09-28 01:37:41.132] [INF] [default] [TitleBar.cpp:165 in Update] -> [follow mouse ok] : (1.53725, 1.71081)
[2026-09-28 01:37:41.141] [INF] [default] [TitleBar.cpp:165 in Update] -> [follow mouse ok] : (1.54343, 1.70524)
[2026-09-28 01:37:41.150] [INF] [default] [TitleBar.cpp:165 in Update] -> [follow mouse ok] : (1.54277, 1.70583)
[2026-09-28 01:37:41.163] [INF] [default] [TitleBar.cpp:165 in Update] -> [follow mouse ok] : (1.54903, 1.70015)
[2026-09-28 01:37:41.165] [INF] [default] [TitleBar.cpp:165 in Update] -> [follow mouse ok] : (1.54841, 1.70071)
[2026-09-28 01:37:41.183] [INF] [default] [TitleBar.cpp:165 in Update] -> [follow mouse ok] : (1.54778, 1.70128)
[2026-09-28 01:37:41.198] [INF] [default] [TitleBar.cpp:165 in Update] -> [follow mouse ok] : (1.54715, 1.70186)
[2026-09-28 01:37:41.211] [INF] [default] [TitleBar.cpp:165 in Update] -> [follow mouse ok] : (1.53934, 1.70893)
[2026-09-28 01:37:41.216] [INF] [default] [TitleBar.cpp:165 in Update] -> [follow mouse ok] : (1.53862, 1.70958)
[2026-09-28 01:37:41.226] [INF] [default] [TitleBar.cpp:165 in Update] -> [follow mouse ok] : (1.53051, 1.71684)
[2026-09-28 01:37:41.233] [INF] [default] [TitleBar.cpp:165 in Update] -> [follow mouse ok] : (1.5297, 1.71756)
[2026-09-28 01:37:41.234] [INF] [default] [TitleBar.cpp:165 in Update] -> [follow mouse ok] : (1.52128, 1.72502)
[2026-09-28 01:37:41.240] [INF] [default] [TitleBar.cpp:165 in Update] -> [follow mouse ok] : (1.51161, 1.7335)
[2026-09-28 01:37:41.246] [INF] [default] [TitleBar.cpp:165 in Update] -> [follow mouse ok] : (1.50851, 1.73621)
[2026-09-28 01:37:41.249] [INF] [default] [TitleBar.cpp:165 in Update] -> [follow mouse ok] : (1.50743, 1.73714)
[2026-09-28 01:37:41.254] [INF] [default] [TitleBar.cpp:165 in Update] -> [follow mouse ok] : (1.48959, 1.75246)
[2026-09-28 01:37:41.261] [INF] [default] [TitleBar.cpp:165 in Update] -> [follow mouse ok] : (1.46947, 1.76936)
[2026-09-28 01:37:41.266] [INF] [default] [TitleBar.cpp:165 in Update] -> [follow mouse ok] : (1.46795, 1.77062)
[2026-09-28 01:37:41.268] [INF] [default] [TitleBar.cpp:165 in Update] -> [follow mouse ok] : (1.42518, 1.80523)
[2026-09-28 01:37:41.274] [INF] [default] [TitleBar.cpp:165 in Update] -> [follow mouse ok] : (1.37463, 1.84402)
[2026-09-28 01:37:41.281] [INF] [default] [TitleBar.cpp:165 in Update] -> [follow mouse ok] : (1.32014, 1.88341)
[2026-09-28 01:37:41.283] [INF] [default] [TitleBar.cpp:165 in Update] -> [follow mouse ok] : (1.31657, 1.8859)
[2026-09-28 01:37:41.288] [INF] [default] [TitleBar.cpp:165 in Update] -> [follow mouse ok] : (1.25413, 1.92799)
[2026-09-28 01:37:41.295] [INF] [default] [TitleBar.cpp:165 in Update] -> [follow mouse ok] : (1.17144, 1.97933)
[2026-09-28 01:37:41.298] [INF] [default] [TitleBar.cpp:165 in Update] -> [follow mouse ok] : (1.16525, 1.98297)
[2026-09-28 01:37:41.302] [INF] [default] [TitleBar.cpp:165 in Update] -> [follow mouse ok] : (1.08011, 2.03061)
[2026-09-28 01:37:41.309] [INF] [default] [TitleBar.cpp:165 in Update] -> [follow mouse ok] : (0.991532, 2.0753)
[2026-09-28 01:37:41.316] [INF] [default] [TitleBar.cpp:165 in Update] -> [follow mouse ok] : (1.00976, 2.06649)
[2026-09-28 01:37:41.318] [INF] [default] [TitleBar.cpp:165 in Update] -> [follow mouse ok] : (0.9029, 2.11537)
[2026-09-28 01:37:41.323] [INF] [default] [TitleBar.cpp:165 in Update] -> [follow mouse ok] : (0.692602, 2.19324)
[2026-09-28 01:37:41.330] [INF] [default] [TitleBar.cpp:165 in Update] -> [follow mouse ok] : (0.457348, 2.25407)
[2026-09-28 01:37:41.332] [INF] [default] [TitleBar.cpp:165 in Update] -> [follow mouse ok] : (0.470437, 2.25137)
[2026-09-28 01:37:41.337] [INF] [default] [TitleBar.cpp:165 in Update] -> [follow mouse ok] : (0.112978, 2.29722)
[2026-09-28 01:37:42.390] [INF] [default] [TitleBar.cpp:165 in Update] -> [follow mouse ok] : (2.29999, 0.00714282)
[2026-09-28 01:37:42.396] [INF] [default] [TitleBar.cpp:165 in Update] -> [follow mouse ok] : (2.2999, 0.0216291)
[2026-09-28 01:37:42.399] [INF] [default] [TitleBar.cpp:165 in Update] -> [follow mouse ok] : (2.2999, 0.0217656)
[2026-09-28 01:37:42.403] [INF] [default] [TitleBar.cpp:165 in Update] -> [follow mouse ok] : (2.29958, 0.0440814)
[2026-09-28 01:37:42.410] [INF] [default] [TitleBar.cpp:165 in Update] -> [follow mouse ok] : (2.29903, 0.0669619)
[2026-09-28 01:37:42.416] [INF] [default] [TitleBar.cpp:165 in Update] -> [follow mouse ok] : (2.29901, 0.0673978)
[2026-09-28 01:37:42.418] [INF] [default] [TitleBar.cpp:165 in Update] -> [follow mouse ok] : (2.2985, 0.0831693)
[2026-09-28 01:37:42.424] [INF] [default] [TitleBar.cpp:165 in Update] -> [follow mouse ok] : (2.29816, 0.0919265)
[2026-09-28 01:37:42.431] [INF] [default] [TitleBar.cpp:165 in Update] -> [follow mouse ok] : (2.29741, 0.10903)
[2026-09-28 01:37:42.433] [INF] [default] [TitleBar.cpp:165 in Update] -> [follow mouse ok] : (2.29738, 0.109772)
[2026-09-28 01:37:42.439] [INF] [default] [TitleBar.cpp:165 in Update] -> [follow mouse ok] : (2.29606, 0.134597)
[2026-09-28 01:37:42.445] [INF] [default] [TitleBar.cpp:165 in Update] -> [follow mouse ok] : (2.29491, 0.152994)
[2026-09-28 01:37:42.449] [INF] [default] [TitleBar.cpp:165 in Update] -> [follow mouse ok] : (2.29483, 0.15407)
[2026-09-28 01:37:42.453] [INF] [default] [TitleBar.cpp:165 in Update] -> [follow mouse ok] : (2.29356, 0.172017)
[2026-09-28 01:37:42.459] [INF] [default] [TitleBar.cpp:165 in Update] -> [follow mouse ok] : (2.292, 0.191694)
[2026-09-28 01:37:42.466] [INF] [default] [TitleBar.cpp:165 in Update] -> [follow mouse ok] : (2.2911, 0.202156)
[2026-09-28 01:37:42.473] [INF] [default] [TitleBar.cpp:165 in Update] -> [follow mouse ok] : (2.28933, 0.221274)
[2026-09-28 01:37:42.480] [INF] [default] [TitleBar.cpp:165 in Update] -> [follow mouse ok] : (2.28635, 0.250204)
[2026-09-28 01:37:42.482] [INF] [default] [TitleBar.cpp:165 in Update] -> [follow mouse ok] : (2.28614, 0.252084)
[2026-09-28 01:37:42.487] [INF] [default] [TitleBar.cpp:165 in Update] -> [follow mouse ok] : (2.28484, 0.263635)
[2026-09-28 01:37:42.493] [INF] [default] [TitleBar.cpp:165 in Update] -> [follow mouse ok] : (2.28113, 0.294051)
[2026-09-28 01:37:42.499] [INF] [default] [TitleBar.cpp:165 in Update] -> [follow mouse ok] : (2.28083, 0.296328)
[2026-09-28 01:37:42.501] [INF] [default] [TitleBar.cpp:165 in Update] -> [follow mouse ok] : (2.27796, 0.317644)
[2026-09-28 01:37:42.508] [INF] [default] [TitleBar.cpp:165 in Update] -> [follow mouse ok] : (2.27595, 0.331718)
[2026-09-28 01:37:42.516] [INF] [default] [TitleBar.cpp:165 in Update] -> [follow mouse ok] : (2.2726, 0.35393)
[2026-09-28 01:37:42.519] [INF] [default] [TitleBar.cpp:165 in Update] -> [follow mouse ok] : (2.27216, 0.356785)
[2026-09-28 01:37:42.522] [INF] [default] [TitleBar.cpp:165 in Update] -> [follow mouse ok] : (2.27022, 0.368911)
[2026-09-28 01:37:42.528] [INF] [default] [TitleBar.cpp:165 in Update] -> [follow mouse ok] : (2.26634, 0.392067)
[2026-09-28 01:37:42.533] [INF] [default] [TitleBar.cpp:165 in Update] -> [follow mouse ok] : (2.26577, 0.395305)
[2026-09-28 01:37:42.536] [INF] [default] [TitleBar.cpp:165 in Update] -> [follow mouse ok] : (2.2649, 0.400263)
[2026-09-28 01:37:42.543] [INF] [default] [TitleBar.cpp:165 in Update] -> [follow mouse ok] : (2.26049, 0.42446)
[2026-09-28 01:37:42.550] [INF] [default] [TitleBar.cpp:165 in Update] -> [follow mouse ok] : (2.25981, 0.42807)
[2026-09-28 01:37:42.551] [INF] [default] [TitleBar.cpp:165 in Update] -> [follow mouse ok] : (2.25534, 0.451067)
[2026-09-28 01:37:42.557] [INF] [default] [TitleBar.cpp:165 in Update] -> [follow mouse ok] : (2.25416, 0.456924)
[2026-09-28 01:37:42.563] [INF] [default] [TitleBar.cpp:165 in Update] -> [follow mouse ok] : (2.2488, 0.482618)
[2026-09-28 01:37:42.566] [INF] [default] [TitleBar.cpp:165 in Update] -> [follow mouse ok] : (2.24788, 0.486868)
[2026-09-28 01:37:42.570] [INF] [default] [TitleBar.cpp:165 in Update] -> [follow mouse ok] : (2.24198, 0.51335)
[2026-09-28 01:37:42.577] [INF] [default] [TitleBar.cpp:165 in Update] -> [follow mouse ok] : (2.23745, 0.532727)
[2026-09-28 01:37:42.583] [INF] [default] [TitleBar.cpp:165 in Update] -> [follow mouse ok] : (2.2363, 0.537571)
[2026-09-28 01:37:42.591] [INF] [default] [TitleBar.cpp:165 in Update] -> [follow mouse ok] : (2.2326, 0.55273)
[2026-09-28 01:37:42.598] [INF] [default] [TitleBar.cpp:165 in Update] -> [follow mouse ok] : (2.22738, 0.573385)
[2026-09-28 01:37:42.600] [INF] [default] [TitleBar.cpp:165 in Update] -> [follow mouse ok] : (2.22599, 0.578758)
[2026-09-28 01:37:42.605] [INF] [default] [TitleBar.cpp:165 in Update] -> [follow mouse ok] : (2.22383, 0.587001)
[2026-09-28 01:37:42.612] [INF] [default] [TitleBar.cpp:165 in Update] -> [follow mouse ok] : (2.21948, 0.603244)
[2026-09-28 01:37:42.616] [INF] [default] [TitleBar.cpp:165 in Update] -> [follow mouse ok] : (2.21789, 0.609059)
[2026-09-28 01:37:42.620] [INF] [default] [TitleBar.cpp:165 in Update] -> [follow mouse ok] : (2.21238, 0.628782)
[2026-09-28 01:37:42.626] [INF] [default] [TitleBar.cpp:165 in Update] -> [follow mouse ok] : (2.20654, 0.648982)
[2026-09-28 01:37:42.634] [INF] [default] [TitleBar.cpp:165 in Update] -> [follow mouse ok] : (2.20463, 0.655432)
[2026-09-28 01:37:42.635] [INF] [default] [TitleBar.cpp:165 in Update] -> [follow mouse ok] : (2.20166, 0.665338)
[2026-09-28 01:37:42.640] [INF] [default] [TitleBar.cpp:165 in Update] -> [follow mouse ok] : (2.19509, 0.686731)
[2026-09-28 01:37:42.647] [INF] [default] [TitleBar.cpp:165 in Update] -> [follow mouse ok] : (2.18692, 0.712311)
[2026-09-28 01:37:42.648] [INF] [default] [TitleBar.cpp:165 in Update] -> [follow mouse ok] : (2.18448, 0.719743)
[2026-09-28 01:37:42.654] [INF] [default] [TitleBar.cpp:165 in Update] -> [follow mouse ok] : (2.17286, 0.75411)
[2026-09-28 01:37:42.660] [INF] [default] [TitleBar.cpp:165 in Update] -> [follow mouse ok] : (2.15998, 0.790237)
[2026-09-28 01:37:42.666] [INF] [default] [TitleBar.cpp:165 in Update] -> [follow mouse ok] : (2.15682, 0.798823)
[2026-09-28 01:37:42.668] [INF] [default] [TitleBar.cpp:165 in Update] -> [follow mouse ok] : (2.14387, 0.832967)
[2026-09-28 01:37:42.675] [INF] [default] [TitleBar.cpp:165 in Update] -> [follow mouse ok] : (2.13646, 0.85179)
[2026-09-28 01:37:42.682] [INF] [default] [TitleBar.cpp:165 in Update] -> [follow mouse ok] : (2.1235, 0.883603)
[2026-09-28 01:37:42.688] [INF] [default] [TitleBar.cpp:165 in Update] -> [follow mouse ok] : (2.10949, 0.916538)
[2026-09-28 01:37:42.696] [INF] [default] [TitleBar.cpp:165 in Update] -> [follow mouse ok] : (2.08919, 0.961927)
[2026-09-28 01:37:42.700] [INF] [default] [TitleBar.cpp:165 in Update] -> [follow mouse ok] : (2.08383, 0.973469)
[2026-09-28 01:37:42.702] [INF] [default] [TitleBar.cpp:165 in Update] -> [follow mouse ok] : (2.07253, 0.997307)
[2026-09-28 01:37:42.710] [INF] [default] [TitleBar.cpp:165 in Update] -> [follow mouse ok] : (2.06037, 1.0222)
[2026-09-28 01:37:42.717] [INF] [default] [TitleBar.cpp:165 in Update] -> [follow mouse ok] : (2.06042, 1.0221)
[2026-09-28 01:37:42.718] [INF] [default] [TitleBar.cpp:165 in Update] -> [follow mouse ok] : (2.04361, 1.05531)
[2026-09-28 01:37:42.723] [INF] [default] [TitleBar.cpp:165 in Update] -> [follow mouse ok] : (2.03606, 1.06979)
[2026-09-28 01:37:42.730] [INF] [default] [TitleBar.cpp:165 in Update] -> [follow mouse ok] : (2.02393, 1.09257)
[2026-09-28 01:37:42.733] [INF] [default] [TitleBar.cpp:165 in Update] -> [follow mouse ok] : (2.02332, 1.09369)
[2026-09-28 01:37:42.737] [INF] [default] [TitleBar.cpp:165 in Update] -> [follow mouse ok] : (2.0141, 1.11058)
[2026-09-28 01:37:42.744] [INF] [default] [TitleBar.cpp:165 in Update] -> [follow mouse ok] : (2.0041, 1.12852)
[2026-09-28 01:37:42.749] [INF] [default] [TitleBar.cpp:165 in Update] -> [follow mouse ok] : (2.00303, 1.13042)
[2026-09-28 01:37:42.752] [INF] [default] [TitleBar.cpp:165 in Update] -> [follow mouse ok] : (1.98669, 1.1589)
[2026-09-28 01:37:42.758] [INF] [default] [TitleBar.cpp:165 in Update] -> [follow mouse ok] : (1.97971, 1.17079)
[2026-09-28 01:37:42.766] [INF] [default] [TitleBar.cpp:165 in Update] -> [follow mouse ok] : (1.96034, 1.20294)
[2026-09-28 01:37:42.772] [INF] [default] [TitleBar.cpp:165 in Update] -> [follow mouse ok] : (1.96818, 1.19006)
[2026-09-28 01:37:42.780] [INF] [default] [TitleBar.cpp:165 in Update] -> [follow mouse ok] : (1.95962, 1.20411)
[2026-09-28 01:37:42.783] [INF] [default] [TitleBar.cpp:165 in Update] -> [follow mouse ok] : (1.96373, 1.1974)
[2026-09-28 01:37:42.786] [INF] [default] [TitleBar.cpp:165 in Update] -> [follow mouse ok] : (1.95881, 1.20542)
[2026-09-28 01:37:42.793] [INF] [default] [TitleBar.cpp:165 in Update] -> [follow mouse ok] : (1.94893, 1.22133)
[2026-09-28 01:37:42.800] [INF] [default] [TitleBar.cpp:165 in Update] -> [follow mouse ok] : (1.95336, 1.21425)
[2026-09-28 01:37:42.801] [INF] [default] [TitleBar.cpp:165 in Update] -> [follow mouse ok] : (1.93471, 1.24374)
[2026-09-28 01:37:42.807] [INF] [default] [TitleBar.cpp:165 in Update] -> [follow mouse ok] : (1.93565, 1.24228)
[2026-09-28 01:37:42.814] [INF] [default] [TitleBar.cpp:165 in Update] -> [follow mouse ok] : (1.94534, 1.22706)
[2026-09-28 01:37:42.816] [INF] [default] [TitleBar.cpp:165 in Update] -> [follow mouse ok] : (1.9504, 1.219)
[2026-09-28 01:37:42.821] [INF] [default] [TitleBar.cpp:165 in Update] -> [follow mouse ok] : (1.92842, 1.25347)
[2026-09-28 01:37:42.827] [INF] [default] [TitleBar.cpp:165 in Update] -> [follow mouse ok] : (1.92919, 1.25228)
[2026-09-28 01:37:42.833] [INF] [default] [TitleBar.cpp:165 in Update] -> [follow mouse ok] : (1.93471, 1.24374)
[2026-09-28 01:37:42.835] [INF] [default] [TitleBar.cpp:165 in Update] -> [follow mouse ok] : (1.94634, 1.22547)
[2026-09-28 01:37:42.842] [INF] [default] [TitleBar.cpp:165 in Update] -> [follow mouse ok] : (1.94825, 1.22243)
[2026-09-28 01:37:42.850] [INF] [default] [TitleBar.cpp:165 in Update] -> [follow mouse ok] : (1.95478, 1.21196)
[2026-09-28 01:37:42.852] [INF] [default] [TitleBar.cpp:165 in Update] -> [follow mouse ok] : (1.95738, 1.20775)
[2026-09-28 01:37:42.856] [INF] [default] [TitleBar.cpp:165 in Update] -> [follow mouse ok] : (1.95283, 1.21509)
[2026-09-28 01:37:42.862] [INF] [default] [TitleBar.cpp:165 in Update] -> [follow mouse ok] : (1.95561, 1.21062)
[2026-09-28 01:37:42.866] [INF] [default] [TitleBar.cpp:165 in Update] -> [follow mouse ok] : (1.96373, 1.1974)
[2026-09-28 01:37:42.870] [INF] [default] [TitleBar.cpp:165 in Update] -> [follow mouse ok] : (1.98114, 1.16837)
[2026-09-28 01:37:42.876] [INF] [default] [TitleBar.cpp:165 in Update] -> [follow mouse ok] : (2.00028, 1.13529)
[2026-09-28 01:37:42.883] [INF] [default] [TitleBar.cpp:165 in Update] -> [follow mouse ok] : (1.99696, 1.14112)
[2026-09-28 01:37:42.884] [INF] [default] [TitleBar.cpp:165 in Update] -> [follow mouse ok] : (2.00462, 1.1276)
[2026-09-28 01:37:42.891] [INF] [default] [TitleBar.cpp:165 in Update] -> [follow mouse ok] : (2.01383, 1.11108)
[2026-09-28 01:37:42.898] [INF] [default] [TitleBar.cpp:165 in Update] -> [follow mouse ok] : (2.02508, 1.09043)
[2026-09-28 01:37:42.900] [INF] [default] [TitleBar.cpp:165 in Update] -> [follow mouse ok] : (2.02237, 1.09545)
[2026-09-28 01:37:42.904] [INF] [default] [TitleBar.cpp:165 in Update] -> [follow mouse ok] : (1.97223, 1.18334)
[2026-09-28 01:37:42.911] [INF] [default] [TitleBar.cpp:165 in Update] -> [follow mouse ok] : (2.01056, 1.11698)
[2026-09-28 01:37:42.916] [INF] [default] [TitleBar.cpp:165 in Update] -> [follow mouse ok] : (2.00462, 1.1276)
[2026-09-28 01:37:42.925] [INF] [default] [TitleBar.cpp:165 in Update] -> [follow mouse ok] : (1.98669, 1.1589)
[2026-09-28 01:37:42.933] [INF] [default] [TitleBar.cpp:165 in Update] -> [follow mouse ok] : (2.01916, 1.10136)
[2026-09-28 01:37:42.935] [INF] [default] [TitleBar.cpp:165 in Update] -> [follow mouse ok] : (1.9504, 1.219)
[2026-09-28 01:37:42.938] [INF] [default] [TitleBar.cpp:165 in Update] -> [follow mouse ok] : (2.05718, 1.02859)
[2026-09-28 01:37:42.946] [INF] [default] [TitleBar.cpp:165 in Update] -> [follow mouse ok] : (2.18197, 0.727324)
[2026-09-28 01:37:42.950] [INF] [default] [TitleBar.cpp:165 in Update] -> [follow mouse ok] : (1.62635, 1.62635)
[2026-09-28 01:37:42.954] [INF] [default] [TitleBar.cpp:165 in Update] -> [follow mouse ok] : (1.27581, 1.91372)
[2026-09-28 01:37:42.966] [INF] [default] [TitleBar.cpp:165 in Update] -> [follow mouse ok] : (1.02859, 2.05718)
[2026-09-28 01:37:42.974] [INF] [default] [TitleBar.cpp:165 in Update] -> [follow mouse ok] : (1.02859, 2.05718)
[2026-09-28 01:37:42.983] [INF] [default] [TitleBar.cpp:165 in Update] -> [follow mouse ok] : (0, 2.3)
[2026-09-28 01:37:43.805] [INF] [default] [TitleBar.cpp:165 in Update] -> [follow mouse ok] : (2.3, 0)
[2026-09-28 01:37:43.810] [INF] [default] [TitleBar.cpp:165 in Update] -> [follow mouse ok] : (2.29963, 0.0410649)
[2026-09-28 01:37:43.815] [INF] [default] [TitleBar.cpp:165 in Update] -> [follow mouse ok] : (2.29962, 0.0418113)
[2026-09-28 01:37:43.817] [INF] [default] [TitleBar.cpp:165 in Update] -> [follow mouse ok] : (2.29848, 0.0835811)
[2026-09-28 01:37:43.824] [INF] [default] [TitleBar.cpp:165 in Update] -> [follow mouse ok] : (2.29646, 0.127581)
[2026-09-28 01:37:43.832] [INF] [default] [TitleBar.cpp:165 in Update] -> [follow mouse ok] : (2.29372, 0.169905)
[2026-09-28 01:37:43.833] [INF] [default] [TitleBar.cpp:165 in Update] -> [follow mouse ok] : (2.29348, 0.173093)
[2026-09-28 01:37:43.838] [INF] [default] [TitleBar.cpp:165 in Update] -> [follow mouse ok] : (2.28983, 0.216022)
[2026-09-28 01:37:43.844] [INF] [default] [TitleBar.cpp:165 in Update] -> [follow mouse ok] : (2.28513, 0.261157)
[2026-09-28 01:37:43.848] [INF] [default] [TitleBar.cpp:165 in Update] -> [follow mouse ok] : (2.28455, 0.266161)
[2026-09-28 01:37:43.852] [INF] [default] [TitleBar.cpp:165 in Update] -> [follow mouse ok] : (2.28154, 0.290785)
[2026-09-28 01:37:43.866] [INF] [default] [TitleBar.cpp:165 in Update] -> [follow mouse ok] : (2.28081, 0.296505)
[2026-09-28 01:37:43.868] [INF] [default] [TitleBar.cpp:165 in Update] -> [follow mouse ok] : (2.27688, 0.325269)
[2026-09-28 01:37:43.873] [INF] [default] [TitleBar.cpp:165 in Update] -> [follow mouse ok] : (2.27243, 0.355067)
[2026-09-28 01:37:43.880] [INF] [default] [TitleBar.cpp:165 in Update] -> [follow mouse ok] : (2.27185, 0.358714)
[2026-09-28 01:37:43.882] [INF] [default] [TitleBar.cpp:165 in Update] -> [follow mouse ok] : (2.27065, 0.366235)
[2026-09-28 01:37:43.887] [INF] [default] [TitleBar.cpp:165 in Update] -> [follow mouse ok] : (2.26525, 0.398286)
[2026-09-28 01:37:43.894] [INF] [default] [TitleBar.cpp:165 in Update] -> [follow mouse ok] : (2.25916, 0.431524)
[2026-09-28 01:37:43.898] [INF] [default] [TitleBar.cpp:165 in Update] -> [follow mouse ok] : (2.25731, 0.441083)
[2026-09-28 01:37:43.901] [INF] [default] [TitleBar.cpp:165 in Update] -> [follow mouse ok] : (2.2501, 0.476492)
[2026-09-28 01:37:43.908] [INF] [default] [TitleBar.cpp:165 in Update] -> [follow mouse ok] : (2.236, 0.538795)
[2026-09-28 01:37:43.915] [INF] [default] [TitleBar.cpp:165 in Update] -> [follow mouse ok] : (2.22639, 0.577213)
[2026-09-28 01:37:43.917] [INF] [default] [TitleBar.cpp:165 in Update] -> [follow mouse ok] : (2.22281, 0.590873)
[2026-09-28 01:37:43.922] [INF] [default] [TitleBar.cpp:165 in Update] -> [follow mouse ok] : (2.2115, 0.631859)
[2026-09-28 01:37:43.929] [INF] [default] [TitleBar.cpp:165 in Update] -> [follow mouse ok] : (2.19058, 0.700984)
[2026-09-28 01:37:43.932] [INF] [default] [TitleBar.cpp:165 in Update] -> [follow mouse ok] : (2.18495, 0.718338)
[2026-09-28 01:37:43.936] [INF] [default] [TitleBar.cpp:165 in Update] -> [follow mouse ok] : (2.15974, 0.790892)
[2026-09-28 01:37:43.950] [INF] [default] [TitleBar.cpp:165 in Update] -> [follow mouse ok] : (2.15227, 0.811001)
[2026-09-28 01:37:43.951] [INF] [default] [TitleBar.cpp:165 in Update] -> [follow mouse ok] : (2.11734, 0.898265)
[2026-09-28 01:37:43.964] [INF] [default] [TitleBar.cpp:165 in Update] -> [follow mouse ok] : (2.06369, 1.01547)
[2026-09-28 01:37:43.966] [INF] [default] [TitleBar.cpp:165 in Update] -> [follow mouse ok] : (2.0639, 1.01504)
[2026-09-28 01:37:43.970] [INF] [default] [TitleBar.cpp:165 in Update] -> [follow mouse ok] : (2.05019, 1.04247)
[2026-09-28 01:37:43.977] [INF] [default] [TitleBar.cpp:165 in Update] -> [follow mouse ok] : (2.04239, 1.05766)
[2026-09-28 01:37:43.982] [INF] [default] [TitleBar.cpp:165 in Update] -> [follow mouse ok] : (2.04184, 1.05873)
[2026-09-28 01:37:43.984] [INF] [default] [TitleBar.cpp:165 in Update] -> [follow mouse ok] : (2.01613, 1.1069)
[2026-09-28 01:37:43.991] [INF] [default] [TitleBar.cpp:165 in Update] -> [follow mouse ok] : (1.97933, 1.17144)
[2026-09-28 01:37:43.998] [INF] [default] [TitleBar.cpp:165 in Update] -> [follow mouse ok] : (1.95738, 1.20775)
[2026-09-28 01:37:44.012] [INF] [default] [TitleBar.cpp:165 in Update] -> [follow mouse ok] : (1.93331, 1.24591)
[2026-09-28 01:37:44.015] [INF] [default] [TitleBar.cpp:165 in Update] -> [follow mouse ok] : (1.94042, 1.23481)
[2026-09-28 01:37:44.020] [INF] [default] [TitleBar.cpp:165 in Update] -> [follow mouse ok] : (1.89934, 1.29711)
[2026-09-28 01:37:44.026] [INF] [default] [TitleBar.cpp:165 in Update] -> [follow mouse ok] : (1.88423, 1.31896)
[2026-09-28 01:37:44.032] [INF] [default] [TitleBar.cpp:165 in Update] -> [follow mouse ok] : (1.89104, 1.30918)
[2026-09-28 01:37:44.034] [INF] [default] [TitleBar.cpp:165 in Update] -> [follow mouse ok] : (1.86456, 1.34663)
[2026-09-28 01:37:44.040] [INF] [default] [TitleBar.cpp:165 in Update] -> [follow mouse ok] : (1.853, 1.3625)
[2026-09-28 01:37:44.047] [INF] [default] [TitleBar.cpp:165 in Update] -> [follow mouse ok] : (1.79035, 1.44383)
[2026-09-28 01:37:44.049] [INF] [default] [TitleBar.cpp:165 in Update] -> [follow mouse ok] : (1.796, 1.4368)
[2026-09-28 01:37:44.054] [INF] [default] [TitleBar.cpp:165 in Update] -> [follow mouse ok] : (1.71904, 1.52804)
[2026-09-28 01:37:44.061] [INF] [default] [TitleBar.cpp:165 in Update] -> [follow mouse ok] : (1.66057, 1.59138)
[2026-09-28 01:37:44.066] [INF] [default] [TitleBar.cpp:165 in Update] -> [follow mouse ok] : (1.66208, 1.58981)
[2026-09-28 01:37:44.068] [INF] [default] [TitleBar.cpp:165 in Update] -> [follow mouse ok] : (1.45645, 1.7801)
[2026-09-28 01:37:44.074] [INF] [default] [TitleBar.cpp:165 in Update] -> [follow mouse ok] : (1.33685, 1.87159)
[2026-09-28 01:37:44.082] [INF] [default] [TitleBar.cpp:165 in Update] -> [follow mouse ok] : (1.02859, 2.05718)
[2026-09-28 01:37:44.088] [INF] [default] [TitleBar.cpp:165 in Update] -> [follow mouse ok] : (0.727324, 2.18197)
[2026-09-28 01:37:44.096] [INF] [default] [TitleBar.cpp:165 in Update] -> [follow mouse ok] : (0.423864, 2.26061)
[2026-09-28 01:37:44.098] [INF] [default] [TitleBar.cpp:165 in Update] -> [follow mouse ok] : (0.481917, 2.24895)
[2026-09-28 01:37:44.103] [INF] [default] [TitleBar.cpp:165 in Update] -> [follow mouse ok] : (0, 2.3)
