[2026-09-28 01:28:03.364] [INF] [default] [c3-exo10_main.cpp:40 in nkmain] -> [window] : (312, 160)
[2026-09-28 01:28:03.365] [INF] [default] [button.h:33 in Button] -> [button] size : NkRectT[pos(1130, 10); size(40, 30)]
[2026-09-28 01:28:03.365] [INF] [default] [button.h:33 in Button] -> [button] size : NkRectT[pos(1060, 10); size(40, 30)]
[2026-09-28 01:28:03.365] [INF] [default] [button.h:33 in Button] -> [button] size : NkRectT[pos(1020, 10); size(40, 30)]
[2026-09-28 01:28:03.366] [INF] [default] [c3-exo10_main.cpp:43 in nkmain] -> [button] : RECT : (1130, 10) (1170, 40)
[2026-09-28 01:28:05.020] [INF] [default] [TitleBar.cpp:145 in Update] -> [follow mouse ok] : (395, 395)
[2026-09-28 01:28:05.273] [INF] [default] [TitleBar.cpp:160 in Update] -> [follow mouse ok] : (0, 0)
[2026-09-28 01:28:05.287] [INF] [default] [TitleBar.cpp:160 in Update] -> [follow mouse ok] : (0, 0)
[2026-09-28 01:28:05.294] [INF] [default] [TitleBar.cpp:160 in Update] -> [follow mouse ok] : (0, 0)
[2026-09-28 01:28:05.300] [INF] [default] [TitleBar.cpp:160 in Update] -> [follow mouse ok] : (0, 0)
[2026-09-28 01:28:05.308] [INF] [default] [TitleBar.cpp:160 in Update] -> [follow mouse ok] : (0, 0)
[2026-09-28 01:28:05.321] [INF] [default] [TitleBar.cpp:160 in Update] -> [follow mouse ok] : (0, 0)
[2026-09-28 01:28:05.328] [INF] [default] [TitleBar.cpp:160 in Update] -> [follow mouse ok] : (0, 0)
[2026-09-28 01:28:05.335] [INF] [default] [TitleBar.cpp:160 in Update] -> [follow mouse ok] : (0, 0)
[2026-09-28 01:28:05.342] [INF] [default] [TitleBar.cpp:160 in Update] -> [follow mouse ok] : (0, 0)
[2026-09-28 01:28:05.356] [INF] [default] [TitleBar.cpp:160 in Update] -> [follow mouse ok] : (0, 0)
[2026-09-28 01:28:05.363] [INF] [default] [TitleBar.cpp:160 in Update] -> [follow mouse ok] : (0, 0)
[2026-09-28 01:28:05.370] [INF] [default] [TitleBar.cpp:160 in Update] -> [follow mouse ok] : (0, 0)
[2026-09-28 01:28:05.384] [INF] [default] [TitleBar.cpp:160 in Update] -> [follow mouse ok] : (0, 0)
[2026-09-28 01:28:05.391] [INF] [default] [TitleBar.cpp:160 in Update] -> [follow mouse ok] : (0, 0)
[2026-09-28 01:28:05.405] [INF] [default] [TitleBar.cpp:160 in Update] -> [follow mouse ok] : (0, 0)
[2026-09-28 01:28:05.412] [INF] [default] [TitleBar.cpp:160 in Update] -> [follow mouse ok] : (0, 0)
[2026-09-28 01:28:05.419] [INF] [default] [TitleBar.cpp:160 in Update] -> [follow mouse ok] : (0, 0)
[2026-09-28 01:28:05.433] [INF] [default] [TitleBar.cpp:160 in Update] -> [follow mouse ok] : (0, 0)
[2026-09-28 01:28:05.440] [INF] [default] [TitleBar.cpp:160 in Update] -> [follow mouse ok] : (0, 0)
[2026-09-28 01:28:05.454] [INF] [default] [TitleBar.cpp:160 in Update] -> [follow mouse ok] : (0, 0)
[2026-09-28 01:28:05.461] [INF] [default] [TitleBar.cpp:160 in Update] -> [follow mouse ok] : (0, 0)
[2026-09-28 01:28:05.467] [INF] [default] [TitleBar.cpp:160 in Update] -> [follow mouse ok] : (0, 0)
[2026-09-28 01:28:05.475] [INF] [default] [TitleBar.cpp:160 in Update] -> [follow mouse ok] : (0, 0)
[2026-09-28 01:28:05.483] [INF] [default] [TitleBar.cpp:160 in Update] -> [follow mouse ok] : (0, 0)
[2026-09-28 01:28:05.495] [INF] [default] [TitleBar.cpp:160 in Update] -> [follow mouse ok] : (0, 0)
[2026-09-28 01:28:05.503] [INF] [default] [TitleBar.cpp:160 in Update] -> [follow mouse ok] : (0, 0)
[2026-09-28 01:28:05.517] [INF] [default] [TitleBar.cpp:160 in Update] -> [follow mouse ok] : (0, 0)
[2026-09-28 01:28:05.524] [INF] [default] [TitleBar.cpp:160 in Update] -> [follow mouse ok] : (0, 0)
[2026-09-28 01:28:05.537] [INF] [default] [TitleBar.cpp:160 in Update] -> [follow mouse ok] : (0, 0)
[2026-09-28 01:28:05.545] [INF] [default] [TitleBar.cpp:160 in Update] -> [follow mouse ok] : (0, 0)
[2026-09-28 01:28:05.552] [INF] [default] [TitleBar.cpp:160 in Update] -> [follow mouse ok] : (0, 0)
[2026-09-28 01:28:05.559] [INF] [default] [TitleBar.cpp:160 in Update] -> [follow mouse ok] : (0, 0)
[2026-09-28 01:28:05.565] [INF] [default] [TitleBar.cpp:160 in Update] -> [follow mouse ok] : (0, 0)
[2026-09-28 01:28:05.572] [INF] [default] [TitleBar.cpp:160 in Update] -> [follow mouse ok] : (0, 0)
[2026-09-28 01:28:05.579] [INF] [default] [TitleBar.cpp:160 in Update] -> [follow mouse ok] : (0, 0)
[2026-09-28 01:28:05.586] [INF] [default] [TitleBar.cpp:160 in Update] -> [follow mouse ok] : (0, 0)
[2026-09-28 01:28:05.600] [INF] [default] [TitleBar.cpp:160 in Update] -> [follow mouse ok] : (0, 0)
[2026-09-28 01:28:05.607] [INF] [default] [TitleBar.cpp:160 in Update] -> [follow mouse ok] : (0, 0)
[2026-09-28 01:28:05.614] [INF] [default] [TitleBar.cpp:160 in Update] -> [follow mouse ok] : (0, 0)
[2026-09-28 01:28:05.621] [INF] [default] [TitleBar.cpp:160 in Update] -> [follow mouse ok] : (0, 0)
[2026-09-28 01:28:05.630] [INF] [default] [TitleBar.cpp:160 in Update] -> [follow mouse ok] : (0, 0)
[2026-09-28 01:28:05.635] [INF] [default] [TitleBar.cpp:160 in Update] -> [follow mouse ok] : (0, 0)
[2026-09-28 01:28:05.643] [INF] [default] [TitleBar.cpp:160 in Update] -> [follow mouse ok] : (0, 0)
[2026-09-28 01:28:05.649] [INF] [default] [TitleBar.cpp:160 in Update] -> [follow mouse ok] : (0, 0)
[2026-09-28 01:28:05.655] [INF] [default] [TitleBar.cpp:160 in Update] -> [follow mouse ok] : (0, 0)
[2026-09-28 01:28:05.663] [INF] [default] [TitleBar.cpp:160 in Update] -> [follow mouse ok] : (0, 0)
[2026-09-28 01:28:05.677] [INF] [default] [TitleBar.cpp:160 in Update] -> [follow mouse ok] : (0, 0)
[2026-09-28 01:28:05.684] [INF] [default] [TitleBar.cpp:160 in Update] -> [follow mouse ok] : (0, 0)
[2026-09-28 01:28:05.691] [INF] [default] [TitleBar.cpp:160 in Update] -> [follow mouse ok] : (0, 0)
[2026-09-28 01:28:05.698] [INF] [default] [TitleBar.cpp:160 in Update] -> [follow mouse ok] : (0, 0)
[2026-09-28 01:28:05.705] [INF] [default] [TitleBar.cpp:160 in Update] -> [follow mouse ok] : (0, 0)
[2026-09-28 01:28:05.711] [INF] [default] [TitleBar.cpp:160 in Update] -> [follow mouse ok] : (0, 0)
[2026-09-28 01:28:05.718] [INF] [default] [TitleBar.cpp:160 in Update] -> [follow mouse ok] : (0, 0)
[2026-09-28 01:28:05.726] [INF] [default] [TitleBar.cpp:160 in Update] -> [follow mouse ok] : (0, 0)
[2026-09-28 01:28:05.739] [INF] [default] [TitleBar.cpp:160 in Update] -> [follow mouse ok] : (0, 0)
[2026-09-28 01:28:05.747] [INF] [default] [TitleBar.cpp:160 in Update] -> [follow mouse ok] : (0, 0)
[2026-09-28 01:28:05.760] [INF] [default] [TitleBar.cpp:160 in Update] -> [follow mouse ok] : (0, 0)
[2026-09-28 01:28:05.767] [INF] [default] [TitleBar.cpp:160 in Update] -> [follow mouse ok] : (0, 0)
[2026-09-28 01:28:05.781] [INF] [default] [TitleBar.cpp:160 in Update] -> [follow mouse ok] : (0, 0)
[2026-09-28 01:28:05.788] [INF] [default] [TitleBar.cpp:160 in Update] -> [follow mouse ok] : (0, 0)
[2026-09-28 01:28:05.809] [INF] [default] [TitleBar.cpp:160 in Update] -> [follow mouse ok] : (0, 0)
[2026-09-28 01:28:05.816] [INF] [default] [TitleBar.cpp:160 in Update] -> [follow mouse ok] : (0, 0)
[2026-09-28 01:28:05.830] [INF] [default] [TitleBar.cpp:160 in Update] -> [follow mouse ok] : (0, 0)
[2026-09-28 01:28:05.837] [INF] [default] [TitleBar.cpp:160 in Update] -> [follow mouse ok] : (0, 0)
[2026-09-28 01:28:05.844] [INF] [default] [TitleBar.cpp:160 in Update] -> [follow mouse ok] : (0, 0)
[2026-09-28 01:28:05.851] [INF] [default] [TitleBar.cpp:160 in Update] -> [follow mouse ok] : (0, 0)
[2026-09-28 01:28:05.858] [INF] [default] [TitleBar.cpp:160 in Update] -> [follow mouse ok] : (0, 0)
[2026-09-28 01:28:05.865] [INF] [default] [TitleBar.cpp:160 in Update] -> [follow mouse ok] : (0, 0)
[2026-09-28 01:28:05.872] [INF] [default] [TitleBar.cpp:160 in Update] -> [follow mouse ok] : (0, 0)
[2026-09-28 01:28:05.878] [INF] [default] [TitleBar.cpp:160 in Update] -> [follow mouse ok] : (0, 0)
[2026-09-28 01:28:05.886] [INF] [default] [TitleBar.cpp:160 in Update] -> [follow mouse ok] : (0, 0)
[2026-09-28 01:28:05.893] [INF] [default] [TitleBar.cpp:160 in Update] -> [follow mouse ok] : (0, 0)
[2026-09-28 01:28:05.899] [INF] [default] [TitleBar.cpp:160 in Update] -> [follow mouse ok] : (0, 0)
[2026-09-28 01:28:05.907] [INF] [default] [TitleBar.cpp:160 in Update] -> [follow mouse ok] : (0, 0)
[2026-09-28 01:28:05.913] [INF] [default] [TitleBar.cpp:160 in Update] -> [follow mouse ok] : (0, 0)
[2026-09-28 01:28:05.928] [INF] [default] [TitleBar.cpp:160 in Update] -> [follow mouse ok] : (0, 0)
[2026-09-28 01:28:05.935] [INF] [default] [TitleBar.cpp:160 in Update] -> [follow mouse ok] : (0, 0)
[2026-09-28 01:28:05.942] [INF] [default] [TitleBar.cpp:160 in Update] -> [follow mouse ok] : (0, 0)
[2026-09-28 01:28:05.948] [INF] [default] [TitleBar.cpp:160 in Update] -> [follow mouse ok] : (0, 0)
[2026-09-28 01:28:05.956] [INF] [default] [TitleBar.cpp:160 in Update] -> [follow mouse ok] : (0, 0)
[2026-09-28 01:28:05.962] [INF] [default] [TitleBar.cpp:160 in Update] -> [follow mouse ok] : (0, 0)
[2026-09-28 01:28:05.977] [INF] [default] [TitleBar.cpp:160 in Update] -> [follow mouse ok] : (0, 0)
[2026-09-28 01:28:05.983] [INF] [default] [TitleBar.cpp:160 in Update] -> [follow mouse ok] : (0, 0)
[2026-09-28 01:28:05.990] [INF] [default] [TitleBar.cpp:160 in Update] -> [follow mouse ok] : (0, 0)
[2026-09-28 01:28:05.998] [INF] [default] [TitleBar.cpp:160 in Update] -> [follow mouse ok] : (0, 0)
[2026-09-28 01:28:06.004] [INF] [default] [TitleBar.cpp:160 in Update] -> [follow mouse ok] : (0, 0)
[2026-09-28 01:28:06.025] [INF] [default] [TitleBar.cpp:160 in Update] -> [follow mouse ok] : (0, 0)
[2026-09-28 01:28:06.032] [INF] [default] [TitleBar.cpp:160 in Update] -> [follow mouse ok] : (0, 0)
[2026-09-28 01:28:06.039] [INF] [default] [TitleBar.cpp:160 in Update] -> [follow mouse ok] : (0, 0)
[2026-09-28 01:28:06.047] [INF] [default] [TitleBar.cpp:160 in Update] -> [follow mouse ok] : (0, 0)
[2026-09-28 01:28:06.053] [INF] [default] [TitleBar.cpp:160 in Update] -> [follow mouse ok] : (0, 0)
[2026-09-28 01:28:06.060] [INF] [default] [TitleBar.cpp:160 in Update] -> [follow mouse ok] : (0, 0)
[2026-09-28 01:28:06.067] [INF] [default] [TitleBar.cpp:160 in Update] -> [follow mouse ok] : (0, 0)
[2026-09-28 01:28:06.080] [INF] [default] [TitleBar.cpp:160 in Update] -> [follow mouse ok] : (0, 0)
[2026-09-28 01:28:06.088] [INF] [default] [TitleBar.cpp:160 in Update] -> [follow mouse ok] : (0, 0)
[2026-09-28 01:28:06.094] [INF] [default] [TitleBar.cpp:160 in Update] -> [follow mouse ok] : (0, 0)
[2026-09-28 01:28:06.102] [INF] [default] [TitleBar.cpp:160 in Update] -> [follow mouse ok] : (0, 0)
[2026-09-28 01:28:06.109] [INF] [default] [TitleBar.cpp:160 in Update] -> [follow mouse ok] : (0, 0)
[2026-09-28 01:28:06.116] [INF] [default] [TitleBar.cpp:160 in Update] -> [follow mouse ok] : (0, 0)
[2026-09-28 01:28:06.129] [INF] [default] [TitleBar.cpp:160 in Update] -> [follow mouse ok] : (0, 0)
[2026-09-28 01:28:06.137] [INF] [default] [TitleBar.cpp:160 in Update] -> [follow mouse ok] : (0, 0)
[2026-09-28 01:28:06.143] [INF] [default] [TitleBar.cpp:160 in Update] -> [follow mouse ok] : (0, 0)
[2026-09-28 01:28:06.150] [INF] [default] [TitleBar.cpp:160 in Update] -> [follow mouse ok] : (0, 0)
[2026-09-28 01:28:06.157] [INF] [default] [TitleBar.cpp:160 in Update] -> [follow mouse ok] : (0, 0)
[2026-09-28 01:28:06.164] [INF] [default] [TitleBar.cpp:160 in Update] -> [follow mouse ok] : (0, 0)
[2026-09-28 01:28:06.172] [INF] [default] [TitleBar.cpp:160 in Update] -> [follow mouse ok] : (0, 0)
[2026-09-28 01:28:06.179] [INF] [default] [TitleBar.cpp:160 in Update] -> [follow mouse ok] : (0, 0)
[2026-09-28 01:28:06.193] [INF] [default] [TitleBar.cpp:160 in Update] -> [follow mouse ok] : (0, 0)
[2026-09-28 01:28:06.200] [INF] [default] [TitleBar.cpp:160 in Update] -> [follow mouse ok] : (0, 0)
[2026-09-28 01:28:06.206] [INF] [default] [TitleBar.cpp:160 in Update] -> [follow mouse ok] : (0, 0)
[2026-09-28 01:28:06.213] [INF] [default] [TitleBar.cpp:160 in Update] -> [follow mouse ok] : (0, 0)
[2026-09-28 01:28:06.220] [INF] [default] [TitleBar.cpp:160 in Update] -> [follow mouse ok] : (0, 0)
[2026-09-28 01:28:06.227] [INF] [default] [TitleBar.cpp:160 in Update] -> [follow mouse ok] : (0, 0)
[2026-09-28 01:28:06.234] [INF] [default] [TitleBar.cpp:160 in Update] -> [follow mouse ok] : (0, 0)
[2026-09-28 01:28:06.241] [INF] [default] [TitleBar.cpp:160 in Update] -> [follow mouse ok] : (0, 0)
[2026-09-28 01:28:06.248] [INF] [default] [TitleBar.cpp:160 in Update] -> [follow mouse ok] : (0, 0)
[2026-09-28 01:28:06.255] [INF] [default] [TitleBar.cpp:160 in Update] -> [follow mouse ok] : (0, 0)
[2026-09-28 01:28:06.262] [INF] [default] [TitleBar.cpp:160 in Update] -> [follow mouse ok] : (0, 0)
[2026-09-28 01:28:06.268] [INF] [default] [TitleBar.cpp:160 in Update] -> [follow mouse ok] : (0, 0)
[2026-09-28 01:28:06.276] [INF] [default] [TitleBar.cpp:160 in Update] -> [follow mouse ok] : (0, 0)
[2026-09-28 01:28:06.282] [INF] [default] [TitleBar.cpp:160 in Update] -> [follow mouse ok] : (0, 0)
[2026-09-28 01:28:06.290] [INF] [default] [TitleBar.cpp:160 in Update] -> [follow mouse ok] : (0, 0)
[2026-09-28 01:28:06.297] [INF] [default] [TitleBar.cpp:160 in Update] -> [follow mouse ok] : (0, 0)
[2026-09-28 01:28:06.303] [INF] [default] [TitleBar.cpp:160 in Update] -> [follow mouse ok] : (0, 0)
[2026-09-28 01:28:06.311] [INF] [default] [TitleBar.cpp:160 in Update] -> [follow mouse ok] : (0, 0)
[2026-09-28 01:28:06.318] [INF] [default] [TitleBar.cpp:160 in Update] -> [follow mouse ok] : (0, 0)
[2026-09-28 01:28:06.325] [INF] [default] [TitleBar.cpp:160 in Update] -> [follow mouse ok] : (0, 0)
[2026-09-28 01:28:06.331] [INF] [default] [TitleBar.cpp:160 in Update] -> [follow mouse ok] : (0, 0)
[2026-09-28 01:28:06.338] [INF] [default] [TitleBar.cpp:160 in Update] -> [follow mouse ok] : (0, 0)
[2026-09-28 01:28:06.346] [INF] [default] [TitleBar.cpp:160 in Update] -> [follow mouse ok] : (0, 0)
[2026-09-28 01:28:06.353] [INF] [default] [TitleBar.cpp:160 in Update] -> [follow mouse ok] : (0, 0)
[2026-09-28 01:28:06.359] [INF] [default] [TitleBar.cpp:160 in Update] -> [follow mouse ok] : (0, 0)
[2026-09-28 01:28:06.367] [INF] [default] [TitleBar.cpp:160 in Update] -> [follow mouse ok] : (0, 0)
[2026-09-28 01:28:06.373] [INF] [default] [TitleBar.cpp:160 in Update] -> [follow mouse ok] : (0, 0)
[2026-09-28 01:28:06.380] [INF] [default] [TitleBar.cpp:160 in Update] -> [follow mouse ok] : (0, 0)
[2026-09-28 01:28:06.388] [INF] [default] [TitleBar.cpp:160 in Update] -> [follow mouse ok] : (0, 0)
[2026-09-28 01:28:06.394] [INF] [default] [TitleBar.cpp:160 in Update] -> [follow mouse ok] : (0, 0)
[2026-09-28 01:28:06.401] [INF] [default] [TitleBar.cpp:160 in Update] -> [follow mouse ok] : (0, 0)
[2026-09-28 01:28:06.409] [INF] [default] [TitleBar.cpp:160 in Update] -> [follow mouse ok] : (0, 0)
[2026-09-28 01:28:06.415] [INF] [default] [TitleBar.cpp:160 in Update] -> [follow mouse ok] : (0, 0)
[2026-09-28 01:28:06.422] [INF] [default] [TitleBar.cpp:160 in Update] -> [follow mouse ok] : (0, 0)
[2026-09-28 01:28:06.429] [INF] [default] [TitleBar.cpp:160 in Update] -> [follow mouse ok] : (0, 0)
[2026-09-28 01:28:06.436] [INF] [default] [TitleBar.cpp:160 in Update] -> [follow mouse ok] : (0, 0)
[2026-09-28 01:28:06.444] [INF] [default] [TitleBar.cpp:160 in Update] -> [follow mouse ok] : (0, 0)
[2026-09-28 01:28:06.450] [INF] [default] [TitleBar.cpp:160 in Update] -> [follow mouse ok] : (0, 0)
[2026-09-28 01:28:06.464] [INF] [default] [TitleBar.cpp:160 in Update] -> [follow mouse ok] : (0, 0)
[2026-09-28 01:28:06.470] [INF] [default] [TitleBar.cpp:160 in Update] -> [follow mouse ok] : (0, 0)
[2026-09-28 01:28:06.477] [INF] [default] [TitleBar.cpp:160 in Update] -> [follow mouse ok] : (0, 0)
[2026-09-28 01:28:06.492] [INF] [default] [TitleBar.cpp:160 in Update] -> [follow mouse ok] : (0, 0)
[2026-09-28 01:28:06.499] [INF] [default] [TitleBar.cpp:160 in Update] -> [follow mouse ok] : (0, 0)
[2026-09-28 01:28:06.506] [INF] [default] [TitleBar.cpp:160 in Update] -> [follow mouse ok] : (0, 0)
[2026-09-28 01:28:06.512] [INF] [default] [TitleBar.cpp:160 in Update] -> [follow mouse ok] : (0, 0)
[2026-09-28 01:28:06.527] [INF] [default] [TitleBar.cpp:160 in Update] -> [follow mouse ok] : (0, 0)
[2026-09-28 01:28:06.541] [INF] [default] [TitleBar.cpp:160 in Update] -> [follow mouse ok] : (0, 0)
[2026-09-28 01:28:06.554] [INF] [default] [TitleBar.cpp:160 in Update] -> [follow mouse ok] : (0, 0)
[2026-09-28 01:28:06.583] [INF] [default] [TitleBar.cpp:160 in Update] -> [follow mouse ok] : (0, 0)
[2026-09-28 01:28:06.603] [INF] [default] [TitleBar.cpp:160 in Update] -> [follow mouse ok] : (0, 0)
[2026-09-28 01:28:06.625] [INF] [default] [TitleBar.cpp:160 in Update] -> [follow mouse ok] : (0, 0)
[2026-09-28 01:28:06.638] [INF] [default] [TitleBar.cpp:160 in Update] -> [follow mouse ok] : (0, 0)
[2026-09-28 01:28:06.645] [INF] [default] [TitleBar.cpp:160 in Update] -> [follow mouse ok] : (0, 0)
[2026-09-28 01:28:06.659] [INF] [default] [TitleBar.cpp:160 in Update] -> [follow mouse ok] : (0, 0)
[2026-09-28 01:28:06.666] [INF] [default] [TitleBar.cpp:160 in Update] -> [follow mouse ok] : (0, 0)
[2026-09-28 01:28:06.679] [INF] [default] [TitleBar.cpp:160 in Update] -> [follow mouse ok] : (0, 0)
[2026-09-28 01:28:06.687] [INF] [default] [TitleBar.cpp:160 in Update] -> [follow mouse ok] : (0, 0)
[2026-09-28 01:28:06.700] [INF] [default] [TitleBar.cpp:160 in Update] -> [follow mouse ok] : (0, 0)
[2026-09-28 01:28:06.708] [INF] [default] [TitleBar.cpp:160 in Update] -> [follow mouse ok] : (0, 0)
[2026-09-28 01:28:06.728] [INF] [default] [TitleBar.cpp:160 in Update] -> [follow mouse ok] : (0, 0)
[2026-09-28 01:28:06.736] [INF] [default] [TitleBar.cpp:160 in Update] -> [follow mouse ok] : (0, 0)
[2026-09-28 01:28:06.749] [INF] [default] [TitleBar.cpp:160 in Update] -> [follow mouse ok] : (0, 0)
[2026-09-28 01:28:06.770] [INF] [default] [TitleBar.cpp:160 in Update] -> [follow mouse ok] : (0, 0)
[2026-09-28 01:28:06.792] [INF] [default] [TitleBar.cpp:160 in Update] -> [follow mouse ok] : (0, 0)
[2026-09-28 01:28:06.805] [INF] [default] [TitleBar.cpp:160 in Update] -> [follow mouse ok] : (0, 0)
[2026-09-28 01:28:06.819] [INF] [default] [TitleBar.cpp:160 in Update] -> [follow mouse ok] : (0, 0)
[2026-09-28 01:28:06.834] [INF] [default] [TitleBar.cpp:160 in Update] -> [follow mouse ok] : (0, 0)
[2026-09-28 01:28:06.839] [INF] [default] [TitleBar.cpp:160 in Update] -> [follow mouse ok] : (0, 0)
[2026-09-28 01:28:06.847] [INF] [default] [TitleBar.cpp:160 in Update] -> [follow mouse ok] : (0, 0)
[2026-09-28 01:28:06.861] [INF] [default] [TitleBar.cpp:160 in Update] -> [follow mouse ok] : (0, 0)
[2026-09-28 01:28:06.868] [INF] [default] [TitleBar.cpp:160 in Update] -> [follow mouse ok] : (0, 0)
[2026-09-28 01:28:06.882] [INF] [default] [TitleBar.cpp:160 in Update] -> [follow mouse ok] : (0, 0)
[2026-09-28 01:28:06.889] [INF] [default] [TitleBar.cpp:160 in Update] -> [follow mouse ok] : (0, 0)
[2026-09-28 01:28:06.902] [INF] [default] [TitleBar.cpp:160 in Update] -> [follow mouse ok] : (0, 0)
[2026-09-28 01:28:06.917] [INF] [default] [TitleBar.cpp:160 in Update] -> [follow mouse ok] : (0, 0)
[2026-09-28 01:28:06.930] [INF] [default] [TitleBar.cpp:160 in Update] -> [follow mouse ok] : (0, 0)
[2026-09-28 01:28:06.944] [INF] [default] [TitleBar.cpp:160 in Update] -> [follow mouse ok] : (0, 0)
[2026-09-28 01:28:06.951] [INF] [default] [TitleBar.cpp:160 in Update] -> [follow mouse ok] : (0, 0)
[2026-09-28 01:28:06.965] [INF] [default] [TitleBar.cpp:160 in Update] -> [follow mouse ok] : (0, 0)
[2026-09-28 01:28:06.986] [INF] [default] [TitleBar.cpp:160 in Update] -> [follow mouse ok] : (0, 0)
[2026-09-28 01:28:07.000] [INF] [default] [TitleBar.cpp:160 in Update] -> [follow mouse ok] : (0, 0)
[2026-09-28 01:28:07.021] [INF] [default] [TitleBar.cpp:160 in Update] -> [follow mouse ok] : (0, 0)
[2026-09-28 01:28:07.027] [INF] [default] [TitleBar.cpp:160 in Update] -> [follow mouse ok] : (0, 0)
[2026-09-28 01:28:07.043] [INF] [default] [TitleBar.cpp:160 in Update] -> [follow mouse ok] : (0, 0)
[2026-09-28 01:28:07.056] [INF] [default] [TitleBar.cpp:160 in Update] -> [follow mouse ok] : (0, 0)
[2026-09-28 01:28:07.070] [INF] [default] [TitleBar.cpp:160 in Update] -> [follow mouse ok] : (0, 0)
[2026-09-28 01:28:07.091] [INF] [default] [TitleBar.cpp:160 in Update] -> [follow mouse ok] : (0, 0)
[2026-09-28 01:28:07.098] [INF] [default] [TitleBar.cpp:160 in Update] -> [follow mouse ok] : (0, 0)
[2026-09-28 01:28:07.105] [INF] [default] [TitleBar.cpp:160 in Update] -> [follow mouse ok] : (0, 0)
[2026-09-28 01:28:07.119] [INF] [default] [TitleBar.cpp:160 in Update] -> [follow mouse ok] : (0, 0)
[2026-09-28 01:28:07.133] [INF] [default] [TitleBar.cpp:160 in Update] -> [follow mouse ok] : (0, 0)
[2026-09-28 01:28:07.140] [INF] [default] [TitleBar.cpp:160 in Update] -> [follow mouse ok] : (0, 0)
[2026-09-28 01:28:07.154] [INF] [default] [TitleBar.cpp:160 in Update] -> [follow mouse ok] : (0, 0)
[2026-09-28 01:28:07.160] [INF] [default] [TitleBar.cpp:160 in Update] -> [follow mouse ok] : (0, 0)
[2026-09-28 01:28:07.175] [INF] [default] [TitleBar.cpp:160 in Update] -> [follow mouse ok] : (0, 0)
[2026-09-28 01:28:07.181] [INF] [default] [TitleBar.cpp:160 in Update] -> [follow mouse ok] : (0, 0)
[2026-09-28 01:28:07.196] [INF] [default] [TitleBar.cpp:160 in Update] -> [follow mouse ok] : (0, 0)
[2026-09-28 01:28:07.202] [INF] [default] [TitleBar.cpp:160 in Update] -> [follow mouse ok] : (0, 0)
[2026-09-28 01:28:07.216] [INF] [default] [TitleBar.cpp:160 in Update] -> [follow mouse ok] : (0, 0)
[2026-09-28 01:28:07.230] [INF] [default] [TitleBar.cpp:160 in Update] -> [follow mouse ok] : (0, 0)
[2026-09-28 01:28:07.244] [INF] [default] [TitleBar.cpp:160 in Update] -> [follow mouse ok] : (0, 0)
[2026-09-28 01:28:07.258] [INF] [default] [TitleBar.cpp:160 in Update] -> [follow mouse ok] : (0, 0)
[2026-09-28 01:28:07.272] [INF] [default] [TitleBar.cpp:160 in Update] -> [follow mouse ok] : (0, 0)
[2026-09-28 01:28:07.279] [INF] [default] [TitleBar.cpp:160 in Update] -> [follow mouse ok] : (0, 0)
[2026-09-28 01:28:07.293] [INF] [default] [TitleBar.cpp:160 in Update] -> [follow mouse ok] : (0, 0)
[2026-09-28 01:28:07.307] [INF] [default] [TitleBar.cpp:160 in Update] -> [follow mouse ok] : (0, 0)
[2026-09-28 01:28:07.313] [INF] [default] [TitleBar.cpp:160 in Update] -> [follow mouse ok] : (0, 0)
[2026-09-28 01:28:07.320] [INF] [default] [TitleBar.cpp:160 in Update] -> [follow mouse ok] : (0, 0)
[2026-09-28 01:28:07.327] [INF] [default] [TitleBar.cpp:160 in Update] -> [follow mouse ok] : (0, 0)
[2026-09-28 01:28:07.334] [INF] [default] [TitleBar.cpp:160 in Update] -> [follow mouse ok] : (0, 0)
[2026-09-28 01:28:07.343] [INF] [default] [TitleBar.cpp:160 in Update] -> [follow mouse ok] : (0, 0)
[2026-09-28 01:28:07.355] [INF] [default] [TitleBar.cpp:160 in Update] -> [follow mouse ok] : (0, 0)
[2026-09-28 01:28:07.362] [INF] [default] [TitleBar.cpp:160 in Update] -> [follow mouse ok] : (0, 0)
[2026-09-28 01:28:07.377] [INF] [default] [TitleBar.cpp:160 in Update] -> [follow mouse ok] : (0, 0)
[2026-09-28 01:28:07.383] [INF] [default] [TitleBar.cpp:160 in Update] -> [follow mouse ok] : (0, 0)
[2026-09-28 01:28:07.397] [INF] [default] [TitleBar.cpp:160 in Update] -> [follow mouse ok] : (0, 0)
[2026-09-28 01:28:07.404] [INF] [default] [TitleBar.cpp:160 in Update] -> [follow mouse ok] : (0, 0)
[2026-09-28 01:28:07.411] [INF] [default] [TitleBar.cpp:160 in Update] -> [follow mouse ok] : (0, 0)
[2026-09-28 01:28:07.426] [INF] [default] [TitleBar.cpp:160 in Update] -> [follow mouse ok] : (0, 0)
[2026-09-28 01:28:07.431] [INF] [default] [TitleBar.cpp:160 in Update] -> [follow mouse ok] : (0, 0)
[2026-09-28 01:28:07.445] [INF] [default] [TitleBar.cpp:160 in Update] -> [follow mouse ok] : (0, 0)
[2026-09-28 01:28:07.453] [INF] [default] [TitleBar.cpp:160 in Update] -> [follow mouse ok] : (0, 0)
[2026-09-28 01:28:07.460] [INF] [default] [TitleBar.cpp:160 in Update] -> [follow mouse ok] : (0, 0)
[2026-09-28 01:28:07.467] [INF] [default] [TitleBar.cpp:160 in Update] -> [follow mouse ok] : (0, 0)
[2026-09-28 01:28:07.474] [INF] [default] [TitleBar.cpp:160 in Update] -> [follow mouse ok] : (0, 0)
[2026-09-28 01:28:07.481] [INF] [default] [TitleBar.cpp:160 in Update] -> [follow mouse ok] : (0, 0)
[2026-09-28 01:28:07.488] [INF] [default] [TitleBar.cpp:160 in Update] -> [follow mouse ok] : (0, 0)
[2026-09-28 01:28:07.495] [INF] [default] [TitleBar.cpp:160 in Update] -> [follow mouse ok] : (0, 0)
[2026-09-28 01:28:07.502] [INF] [default] [TitleBar.cpp:160 in Update] -> [follow mouse ok] : (0, 0)
[2026-09-28 01:28:07.509] [INF] [default] [TitleBar.cpp:160 in Update] -> [follow mouse ok] : (0, 0)
[2026-09-28 01:28:07.516] [INF] [default] [TitleBar.cpp:160 in Update] -> [follow mouse ok] : (0, 0)
[2026-09-28 01:28:07.523] [INF] [default] [TitleBar.cpp:160 in Update] -> [follow mouse ok] : (0, 0)
[2026-09-28 01:28:07.530] [INF] [default] [TitleBar.cpp:160 in Update] -> [follow mouse ok] : (0, 0)
[2026-09-28 01:28:07.536] [INF] [default] [TitleBar.cpp:160 in Update] -> [follow mouse ok] : (0, 0)
[2026-09-28 01:28:07.544] [INF] [default] [TitleBar.cpp:160 in Update] -> [follow mouse ok] : (0, 0)
[2026-09-28 01:28:07.558] [INF] [default] [TitleBar.cpp:160 in Update] -> [follow mouse ok] : (0, 0)
[2026-09-28 01:28:07.564] [INF] [default] [TitleBar.cpp:160 in Update] -> [follow mouse ok] : (0, 0)
[2026-09-28 01:28:07.571] [INF] [default] [TitleBar.cpp:160 in Update] -> [follow mouse ok] : (0, 0)
[2026-09-28 01:28:07.579] [INF] [default] [TitleBar.cpp:160 in Update] -> [follow mouse ok] : (0, 0)
[2026-09-28 01:28:07.585] [INF] [default] [TitleBar.cpp:160 in Update] -> [follow mouse ok] : (0, 0)
[2026-09-28 01:28:07.592] [INF] [default] [TitleBar.cpp:160 in Update] -> [follow mouse ok] : (0, 0)
[2026-09-28 01:28:07.600] [INF] [default] [TitleBar.cpp:160 in Update] -> [follow mouse ok] : (0, 0)
[2026-09-28 01:28:07.606] [INF] [default] [TitleBar.cpp:160 in Update] -> [follow mouse ok] : (0, 0)
[2026-09-28 01:28:07.620] [INF] [default] [TitleBar.cpp:160 in Update] -> [follow mouse ok] : (0, 0)
[2026-09-28 01:28:07.627] [INF] [default] [TitleBar.cpp:160 in Update] -> [follow mouse ok] : (0, 0)
[2026-09-28 01:28:07.634] [INF] [default] [TitleBar.cpp:160 in Update] -> [follow mouse ok] : (0, 0)
[2026-09-28 01:28:07.641] [INF] [default] [TitleBar.cpp:160 in Update] -> [follow mouse ok] : (0, 0)
[2026-09-28 01:28:07.648] [INF] [default] [TitleBar.cpp:160 in Update] -> [follow mouse ok] : (0, 0)
[2026-09-28 01:28:07.655] [INF] [default] [TitleBar.cpp:160 in Update] -> [follow mouse ok] : (0, 0)
[2026-09-28 01:28:07.662] [INF] [default] [TitleBar.cpp:160 in Update] -> [follow mouse ok] : (0, 0)
[2026-09-28 01:28:07.669] [INF] [default] [TitleBar.cpp:160 in Update] -> [follow mouse ok] : (0, 0)
[2026-09-28 01:28:07.676] [INF] [default] [TitleBar.cpp:160 in Update] -> [follow mouse ok] : (0, 0)
[2026-09-28 01:28:07.683] [INF] [default] [TitleBar.cpp:160 in Update] -> [follow mouse ok] : (0, 0)
[2026-09-28 01:28:07.690] [INF] [default] [TitleBar.cpp:160 in Update] -> [follow mouse ok] : (0, 0)
[2026-09-28 01:28:07.696] [INF] [default] [TitleBar.cpp:160 in Update] -> [follow mouse ok] : (0, 0)
[2026-09-28 01:28:07.710] [INF] [default] [TitleBar.cpp:160 in Update] -> [follow mouse ok] : (0, 0)
[2026-09-28 01:28:07.717] [INF] [default] [TitleBar.cpp:160 in Update] -> [follow mouse ok] : (0, 0)
[2026-09-28 01:28:07.725] [INF] [default] [TitleBar.cpp:160 in Update] -> [follow mouse ok] : (0, 0)
[2026-09-28 01:28:07.732] [INF] [default] [TitleBar.cpp:160 in Update] -> [follow mouse ok] : (0, 0)
[2026-09-28 01:28:07.739] [INF] [default] [TitleBar.cpp:160 in Update] -> [follow mouse ok] : (0, 0)
[2026-09-28 01:28:07.753] [INF] [default] [TitleBar.cpp:160 in Update] -> [follow mouse ok] : (0, 0)
[2026-09-28 01:28:07.760] [INF] [default] [TitleBar.cpp:160 in Update] -> [follow mouse ok] : (0, 0)
[2026-09-28 01:28:07.767] [INF] [default] [TitleBar.cpp:160 in Update] -> [follow mouse ok] : (0, 0)
[2026-09-28 01:28:07.773] [INF] [default] [TitleBar.cpp:160 in Update] -> [follow mouse ok] : (0, 0)
[2026-09-28 01:28:07.780] [INF] [default] [TitleBar.cpp:160 in Update] -> [follow mouse ok] : (0, 0)
[2026-09-28 01:28:07.787] [INF] [default] [TitleBar.cpp:160 in Update] -> [follow mouse ok] : (0, 0)
[2026-09-28 01:28:07.794] [INF] [default] [TitleBar.cpp:160 in Update] -> [follow mouse ok] : (0, 0)
[2026-09-28 01:28:07.801] [INF] [default] [TitleBar.cpp:160 in Update] -> [follow mouse ok] : (0, 0)
[2026-09-28 01:28:07.809] [INF] [default] [TitleBar.cpp:160 in Update] -> [follow mouse ok] : (0, 0)
[2026-09-28 01:28:07.822] [INF] [default] [TitleBar.cpp:160 in Update] -> [follow mouse ok] : (0, 0)
[2026-09-28 01:28:07.829] [INF] [default] [TitleBar.cpp:160 in Update] -> [follow mouse ok] : (0, 0)
[2026-09-28 01:28:07.835] [INF] [default] [TitleBar.cpp:160 in Update] -> [follow mouse ok] : (0, 0)
[2026-09-28 01:28:07.844] [INF] [default] [TitleBar.cpp:160 in Update] -> [follow mouse ok] : (0, 0)
[2026-09-28 01:28:07.850] [INF] [default] [TitleBar.cpp:160 in Update] -> [follow mouse ok] : (0, 0)
[2026-09-28 01:28:07.857] [INF] [default] [TitleBar.cpp:160 in Update] -> [follow mouse ok] : (0, 0)
[2026-09-28 01:28:07.863] [INF] [default] [TitleBar.cpp:160 in Update] -> [follow mouse ok] : (0, 0)
[2026-09-28 01:28:07.871] [INF] [default] [TitleBar.cpp:160 in Update] -> [follow mouse ok] : (0, 0)
[2026-09-28 01:28:07.878] [INF] [default] [TitleBar.cpp:160 in Update] -> [follow mouse ok] : (0, 0)
[2026-09-28 01:28:07.885] [INF] [default] [TitleBar.cpp:160 in Update] -> [follow mouse ok] : (0, 0)
[2026-09-28 01:28:07.892] [INF] [default] [TitleBar.cpp:160 in Update] -> [follow mouse ok] : (0, 0)
[2026-09-28 01:28:07.905] [INF] [default] [TitleBar.cpp:160 in Update] -> [follow mouse ok] : (0, 0)
[2026-09-28 01:28:07.912] [INF] [default] [TitleBar.cpp:160 in Update] -> [follow mouse ok] : (0, 0)
[2026-09-28 01:28:07.919] [INF] [default] [TitleBar.cpp:160 in Update] -> [follow mouse ok] : (0, 0)
[2026-09-28 01:28:07.927] [INF] [default] [TitleBar.cpp:160 in Update] -> [follow mouse ok] : (0, 0)
[2026-09-28 01:28:07.933] [INF] [default] [TitleBar.cpp:160 in Update] -> [follow mouse ok] : (0, 0)
[2026-09-28 01:28:07.940] [INF] [default] [TitleBar.cpp:160 in Update] -> [follow mouse ok] : (0, 0)
[2026-09-28 01:28:07.948] [INF] [default] [TitleBar.cpp:160 in Update] -> [follow mouse ok] : (0, 0)
[2026-09-28 01:28:07.955] [INF] [default] [TitleBar.cpp:160 in Update] -> [follow mouse ok] : (0, 0)
[2026-09-28 01:28:07.961] [INF] [default] [TitleBar.cpp:160 in Update] -> [follow mouse ok] : (0, 0)
[2026-09-28 01:28:07.968] [INF] [default] [TitleBar.cpp:160 in Update] -> [follow mouse ok] : (0, 0)
[2026-09-28 01:28:07.982] [INF] [default] [TitleBar.cpp:160 in Update] -> [follow mouse ok] : (0, 0)
[2026-09-28 01:28:08.010] [INF] [default] [TitleBar.cpp:160 in Update] -> [follow mouse ok] : (0, 0)
[2026-09-28 01:28:08.017] [INF] [default] [TitleBar.cpp:160 in Update] -> [follow mouse ok] : (0, 0)
[2026-09-28 01:28:08.024] [INF] [default] [TitleBar.cpp:160 in Update] -> [follow mouse ok] : (0, 0)
[2026-09-28 01:28:08.038] [INF] [default] [TitleBar.cpp:160 in Update] -> [follow mouse ok] : (0, 0)
[2026-09-28 01:28:08.046] [INF] [default] [TitleBar.cpp:160 in Update] -> [follow mouse ok] : (0, 0)
[2026-09-28 01:28:08.052] [INF] [default] [TitleBar.cpp:160 in Update] -> [follow mouse ok] : (0, 0)
[2026-09-28 01:28:08.065] [INF] [default] [TitleBar.cpp:160 in Update] -> [follow mouse ok] : (0, 0)
[2026-09-28 01:28:08.072] [INF] [default] [TitleBar.cpp:160 in Update] -> [follow mouse ok] : (0, 0)
[2026-09-28 01:28:08.080] [INF] [default] [TitleBar.cpp:160 in Update] -> [follow mouse ok] : (0, 0)
[2026-09-28 01:28:08.095] [INF] [default] [TitleBar.cpp:160 in Update] -> [follow mouse ok] : (0, 0)
[2026-09-28 01:28:08.100] [INF] [default] [TitleBar.cpp:160 in Update] -> [follow mouse ok] : (0, 0)
[2026-09-28 01:28:08.107] [INF] [default] [TitleBar.cpp:160 in Update] -> [follow mouse ok] : (0, 0)
[2026-09-28 01:28:08.114] [INF] [default] [TitleBar.cpp:160 in Update] -> [follow mouse ok] : (0, 0)
[2026-09-28 01:28:08.121] [INF] [default] [TitleBar.cpp:160 in Update] -> [follow mouse ok] : (0, 0)
[2026-09-28 01:28:08.128] [INF] [default] [TitleBar.cpp:160 in Update] -> [follow mouse ok] : (0, 0)
[2026-09-28 01:28:08.135] [INF] [default] [TitleBar.cpp:160 in Update] -> [follow mouse ok] : (0, 0)
[2026-09-28 01:28:08.142] [INF] [default] [TitleBar.cpp:160 in Update] -> [follow mouse ok] : (0, 0)
[2026-09-28 01:28:08.149] [INF] [default] [TitleBar.cpp:160 in Update] -> [follow mouse ok] : (0, 0)
[2026-09-28 01:28:08.157] [INF] [default] [TitleBar.cpp:160 in Update] -> [follow mouse ok] : (0, 0)
[2026-09-28 01:28:08.163] [INF] [default] [TitleBar.cpp:160 in Update] -> [follow mouse ok] : (0, 0)
[2026-09-28 01:28:08.170] [INF] [default] [TitleBar.cpp:160 in Update] -> [follow mouse ok] : (0, 0)
[2026-09-28 01:28:08.178] [INF] [default] [TitleBar.cpp:160 in Update] -> [follow mouse ok] : (0, 0)
[2026-09-28 01:28:08.184] [INF] [default] [TitleBar.cpp:160 in Update] -> [follow mouse ok] : (0, 0)
[2026-09-28 01:28:08.191] [INF] [default] [TitleBar.cpp:160 in Update] -> [follow mouse ok] : (0, 0)
[2026-09-28 01:28:08.198] [INF] [default] [TitleBar.cpp:160 in Update] -> [follow mouse ok] : (0, 0)
[2026-09-28 01:28:08.205] [INF] [default] [TitleBar.cpp:160 in Update] -> [follow mouse ok] : (0, 0)
[2026-09-28 01:28:08.211] [INF] [default] [TitleBar.cpp:160 in Update] -> [follow mouse ok] : (0, 0)
[2026-09-28 01:28:08.219] [INF] [default] [TitleBar.cpp:160 in Update] -> [follow mouse ok] : (0, 0)
[2026-09-28 01:28:08.226] [INF] [default] [TitleBar.cpp:160 in Update] -> [follow mouse ok] : (0, 0)
[2026-09-28 01:28:08.240] [INF] [default] [TitleBar.cpp:160 in Update] -> [follow mouse ok] : (0, 0)
[2026-09-28 01:28:08.247] [INF] [default] [TitleBar.cpp:160 in Update] -> [follow mouse ok] : (0, 0)
[2026-09-28 01:28:08.254] [INF] [default] [TitleBar.cpp:160 in Update] -> [follow mouse ok] : (0, 0)
[2026-09-28 01:28:08.260] [INF] [default] [TitleBar.cpp:160 in Update] -> [follow mouse ok] : (0, 0)
[2026-09-28 01:28:08.268] [INF] [default] [TitleBar.cpp:160 in Update] -> [follow mouse ok] : (0, 0)
[2026-09-28 01:28:08.275] [INF] [default] [TitleBar.cpp:160 in Update] -> [follow mouse ok] : (0, 0)
[2026-09-28 01:28:08.282] [INF] [default] [TitleBar.cpp:160 in Update] -> [follow mouse ok] : (0, 0)
[2026-09-28 01:28:08.288] [INF] [default] [TitleBar.cpp:160 in Update] -> [follow mouse ok] : (0, 0)
[2026-09-28 01:28:08.295] [INF] [default] [TitleBar.cpp:160 in Update] -> [follow mouse ok] : (0, 0)
[2026-09-28 01:28:08.303] [INF] [default] [TitleBar.cpp:160 in Update] -> [follow mouse ok] : (0, 0)
[2026-09-28 01:28:08.310] [INF] [default] [TitleBar.cpp:160 in Update] -> [follow mouse ok] : (0, 0)
[2026-09-28 01:28:08.316] [INF] [default] [TitleBar.cpp:160 in Update] -> [follow mouse ok] : (0, 0)
[2026-09-28 01:28:08.324] [INF] [default] [TitleBar.cpp:160 in Update] -> [follow mouse ok] : (0, 0)
[2026-09-28 01:28:08.330] [INF] [default] [TitleBar.cpp:160 in Update] -> [follow mouse ok] : (0, 0)
[2026-09-28 01:28:08.337] [INF] [default] [TitleBar.cpp:160 in Update] -> [follow mouse ok] : (0, 0)
[2026-09-28 01:28:08.345] [INF] [default] [TitleBar.cpp:160 in Update] -> [follow mouse ok] : (0, 0)
[2026-09-28 01:28:08.351] [INF] [default] [TitleBar.cpp:160 in Update] -> [follow mouse ok] : (0, 0)
[2026-09-28 01:28:08.359] [INF] [default] [TitleBar.cpp:160 in Update] -> [follow mouse ok] : (0, 0)
[2026-09-28 01:28:08.365] [INF] [default] [TitleBar.cpp:160 in Update] -> [follow mouse ok] : (0, 0)
[2026-09-28 01:28:08.372] [INF] [default] [TitleBar.cpp:160 in Update] -> [follow mouse ok] : (0, 0)
[2026-09-28 01:28:08.379] [INF] [default] [TitleBar.cpp:160 in Update] -> [follow mouse ok] : (0, 0)
[2026-09-28 01:28:08.386] [INF] [default] [TitleBar.cpp:160 in Update] -> [follow mouse ok] : (0, 0)
[2026-09-28 01:28:08.393] [INF] [default] [TitleBar.cpp:160 in Update] -> [follow mouse ok] : (0, 0)
[2026-09-28 01:28:08.400] [INF] [default] [TitleBar.cpp:160 in Update] -> [follow mouse ok] : (0, 0)
[2026-09-28 01:28:08.407] [INF] [default] [TitleBar.cpp:160 in Update] -> [follow mouse ok] : (0, 0)
[2026-09-28 01:28:08.414] [INF] [default] [TitleBar.cpp:160 in Update] -> [follow mouse ok] : (0, 0)
[2026-09-28 01:28:08.420] [INF] [default] [TitleBar.cpp:160 in Update] -> [follow mouse ok] : (0, 0)
[2026-09-28 01:28:08.428] [INF] [default] [TitleBar.cpp:160 in Update] -> [follow mouse ok] : (0, 0)
[2026-09-28 01:28:08.434] [INF] [default] [TitleBar.cpp:160 in Update] -> [follow mouse ok] : (0, 0)
[2026-09-28 01:28:08.443] [INF] [default] [TitleBar.cpp:160 in Update] -> [follow mouse ok] : (0, 0)
[2026-09-28 01:28:08.449] [INF] [default] [TitleBar.cpp:160 in Update] -> [follow mouse ok] : (0, 0)
[2026-09-28 01:28:08.456] [INF] [default] [TitleBar.cpp:160 in Update] -> [follow mouse ok] : (0, 0)
[2026-09-28 01:28:08.463] [INF] [default] [TitleBar.cpp:160 in Update] -> [follow mouse ok] : (0, 0)
[2026-09-28 01:28:08.469] [INF] [default] [TitleBar.cpp:160 in Update] -> [follow mouse ok] : (0, 0)
[2026-09-28 01:28:08.477] [INF] [default] [TitleBar.cpp:160 in Update] -> [follow mouse ok] : (0, 0)
[2026-09-28 01:28:08.483] [INF] [default] [TitleBar.cpp:160 in Update] -> [follow mouse ok] : (0, 0)
[2026-09-28 01:28:08.491] [INF] [default] [TitleBar.cpp:160 in Update] -> [follow mouse ok] : (0, 0)
[2026-09-28 01:28:08.504] [INF] [default] [TitleBar.cpp:160 in Update] -> [follow mouse ok] : (0, 0)
[2026-09-28 01:28:08.512] [INF] [default] [TitleBar.cpp:160 in Update] -> [follow mouse ok] : (0, 0)
[2026-09-28 01:28:08.518] [INF] [default] [TitleBar.cpp:160 in Update] -> [follow mouse ok] : (0, 0)
[2026-09-28 01:28:08.525] [INF] [default] [TitleBar.cpp:160 in Update] -> [follow mouse ok] : (0, 0)
[2026-09-28 01:28:08.532] [INF] [default] [TitleBar.cpp:160 in Update] -> [follow mouse ok] : (0, 0)
[2026-09-28 01:28:08.539] [INF] [default] [TitleBar.cpp:160 in Update] -> [follow mouse ok] : (0, 0)
[2026-09-28 01:28:08.547] [INF] [default] [TitleBar.cpp:160 in Update] -> [follow mouse ok] : (0, 0)
[2026-09-28 01:28:08.553] [INF] [default] [TitleBar.cpp:160 in Update] -> [follow mouse ok] : (0, 0)
[2026-09-28 01:28:08.560] [INF] [default] [TitleBar.cpp:160 in Update] -> [follow mouse ok] : (0, 0)
[2026-09-28 01:28:08.567] [INF] [default] [TitleBar.cpp:160 in Update] -> [follow mouse ok] : (0, 0)
[2026-09-28 01:28:08.575] [INF] [default] [TitleBar.cpp:160 in Update] -> [follow mouse ok] : (0, 0)
[2026-09-28 01:28:08.581] [INF] [default] [TitleBar.cpp:160 in Update] -> [follow mouse ok] : (0, 0)
[2026-09-28 01:28:08.587] [INF] [default] [TitleBar.cpp:160 in Update] -> [follow mouse ok] : (0, 0)
[2026-09-28 01:28:08.595] [INF] [default] [TitleBar.cpp:160 in Update] -> [follow mouse ok] : (0, 0)
[2026-09-28 01:28:08.610] [INF] [default] [TitleBar.cpp:160 in Update] -> [follow mouse ok] : (0, 0)
[2026-09-28 01:28:08.616] [INF] [default] [TitleBar.cpp:160 in Update] -> [follow mouse ok] : (0, 0)
[2026-09-28 01:28:08.623] [INF] [default] [TitleBar.cpp:160 in Update] -> [follow mouse ok] : (0, 0)
[2026-09-28 01:28:08.650] [INF] [default] [TitleBar.cpp:160 in Update] -> [follow mouse ok] : (0, 0)
[2026-09-28 01:28:08.664] [INF] [default] [TitleBar.cpp:160 in Update] -> [follow mouse ok] : (0, 0)
[2026-09-28 01:28:08.713] [INF] [default] [TitleBar.cpp:160 in Update] -> [follow mouse ok] : (0, 0)
[2026-09-28 01:28:08.728] [INF] [default] [TitleBar.cpp:160 in Update] -> [follow mouse ok] : (0, 0)
[2026-09-28 01:28:08.734] [INF] [default] [TitleBar.cpp:160 in Update] -> [follow mouse ok] : (0, 0)
[2026-09-28 01:28:08.742] [INF] [default] [TitleBar.cpp:160 in Update] -> [follow mouse ok] : (0, 0)
[2026-09-28 01:28:08.748] [INF] [default] [TitleBar.cpp:160 in Update] -> [follow mouse ok] : (0, 0)
[2026-09-28 01:28:08.762] [INF] [default] [TitleBar.cpp:160 in Update] -> [follow mouse ok] : (0, 0)
[2026-09-28 01:28:08.769] [INF] [default] [TitleBar.cpp:160 in Update] -> [follow mouse ok] : (0, 0)
[2026-09-28 01:28:08.783] [INF] [default] [TitleBar.cpp:160 in Update] -> [follow mouse ok] : (0, 0)
[2026-09-28 01:28:08.797] [INF] [default] [TitleBar.cpp:160 in Update] -> [follow mouse ok] : (0, 0)
[2026-09-28 01:28:08.810] [INF] [default] [TitleBar.cpp:160 in Update] -> [follow mouse ok] : (0, 0)
[2026-09-28 01:28:08.826] [INF] [default] [TitleBar.cpp:160 in Update] -> [follow mouse ok] : (0, 0)
[2026-09-28 01:28:08.839] [INF] [default] [TitleBar.cpp:160 in Update] -> [follow mouse ok] : (0, 0)
[2026-09-28 01:28:08.881] [INF] [default] [TitleBar.cpp:160 in Update] -> [follow mouse ok] : (0, 0)
[2026-09-28 01:28:09.946] [INF] [default] [TitleBar.cpp:145 in Update] -> [follow mouse ok] : (449, 449)
[2026-09-28 01:28:10.173] [INF] [default] [TitleBar.cpp:160 in Update] -> [follow mouse ok] : (0, 0)
[2026-09-28 01:28:10.180] [INF] [default] [TitleBar.cpp:160 in Update] -> [follow mouse ok] : (0, 0)
[2026-09-28 01:28:10.187] [INF] [default] [TitleBar.cpp:160 in Update] -> [follow mouse ok] : (0, 0)
[2026-09-28 01:28:10.194] [INF] [default] [TitleBar.cpp:160 in Update] -> [follow mouse ok] : (0, 0)
[2026-09-28 01:28:10.201] [INF] [default] [TitleBar.cpp:160 in Update] -> [follow mouse ok] : (0, 0)
[2026-09-28 01:28:10.209] [INF] [default] [TitleBar.cpp:160 in Update] -> [follow mouse ok] : (0, 0)
[2026-09-28 01:28:10.215] [INF] [default] [TitleBar.cpp:160 in Update] -> [follow mouse ok] : (0, 0)
[2026-09-28 01:28:10.221] [INF] [default] [TitleBar.cpp:160 in Update] -> [follow mouse ok] : (0, 0)
[2026-09-28 01:28:10.229] [INF] [default] [TitleBar.cpp:160 in Update] -> [follow mouse ok] : (0, 0)
[2026-09-28 01:28:10.235] [INF] [default] [TitleBar.cpp:160 in Update] -> [follow mouse ok] : (0, 0)
[2026-09-28 01:28:10.243] [INF] [default] [TitleBar.cpp:160 in Update] -> [follow mouse ok] : (0, 0)
[2026-09-28 01:28:10.250] [INF] [default] [TitleBar.cpp:160 in Update] -> [follow mouse ok] : (0, 0)
[2026-09-28 01:28:10.256] [INF] [default] [TitleBar.cpp:160 in Update] -> [follow mouse ok] : (0, 0)
[2026-09-28 01:28:10.263] [INF] [default] [TitleBar.cpp:160 in Update] -> [follow mouse ok] : (0, 0)
[2026-09-28 01:28:10.271] [INF] [default] [TitleBar.cpp:160 in Update] -> [follow mouse ok] : (0, 0)
[2026-09-28 01:28:10.278] [INF] [default] [TitleBar.cpp:160 in Update] -> [follow mouse ok] : (0, 0)
[2026-09-28 01:28:10.285] [INF] [default] [TitleBar.cpp:160 in Update] -> [follow mouse ok] : (0, 0)
[2026-09-28 01:28:10.291] [INF] [default] [TitleBar.cpp:160 in Update] -> [follow mouse ok] : (0, 0)
[2026-09-28 01:28:10.298] [INF] [default] [TitleBar.cpp:160 in Update] -> [follow mouse ok] : (0, 0)
[2026-09-28 01:28:10.306] [INF] [default] [TitleBar.cpp:160 in Update] -> [follow mouse ok] : (0, 0)
[2026-09-28 01:28:10.764] [INF] [default] [TitleBar.cpp:160 in Update] -> [follow mouse ok] : (0, 0)
[2026-09-28 01:28:10.771] [INF] [default] [TitleBar.cpp:160 in Update] -> [follow mouse ok] : (0, 0)
[2026-09-28 01:28:10.780] [INF] [default] [TitleBar.cpp:160 in Update] -> [follow mouse ok] : (0, 0)
[2026-09-28 01:28:10.786] [INF] [default] [TitleBar.cpp:160 in Update] -> [follow mouse ok] : (0, 0)
[2026-09-28 01:28:10.793] [INF] [default] [TitleBar.cpp:160 in Update] -> [follow mouse ok] : (0, 0)
[2026-09-28 01:28:10.800] [INF] [default] [TitleBar.cpp:160 in Update] -> [follow mouse ok] : (0, 0)
[2026-09-28 01:28:10.807] [INF] [default] [TitleBar.cpp:160 in Update] -> [follow mouse ok] : (0, 0)
[2026-09-28 01:28:10.814] [INF] [default] [TitleBar.cpp:160 in Update] -> [follow mouse ok] : (0, 0)
[2026-09-28 01:28:10.821] [INF] [default] [TitleBar.cpp:160 in Update] -> [follow mouse ok] : (0, 0)
[2026-09-28 01:28:10.827] [INF] [default] [TitleBar.cpp:160 in Update] -> [follow mouse ok] : (0, 0)
[2026-09-28 01:28:10.835] [INF] [default] [TitleBar.cpp:160 in Update] -> [follow mouse ok] : (0, 0)
[2026-09-28 01:28:10.842] [INF] [default] [TitleBar.cpp:160 in Update] -> [follow mouse ok] : (0, 0)
[2026-09-28 01:28:10.848] [INF] [default] [TitleBar.cpp:160 in Update] -> [follow mouse ok] : (0, 0)
[2026-09-28 01:28:10.856] [INF] [default] [TitleBar.cpp:160 in Update] -> [follow mouse ok] : (0, 0)
[2026-09-28 01:28:10.863] [INF] [default] [TitleBar.cpp:160 in Update] -> [follow mouse ok] : (0, 0)
[2026-09-28 01:28:10.869] [INF] [default] [TitleBar.cpp:160 in Update] -> [follow mouse ok] : (0, 0)
[2026-09-28 01:28:10.883] [INF] [default] [TitleBar.cpp:160 in Update] -> [follow mouse ok] : (0, 0)
[2026-09-28 01:28:10.890] [INF] [default] [TitleBar.cpp:160 in Update] -> [follow mouse ok] : (0, 0)
[2026-09-28 01:28:10.904] [INF] [default] [TitleBar.cpp:160 in Update] -> [follow mouse ok] : (0, 0)
[2026-09-28 01:28:10.911] [INF] [default] [TitleBar.cpp:160 in Update] -> [follow mouse ok] : (0, 0)
[2026-09-28 01:28:10.919] [INF] [default] [TitleBar.cpp:160 in Update] -> [follow mouse ok] : (0, 0)
[2026-09-28 01:28:10.926] [INF] [default] [TitleBar.cpp:160 in Update] -> [follow mouse ok] : (0, 0)
[2026-09-28 01:28:10.933] [INF] [default] [TitleBar.cpp:160 in Update] -> [follow mouse ok] : (0, 0)
[2026-09-28 01:28:10.939] [INF] [default] [TitleBar.cpp:160 in Update] -> [follow mouse ok] : (0, 0)
[2026-09-28 01:28:10.946] [INF] [default] [TitleBar.cpp:160 in Update] -> [follow mouse ok] : (0, 0)
[2026-09-28 01:28:10.953] [INF] [default] [TitleBar.cpp:160 in Update] -> [follow mouse ok] : (0, 0)
[2026-09-28 01:28:10.967] [INF] [default] [TitleBar.cpp:160 in Update] -> [follow mouse ok] : (0, 0)
[2026-09-28 01:28:10.974] [INF] [default] [TitleBar.cpp:160 in Update] -> [follow mouse ok] : (0, 0)
[2026-09-28 01:28:10.981] [INF] [default] [TitleBar.cpp:160 in Update] -> [follow mouse ok] : (0, 0)
[2026-09-28 01:28:10.994] [INF] [default] [TitleBar.cpp:160 in Update] -> [follow mouse ok] : (0, 0)
[2026-09-28 01:28:11.002] [INF] [default] [TitleBar.cpp:160 in Update] -> [follow mouse ok] : (0, 0)
[2026-09-28 01:28:11.010] [INF] [default] [TitleBar.cpp:160 in Update] -> [follow mouse ok] : (0, 0)
[2026-09-28 01:28:11.015] [INF] [default] [TitleBar.cpp:160 in Update] -> [follow mouse ok] : (0, 0)
[2026-09-28 01:28:11.023] [INF] [default] [TitleBar.cpp:160 in Update] -> [follow mouse ok] : (0, 0)
[2026-09-28 01:28:11.029] [INF] [default] [TitleBar.cpp:160 in Update] -> [follow mouse ok] : (0, 0)
[2026-09-28 01:28:11.037] [INF] [default] [TitleBar.cpp:160 in Update] -> [follow mouse ok] : (0, 0)
[2026-09-28 01:28:11.044] [INF] [default] [TitleBar.cpp:160 in Update] -> [follow mouse ok] : (0, 0)
[2026-09-28 01:28:11.050] [INF] [default] [TitleBar.cpp:160 in Update] -> [follow mouse ok] : (0, 0)
[2026-09-28 01:28:11.058] [INF] [default] [TitleBar.cpp:160 in Update] -> [follow mouse ok] : (0, 0)
[2026-09-28 01:28:11.064] [INF] [default] [TitleBar.cpp:160 in Update] -> [follow mouse ok] : (0, 0)
[2026-09-28 01:28:11.072] [INF] [default] [TitleBar.cpp:160 in Update] -> [follow mouse ok] : (0, 0)
[2026-09-28 01:28:11.078] [INF] [default] [TitleBar.cpp:160 in Update] -> [follow mouse ok] : (0, 0)
[2026-09-28 01:28:11.085] [INF] [default] [TitleBar.cpp:160 in Update] -> [follow mouse ok] : (0, 0)
[2026-09-28 01:28:11.093] [INF] [default] [TitleBar.cpp:160 in Update] -> [follow mouse ok] : (0, 0)
[2026-09-28 01:28:11.099] [INF] [default] [TitleBar.cpp:160 in Update] -> [follow mouse ok] : (0, 0)
[2026-09-28 01:28:11.107] [INF] [default] [TitleBar.cpp:160 in Update] -> [follow mouse ok] : (0, 0)
[2026-09-28 01:28:11.114] [INF] [default] [TitleBar.cpp:160 in Update] -> [follow mouse ok] : (0, 0)
[2026-09-28 01:28:11.120] [INF] [default] [TitleBar.cpp:160 in Update] -> [follow mouse ok] : (0, 0)
[2026-09-28 01:28:11.128] [INF] [default] [TitleBar.cpp:160 in Update] -> [follow mouse ok] : (0, 0)
[2026-09-28 01:28:11.134] [INF] [default] [TitleBar.cpp:160 in Update] -> [follow mouse ok] : (0, 0)
[2026-09-28 01:28:11.142] [INF] [default] [TitleBar.cpp:160 in Update] -> [follow mouse ok] : (0, 0)
[2026-09-28 01:28:11.148] [INF] [default] [TitleBar.cpp:160 in Update] -> [follow mouse ok] : (0, 0)
[2026-09-28 01:28:11.155] [INF] [default] [TitleBar.cpp:160 in Update] -> [follow mouse ok] : (0, 0)
[2026-09-28 01:28:11.162] [INF] [default] [TitleBar.cpp:160 in Update] -> [follow mouse ok] : (0, 0)
[2026-09-28 01:28:11.169] [INF] [default] [TitleBar.cpp:160 in Update] -> [follow mouse ok] : (0, 0)
[2026-09-28 01:28:11.176] [INF] [default] [TitleBar.cpp:160 in Update] -> [follow mouse ok] : (0, 0)
[2026-09-28 01:28:11.184] [INF] [default] [TitleBar.cpp:160 in Update] -> [follow mouse ok] : (0, 0)
[2026-09-28 01:28:11.190] [INF] [default] [TitleBar.cpp:160 in Update] -> [follow mouse ok] : (0, 0)
[2026-09-28 01:28:11.197] [INF] [default] [TitleBar.cpp:160 in Update] -> [follow mouse ok] : (0, 0)
[2026-09-28 01:28:11.204] [INF] [default] [TitleBar.cpp:160 in Update] -> [follow mouse ok] : (0, 0)
[2026-09-28 01:28:11.210] [INF] [default] [TitleBar.cpp:160 in Update] -> [follow mouse ok] : (0, 0)
[2026-09-28 01:28:11.226] [INF] [default] [TitleBar.cpp:160 in Update] -> [follow mouse ok] : (0, 0)
[2026-09-28 01:28:11.231] [INF] [default] [TitleBar.cpp:160 in Update] -> [follow mouse ok] : (0, 0)
[2026-09-28 01:28:11.238] [INF] [default] [TitleBar.cpp:160 in Update] -> [follow mouse ok] : (0, 0)
[2026-09-28 01:28:11.253] [INF] [default] [TitleBar.cpp:160 in Update] -> [follow mouse ok] : (0, 0)
[2026-09-28 01:28:11.260] [INF] [default] [TitleBar.cpp:160 in Update] -> [follow mouse ok] : (0, 0)
[2026-09-28 01:28:11.336] [INF] [default] [TitleBar.cpp:160 in Update] -> [follow mouse ok] : (0, 0)
[2026-09-28 01:28:11.343] [INF] [default] [TitleBar.cpp:160 in Update] -> [follow mouse ok] : (0, 0)
[2026-09-28 01:28:11.350] [INF] [default] [TitleBar.cpp:160 in Update] -> [follow mouse ok] : (0, 0)
[2026-09-28 01:28:11.358] [INF] [default] [TitleBar.cpp:160 in Update] -> [follow mouse ok] : (0, 0)
[2026-09-28 01:28:11.364] [INF] [default] [TitleBar.cpp:160 in Update] -> [follow mouse ok] : (0, 0)
[2026-09-28 01:28:11.371] [INF] [default] [TitleBar.cpp:160 in Update] -> [follow mouse ok] : (0, 0)
[2026-09-28 01:28:11.379] [INF] [default] [TitleBar.cpp:160 in Update] -> [follow mouse ok] : (0, 0)
[2026-09-28 01:28:11.385] [INF] [default] [TitleBar.cpp:160 in Update] -> [follow mouse ok] : (0, 0)
[2026-09-28 01:28:11.393] [INF] [default] [TitleBar.cpp:160 in Update] -> [follow mouse ok] : (0, 0)
[2026-09-28 01:28:11.399] [INF] [default] [TitleBar.cpp:160 in Update] -> [follow mouse ok] : (0, 0)
[2026-09-28 01:28:11.406] [INF] [default] [TitleBar.cpp:160 in Update] -> [follow mouse ok] : (0, 0)
[2026-09-28 01:28:11.413] [INF] [default] [TitleBar.cpp:160 in Update] -> [follow mouse ok] : (0, 0)
[2026-09-28 01:28:11.420] [INF] [default] [TitleBar.cpp:160 in Update] -> [follow mouse ok] : (0, 0)
[2026-09-28 01:28:11.426] [INF] [default] [TitleBar.cpp:160 in Update] -> [follow mouse ok] : (0, 0)
[2026-09-28 01:28:11.434] [INF] [default] [TitleBar.cpp:160 in Update] -> [follow mouse ok] : (0, 0)
[2026-09-28 01:28:11.442] [INF] [default] [TitleBar.cpp:160 in Update] -> [follow mouse ok] : (0, 0)
[2026-09-28 01:28:11.448] [INF] [default] [TitleBar.cpp:160 in Update] -> [follow mouse ok] : (0, 0)
[2026-09-28 01:28:11.455] [INF] [default] [TitleBar.cpp:160 in Update] -> [follow mouse ok] : (0, 0)
[2026-09-28 01:28:11.462] [INF] [default] [TitleBar.cpp:160 in Update] -> [follow mouse ok] : (0, 0)
[2026-09-28 01:28:11.468] [INF] [default] [TitleBar.cpp:160 in Update] -> [follow mouse ok] : (0, 0)
[2026-09-28 01:28:11.476] [INF] [default] [TitleBar.cpp:160 in Update] -> [follow mouse ok] : (0, 0)
[2026-09-28 01:28:11.483] [INF] [default] [TitleBar.cpp:160 in Update] -> [follow mouse ok] : (0, 0)
[2026-09-28 01:28:11.489] [INF] [default] [TitleBar.cpp:160 in Update] -> [follow mouse ok] : (0, 0)
[2026-09-28 01:28:11.496] [INF] [default] [TitleBar.cpp:160 in Update] -> [follow mouse ok] : (0, 0)
[2026-09-28 01:28:11.503] [INF] [default] [TitleBar.cpp:160 in Update] -> [follow mouse ok] : (0, 0)
[2026-09-28 01:28:11.510] [INF] [default] [TitleBar.cpp:160 in Update] -> [follow mouse ok] : (0, 0)
[2026-09-28 01:28:11.518] [INF] [default] [TitleBar.cpp:160 in Update] -> [follow mouse ok] : (0, 0)
[2026-09-28 01:28:11.524] [INF] [default] [TitleBar.cpp:160 in Update] -> [follow mouse ok] : (0, 0)
[2026-09-28 01:28:11.532] [INF] [default] [TitleBar.cpp:160 in Update] -> [follow mouse ok] : (0, 0)
[2026-09-28 01:28:11.538] [INF] [default] [TitleBar.cpp:160 in Update] -> [follow mouse ok] : (0, 0)
[2026-09-28 01:28:11.545] [INF] [default] [TitleBar.cpp:160 in Update] -> [follow mouse ok] : (0, 0)
[2026-09-28 01:28:11.551] [INF] [default] [TitleBar.cpp:160 in Update] -> [follow mouse ok] : (0, 0)
[2026-09-28 01:28:11.560] [INF] [default] [TitleBar.cpp:160 in Update] -> [follow mouse ok] : (0, 0)
[2026-09-28 01:28:11.565] [INF] [default] [TitleBar.cpp:160 in Update] -> [follow mouse ok] : (0, 0)
[2026-09-28 01:28:11.573] [INF] [default] [TitleBar.cpp:160 in Update] -> [follow mouse ok] : (0, 0)
[2026-09-28 01:28:11.580] [INF] [default] [TitleBar.cpp:160 in Update] -> [follow mouse ok] : (0, 0)
[2026-09-28 01:28:11.587] [INF] [default] [TitleBar.cpp:160 in Update] -> [follow mouse ok] : (0, 0)
[2026-09-28 01:28:11.594] [INF] [default] [TitleBar.cpp:160 in Update] -> [follow mouse ok] : (0, 0)
[2026-09-28 01:28:11.601] [INF] [default] [TitleBar.cpp:160 in Update] -> [follow mouse ok] : (0, 0)
[2026-09-28 01:28:11.608] [INF] [default] [TitleBar.cpp:160 in Update] -> [follow mouse ok] : (0, 0)
[2026-09-28 01:28:11.614] [INF] [default] [TitleBar.cpp:160 in Update] -> [follow mouse ok] : (0, 0)
[2026-09-28 01:28:11.622] [INF] [default] [TitleBar.cpp:160 in Update] -> [follow mouse ok] : (0, 0)
[2026-09-28 01:28:11.629] [INF] [default] [TitleBar.cpp:160 in Update] -> [follow mouse ok] : (0, 0)
[2026-09-28 01:28:11.636] [INF] [default] [TitleBar.cpp:160 in Update] -> [follow mouse ok] : (0, 0)
[2026-09-28 01:28:11.643] [INF] [default] [TitleBar.cpp:160 in Update] -> [follow mouse ok] : (0, 0)
[2026-09-28 01:28:11.650] [INF] [default] [TitleBar.cpp:160 in Update] -> [follow mouse ok] : (0, 0)
[2026-09-28 01:28:11.657] [INF] [default] [TitleBar.cpp:160 in Update] -> [follow mouse ok] : (0, 0)
[2026-09-28 01:28:11.663] [INF] [default] [TitleBar.cpp:160 in Update] -> [follow mouse ok] : (0, 0)
[2026-09-28 01:28:11.670] [INF] [default] [TitleBar.cpp:160 in Update] -> [follow mouse ok] : (0, 0)
[2026-09-28 01:28:11.677] [INF] [default] [TitleBar.cpp:160 in Update] -> [follow mouse ok] : (0, 0)
[2026-09-28 01:28:11.684] [INF] [default] [TitleBar.cpp:160 in Update] -> [follow mouse ok] : (0, 0)
[2026-09-28 01:28:11.691] [INF] [default] [TitleBar.cpp:160 in Update] -> [follow mouse ok] : (0, 0)
[2026-09-28 01:28:11.699] [INF] [default] [TitleBar.cpp:160 in Update] -> [follow mouse ok] : (0, 0)
[2026-09-28 01:28:11.705] [INF] [default] [TitleBar.cpp:160 in Update] -> [follow mouse ok] : (0, 0)
[2026-09-28 01:28:11.713] [INF] [default] [TitleBar.cpp:160 in Update] -> [follow mouse ok] : (0, 0)
[2026-09-28 01:28:11.720] [INF] [default] [TitleBar.cpp:160 in Update] -> [follow mouse ok] : (0, 0)
[2026-09-28 01:28:11.726] [INF] [default] [TitleBar.cpp:160 in Update] -> [follow mouse ok] : (0, 0)
[2026-09-28 01:28:11.733] [INF] [default] [TitleBar.cpp:160 in Update] -> [follow mouse ok] : (0, 0)
[2026-09-28 01:28:11.740] [INF] [default] [TitleBar.cpp:160 in Update] -> [follow mouse ok] : (0, 0)
[2026-09-28 01:28:11.747] [INF] [default] [TitleBar.cpp:160 in Update] -> [follow mouse ok] : (0, 0)
[2026-09-28 01:28:11.755] [INF] [default] [TitleBar.cpp:160 in Update] -> [follow mouse ok] : (0, 0)
[2026-09-28 01:28:11.761] [INF] [default] [TitleBar.cpp:160 in Update] -> [follow mouse ok] : (0, 0)
[2026-09-28 01:28:11.768] [INF] [default] [TitleBar.cpp:160 in Update] -> [follow mouse ok] : (0, 0)
[2026-09-28 01:28:11.775] [INF] [default] [TitleBar.cpp:160 in Update] -> [follow mouse ok] : (0, 0)
[2026-09-28 01:28:11.782] [INF] [default] [TitleBar.cpp:160 in Update] -> [follow mouse ok] : (0, 0)
[2026-09-28 01:28:11.789] [INF] [default] [TitleBar.cpp:160 in Update] -> [follow mouse ok] : (0, 0)
[2026-09-28 01:28:11.796] [INF] [default] [TitleBar.cpp:160 in Update] -> [follow mouse ok] : (0, 0)
[2026-09-28 01:28:11.803] [INF] [default] [TitleBar.cpp:160 in Update] -> [follow mouse ok] : (0, 0)
[2026-09-28 01:28:11.810] [INF] [default] [TitleBar.cpp:160 in Update] -> [follow mouse ok] : (0, 0)
[2026-09-28 01:28:11.816] [INF] [default] [TitleBar.cpp:160 in Update] -> [follow mouse ok] : (0, 0)
[2026-09-28 01:28:11.824] [INF] [default] [TitleBar.cpp:160 in Update] -> [follow mouse ok] : (0, 0)
[2026-09-28 01:28:11.831] [INF] [default] [TitleBar.cpp:160 in Update] -> [follow mouse ok] : (0, 0)
[2026-09-28 01:28:11.838] [INF] [default] [TitleBar.cpp:160 in Update] -> [follow mouse ok] : (0, 0)
[2026-09-28 01:28:11.845] [INF] [default] [TitleBar.cpp:160 in Update] -> [follow mouse ok] : (0, 0)
[2026-09-28 01:28:11.852] [INF] [default] [TitleBar.cpp:160 in Update] -> [follow mouse ok] : (0, 0)
[2026-09-28 01:28:11.860] [INF] [default] [TitleBar.cpp:160 in Update] -> [follow mouse ok] : (0, 0)
[2026-09-28 01:28:11.865] [INF] [default] [TitleBar.cpp:160 in Update] -> [follow mouse ok] : (0, 0)
[2026-09-28 01:28:11.872] [INF] [default] [TitleBar.cpp:160 in Update] -> [follow mouse ok] : (0, 0)
[2026-09-28 01:28:11.879] [INF] [default] [TitleBar.cpp:160 in Update] -> [follow mouse ok] : (0, 0)
[2026-09-28 01:28:11.887] [INF] [default] [TitleBar.cpp:160 in Update] -> [follow mouse ok] : (0, 0)
[2026-09-28 01:28:11.893] [INF] [default] [TitleBar.cpp:160 in Update] -> [follow mouse ok] : (0, 0)
[2026-09-28 01:28:11.900] [INF] [default] [TitleBar.cpp:160 in Update] -> [follow mouse ok] : (0, 0)
[2026-09-28 01:28:11.909] [INF] [default] [TitleBar.cpp:160 in Update] -> [follow mouse ok] : (0, 0)
[2026-09-28 01:28:11.914] [INF] [default] [TitleBar.cpp:160 in Update] -> [follow mouse ok] : (0, 0)
[2026-09-28 01:28:11.921] [INF] [default] [TitleBar.cpp:160 in Update] -> [follow mouse ok] : (0, 0)
[2026-09-28 01:28:11.929] [INF] [default] [TitleBar.cpp:160 in Update] -> [follow mouse ok] : (0, 0)
[2026-09-28 01:28:11.935] [INF] [default] [TitleBar.cpp:160 in Update] -> [follow mouse ok] : (0, 0)
[2026-09-28 01:28:11.943] [INF] [default] [TitleBar.cpp:160 in Update] -> [follow mouse ok] : (0, 0)
[2026-09-28 01:28:11.950] [INF] [default] [TitleBar.cpp:160 in Update] -> [follow mouse ok] : (0, 0)
[2026-09-28 01:28:11.956] [INF] [default] [TitleBar.cpp:160 in Update] -> [follow mouse ok] : (0, 0)
[2026-09-28 01:28:11.963] [INF] [default] [TitleBar.cpp:160 in Update] -> [follow mouse ok] : (0, 0)
[2026-09-28 01:28:11.970] [INF] [default] [TitleBar.cpp:160 in Update] -> [follow mouse ok] : (0, 0)
[2026-09-28 01:28:11.978] [INF] [default] [TitleBar.cpp:160 in Update] -> [follow mouse ok] : (0, 0)
[2026-09-28 01:28:11.984] [INF] [default] [TitleBar.cpp:160 in Update] -> [follow mouse ok] : (0, 0)
[2026-09-28 01:28:11.992] [INF] [default] [TitleBar.cpp:160 in Update] -> [follow mouse ok] : (0, 0)
[2026-09-28 01:28:11.998] [INF] [default] [TitleBar.cpp:160 in Update] -> [follow mouse ok] : (0, 0)
[2026-09-28 01:28:12.005] [INF] [default] [TitleBar.cpp:160 in Update] -> [follow mouse ok] : (0, 0)
[2026-09-28 01:28:12.012] [INF] [default] [TitleBar.cpp:160 in Update] -> [follow mouse ok] : (0, 0)
[2026-09-28 01:28:12.019] [INF] [default] [TitleBar.cpp:160 in Update] -> [follow mouse ok] : (0, 0)
[2026-09-28 01:28:12.026] [INF] [default] [TitleBar.cpp:160 in Update] -> [follow mouse ok] : (0, 0)
[2026-09-28 01:28:12.033] [INF] [default] [TitleBar.cpp:160 in Update] -> [follow mouse ok] : (0, 0)
[2026-09-28 01:28:12.040] [INF] [default] [TitleBar.cpp:160 in Update] -> [follow mouse ok] : (0, 0)
[2026-09-28 01:28:12.046] [INF] [default] [TitleBar.cpp:160 in Update] -> [follow mouse ok] : (0, 0)
[2026-09-28 01:28:12.054] [INF] [default] [TitleBar.cpp:160 in Update] -> [follow mouse ok] : (0, 0)
[2026-09-28 01:28:12.061] [INF] [default] [TitleBar.cpp:160 in Update] -> [follow mouse ok] : (0, 0)
[2026-09-28 01:28:12.068] [INF] [default] [TitleBar.cpp:160 in Update] -> [follow mouse ok] : (0, 0)
[2026-09-28 01:28:12.075] [INF] [default] [TitleBar.cpp:160 in Update] -> [follow mouse ok] : (0, 0)
[2026-09-28 01:28:12.082] [INF] [default] [TitleBar.cpp:160 in Update] -> [follow mouse ok] : (0, 0)
[2026-09-28 01:28:12.089] [INF] [default] [TitleBar.cpp:160 in Update] -> [follow mouse ok] : (0, 0)
[2026-09-28 01:28:12.095] [INF] [default] [TitleBar.cpp:160 in Update] -> [follow mouse ok] : (0, 0)
[2026-09-28 01:28:12.103] [INF] [default] [TitleBar.cpp:160 in Update] -> [follow mouse ok] : (0, 0)
[2026-09-28 01:28:12.110] [INF] [default] [TitleBar.cpp:160 in Update] -> [follow mouse ok] : (0, 0)
[2026-09-28 01:28:12.116] [INF] [default] [TitleBar.cpp:160 in Update] -> [follow mouse ok] : (0, 0)
[2026-09-28 01:28:12.124] [INF] [default] [TitleBar.cpp:160 in Update] -> [follow mouse ok] : (0, 0)
[2026-09-28 01:28:12.130] [INF] [default] [TitleBar.cpp:160 in Update] -> [follow mouse ok] : (0, 0)
[2026-09-28 01:28:12.137] [INF] [default] [TitleBar.cpp:160 in Update] -> [follow mouse ok] : (0, 0)
[2026-09-28 01:28:12.145] [INF] [default] [TitleBar.cpp:160 in Update] -> [follow mouse ok] : (0, 0)
[2026-09-28 01:28:12.151] [INF] [default] [TitleBar.cpp:160 in Update] -> [follow mouse ok] : (0, 0)
[2026-09-28 01:28:12.158] [INF] [default] [TitleBar.cpp:160 in Update] -> [follow mouse ok] : (0, 0)
[2026-09-28 01:28:12.165] [INF] [default] [TitleBar.cpp:160 in Update] -> [follow mouse ok] : (0, 0)
[2026-09-28 01:28:12.173] [INF] [default] [TitleBar.cpp:160 in Update] -> [follow mouse ok] : (0, 0)
[2026-09-28 01:28:12.179] [INF] [default] [TitleBar.cpp:160 in Update] -> [follow mouse ok] : (0, 0)
[2026-09-28 01:28:12.186] [INF] [default] [TitleBar.cpp:160 in Update] -> [follow mouse ok] : (0, 0)
[2026-09-28 01:28:12.194] [INF] [default] [TitleBar.cpp:160 in Update] -> [follow mouse ok] : (0, 0)
[2026-09-28 01:28:12.200] [INF] [default] [TitleBar.cpp:160 in Update] -> [follow mouse ok] : (0, 0)
[2026-09-28 01:28:12.207] [INF] [default] [TitleBar.cpp:160 in Update] -> [follow mouse ok] : (0, 0)
[2026-09-28 01:28:12.214] [INF] [default] [TitleBar.cpp:160 in Update] -> [follow mouse ok] : (0, 0)
[2026-09-28 01:28:12.221] [INF] [default] [TitleBar.cpp:160 in Update] -> [follow mouse ok] : (0, 0)
[2026-09-28 01:28:12.235] [INF] [default] [TitleBar.cpp:160 in Update] -> [follow mouse ok] : (0, 0)
[2026-09-28 01:28:12.242] [INF] [default] [TitleBar.cpp:160 in Update] -> [follow mouse ok] : (0, 0)
[2026-09-28 01:28:12.249] [INF] [default] [TitleBar.cpp:160 in Update] -> [follow mouse ok] : (0, 0)
[2026-09-28 01:28:12.256] [INF] [default] [TitleBar.cpp:160 in Update] -> [follow mouse ok] : (0, 0)
[2026-09-28 01:28:12.263] [INF] [default] [TitleBar.cpp:160 in Update] -> [follow mouse ok] : (0, 0)
[2026-09-28 01:28:12.270] [INF] [default] [TitleBar.cpp:160 in Update] -> [follow mouse ok] : (0, 0)
[2026-09-28 01:28:12.276] [INF] [default] [TitleBar.cpp:160 in Update] -> [follow mouse ok] : (0, 0)
[2026-09-28 01:28:12.284] [INF] [default] [TitleBar.cpp:160 in Update] -> [follow mouse ok] : (0, 0)
[2026-09-28 01:28:12.291] [INF] [default] [TitleBar.cpp:160 in Update] -> [follow mouse ok] : (0, 0)
[2026-09-28 01:28:12.305] [INF] [default] [TitleBar.cpp:160 in Update] -> [follow mouse ok] : (0, 0)
[2026-09-28 01:28:12.311] [INF] [default] [TitleBar.cpp:160 in Update] -> [follow mouse ok] : (0, 0)
[2026-09-28 01:28:12.318] [INF] [default] [TitleBar.cpp:160 in Update] -> [follow mouse ok] : (0, 0)
[2026-09-28 01:28:12.326] [INF] [default] [TitleBar.cpp:160 in Update] -> [follow mouse ok] : (0, 0)
[2026-09-28 01:28:12.332] [INF] [default] [TitleBar.cpp:160 in Update] -> [follow mouse ok] : (0, 0)
[2026-09-28 01:28:12.339] [INF] [default] [TitleBar.cpp:160 in Update] -> [follow mouse ok] : (0, 0)
[2026-09-28 01:28:12.346] [INF] [default] [TitleBar.cpp:160 in Update] -> [follow mouse ok] : (0, 0)
[2026-09-28 01:28:12.353] [INF] [default] [TitleBar.cpp:160 in Update] -> [follow mouse ok] : (0, 0)
[2026-09-28 01:28:12.360] [INF] [default] [TitleBar.cpp:160 in Update] -> [follow mouse ok] : (0, 0)
[2026-09-28 01:28:12.367] [INF] [default] [TitleBar.cpp:160 in Update] -> [follow mouse ok] : (0, 0)
[2026-09-28 01:28:12.374] [INF] [default] [TitleBar.cpp:160 in Update] -> [follow mouse ok] : (0, 0)
[2026-09-28 01:28:12.381] [INF] [default] [TitleBar.cpp:160 in Update] -> [follow mouse ok] : (0, 0)
[2026-09-28 01:28:12.396] [INF] [default] [TitleBar.cpp:160 in Update] -> [follow mouse ok] : (0, 0)
[2026-09-28 01:28:12.402] [INF] [default] [TitleBar.cpp:160 in Update] -> [follow mouse ok] : (0, 0)
[2026-09-28 01:28:12.409] [INF] [default] [TitleBar.cpp:160 in Update] -> [follow mouse ok] : (0, 0)
[2026-09-28 01:28:12.416] [INF] [default] [TitleBar.cpp:160 in Update] -> [follow mouse ok] : (0, 0)
[2026-09-28 01:28:12.430] [INF] [default] [TitleBar.cpp:160 in Update] -> [follow mouse ok] : (0, 0)
[2026-09-28 01:28:12.437] [INF] [default] [TitleBar.cpp:160 in Update] -> [follow mouse ok] : (0, 0)
[2026-09-28 01:28:12.444] [INF] [default] [TitleBar.cpp:160 in Update] -> [follow mouse ok] : (0, 0)
[2026-09-28 01:28:12.450] [INF] [default] [TitleBar.cpp:160 in Update] -> [follow mouse ok] : (0, 0)
[2026-09-28 01:28:12.458] [INF] [default] [TitleBar.cpp:160 in Update] -> [follow mouse ok] : (0, 0)
[2026-09-28 01:28:12.465] [INF] [default] [TitleBar.cpp:160 in Update] -> [follow mouse ok] : (0, 0)
[2026-09-28 01:28:12.471] [INF] [default] [TitleBar.cpp:160 in Update] -> [follow mouse ok] : (0, 0)
[2026-09-28 01:28:12.485] [INF] [default] [TitleBar.cpp:160 in Update] -> [follow mouse ok] : (0, 0)
[2026-09-28 01:28:12.493] [INF] [default] [TitleBar.cpp:160 in Update] -> [follow mouse ok] : (0, 0)
[2026-09-28 01:28:12.500] [INF] [default] [TitleBar.cpp:160 in Update] -> [follow mouse ok] : (0, 0)
[2026-09-28 01:28:12.506] [INF] [default] [TitleBar.cpp:160 in Update] -> [follow mouse ok] : (0, 0)
[2026-09-28 01:28:12.514] [INF] [default] [TitleBar.cpp:160 in Update] -> [follow mouse ok] : (0, 0)
[2026-09-28 01:28:12.520] [INF] [default] [TitleBar.cpp:160 in Update] -> [follow mouse ok] : (0, 0)
[2026-09-28 01:28:12.527] [INF] [default] [TitleBar.cpp:160 in Update] -> [follow mouse ok] : (0, 0)
[2026-09-28 01:28:12.535] [INF] [default] [TitleBar.cpp:160 in Update] -> [follow mouse ok] : (0, 0)
[2026-09-28 01:28:12.541] [INF] [default] [TitleBar.cpp:160 in Update] -> [follow mouse ok] : (0, 0)
[2026-09-28 01:28:12.548] [INF] [default] [TitleBar.cpp:160 in Update] -> [follow mouse ok] : (0, 0)
[2026-09-28 01:28:12.555] [INF] [default] [TitleBar.cpp:160 in Update] -> [follow mouse ok] : (0, 0)
[2026-09-28 01:28:12.562] [INF] [default] [TitleBar.cpp:160 in Update] -> [follow mouse ok] : (0, 0)
[2026-09-28 01:28:12.569] [INF] [default] [TitleBar.cpp:160 in Update] -> [follow mouse ok] : (0, 0)
[2026-09-28 01:28:12.576] [INF] [default] [TitleBar.cpp:160 in Update] -> [follow mouse ok] : (0, 0)
[2026-09-28 01:28:12.583] [INF] [default] [TitleBar.cpp:160 in Update] -> [follow mouse ok] : (0, 0)
[2026-09-28 01:28:12.597] [INF] [default] [TitleBar.cpp:160 in Update] -> [follow mouse ok] : (0, 0)
[2026-09-28 01:28:12.604] [INF] [default] [TitleBar.cpp:160 in Update] -> [follow mouse ok] : (0, 0)
[2026-09-28 01:28:12.618] [INF] [default] [TitleBar.cpp:160 in Update] -> [follow mouse ok] : (0, 0)
[2026-09-28 01:28:12.625] [INF] [default] [TitleBar.cpp:160 in Update] -> [follow mouse ok] : (0, 0)
[2026-09-28 01:28:13.335] [INF] [default] [TitleBar.cpp:160 in Update] -> [follow mouse ok] : (0, 0)
[2026-09-28 01:28:13.350] [INF] [default] [TitleBar.cpp:160 in Update] -> [follow mouse ok] : (0, 0)
[2026-09-28 01:28:13.370] [INF] [default] [TitleBar.cpp:160 in Update] -> [follow mouse ok] : (0, 0)
[2026-09-28 01:28:13.412] [INF] [default] [TitleBar.cpp:160 in Update] -> [follow mouse ok] : (0, 0)
[2026-09-28 01:28:13.440] [INF] [default] [TitleBar.cpp:160 in Update] -> [follow mouse ok] : (0, 0)
[2026-09-28 01:28:13.461] [INF] [default] [TitleBar.cpp:160 in Update] -> [follow mouse ok] : (0, 0)
[2026-09-28 01:28:13.475] [INF] [default] [TitleBar.cpp:160 in Update] -> [follow mouse ok] : (0, 0)
[2026-09-28 01:28:13.489] [INF] [default] [TitleBar.cpp:160 in Update] -> [follow mouse ok] : (0, 0)
[2026-09-28 01:28:13.503] [INF] [default] [TitleBar.cpp:160 in Update] -> [follow mouse ok] : (0, 0)
[2026-09-28 01:28:13.524] [INF] [default] [TitleBar.cpp:160 in Update] -> [follow mouse ok] : (0, 0)
[2026-09-28 01:28:13.530] [INF] [default] [TitleBar.cpp:160 in Update] -> [follow mouse ok] : (0, 0)
[2026-09-28 01:28:13.537] [INF] [default] [TitleBar.cpp:160 in Update] -> [follow mouse ok] : (0, 0)
[2026-09-28 01:28:13.558] [INF] [default] [TitleBar.cpp:160 in Update] -> [follow mouse ok] : (0, 0)
[2026-09-28 01:28:13.572] [INF] [default] [TitleBar.cpp:160 in Update] -> [follow mouse ok] : (0, 0)
[2026-09-28 01:28:13.607] [INF] [default] [TitleBar.cpp:160 in Update] -> [follow mouse ok] : (0, 0)
[2026-09-28 01:28:13.614] [INF] [default] [TitleBar.cpp:160 in Update] -> [follow mouse ok] : (0, 0)
[2026-09-28 01:28:13.627] [INF] [default] [TitleBar.cpp:160 in Update] -> [follow mouse ok] : (0, 0)
[2026-09-28 01:28:13.656] [INF] [default] [TitleBar.cpp:160 in Update] -> [follow mouse ok] : (0, 0)
[2026-09-28 01:28:13.670] [INF] [default] [TitleBar.cpp:160 in Update] -> [follow mouse ok] : (0, 0)
[2026-09-28 01:28:13.704] [INF] [default] [TitleBar.cpp:160 in Update] -> [follow mouse ok] : (0, 0)
[2026-09-28 01:28:13.719] [INF] [default] [TitleBar.cpp:160 in Update] -> [follow mouse ok] : (0, 0)
[2026-09-28 01:28:13.746] [INF] [default] [TitleBar.cpp:160 in Update] -> [follow mouse ok] : (0, 0)
[2026-09-28 01:28:13.761] [INF] [default] [TitleBar.cpp:160 in Update] -> [follow mouse ok] : (0, 0)
[2026-09-28 01:28:13.781] [INF] [default] [TitleBar.cpp:160 in Update] -> [follow mouse ok] : (0, 0)
[2026-09-28 01:28:13.788] [INF] [default] [TitleBar.cpp:160 in Update] -> [follow mouse ok] : (0, 0)
[2026-09-28 01:28:13.795] [INF] [default] [TitleBar.cpp:160 in Update] -> [follow mouse ok] : (0, 0)
[2026-09-28 01:28:13.815] [INF] [default] [TitleBar.cpp:160 in Update] -> [follow mouse ok] : (0, 0)
[2026-09-28 01:28:13.824] [INF] [default] [TitleBar.cpp:160 in Update] -> [follow mouse ok] : (0, 0)
[2026-09-28 01:28:13.837] [INF] [default] [TitleBar.cpp:160 in Update] -> [follow mouse ok] : (0, 0)
[2026-09-28 01:28:13.858] [INF] [default] [TitleBar.cpp:160 in Update] -> [follow mouse ok] : (0, 0)
[2026-09-28 01:28:13.871] [INF] [default] [TitleBar.cpp:160 in Update] -> [follow mouse ok] : (0, 0)
[2026-09-28 01:28:13.893] [INF] [default] [TitleBar.cpp:160 in Update] -> [follow mouse ok] : (0, 0)
[2026-09-28 01:28:13.907] [INF] [default] [TitleBar.cpp:160 in Update] -> [follow mouse ok] : (0, 0)
[2026-09-28 01:28:13.935] [INF] [default] [TitleBar.cpp:160 in Update] -> [follow mouse ok] : (0, 0)
[2026-09-28 01:28:13.983] [INF] [default] [TitleBar.cpp:160 in Update] -> [follow mouse ok] : (0, 0)
[2026-09-28 01:28:13.996] [INF] [default] [TitleBar.cpp:160 in Update] -> [follow mouse ok] : (0, 0)
[2026-09-28 01:28:14.004] [INF] [default] [TitleBar.cpp:160 in Update] -> [follow mouse ok] : (0, 0)
[2026-09-28 01:28:14.031] [INF] [default] [TitleBar.cpp:160 in Update] -> [follow mouse ok] : (0, 0)
[2026-09-28 01:28:14.059] [INF] [default] [TitleBar.cpp:160 in Update] -> [follow mouse ok] : (0, 0)
[2026-09-28 01:28:14.129] [INF] [default] [TitleBar.cpp:160 in Update] -> [follow mouse ok] : (0, 0)
[2026-09-28 01:28:14.136] [INF] [default] [TitleBar.cpp:160 in Update] -> [follow mouse ok] : (0, 0)
[2026-09-28 01:28:14.227] [INF] [default] [TitleBar.cpp:160 in Update] -> [follow mouse ok] : (0, 0)
[2026-09-28 01:28:14.234] [INF] [default] [TitleBar.cpp:160 in Update] -> [follow mouse ok] : (0, 0)
[2026-09-28 01:28:14.241] [INF] [default] [TitleBar.cpp:160 in Update] -> [follow mouse ok] : (0, 0)
[2026-09-28 01:28:14.248] [INF] [default] [TitleBar.cpp:160 in Update] -> [follow mouse ok] : (0, 0)
[2026-09-28 01:28:14.255] [INF] [default] [TitleBar.cpp:160 in Update] -> [follow mouse ok] : (0, 0)
[2026-09-28 01:28:14.261] [INF] [default] [TitleBar.cpp:160 in Update] -> [follow mouse ok] : (0, 0)
[2026-09-28 01:28:14.268] [INF] [default] [TitleBar.cpp:160 in Update] -> [follow mouse ok] : (0, 0)
[2026-09-28 01:28:14.276] [INF] [default] [TitleBar.cpp:160 in Update] -> [follow mouse ok] : (0, 0)
[2026-09-28 01:28:14.283] [INF] [default] [TitleBar.cpp:160 in Update] -> [follow mouse ok] : (0, 0)
[2026-09-28 01:28:14.290] [INF] [default] [TitleBar.cpp:160 in Update] -> [follow mouse ok] : (0, 0)
[2026-09-28 01:28:14.296] [INF] [default] [TitleBar.cpp:160 in Update] -> [follow mouse ok] : (0, 0)
[2026-09-28 01:28:14.304] [INF] [default] [TitleBar.cpp:160 in Update] -> [follow mouse ok] : (0, 0)
[2026-09-28 01:28:14.311] [INF] [default] [TitleBar.cpp:160 in Update] -> [follow mouse ok] : (0, 0)
[2026-09-28 01:28:14.317] [INF] [default] [TitleBar.cpp:160 in Update] -> [follow mouse ok] : (0, 0)
[2026-09-28 01:28:14.325] [INF] [default] [TitleBar.cpp:160 in Update] -> [follow mouse ok] : (0, 0)
[2026-09-28 01:28:14.338] [INF] [default] [TitleBar.cpp:160 in Update] -> [follow mouse ok] : (0, 0)
[2026-09-28 01:28:14.346] [INF] [default] [TitleBar.cpp:160 in Update] -> [follow mouse ok] : (0, 0)
[2026-09-28 01:28:14.366] [INF] [default] [TitleBar.cpp:160 in Update] -> [follow mouse ok] : (0, 0)
[2026-09-28 01:28:14.381] [INF] [default] [TitleBar.cpp:160 in Update] -> [follow mouse ok] : (0, 0)
[2026-09-28 01:28:14.394] [INF] [default] [TitleBar.cpp:160 in Update] -> [follow mouse ok] : (0, 0)
[2026-09-28 01:28:14.415] [INF] [default] [TitleBar.cpp:160 in Update] -> [follow mouse ok] : (0, 0)
[2026-09-28 01:28:14.422] [INF] [default] [TitleBar.cpp:160 in Update] -> [follow mouse ok] : (0, 0)
[2026-09-28 01:28:14.443] [INF] [default] [TitleBar.cpp:160 in Update] -> [follow mouse ok] : (0, 0)
[2026-09-28 01:28:14.457] [INF] [default] [TitleBar.cpp:160 in Update] -> [follow mouse ok] : (0, 0)
[2026-09-28 01:28:14.463] [INF] [default] [TitleBar.cpp:160 in Update] -> [follow mouse ok] : (0, 0)
[2026-09-28 01:28:14.477] [INF] [default] [TitleBar.cpp:160 in Update] -> [follow mouse ok] : (0, 0)
[2026-09-28 01:28:14.485] [INF] [default] [TitleBar.cpp:160 in Update] -> [follow mouse ok] : (0, 0)
[2026-09-28 01:28:14.498] [INF] [default] [TitleBar.cpp:160 in Update] -> [follow mouse ok] : (0, 0)
[2026-09-28 01:28:14.506] [INF] [default] [TitleBar.cpp:160 in Update] -> [follow mouse ok] : (0, 0)
[2026-09-28 01:28:14.514] [INF] [default] [TitleBar.cpp:160 in Update] -> [follow mouse ok] : (0, 0)
[2026-09-28 01:28:14.527] [INF] [default] [TitleBar.cpp:160 in Update] -> [follow mouse ok] : (0, 0)
[2026-09-28 01:28:14.533] [INF] [default] [TitleBar.cpp:160 in Update] -> [follow mouse ok] : (0, 0)
[2026-09-28 01:28:14.548] [INF] [default] [TitleBar.cpp:160 in Update] -> [follow mouse ok] : (0, 0)
[2026-09-28 01:28:14.554] [INF] [default] [TitleBar.cpp:160 in Update] -> [follow mouse ok] : (0, 0)
[2026-09-28 01:28:14.562] [INF] [default] [TitleBar.cpp:160 in Update] -> [follow mouse ok] : (0, 0)
[2026-09-28 01:28:14.575] [INF] [default] [TitleBar.cpp:160 in Update] -> [follow mouse ok] : (0, 0)
[2026-09-28 01:28:14.583] [INF] [default] [TitleBar.cpp:160 in Update] -> [follow mouse ok] : (0, 0)
[2026-09-28 01:28:14.589] [INF] [default] [TitleBar.cpp:160 in Update] -> [follow mouse ok] : (0, 0)
[2026-09-28 01:28:14.596] [INF] [default] [TitleBar.cpp:160 in Update] -> [follow mouse ok] : (0, 0)
[2026-09-28 01:28:14.603] [INF] [default] [TitleBar.cpp:160 in Update] -> [follow mouse ok] : (0, 0)
[2026-09-28 01:28:14.610] [INF] [default] [TitleBar.cpp:160 in Update] -> [follow mouse ok] : (0, 0)
[2026-09-28 01:28:14.631] [INF] [default] [TitleBar.cpp:160 in Update] -> [follow mouse ok] : (0, 0)
[2026-09-28 01:28:14.645] [INF] [default] [TitleBar.cpp:160 in Update] -> [follow mouse ok] : (0, 0)
[2026-09-28 01:28:14.659] [INF] [default] [TitleBar.cpp:160 in Update] -> [follow mouse ok] : (0, 0)
[2026-09-28 01:28:14.694] [INF] [default] [TitleBar.cpp:160 in Update] -> [follow mouse ok] : (0, 0)
[2026-09-28 01:28:14.818] [INF] [default] [TitleBar.cpp:160 in Update] -> [follow mouse ok] : (0, 0)
[2026-09-28 01:28:14.868] [INF] [default] [TitleBar.cpp:160 in Update] -> [follow mouse ok] : (0, 0)
[2026-09-28 01:28:14.889] [INF] [default] [TitleBar.cpp:160 in Update] -> [follow mouse ok] : (0, 0)
[2026-09-28 01:28:14.904] [INF] [default] [TitleBar.cpp:160 in Update] -> [follow mouse ok] : (0, 0)
[2026-09-28 01:28:14.910] [INF] [default] [TitleBar.cpp:160 in Update] -> [follow mouse ok] : (0, 0)
[2026-09-28 01:28:14.930] [INF] [default] [TitleBar.cpp:160 in Update] -> [follow mouse ok] : (0, 0)
[2026-09-28 01:28:14.937] [INF] [default] [TitleBar.cpp:160 in Update] -> [follow mouse ok] : (0, 0)
[2026-09-28 01:28:15.292] [INF] [default] [TitleBar.cpp:160 in Update] -> [follow mouse ok] : (0, 0)
[2026-09-28 01:28:15.299] [INF] [default] [TitleBar.cpp:160 in Update] -> [follow mouse ok] : (0, 0)
[2026-09-28 01:28:15.306] [INF] [default] [TitleBar.cpp:160 in Update] -> [follow mouse ok] : (0, 0)
[2026-09-28 01:28:15.314] [INF] [default] [TitleBar.cpp:160 in Update] -> [follow mouse ok] : (0, 0)
[2026-09-28 01:28:15.320] [INF] [default] [TitleBar.cpp:160 in Update] -> [follow mouse ok] : (0, 0)
[2026-09-28 01:28:15.327] [INF] [default] [TitleBar.cpp:160 in Update] -> [follow mouse ok] : (0, 0)
[2026-09-28 01:28:15.334] [INF] [default] [TitleBar.cpp:160 in Update] -> [follow mouse ok] : (0, 0)
[2026-09-28 01:28:15.341] [INF] [default] [TitleBar.cpp:160 in Update] -> [follow mouse ok] : (0, 0)
[2026-09-28 01:28:15.348] [INF] [default] [TitleBar.cpp:160 in Update] -> [follow mouse ok] : (0, 0)
[2026-09-28 01:28:15.355] [INF] [default] [TitleBar.cpp:160 in Update] -> [follow mouse ok] : (0, 0)
[2026-09-28 01:28:15.362] [INF] [default] [TitleBar.cpp:160 in Update] -> [follow mouse ok] : (0, 0)
[2026-09-28 01:28:15.368] [INF] [default] [TitleBar.cpp:160 in Update] -> [follow mouse ok] : (0, 0)
[2026-09-28 01:28:15.377] [INF] [default] [TitleBar.cpp:160 in Update] -> [follow mouse ok] : (0, 0)
[2026-09-28 01:28:15.383] [INF] [default] [TitleBar.cpp:160 in Update] -> [follow mouse ok] : (0, 0)
[2026-09-28 01:28:15.390] [INF] [default] [TitleBar.cpp:160 in Update] -> [follow mouse ok] : (0, 0)
[2026-09-28 01:28:15.396] [INF] [default] [TitleBar.cpp:160 in Update] -> [follow mouse ok] : (0, 0)
[2026-09-28 01:28:15.404] [INF] [default] [TitleBar.cpp:160 in Update] -> [follow mouse ok] : (0, 0)
[2026-09-28 01:28:15.411] [INF] [default] [TitleBar.cpp:160 in Update] -> [follow mouse ok] : (0, 0)
[2026-09-28 01:28:15.417] [INF] [default] [TitleBar.cpp:160 in Update] -> [follow mouse ok] : (0, 0)
[2026-09-28 01:28:15.425] [INF] [default] [TitleBar.cpp:160 in Update] -> [follow mouse ok] : (0, 0)
[2026-09-28 01:28:15.432] [INF] [default] [TitleBar.cpp:160 in Update] -> [follow mouse ok] : (0, 0)
[2026-09-28 01:28:15.439] [INF] [default] [TitleBar.cpp:160 in Update] -> [follow mouse ok] : (0, 0)
[2026-09-28 01:28:15.453] [INF] [default] [TitleBar.cpp:160 in Update] -> [follow mouse ok] : (0, 0)
[2026-09-28 01:28:15.460] [INF] [default] [TitleBar.cpp:160 in Update] -> [follow mouse ok] : (0, 0)
[2026-09-28 01:28:15.466] [INF] [default] [TitleBar.cpp:160 in Update] -> [follow mouse ok] : (0, 0)
[2026-09-28 01:28:15.473] [INF] [default] [TitleBar.cpp:160 in Update] -> [follow mouse ok] : (0, 0)
[2026-09-28 01:28:15.487] [INF] [default] [TitleBar.cpp:160 in Update] -> [follow mouse ok] : (0, 0)
[2026-09-28 01:28:15.494] [INF] [default] [TitleBar.cpp:160 in Update] -> [follow mouse ok] : (0, 0)
[2026-09-28 01:28:15.509] [INF] [default] [TitleBar.cpp:160 in Update] -> [follow mouse ok] : (0, 0)
[2026-09-28 01:28:15.515] [INF] [default] [TitleBar.cpp:160 in Update] -> [follow mouse ok] : (0, 0)
[2026-09-28 01:28:15.523] [INF] [default] [TitleBar.cpp:160 in Update] -> [follow mouse ok] : (0, 0)
[2026-09-28 01:28:15.530] [INF] [default] [TitleBar.cpp:160 in Update] -> [follow mouse ok] : (0, 0)
[2026-09-28 01:28:15.536] [INF] [default] [TitleBar.cpp:160 in Update] -> [follow mouse ok] : (0, 0)
[2026-09-28 01:28:15.543] [INF] [default] [TitleBar.cpp:160 in Update] -> [follow mouse ok] : (0, 0)
[2026-09-28 01:28:15.550] [INF] [default] [TitleBar.cpp:160 in Update] -> [follow mouse ok] : (0, 0)
[2026-09-28 01:28:15.564] [INF] [default] [TitleBar.cpp:160 in Update] -> [follow mouse ok] : (0, 0)
[2026-09-28 01:28:15.570] [INF] [default] [TitleBar.cpp:160 in Update] -> [follow mouse ok] : (0, 0)
[2026-09-28 01:28:15.585] [INF] [default] [TitleBar.cpp:160 in Update] -> [follow mouse ok] : (0, 0)
[2026-09-28 01:28:15.592] [INF] [default] [TitleBar.cpp:160 in Update] -> [follow mouse ok] : (0, 0)
[2026-09-28 01:28:15.599] [INF] [default] [TitleBar.cpp:160 in Update] -> [follow mouse ok] : (0, 0)
[2026-09-28 01:28:15.606] [INF] [default] [TitleBar.cpp:160 in Update] -> [follow mouse ok] : (0, 0)
[2026-09-28 01:28:15.613] [INF] [default] [TitleBar.cpp:160 in Update] -> [follow mouse ok] : (0, 0)
[2026-09-28 01:28:15.619] [INF] [default] [TitleBar.cpp:160 in Update] -> [follow mouse ok] : (0, 0)
[2026-09-28 01:28:15.628] [INF] [default] [TitleBar.cpp:160 in Update] -> [follow mouse ok] : (0, 0)
[2026-09-28 01:28:15.634] [INF] [default] [TitleBar.cpp:160 in Update] -> [follow mouse ok] : (0, 0)
[2026-09-28 01:28:15.641] [INF] [default] [TitleBar.cpp:160 in Update] -> [follow mouse ok] : (0, 0)
[2026-09-28 01:28:15.647] [INF] [default] [TitleBar.cpp:160 in Update] -> [follow mouse ok] : (0, 0)
[2026-09-28 01:28:15.655] [INF] [default] [TitleBar.cpp:160 in Update] -> [follow mouse ok] : (0, 0)
[2026-09-28 01:28:15.662] [INF] [default] [TitleBar.cpp:160 in Update] -> [follow mouse ok] : (0, 0)
[2026-09-28 01:28:15.668] [INF] [default] [TitleBar.cpp:160 in Update] -> [follow mouse ok] : (0, 0)
[2026-09-28 01:28:15.675] [INF] [default] [TitleBar.cpp:160 in Update] -> [follow mouse ok] : (0, 0)
[2026-09-28 01:28:15.683] [INF] [default] [TitleBar.cpp:160 in Update] -> [follow mouse ok] : (0, 0)
[2026-09-28 01:28:15.690] [INF] [default] [TitleBar.cpp:160 in Update] -> [follow mouse ok] : (0, 0)
[2026-09-28 01:28:15.696] [INF] [default] [TitleBar.cpp:160 in Update] -> [follow mouse ok] : (0, 0)
[2026-09-28 01:28:15.703] [INF] [default] [TitleBar.cpp:160 in Update] -> [follow mouse ok] : (0, 0)
[2026-09-28 01:28:15.710] [INF] [default] [TitleBar.cpp:160 in Update] -> [follow mouse ok] : (0, 0)
[2026-09-28 01:28:15.717] [INF] [default] [TitleBar.cpp:160 in Update] -> [follow mouse ok] : (0, 0)
[2026-09-28 01:28:15.725] [INF] [default] [TitleBar.cpp:160 in Update] -> [follow mouse ok] : (0, 0)
[2026-09-28 01:28:15.732] [INF] [default] [TitleBar.cpp:160 in Update] -> [follow mouse ok] : (0, 0)
[2026-09-28 01:28:15.739] [INF] [default] [TitleBar.cpp:160 in Update] -> [follow mouse ok] : (0, 0)
[2026-09-28 01:28:15.745] [INF] [default] [TitleBar.cpp:160 in Update] -> [follow mouse ok] : (0, 0)
[2026-09-28 01:28:15.752] [INF] [default] [TitleBar.cpp:160 in Update] -> [follow mouse ok] : (0, 0)
[2026-09-28 01:28:15.760] [INF] [default] [TitleBar.cpp:160 in Update] -> [follow mouse ok] : (0, 0)
[2026-09-28 01:28:15.766] [INF] [default] [TitleBar.cpp:160 in Update] -> [follow mouse ok] : (0, 0)
[2026-09-28 01:28:15.773] [INF] [default] [TitleBar.cpp:160 in Update] -> [follow mouse ok] : (0, 0)
[2026-09-28 01:28:15.780] [INF] [default] [TitleBar.cpp:160 in Update] -> [follow mouse ok] : (0, 0)
[2026-09-28 01:28:15.787] [INF] [default] [TitleBar.cpp:160 in Update] -> [follow mouse ok] : (0, 0)
[2026-09-28 01:28:15.794] [INF] [default] [TitleBar.cpp:160 in Update] -> [follow mouse ok] : (0, 0)
[2026-09-28 01:28:15.809] [INF] [default] [TitleBar.cpp:160 in Update] -> [follow mouse ok] : (0, 0)
[2026-09-28 01:28:15.815] [INF] [default] [TitleBar.cpp:160 in Update] -> [follow mouse ok] : (0, 0)
[2026-09-28 01:28:15.829] [INF] [default] [TitleBar.cpp:160 in Update] -> [follow mouse ok] : (0, 0)
[2026-09-28 01:28:15.836] [INF] [default] [TitleBar.cpp:160 in Update] -> [follow mouse ok] : (0, 0)
[2026-09-28 01:28:15.843] [INF] [default] [TitleBar.cpp:160 in Update] -> [follow mouse ok] : (0, 0)
[2026-09-28 01:28:15.849] [INF] [default] [TitleBar.cpp:160 in Update] -> [follow mouse ok] : (0, 0)
[2026-09-28 01:28:15.857] [INF] [default] [TitleBar.cpp:160 in Update] -> [follow mouse ok] : (0, 0)
[2026-09-28 01:28:15.863] [INF] [default] [TitleBar.cpp:160 in Update] -> [follow mouse ok] : (0, 0)
[2026-09-28 01:28:15.870] [INF] [default] [TitleBar.cpp:160 in Update] -> [follow mouse ok] : (0, 0)
[2026-09-28 01:28:15.878] [INF] [default] [TitleBar.cpp:160 in Update] -> [follow mouse ok] : (0, 0)
[2026-09-28 01:28:15.884] [INF] [default] [TitleBar.cpp:160 in Update] -> [follow mouse ok] : (0, 0)
[2026-09-28 01:28:15.899] [INF] [default] [TitleBar.cpp:160 in Update] -> [follow mouse ok] : (0, 0)
[2026-09-28 01:28:15.905] [INF] [default] [TitleBar.cpp:160 in Update] -> [follow mouse ok] : (0, 0)
[2026-09-28 01:28:15.919] [INF] [default] [TitleBar.cpp:160 in Update] -> [follow mouse ok] : (0, 0)
[2026-09-28 01:28:15.926] [INF] [default] [TitleBar.cpp:160 in Update] -> [follow mouse ok] : (0, 0)
[2026-09-28 01:28:15.941] [INF] [default] [TitleBar.cpp:160 in Update] -> [follow mouse ok] : (0, 0)
[2026-09-28 01:28:15.954] [INF] [default] [TitleBar.cpp:160 in Update] -> [follow mouse ok] : (0, 0)
[2026-09-28 01:28:15.961] [INF] [default] [TitleBar.cpp:160 in Update] -> [follow mouse ok] : (0, 0)
[2026-09-28 01:28:15.968] [INF] [default] [TitleBar.cpp:160 in Update] -> [follow mouse ok] : (0, 0)
[2026-09-28 01:28:15.983] [INF] [default] [TitleBar.cpp:160 in Update] -> [follow mouse ok] : (0, 0)
[2026-09-28 01:28:15.996] [INF] [default] [TitleBar.cpp:160 in Update] -> [follow mouse ok] : (0, 0)
[2026-09-28 01:28:16.010] [INF] [default] [TitleBar.cpp:160 in Update] -> [follow mouse ok] : (0, 0)
[2026-09-28 01:28:16.017] [INF] [default] [TitleBar.cpp:160 in Update] -> [follow mouse ok] : (0, 0)
[2026-09-28 01:28:16.030] [INF] [default] [TitleBar.cpp:160 in Update] -> [follow mouse ok] : (0, 0)
[2026-09-28 01:28:16.044] [INF] [default] [TitleBar.cpp:160 in Update] -> [follow mouse ok] : (0, 0)
[2026-09-28 01:28:16.066] [INF] [default] [TitleBar.cpp:160 in Update] -> [follow mouse ok] : (0, 0)
[2026-09-28 01:28:16.087] [INF] [default] [TitleBar.cpp:160 in Update] -> [follow mouse ok] : (0, 0)
[2026-09-28 01:28:16.093] [INF] [default] [TitleBar.cpp:160 in Update] -> [follow mouse ok] : (0, 0)
[2026-09-28 01:28:16.114] [INF] [default] [TitleBar.cpp:160 in Update] -> [follow mouse ok] : (0, 0)
[2026-09-28 01:28:16.128] [INF] [default] [TitleBar.cpp:160 in Update] -> [follow mouse ok] : (0, 0)
[2026-09-28 01:28:16.143] [INF] [default] [TitleBar.cpp:160 in Update] -> [follow mouse ok] : (0, 0)
[2026-09-28 01:28:16.156] [INF] [default] [TitleBar.cpp:160 in Update] -> [follow mouse ok] : (0, 0)
[2026-09-28 01:28:16.163] [INF] [default] [TitleBar.cpp:160 in Update] -> [follow mouse ok] : (0, 0)
[2026-09-28 01:28:16.177] [INF] [default] [TitleBar.cpp:160 in Update] -> [follow mouse ok] : (0, 0)
[2026-09-28 01:28:16.184] [INF] [default] [TitleBar.cpp:160 in Update] -> [follow mouse ok] : (0, 0)
[2026-09-28 01:28:16.191] [INF] [default] [TitleBar.cpp:160 in Update] -> [follow mouse ok] : (0, 0)
[2026-09-28 01:28:16.197] [INF] [default] [TitleBar.cpp:160 in Update] -> [follow mouse ok] : (0, 0)
[2026-09-28 01:28:16.211] [INF] [default] [TitleBar.cpp:160 in Update] -> [follow mouse ok] : (0, 0)
[2026-09-28 01:28:16.218] [INF] [default] [TitleBar.cpp:160 in Update] -> [follow mouse ok] : (0, 0)
[2026-09-28 01:28:16.226] [INF] [default] [TitleBar.cpp:160 in Update] -> [follow mouse ok] : (0, 0)
[2026-09-28 01:28:16.233] [INF] [default] [TitleBar.cpp:160 in Update] -> [follow mouse ok] : (0, 0)
[2026-09-28 01:28:16.240] [INF] [default] [TitleBar.cpp:160 in Update] -> [follow mouse ok] : (0, 0)
[2026-09-28 01:28:16.246] [INF] [default] [TitleBar.cpp:160 in Update] -> [follow mouse ok] : (0, 0)
[2026-09-28 01:28:16.254] [INF] [default] [TitleBar.cpp:160 in Update] -> [follow mouse ok] : (0, 0)
[2026-09-28 01:28:16.260] [INF] [default] [TitleBar.cpp:160 in Update] -> [follow mouse ok] : (0, 0)
[2026-09-28 01:28:16.267] [INF] [default] [TitleBar.cpp:160 in Update] -> [follow mouse ok] : (0, 0)
[2026-09-28 01:28:16.274] [INF] [default] [TitleBar.cpp:160 in Update] -> [follow mouse ok] : (0, 0)
[2026-09-28 01:28:16.289] [INF] [default] [TitleBar.cpp:160 in Update] -> [follow mouse ok] : (0, 0)
[2026-09-28 01:28:16.295] [INF] [default] [TitleBar.cpp:160 in Update] -> [follow mouse ok] : (0, 0)
[2026-09-28 01:28:16.302] [INF] [default] [TitleBar.cpp:160 in Update] -> [follow mouse ok] : (0, 0)
[2026-09-28 01:28:16.310] [INF] [default] [TitleBar.cpp:160 in Update] -> [follow mouse ok] : (0, 0)
[2026-09-28 01:28:16.316] [INF] [default] [TitleBar.cpp:160 in Update] -> [follow mouse ok] : (0, 0)
[2026-09-28 01:28:16.324] [INF] [default] [TitleBar.cpp:160 in Update] -> [follow mouse ok] : (0, 0)
[2026-09-28 01:28:16.330] [INF] [default] [TitleBar.cpp:160 in Update] -> [follow mouse ok] : (0, 0)
[2026-09-28 01:28:16.337] [INF] [default] [TitleBar.cpp:160 in Update] -> [follow mouse ok] : (0, 0)
[2026-09-28 01:28:16.344] [INF] [default] [TitleBar.cpp:160 in Update] -> [follow mouse ok] : (0, 0)
[2026-09-28 01:28:16.351] [INF] [default] [TitleBar.cpp:160 in Update] -> [follow mouse ok] : (0, 0)
[2026-09-28 01:28:16.359] [INF] [default] [TitleBar.cpp:160 in Update] -> [follow mouse ok] : (0, 0)
[2026-09-28 01:28:16.365] [INF] [default] [TitleBar.cpp:160 in Update] -> [follow mouse ok] : (0, 0)
[2026-09-28 01:28:16.372] [INF] [default] [TitleBar.cpp:160 in Update] -> [follow mouse ok] : (0, 0)
[2026-09-28 01:28:16.379] [INF] [default] [TitleBar.cpp:160 in Update] -> [follow mouse ok] : (0, 0)
[2026-09-28 01:28:16.386] [INF] [default] [TitleBar.cpp:160 in Update] -> [follow mouse ok] : (0, 0)
