[2026-09-28 01:28:58.227] [INF] [default] [c3-exo10_main.cpp:40 in nkmain] -> [window] : (312, 160)
[2026-09-28 01:28:58.227] [INF] [default] [button.h:33 in Button] -> [button] size : NkRectT[pos(1130, 10); size(40, 30)]
[2026-09-28 01:28:58.227] [INF] [default] [button.h:33 in Button] -> [button] size : NkRectT[pos(1060, 10); size(40, 30)]
[2026-09-28 01:28:58.228] [INF] [default] [button.h:33 in Button] -> [button] size : NkRectT[pos(1020, 10); size(40, 30)]
[2026-09-28 01:28:58.228] [INF] [default] [c3-exo10_main.cpp:43 in nkmain] -> [button] : RECT : (1130, 10) (1170, 40)
[2026-09-28 01:28:59.320] [INF] [default] [TitleBar.cpp:145 in Update] -> [follow mouse ok] : (463, 463)
[2026-09-28 01:28:59.544] [INF] [default] [TitleBar.cpp:160 in Update] -> [follow mouse ok] : (0.997481, 0.0709415)
[2026-09-28 01:28:59.551] [INF] [default] [TitleBar.cpp:160 in Update] -> [follow mouse ok] : (0.997513, 0.070488)
[2026-09-28 01:28:59.557] [INF] [default] [TitleBar.cpp:160 in Update] -> [follow mouse ok] : (0.997534, 0.0701889)
[2026-09-28 01:28:59.565] [INF] [default] [TitleBar.cpp:160 in Update] -> [follow mouse ok] : (0.997565, 0.069745)
[2026-09-28 01:28:59.572] [INF] [default] [TitleBar.cpp:160 in Update] -> [follow mouse ok] : (0.997595, 0.0693066)
[2026-09-28 01:28:59.578] [INF] [default] [TitleBar.cpp:160 in Update] -> [follow mouse ok] : (0.997625, 0.0688737)
[2026-09-28 01:28:59.586] [INF] [default] [TitleBar.cpp:160 in Update] -> [follow mouse ok] : (0.997645, 0.0685881)
[2026-09-28 01:28:59.592] [INF] [default] [TitleBar.cpp:160 in Update] -> [follow mouse ok] : (0.997664, 0.0683048)
[2026-09-28 01:28:59.599] [INF] [default] [TitleBar.cpp:160 in Update] -> [follow mouse ok] : (0.997693, 0.0678843)
[2026-09-28 01:28:59.606] [INF] [default] [TitleBar.cpp:160 in Update] -> [follow mouse ok] : (0.997703, 0.0677452)
[2026-09-28 01:28:59.613] [INF] [default] [TitleBar.cpp:160 in Update] -> [follow mouse ok] : (0.997731, 0.0673315)
[2026-09-28 01:28:59.619] [INF] [default] [TitleBar.cpp:160 in Update] -> [follow mouse ok] : (0.99774, 0.0671947)
[2026-09-28 01:28:59.628] [INF] [default] [TitleBar.cpp:160 in Update] -> [follow mouse ok] : (0.997758, 0.0669228)
[2026-09-28 01:28:59.635] [INF] [default] [TitleBar.cpp:160 in Update] -> [follow mouse ok] : (0.997776, 0.0666531)
[2026-09-28 01:28:59.641] [INF] [default] [TitleBar.cpp:160 in Update] -> [follow mouse ok] : (0.997794, 0.0663855)
[2026-09-28 01:28:59.648] [INF] [default] [TitleBar.cpp:160 in Update] -> [follow mouse ok] : (0.997812, 0.0661201)
[2026-09-28 01:28:59.655] [INF] [default] [TitleBar.cpp:160 in Update] -> [follow mouse ok] : (0.997829, 0.0658567)
[2026-09-28 01:28:59.669] [INF] [default] [TitleBar.cpp:160 in Update] -> [follow mouse ok] : (0.997855, 0.0654656)
[2026-09-28 01:28:59.676] [INF] [default] [TitleBar.cpp:160 in Update] -> [follow mouse ok] : (0.997863, 0.0653363)
[2026-09-28 01:28:59.683] [INF] [default] [TitleBar.cpp:160 in Update] -> [follow mouse ok] : (0.997872, 0.0652075)
[2026-09-28 01:28:59.690] [INF] [default] [TitleBar.cpp:160 in Update] -> [follow mouse ok] : (0.99788, 0.0650791)
[2026-09-28 01:28:59.697] [INF] [default] [TitleBar.cpp:160 in Update] -> [follow mouse ok] : (0.997888, 0.0649513)
[2026-09-28 01:28:59.704] [INF] [default] [TitleBar.cpp:160 in Update] -> [follow mouse ok] : (0.997905, 0.0646972)
[2026-09-28 01:28:59.717] [INF] [default] [TitleBar.cpp:160 in Update] -> [follow mouse ok] : (0.997921, 0.064445)
[2026-09-28 01:28:59.725] [INF] [default] [TitleBar.cpp:160 in Update] -> [follow mouse ok] : (0.997929, 0.0643197)
[2026-09-28 01:28:59.733] [INF] [default] [TitleBar.cpp:160 in Update] -> [follow mouse ok] : (0.997937, 0.0641948)
[2026-09-28 01:28:59.739] [INF] [default] [TitleBar.cpp:160 in Update] -> [follow mouse ok] : (0.997961, 0.0638231)
[2026-09-28 01:28:59.746] [INF] [default] [TitleBar.cpp:160 in Update] -> [follow mouse ok] : (0.997969, 0.0637002)
[2026-09-28 01:28:59.752] [INF] [default] [TitleBar.cpp:160 in Update] -> [follow mouse ok] : (0.997985, 0.0634557)
[2026-09-28 01:28:59.759] [INF] [default] [TitleBar.cpp:160 in Update] -> [follow mouse ok] : (0.998008, 0.0630924)
[2026-09-28 01:28:59.767] [INF] [default] [TitleBar.cpp:160 in Update] -> [follow mouse ok] : (0.998023, 0.0628526)
[2026-09-28 01:28:59.773] [INF] [default] [TitleBar.cpp:160 in Update] -> [follow mouse ok] : (0.997917, 0.0645042)
[2026-09-28 01:28:59.781] [INF] [default] [TitleBar.cpp:160 in Update] -> [follow mouse ok] : (0.997933, 0.0642608)
[2026-09-28 01:28:59.788] [INF] [default] [TitleBar.cpp:160 in Update] -> [follow mouse ok] : (0.997949, 0.0640194)
[2026-09-28 01:28:59.794] [INF] [default] [TitleBar.cpp:160 in Update] -> [follow mouse ok] : (0.997851, 0.0655249)
[2026-09-28 01:28:59.801] [INF] [default] [TitleBar.cpp:160 in Update] -> [follow mouse ok] : (0.997875, 0.0651597)
[2026-09-28 01:28:59.808] [INF] [default] [TitleBar.cpp:160 in Update] -> [follow mouse ok] : (0.997883, 0.0650389)
[2026-09-28 01:28:59.816] [INF] [default] [TitleBar.cpp:160 in Update] -> [follow mouse ok] : (0.997898, 0.0647986)
[2026-09-28 01:28:59.822] [INF] [default] [TitleBar.cpp:160 in Update] -> [follow mouse ok] : (0.997921, 0.0644414)
[2026-09-28 01:28:59.829] [INF] [default] [TitleBar.cpp:160 in Update] -> [follow mouse ok] : (0.997929, 0.0643232)
[2026-09-28 01:28:59.836] [INF] [default] [TitleBar.cpp:160 in Update] -> [follow mouse ok] : (0.997833, 0.0657912)
[2026-09-28 01:28:59.843] [INF] [default] [TitleBar.cpp:160 in Update] -> [follow mouse ok] : (0.997849, 0.0655521)
[2026-09-28 01:28:59.850] [INF] [default] [TitleBar.cpp:160 in Update] -> [follow mouse ok] : (0.997737, 0.0672427)
[2026-09-28 01:28:59.857] [INF] [default] [TitleBar.cpp:160 in Update] -> [follow mouse ok] : (0.997753, 0.0669997)
[2026-09-28 01:28:59.865] [INF] [default] [TitleBar.cpp:160 in Update] -> [follow mouse ok] : (0.997761, 0.0668789)
[2026-09-28 01:28:59.871] [INF] [default] [TitleBar.cpp:160 in Update] -> [follow mouse ok] : (0.997647, 0.0685544)
[2026-09-28 01:28:59.877] [INF] [default] [TitleBar.cpp:160 in Update] -> [follow mouse ok] : (0.997656, 0.0684313)
[2026-09-28 01:28:59.885] [INF] [default] [TitleBar.cpp:160 in Update] -> [follow mouse ok] : (0.997664, 0.0683085)
[2026-09-28 01:28:59.892] [INF] [default] [TitleBar.cpp:160 in Update] -> [follow mouse ok] : (0.997558, 0.069847)
[2026-09-28 01:28:59.899] [INF] [default] [TitleBar.cpp:160 in Update] -> [follow mouse ok] : (0.997575, 0.0695983)
[2026-09-28 01:28:59.912] [INF] [default] [TitleBar.cpp:160 in Update] -> [follow mouse ok] : (0.997459, 0.071247)
[2026-09-28 01:28:59.919] [INF] [default] [TitleBar.cpp:160 in Update] -> [follow mouse ok] : (0.997468, 0.0711207)
[2026-09-28 01:28:59.927] [INF] [default] [TitleBar.cpp:160 in Update] -> [follow mouse ok] : (0.997486, 0.0708693)
[2026-09-28 01:28:59.941] [INF] [default] [TitleBar.cpp:160 in Update] -> [follow mouse ok] : (0.997503, 0.0706197)
[2026-09-28 01:28:59.947] [INF] [default] [TitleBar.cpp:160 in Update] -> [follow mouse ok] : (0.997512, 0.0704956)
[2026-09-28 01:28:59.961] [INF] [default] [TitleBar.cpp:160 in Update] -> [follow mouse ok] : (0.997396, 0.0721221)
[2026-09-28 01:28:59.968] [INF] [default] [TitleBar.cpp:160 in Update] -> [follow mouse ok] : (0.997405, 0.0719958)
[2026-09-28 01:28:59.975] [INF] [default] [TitleBar.cpp:160 in Update] -> [follow mouse ok] : (0.997414, 0.0718699)
[2026-09-28 01:28:59.989] [INF] [default] [TitleBar.cpp:160 in Update] -> [follow mouse ok] : (0.997423, 0.0717445)
[2026-09-28 01:28:59.996] [INF] [default] [TitleBar.cpp:160 in Update] -> [follow mouse ok] : (0.997432, 0.0716195)
[2026-09-28 01:29:00.011] [INF] [default] [TitleBar.cpp:160 in Update] -> [follow mouse ok] : (0.997441, 0.0714949)
[2026-09-28 01:29:00.018] [INF] [default] [TitleBar.cpp:160 in Update] -> [follow mouse ok] : (0.997459, 0.0712471)
[2026-09-28 01:29:00.031] [INF] [default] [TitleBar.cpp:160 in Update] -> [follow mouse ok] : (0.997467, 0.0711238)
[2026-09-28 01:29:00.038] [INF] [default] [TitleBar.cpp:160 in Update] -> [follow mouse ok] : (0.997476, 0.0710009)
[2026-09-28 01:29:00.052] [INF] [default] [TitleBar.cpp:160 in Update] -> [follow mouse ok] : (0.997485, 0.0708785)
[2026-09-28 01:29:00.059] [INF] [default] [TitleBar.cpp:160 in Update] -> [follow mouse ok] : (0.997494, 0.0707565)
[2026-09-28 01:29:00.066] [INF] [default] [TitleBar.cpp:160 in Update] -> [follow mouse ok] : (0.997502, 0.0706349)
[2026-09-28 01:29:00.080] [INF] [default] [TitleBar.cpp:160 in Update] -> [follow mouse ok] : (0.997638, 0.0686842)
[2026-09-28 01:29:00.095] [INF] [default] [TitleBar.cpp:160 in Update] -> [follow mouse ok] : (0.997647, 0.0685668)
[2026-09-28 01:29:00.101] [INF] [default] [TitleBar.cpp:160 in Update] -> [follow mouse ok] : (0.997762, 0.0668604)
[2026-09-28 01:29:00.108] [INF] [default] [TitleBar.cpp:160 in Update] -> [follow mouse ok] : (0.997778, 0.0666324)
[2026-09-28 01:29:00.122] [INF] [default] [TitleBar.cpp:160 in Update] -> [follow mouse ok] : (0.997785, 0.066519)
[2026-09-28 01:29:00.136] [INF] [default] [TitleBar.cpp:160 in Update] -> [follow mouse ok] : (0.9978, 0.0662934)
[2026-09-28 01:29:00.156] [INF] [default] [TitleBar.cpp:160 in Update] -> [follow mouse ok] : (0.997808, 0.0661811)
[2026-09-28 01:29:00.171] [INF] [default] [TitleBar.cpp:160 in Update] -> [follow mouse ok] : (0.997815, 0.0660693)
[2026-09-28 01:29:00.184] [INF] [default] [TitleBar.cpp:160 in Update] -> [follow mouse ok] : (0.997822, 0.0659578)
[2026-09-28 01:29:00.414] [INF] [default] [TitleBar.cpp:160 in Update] -> [follow mouse ok] : (0.997815, 0.0660693)
[2026-09-28 01:29:00.456] [INF] [default] [TitleBar.cpp:160 in Update] -> [follow mouse ok] : (0.997808, 0.0661811)
[2026-09-28 01:29:00.505] [INF] [default] [TitleBar.cpp:160 in Update] -> [follow mouse ok] : (0.9978, 0.0662934)
[2026-09-28 01:29:00.518] [INF] [default] [TitleBar.cpp:160 in Update] -> [follow mouse ok] : (0.997793, 0.066406)
[2026-09-28 01:29:00.560] [INF] [default] [TitleBar.cpp:160 in Update] -> [follow mouse ok] : (0.997785, 0.066519)
[2026-09-28 01:29:00.574] [INF] [default] [TitleBar.cpp:160 in Update] -> [follow mouse ok] : (0.997778, 0.0666324)
[2026-09-28 01:29:00.595] [INF] [default] [TitleBar.cpp:160 in Update] -> [follow mouse ok] : (0.99777, 0.0667462)
[2026-09-28 01:29:00.637] [INF] [default] [TitleBar.cpp:160 in Update] -> [follow mouse ok] : (0.997762, 0.0668604)
[2026-09-28 01:29:00.665] [INF] [default] [TitleBar.cpp:160 in Update] -> [follow mouse ok] : (0.997755, 0.0669749)
[2026-09-28 01:29:00.693] [INF] [default] [TitleBar.cpp:160 in Update] -> [follow mouse ok] : (0.99763, 0.0688021)
[2026-09-28 01:29:00.700] [INF] [default] [TitleBar.cpp:160 in Update] -> [follow mouse ok] : (0.997622, 0.0689204)
[2026-09-28 01:29:00.714] [INF] [default] [TitleBar.cpp:160 in Update] -> [follow mouse ok] : (0.997614, 0.069039)
[2026-09-28 01:29:00.735] [INF] [default] [TitleBar.cpp:160 in Update] -> [follow mouse ok] : (0.997606, 0.0691581)
[2026-09-28 01:29:00.741] [INF] [default] [TitleBar.cpp:160 in Update] -> [follow mouse ok] : (0.997597, 0.0692776)
[2026-09-28 01:29:00.749] [INF] [default] [TitleBar.cpp:160 in Update] -> [follow mouse ok] : (0.997476, 0.0710009)
[2026-09-28 01:29:00.762] [INF] [default] [TitleBar.cpp:160 in Update] -> [follow mouse ok] : (0.997467, 0.0711238)
[2026-09-28 01:29:00.777] [INF] [default] [TitleBar.cpp:160 in Update] -> [follow mouse ok] : (0.997334, 0.0729756)
[2026-09-28 01:29:00.783] [INF] [default] [TitleBar.cpp:160 in Update] -> [follow mouse ok] : (0.997324, 0.0731023)
[2026-09-28 01:29:00.797] [INF] [default] [TitleBar.cpp:160 in Update] -> [follow mouse ok] : (0.997315, 0.0732294)
[2026-09-28 01:29:00.804] [INF] [default] [TitleBar.cpp:160 in Update] -> [follow mouse ok] : (0.997186, 0.0749633)
[2026-09-28 01:29:00.811] [INF] [default] [TitleBar.cpp:160 in Update] -> [follow mouse ok] : (0.997176, 0.0750938)
[2026-09-28 01:29:00.825] [INF] [default] [TitleBar.cpp:160 in Update] -> [follow mouse ok] : (0.997167, 0.0752248)
[2026-09-28 01:29:00.840] [INF] [default] [TitleBar.cpp:160 in Update] -> [follow mouse ok] : (0.997157, 0.0753563)
[2026-09-28 01:29:00.853] [INF] [default] [TitleBar.cpp:160 in Update] -> [follow mouse ok] : (0.997147, 0.0754882)
[2026-09-28 01:29:00.881] [INF] [default] [TitleBar.cpp:160 in Update] -> [follow mouse ok] : (0.997013, 0.0772334)
[2026-09-28 01:29:00.895] [INF] [default] [TitleBar.cpp:160 in Update] -> [follow mouse ok] : (0.997003, 0.0773688)
[2026-09-28 01:29:00.909] [INF] [default] [TitleBar.cpp:160 in Update] -> [follow mouse ok] : (0.996854, 0.0792552)
[2026-09-28 01:29:00.923] [INF] [default] [TitleBar.cpp:160 in Update] -> [follow mouse ok] : (0.996843, 0.0793946)
[2026-09-28 01:29:00.936] [INF] [default] [TitleBar.cpp:160 in Update] -> [follow mouse ok] : (0.996821, 0.0796749)
[2026-09-28 01:29:00.957] [INF] [default] [TitleBar.cpp:160 in Update] -> [follow mouse ok] : (0.99681, 0.0798157)
[2026-09-28 01:29:00.965] [INF] [default] [TitleBar.cpp:160 in Update] -> [follow mouse ok] : (0.996787, 0.0800989)
[2026-09-28 01:29:00.985] [INF] [default] [TitleBar.cpp:160 in Update] -> [follow mouse ok] : (0.996775, 0.0802413)
[2026-09-28 01:29:00.992] [INF] [default] [TitleBar.cpp:160 in Update] -> [follow mouse ok] : (0.996764, 0.0803842)
[2026-09-28 01:29:01.027] [INF] [default] [TitleBar.cpp:160 in Update] -> [follow mouse ok] : (0.996752, 0.0805276)
[2026-09-28 01:29:01.160] [INF] [default] [TitleBar.cpp:160 in Update] -> [follow mouse ok] : (0.996764, 0.0803842)
[2026-09-28 01:29:01.174] [INF] [default] [TitleBar.cpp:160 in Update] -> [follow mouse ok] : (0.996775, 0.0802413)
[2026-09-28 01:29:01.208] [INF] [default] [TitleBar.cpp:160 in Update] -> [follow mouse ok] : (0.996787, 0.0800989)
[2026-09-28 01:29:01.223] [INF] [default] [TitleBar.cpp:160 in Update] -> [follow mouse ok] : (0.996798, 0.0799571)
[2026-09-28 01:29:01.236] [INF] [default] [TitleBar.cpp:160 in Update] -> [follow mouse ok] : (0.99681, 0.0798157)
[2026-09-28 01:29:01.257] [INF] [default] [TitleBar.cpp:160 in Update] -> [follow mouse ok] : (0.996821, 0.0796749)
[2026-09-28 01:29:01.265] [INF] [default] [TitleBar.cpp:160 in Update] -> [follow mouse ok] : (0.996832, 0.0795345)
[2026-09-28 01:29:01.285] [INF] [default] [TitleBar.cpp:160 in Update] -> [follow mouse ok] : (0.996843, 0.0793946)
[2026-09-28 01:29:01.291] [INF] [default] [TitleBar.cpp:160 in Update] -> [follow mouse ok] : (0.996865, 0.0791163)
[2026-09-28 01:29:01.306] [INF] [default] [TitleBar.cpp:160 in Update] -> [follow mouse ok] : (0.997013, 0.0772334)
[2026-09-28 01:29:01.312] [INF] [default] [TitleBar.cpp:160 in Update] -> [follow mouse ok] : (0.997024, 0.0770985)
[2026-09-28 01:29:01.320] [INF] [default] [TitleBar.cpp:160 in Update] -> [follow mouse ok] : (0.997034, 0.076964)
[2026-09-28 01:29:01.334] [INF] [default] [TitleBar.cpp:160 in Update] -> [follow mouse ok] : (0.997176, 0.0750938)
[2026-09-28 01:29:01.347] [INF] [default] [TitleBar.cpp:160 in Update] -> [follow mouse ok] : (0.997186, 0.0749633)
[2026-09-28 01:29:01.368] [INF] [default] [TitleBar.cpp:160 in Update] -> [follow mouse ok] : (0.997324, 0.0731023)
[2026-09-28 01:29:01.376] [INF] [default] [TitleBar.cpp:160 in Update] -> [follow mouse ok] : (0.997334, 0.0729756)
[2026-09-28 01:29:01.389] [INF] [default] [TitleBar.cpp:160 in Update] -> [follow mouse ok] : (0.997343, 0.0728494)
[2026-09-28 01:29:01.424] [INF] [default] [TitleBar.cpp:160 in Update] -> [follow mouse ok] : (0.997352, 0.0727236)
[2026-09-28 01:29:01.452] [INF] [default] [TitleBar.cpp:160 in Update] -> [follow mouse ok] : (0.997361, 0.0725982)
[2026-09-28 01:29:01.522] [INF] [default] [TitleBar.cpp:160 in Update] -> [follow mouse ok] : (0.997494, 0.0707565)
[2026-09-28 01:29:01.549] [INF] [default] [TitleBar.cpp:160 in Update] -> [follow mouse ok] : (0.997502, 0.0706349)
[2026-09-28 01:29:01.577] [INF] [default] [TitleBar.cpp:160 in Update] -> [follow mouse ok] : (0.997511, 0.0705137)
[2026-09-28 01:29:01.599] [INF] [default] [TitleBar.cpp:160 in Update] -> [follow mouse ok] : (0.997519, 0.0703929)
[2026-09-28 01:29:01.606] [INF] [default] [TitleBar.cpp:160 in Update] -> [follow mouse ok] : (0.997528, 0.0702726)
[2026-09-28 01:29:01.612] [INF] [default] [TitleBar.cpp:160 in Update] -> [follow mouse ok] : (0.997647, 0.0685668)
[2026-09-28 01:29:01.626] [INF] [default] [TitleBar.cpp:160 in Update] -> [follow mouse ok] : (0.997655, 0.0684497)
[2026-09-28 01:29:01.633] [INF] [default] [TitleBar.cpp:160 in Update] -> [follow mouse ok] : (0.997778, 0.0666324)
[2026-09-28 01:29:01.640] [INF] [default] [TitleBar.cpp:160 in Update] -> [follow mouse ok] : (0.997785, 0.066519)
[2026-09-28 01:29:01.654] [INF] [default] [TitleBar.cpp:160 in Update] -> [follow mouse ok] : (0.997793, 0.066406)
[2026-09-28 01:29:01.661] [INF] [default] [TitleBar.cpp:160 in Update] -> [follow mouse ok] : (0.9978, 0.0662934)
[2026-09-28 01:29:01.675] [INF] [default] [TitleBar.cpp:160 in Update] -> [follow mouse ok] : (0.997808, 0.0661811)
[2026-09-28 01:29:01.683] [INF] [default] [TitleBar.cpp:160 in Update] -> [follow mouse ok] : (0.997925, 0.0643823)
[2026-09-28 01:29:01.689] [INF] [default] [TitleBar.cpp:160 in Update] -> [follow mouse ok] : (0.997932, 0.0642736)
[2026-09-28 01:29:01.710] [INF] [default] [TitleBar.cpp:160 in Update] -> [follow mouse ok] : (0.997939, 0.0641653)
[2026-09-28 01:29:01.724] [INF] [default] [TitleBar.cpp:160 in Update] -> [follow mouse ok] : (0.997946, 0.0640574)
[2026-09-28 01:29:01.766] [INF] [default] [TitleBar.cpp:160 in Update] -> [follow mouse ok] : (0.997953, 0.0639498)
[2026-09-28 01:29:01.793] [INF] [default] [TitleBar.cpp:160 in Update] -> [follow mouse ok] : (0.99796, 0.0638426)
[2026-09-28 01:29:01.821] [INF] [default] [TitleBar.cpp:160 in Update] -> [follow mouse ok] : (0.997967, 0.0637357)
[2026-09-28 01:29:02.218] [INF] [default] [TitleBar.cpp:160 in Update] -> [follow mouse ok] : (0.997974, 0.0636292)
[2026-09-28 01:29:02.226] [INF] [default] [TitleBar.cpp:160 in Update] -> [follow mouse ok] : (0.99798, 0.063523)
[2026-09-28 01:29:02.239] [INF] [default] [TitleBar.cpp:160 in Update] -> [follow mouse ok] : (0.997987, 0.0634172)
[2026-09-28 01:29:02.246] [INF] [default] [TitleBar.cpp:160 in Update] -> [follow mouse ok] : (0.998, 0.0632067)
[2026-09-28 01:29:02.260] [INF] [default] [TitleBar.cpp:160 in Update] -> [follow mouse ok] : (0.998014, 0.0629975)
[2026-09-28 01:29:02.267] [INF] [default] [TitleBar.cpp:160 in Update] -> [follow mouse ok] : (0.99802, 0.0628935)
[2026-09-28 01:29:02.275] [INF] [default] [TitleBar.cpp:160 in Update] -> [follow mouse ok] : (0.998027, 0.0627898)
[2026-09-28 01:29:02.281] [INF] [default] [TitleBar.cpp:160 in Update] -> [follow mouse ok] : (0.998033, 0.0626864)
[2026-09-28 01:29:02.288] [INF] [default] [TitleBar.cpp:160 in Update] -> [follow mouse ok] : (0.99804, 0.0625833)
[2026-09-28 01:29:02.295] [INF] [default] [TitleBar.cpp:160 in Update] -> [follow mouse ok] : (0.998046, 0.0624807)
[2026-09-28 01:29:02.301] [INF] [default] [TitleBar.cpp:160 in Update] -> [follow mouse ok] : (0.998053, 0.0623783)
[2026-09-28 01:29:02.309] [INF] [default] [TitleBar.cpp:160 in Update] -> [follow mouse ok] : (0.998059, 0.0622763)
[2026-09-28 01:29:02.316] [INF] [default] [TitleBar.cpp:160 in Update] -> [follow mouse ok] : (0.998078, 0.0619722)
[2026-09-28 01:29:02.322] [INF] [default] [TitleBar.cpp:160 in Update] -> [follow mouse ok] : (0.998084, 0.0618714)
[2026-09-28 01:29:02.329] [INF] [default] [TitleBar.cpp:160 in Update] -> [follow mouse ok] : (0.99809, 0.0617711)
[2026-09-28 01:29:02.337] [INF] [default] [TitleBar.cpp:160 in Update] -> [follow mouse ok] : (0.998097, 0.061671)
[2026-09-28 01:29:02.343] [INF] [default] [TitleBar.cpp:160 in Update] -> [follow mouse ok] : (0.998109, 0.0614719)
[2026-09-28 01:29:02.351] [INF] [default] [TitleBar.cpp:160 in Update] -> [follow mouse ok] : (0.998121, 0.061274)
[2026-09-28 01:29:02.357] [INF] [default] [TitleBar.cpp:160 in Update] -> [follow mouse ok] : (0.998127, 0.0611755)
[2026-09-28 01:29:02.365] [INF] [default] [TitleBar.cpp:160 in Update] -> [follow mouse ok] : (0.998139, 0.0609796)
[2026-09-28 01:29:02.371] [INF] [default] [TitleBar.cpp:160 in Update] -> [follow mouse ok] : (0.998145, 0.060882)
[2026-09-28 01:29:02.379] [INF] [default] [TitleBar.cpp:160 in Update] -> [follow mouse ok] : (0.998157, 0.0606879)
[2026-09-28 01:29:02.386] [INF] [default] [TitleBar.cpp:160 in Update] -> [follow mouse ok] : (0.998169, 0.0604951)
[2026-09-28 01:29:02.393] [INF] [default] [TitleBar.cpp:160 in Update] -> [follow mouse ok] : (0.99818, 0.0603034)
[2026-09-28 01:29:02.400] [INF] [default] [TitleBar.cpp:160 in Update] -> [follow mouse ok] : (0.998186, 0.060208)
[2026-09-28 01:29:02.406] [INF] [default] [TitleBar.cpp:160 in Update] -> [follow mouse ok] : (0.998203, 0.0599237)
[2026-09-28 01:29:02.413] [INF] [default] [TitleBar.cpp:160 in Update] -> [follow mouse ok] : (0.99822, 0.0596421)
[2026-09-28 01:29:02.420] [INF] [default] [TitleBar.cpp:160 in Update] -> [follow mouse ok] : (0.998231, 0.0594558)
[2026-09-28 01:29:02.434] [INF] [default] [TitleBar.cpp:160 in Update] -> [follow mouse ok] : (0.998247, 0.0591785)
[2026-09-28 01:29:02.441] [INF] [default] [TitleBar.cpp:160 in Update] -> [follow mouse ok] : (0.998258, 0.058995)
[2026-09-28 01:29:02.449] [INF] [default] [TitleBar.cpp:160 in Update] -> [follow mouse ok] : (0.998269, 0.0588128)
[2026-09-28 01:29:02.455] [INF] [default] [TitleBar.cpp:160 in Update] -> [follow mouse ok] : (0.998188, 0.060169)
[2026-09-28 01:29:02.462] [INF] [default] [TitleBar.cpp:160 in Update] -> [follow mouse ok] : (0.998194, 0.0600765)
[2026-09-28 01:29:02.469] [INF] [default] [TitleBar.cpp:160 in Update] -> [follow mouse ok] : (0.998112, 0.0614223)
[2026-09-28 01:29:02.476] [INF] [default] [TitleBar.cpp:160 in Update] -> [follow mouse ok] : (0.998129, 0.0611411)
[2026-09-28 01:29:02.484] [INF] [default] [TitleBar.cpp:160 in Update] -> [follow mouse ok] : (0.998141, 0.0609551)
[2026-09-28 01:29:02.490] [INF] [default] [TitleBar.cpp:160 in Update] -> [follow mouse ok] : (0.998146, 0.0608626)
[2026-09-28 01:29:02.497] [INF] [default] [TitleBar.cpp:160 in Update] -> [follow mouse ok] : (0.998157, 0.0606783)
[2026-09-28 01:29:02.504] [INF] [default] [TitleBar.cpp:160 in Update] -> [follow mouse ok] : (0.998169, 0.0604951)
[2026-09-28 01:29:02.511] [INF] [default] [TitleBar.cpp:160 in Update] -> [follow mouse ok] : (0.998174, 0.0604039)
[2026-09-28 01:29:02.518] [INF] [default] [TitleBar.cpp:160 in Update] -> [follow mouse ok] : (0.998088, 0.0618151)
[2026-09-28 01:29:02.525] [INF] [default] [TitleBar.cpp:160 in Update] -> [follow mouse ok] : (0.998099, 0.0616296)
[2026-09-28 01:29:02.532] [INF] [default] [TitleBar.cpp:160 in Update] -> [follow mouse ok] : (0.99811, 0.0614452)
[2026-09-28 01:29:02.545] [INF] [default] [TitleBar.cpp:160 in Update] -> [follow mouse ok] : (0.998116, 0.0613535)
[2026-09-28 01:29:02.553] [INF] [default] [TitleBar.cpp:160 in Update] -> [follow mouse ok] : (0.998127, 0.0611707)
[2026-09-28 01:29:02.566] [INF] [default] [TitleBar.cpp:160 in Update] -> [follow mouse ok] : (0.998138, 0.0609891)
[2026-09-28 01:29:02.581] [INF] [default] [TitleBar.cpp:160 in Update] -> [follow mouse ok] : (0.998144, 0.0608987)
[2026-09-28 01:29:02.588] [INF] [default] [TitleBar.cpp:160 in Update] -> [follow mouse ok] : (0.998149, 0.0608085)
[2026-09-28 01:29:02.595] [INF] [default] [TitleBar.cpp:160 in Update] -> [follow mouse ok] : (0.998155, 0.0607186)
[2026-09-28 01:29:02.608] [INF] [default] [TitleBar.cpp:160 in Update] -> [follow mouse ok] : (0.998166, 0.0605396)
[2026-09-28 01:29:02.616] [INF] [default] [TitleBar.cpp:160 in Update] -> [follow mouse ok] : (0.998171, 0.0604505)
[2026-09-28 01:29:02.629] [INF] [default] [TitleBar.cpp:160 in Update] -> [follow mouse ok] : (0.998177, 0.0603617)
[2026-09-28 01:29:02.636] [INF] [default] [TitleBar.cpp:160 in Update] -> [follow mouse ok] : (0.998182, 0.0602731)
[2026-09-28 01:29:02.643] [INF] [default] [TitleBar.cpp:160 in Update] -> [follow mouse ok] : (0.998187, 0.0601848)
[2026-09-28 01:29:02.657] [INF] [default] [TitleBar.cpp:160 in Update] -> [follow mouse ok] : (0.998198, 0.060009)
[2026-09-28 01:29:02.671] [INF] [default] [TitleBar.cpp:160 in Update] -> [follow mouse ok] : (0.998203, 0.0599214)
[2026-09-28 01:29:02.677] [INF] [default] [TitleBar.cpp:160 in Update] -> [follow mouse ok] : (0.998208, 0.0598341)
[2026-09-28 01:29:02.685] [INF] [default] [TitleBar.cpp:160 in Update] -> [follow mouse ok] : (0.998214, 0.0597471)
[2026-09-28 01:29:02.699] [INF] [default] [TitleBar.cpp:160 in Update] -> [follow mouse ok] : (0.998219, 0.0596603)
[2026-09-28 01:29:02.706] [INF] [default] [TitleBar.cpp:160 in Update] -> [follow mouse ok] : (0.998224, 0.0595738)
[2026-09-28 01:29:02.726] [INF] [default] [TitleBar.cpp:160 in Update] -> [follow mouse ok] : (0.998229, 0.0594875)
[2026-09-28 01:29:02.734] [INF] [default] [TitleBar.cpp:160 in Update] -> [follow mouse ok] : (0.998234, 0.0594015)
[2026-09-28 01:29:02.755] [INF] [default] [TitleBar.cpp:160 in Update] -> [follow mouse ok] : (0.998239, 0.0593157)
[2026-09-28 01:29:02.761] [INF] [default] [TitleBar.cpp:160 in Update] -> [follow mouse ok] : (0.998244, 0.0592301)
[2026-09-28 01:29:02.768] [INF] [default] [TitleBar.cpp:160 in Update] -> [follow mouse ok] : (0.998249, 0.0591448)
[2026-09-28 01:29:02.789] [INF] [default] [TitleBar.cpp:160 in Update] -> [follow mouse ok] : (0.998254, 0.0590598)
[2026-09-28 01:29:02.797] [INF] [default] [TitleBar.cpp:160 in Update] -> [follow mouse ok] : (0.998259, 0.058975)
[2026-09-28 01:29:02.817] [INF] [default] [TitleBar.cpp:160 in Update] -> [follow mouse ok] : (0.998348, 0.0574589)
[2026-09-28 01:29:02.825] [INF] [default] [TitleBar.cpp:160 in Update] -> [follow mouse ok] : (0.998353, 0.0573766)
[2026-09-28 01:29:02.831] [INF] [default] [TitleBar.cpp:160 in Update] -> [follow mouse ok] : (0.998357, 0.0572945)
[2026-09-28 01:29:02.845] [INF] [default] [TitleBar.cpp:160 in Update] -> [follow mouse ok] : (0.998362, 0.0572127)
[2026-09-28 01:29:02.859] [INF] [default] [TitleBar.cpp:160 in Update] -> [follow mouse ok] : (0.998367, 0.0571311)
[2026-09-28 01:29:02.873] [INF] [default] [TitleBar.cpp:160 in Update] -> [follow mouse ok] : (0.998371, 0.0570498)
[2026-09-28 01:29:02.881] [INF] [default] [TitleBar.cpp:160 in Update] -> [follow mouse ok] : (0.998456, 0.0555489)
[2026-09-28 01:29:02.887] [INF] [default] [TitleBar.cpp:160 in Update] -> [follow mouse ok] : (0.99846, 0.05547)
[2026-09-28 01:29:02.907] [INF] [default] [TitleBar.cpp:160 in Update] -> [follow mouse ok] : (0.998469, 0.0553129)
[2026-09-28 01:29:02.922] [INF] [default] [TitleBar.cpp:160 in Update] -> [follow mouse ok] : (0.99855, 0.0538226)
[2026-09-28 01:29:02.928] [INF] [default] [TitleBar.cpp:160 in Update] -> [follow mouse ok] : (0.998555, 0.0537466)
[2026-09-28 01:29:02.936] [INF] [default] [TitleBar.cpp:160 in Update] -> [follow mouse ok] : (0.99863, 0.0523361)
[2026-09-28 01:29:02.943] [INF] [default] [TitleBar.cpp:160 in Update] -> [follow mouse ok] : (0.998637, 0.0521887)
[2026-09-28 01:29:02.956] [INF] [default] [TitleBar.cpp:160 in Update] -> [follow mouse ok] : (0.998641, 0.0521153)
[2026-09-28 01:29:02.964] [INF] [default] [TitleBar.cpp:160 in Update] -> [follow mouse ok] : (0.998645, 0.0520421)
[2026-09-28 01:29:02.977] [INF] [default] [TitleBar.cpp:160 in Update] -> [follow mouse ok] : (0.998649, 0.0519691)
[2026-09-28 01:29:02.985] [INF] [default] [TitleBar.cpp:160 in Update] -> [follow mouse ok] : (0.998652, 0.0518963)
[2026-09-28 01:29:02.991] [INF] [default] [TitleBar.cpp:160 in Update] -> [follow mouse ok] : (0.998656, 0.0518237)
[2026-09-28 01:29:02.998] [INF] [default] [TitleBar.cpp:160 in Update] -> [follow mouse ok] : (0.99866, 0.0517513)
[2026-09-28 01:29:03.006] [INF] [default] [TitleBar.cpp:160 in Update] -> [follow mouse ok] : (0.998664, 0.0516791)
[2026-09-28 01:29:03.019] [INF] [default] [TitleBar.cpp:160 in Update] -> [follow mouse ok] : (0.998667, 0.0516071)
[2026-09-28 01:29:03.033] [INF] [default] [TitleBar.cpp:160 in Update] -> [follow mouse ok] : (0.998671, 0.0515353)
[2026-09-28 01:29:03.040] [INF] [default] [TitleBar.cpp:160 in Update] -> [follow mouse ok] : (0.998675, 0.0514637)
[2026-09-28 01:29:03.061] [INF] [default] [TitleBar.cpp:160 in Update] -> [follow mouse ok] : (0.998679, 0.0513924)
[2026-09-28 01:29:03.075] [INF] [default] [TitleBar.cpp:160 in Update] -> [follow mouse ok] : (0.998682, 0.0513212)
[2026-09-28 01:29:03.103] [INF] [default] [TitleBar.cpp:160 in Update] -> [follow mouse ok] : (0.998686, 0.0512502)
[2026-09-28 01:29:03.117] [INF] [default] [TitleBar.cpp:160 in Update] -> [follow mouse ok] : (0.998689, 0.0511794)
[2026-09-28 01:29:03.124] [INF] [default] [TitleBar.cpp:160 in Update] -> [follow mouse ok] : (0.998693, 0.0511088)
[2026-09-28 01:29:03.137] [INF] [default] [TitleBar.cpp:160 in Update] -> [follow mouse ok] : (0.998697, 0.0510384)
[2026-09-28 01:29:03.145] [INF] [default] [TitleBar.cpp:160 in Update] -> [follow mouse ok] : (0.9987, 0.0509682)
[2026-09-28 01:29:03.158] [INF] [default] [TitleBar.cpp:160 in Update] -> [follow mouse ok] : (0.998704, 0.0508981)
[2026-09-28 01:29:03.166] [INF] [default] [TitleBar.cpp:160 in Update] -> [follow mouse ok] : (0.998707, 0.0508283)
[2026-09-28 01:29:03.173] [INF] [default] [TitleBar.cpp:160 in Update] -> [follow mouse ok] : (0.998711, 0.0507587)
[2026-09-28 01:29:03.186] [INF] [default] [TitleBar.cpp:160 in Update] -> [follow mouse ok] : (0.998714, 0.0506892)
[2026-09-28 01:29:03.193] [INF] [default] [TitleBar.cpp:160 in Update] -> [follow mouse ok] : (0.998718, 0.05062)
[2026-09-28 01:29:03.208] [INF] [default] [TitleBar.cpp:160 in Update] -> [follow mouse ok] : (0.998725, 0.050482)
[2026-09-28 01:29:03.221] [INF] [default] [TitleBar.cpp:160 in Update] -> [follow mouse ok] : (0.998728, 0.0504133)
[2026-09-28 01:29:03.228] [INF] [default] [TitleBar.cpp:160 in Update] -> [follow mouse ok] : (0.998732, 0.0503448)
[2026-09-28 01:29:03.236] [INF] [default] [TitleBar.cpp:160 in Update] -> [follow mouse ok] : (0.998735, 0.0502765)
[2026-09-28 01:29:03.250] [INF] [default] [TitleBar.cpp:160 in Update] -> [follow mouse ok] : (0.998739, 0.0502083)
[2026-09-28 01:29:03.256] [INF] [default] [TitleBar.cpp:160 in Update] -> [follow mouse ok] : (0.998742, 0.0501404)
[2026-09-28 01:29:03.263] [INF] [default] [TitleBar.cpp:160 in Update] -> [follow mouse ok] : (0.998746, 0.0500726)
[2026-09-28 01:29:03.277] [INF] [default] [TitleBar.cpp:160 in Update] -> [follow mouse ok] : (0.998749, 0.050005)
[2026-09-28 01:29:03.284] [INF] [default] [TitleBar.cpp:160 in Update] -> [follow mouse ok] : (0.998752, 0.0499376)
[2026-09-28 01:29:03.291] [INF] [default] [TitleBar.cpp:160 in Update] -> [follow mouse ok] : (0.998756, 0.0498704)
[2026-09-28 01:29:03.305] [INF] [default] [TitleBar.cpp:160 in Update] -> [follow mouse ok] : (0.998759, 0.0498034)
[2026-09-28 01:29:03.312] [INF] [default] [TitleBar.cpp:160 in Update] -> [follow mouse ok] : (0.998766, 0.0496698)
[2026-09-28 01:29:03.334] [INF] [default] [TitleBar.cpp:160 in Update] -> [follow mouse ok] : (0.998772, 0.049537)
[2026-09-28 01:29:03.347] [INF] [default] [TitleBar.cpp:160 in Update] -> [follow mouse ok] : (0.998776, 0.0494708)
[2026-09-28 01:29:03.354] [INF] [default] [TitleBar.cpp:160 in Update] -> [follow mouse ok] : (0.998782, 0.049339)
[2026-09-28 01:29:03.368] [INF] [default] [TitleBar.cpp:160 in Update] -> [follow mouse ok] : (0.998785, 0.0492734)
[2026-09-28 01:29:03.374] [INF] [default] [TitleBar.cpp:160 in Update] -> [follow mouse ok] : (0.998789, 0.049208)
[2026-09-28 01:29:03.382] [INF] [default] [TitleBar.cpp:160 in Update] -> [follow mouse ok] : (0.998792, 0.0491427)
[2026-09-28 01:29:03.395] [INF] [default] [TitleBar.cpp:160 in Update] -> [follow mouse ok] : (0.998795, 0.0490776)
[2026-09-28 01:29:03.402] [INF] [default] [TitleBar.cpp:160 in Update] -> [follow mouse ok] : (0.998798, 0.0490126)
[2026-09-28 01:29:03.423] [INF] [default] [TitleBar.cpp:160 in Update] -> [follow mouse ok] : (0.998801, 0.0489479)
[2026-09-28 01:29:03.431] [INF] [default] [TitleBar.cpp:160 in Update] -> [follow mouse ok] : (0.998804, 0.0488833)
[2026-09-28 01:29:03.437] [INF] [default] [TitleBar.cpp:160 in Update] -> [follow mouse ok] : (0.998808, 0.0488189)
[2026-09-28 01:29:03.452] [INF] [default] [TitleBar.cpp:160 in Update] -> [follow mouse ok] : (0.998811, 0.0487546)
[2026-09-28 01:29:03.458] [INF] [default] [TitleBar.cpp:160 in Update] -> [follow mouse ok] : (0.998814, 0.0486905)
[2026-09-28 01:29:03.473] [INF] [default] [TitleBar.cpp:160 in Update] -> [follow mouse ok] : (0.998817, 0.0486266)
[2026-09-28 01:29:03.486] [INF] [default] [TitleBar.cpp:160 in Update] -> [follow mouse ok] : (0.99882, 0.0485629)
[2026-09-28 01:29:03.500] [INF] [default] [TitleBar.cpp:160 in Update] -> [follow mouse ok] : (0.998823, 0.0484993)
[2026-09-28 01:29:03.514] [INF] [default] [TitleBar.cpp:160 in Update] -> [follow mouse ok] : (0.998826, 0.0484359)
[2026-09-28 01:29:03.521] [INF] [default] [TitleBar.cpp:160 in Update] -> [follow mouse ok] : (0.998829, 0.0483726)
[2026-09-28 01:29:03.535] [INF] [default] [TitleBar.cpp:160 in Update] -> [follow mouse ok] : (0.998832, 0.0483095)
[2026-09-28 01:29:03.549] [INF] [default] [TitleBar.cpp:160 in Update] -> [follow mouse ok] : (0.998836, 0.0482466)
[2026-09-28 01:29:03.562] [INF] [default] [TitleBar.cpp:160 in Update] -> [follow mouse ok] : (0.998838, 0.0481839)
[2026-09-28 01:29:03.598] [INF] [default] [TitleBar.cpp:160 in Update] -> [follow mouse ok] : (0.998842, 0.0481213)
[2026-09-28 01:29:03.611] [INF] [default] [TitleBar.cpp:160 in Update] -> [follow mouse ok] : (0.998845, 0.0480588)
[2026-09-28 01:29:03.632] [INF] [default] [TitleBar.cpp:160 in Update] -> [follow mouse ok] : (0.998848, 0.0479966)
[2026-09-28 01:29:03.640] [INF] [default] [TitleBar.cpp:160 in Update] -> [follow mouse ok] : (0.99885, 0.0479345)
[2026-09-28 01:29:03.653] [INF] [default] [TitleBar.cpp:160 in Update] -> [follow mouse ok] : (0.998853, 0.0478725)
[2026-09-28 01:29:03.660] [INF] [default] [TitleBar.cpp:160 in Update] -> [follow mouse ok] : (0.998914, 0.0465815)
[2026-09-28 01:29:03.675] [INF] [default] [TitleBar.cpp:160 in Update] -> [follow mouse ok] : (0.998917, 0.0465214)
[2026-09-28 01:29:03.688] [INF] [default] [TitleBar.cpp:160 in Update] -> [follow mouse ok] : (0.99892, 0.0464614)
[2026-09-28 01:29:03.702] [INF] [default] [TitleBar.cpp:160 in Update] -> [follow mouse ok] : (0.998923, 0.0464016)
[2026-09-28 01:29:03.716] [INF] [default] [TitleBar.cpp:160 in Update] -> [follow mouse ok] : (0.998926, 0.0463419)
[2026-09-28 01:29:03.723] [INF] [default] [TitleBar.cpp:160 in Update] -> [follow mouse ok] : (0.998928, 0.0462824)
[2026-09-28 01:29:03.758] [INF] [default] [TitleBar.cpp:160 in Update] -> [follow mouse ok] : (0.998931, 0.046223)
[2026-09-28 01:29:03.786] [INF] [default] [TitleBar.cpp:160 in Update] -> [follow mouse ok] : (0.998934, 0.0461638)
[2026-09-28 01:29:03.834] [INF] [default] [TitleBar.cpp:160 in Update] -> [follow mouse ok] : (0.998937, 0.0461048)
[2026-09-28 01:29:03.848] [INF] [default] [TitleBar.cpp:160 in Update] -> [follow mouse ok] : (0.998939, 0.0460459)
[2026-09-28 01:29:03.869] [INF] [default] [TitleBar.cpp:160 in Update] -> [follow mouse ok] : (0.998942, 0.0459871)
[2026-09-28 01:29:03.876] [INF] [default] [TitleBar.cpp:160 in Update] -> [follow mouse ok] : (0.999, 0.0447123)
[2026-09-28 01:29:03.897] [INF] [default] [TitleBar.cpp:160 in Update] -> [follow mouse ok] : (0.999003, 0.0446553)
[2026-09-28 01:29:03.911] [INF] [default] [TitleBar.cpp:160 in Update] -> [follow mouse ok] : (0.999005, 0.0445984)
[2026-09-28 01:29:03.946] [INF] [default] [TitleBar.cpp:160 in Update] -> [follow mouse ok] : (0.999008, 0.0445417)
[2026-09-28 01:29:03.973] [INF] [default] [TitleBar.cpp:160 in Update] -> [follow mouse ok] : (0.99901, 0.0444852)
[2026-09-28 01:29:04.008] [INF] [default] [TitleBar.cpp:160 in Update] -> [follow mouse ok] : (0.999013, 0.0444288)
[2026-09-28 01:29:04.684] [INF] [default] [TitleBar.cpp:160 in Update] -> [follow mouse ok] : (0.998953, 0.0457536)
[2026-09-28 01:29:04.691] [INF] [default] [TitleBar.cpp:160 in Update] -> [follow mouse ok] : (0.99895, 0.0458117)
[2026-09-28 01:29:04.705] [INF] [default] [TitleBar.cpp:160 in Update] -> [follow mouse ok] : (0.998891, 0.0470815)
[2026-09-28 01:29:04.712] [INF] [default] [TitleBar.cpp:160 in Update] -> [follow mouse ok] : (0.998824, 0.0484742)
[2026-09-28 01:29:04.720] [INF] [default] [TitleBar.cpp:160 in Update] -> [follow mouse ok] : (0.998756, 0.0498738)
[2026-09-28 01:29:04.726] [INF] [default] [TitleBar.cpp:160 in Update] -> [follow mouse ok] : (0.998691, 0.0511493)
[2026-09-28 01:29:04.733] [INF] [default] [TitleBar.cpp:160 in Update] -> [follow mouse ok] : (0.998621, 0.0524916)
[2026-09-28 01:29:04.739] [INF] [default] [TitleBar.cpp:160 in Update] -> [follow mouse ok] : (0.998618, 0.0525588)
[2026-09-28 01:29:04.747] [INF] [default] [TitleBar.cpp:160 in Update] -> [follow mouse ok] : (0.998546, 0.0539061)
[2026-09-28 01:29:04.754] [INF] [default] [TitleBar.cpp:160 in Update] -> [follow mouse ok] : (0.998401, 0.0565375)
[2026-09-28 01:29:04.760] [INF] [default] [TitleBar.cpp:160 in Update] -> [follow mouse ok] : (0.998314, 0.0580415)
[2026-09-28 01:29:04.768] [INF] [default] [TitleBar.cpp:160 in Update] -> [follow mouse ok] : (0.99831, 0.0581164)
[2026-09-28 01:29:04.775] [INF] [default] [TitleBar.cpp:160 in Update] -> [follow mouse ok] : (0.998234, 0.0594033)
[2026-09-28 01:29:04.782] [INF] [default] [TitleBar.cpp:160 in Update] -> [follow mouse ok] : (0.998147, 0.0608468)
[2026-09-28 01:29:04.795] [INF] [default] [TitleBar.cpp:160 in Update] -> [follow mouse ok] : (0.998058, 0.0622975)
[2026-09-28 01:29:04.810] [INF] [default] [TitleBar.cpp:160 in Update] -> [follow mouse ok] : (0.997966, 0.0637553)
[2026-09-28 01:29:04.817] [INF] [default] [TitleBar.cpp:160 in Update] -> [follow mouse ok] : (0.997791, 0.0664326)
[2026-09-28 01:29:04.830] [INF] [default] [TitleBar.cpp:160 in Update] -> [follow mouse ok] : (0.997692, 0.0679057)
[2026-09-28 01:29:04.837] [INF] [default] [TitleBar.cpp:160 in Update] -> [follow mouse ok] : (0.997596, 0.0692957)
[2026-09-28 01:29:04.845] [INF] [default] [TitleBar.cpp:160 in Update] -> [follow mouse ok] : (0.997505, 0.0705967)
[2026-09-28 01:29:04.852] [INF] [default] [TitleBar.cpp:160 in Update] -> [follow mouse ok] : (0.997492, 0.0707813)
[2026-09-28 01:29:04.858] [INF] [default] [TitleBar.cpp:160 in Update] -> [follow mouse ok] : (0.997392, 0.0721797)
[2026-09-28 01:29:04.864] [INF] [default] [TitleBar.cpp:160 in Update] -> [follow mouse ok] : (0.997282, 0.0736778)
[2026-09-28 01:29:04.879] [INF] [default] [TitleBar.cpp:160 in Update] -> [follow mouse ok] : (0.997177, 0.0750847)
[2026-09-28 01:29:04.886] [INF] [default] [TitleBar.cpp:160 in Update] -> [follow mouse ok] : (0.997062, 0.0765955)
[2026-09-28 01:29:04.900] [INF] [default] [TitleBar.cpp:160 in Update] -> [follow mouse ok] : (0.996944, 0.0781138)
[2026-09-28 01:29:04.914] [INF] [default] [TitleBar.cpp:160 in Update] -> [follow mouse ok] : (0.996832, 0.0795345)
[2026-09-28 01:29:04.921] [INF] [default] [TitleBar.cpp:160 in Update] -> [follow mouse ok] : (0.996717, 0.0809584)
[2026-09-28 01:29:04.928] [INF] [default] [TitleBar.cpp:160 in Update] -> [follow mouse ok] : (0.996709, 0.0810656)
[2026-09-28 01:29:04.942] [INF] [default] [TitleBar.cpp:160 in Update] -> [follow mouse ok] : (0.996592, 0.0824949)
[2026-09-28 01:29:04.948] [INF] [default] [TitleBar.cpp:160 in Update] -> [follow mouse ok] : (0.996472, 0.0839274)
[2026-09-28 01:29:04.956] [INF] [default] [TitleBar.cpp:160 in Update] -> [follow mouse ok] : (0.99636, 0.08525)
[2026-09-28 01:29:04.963] [INF] [default] [TitleBar.cpp:160 in Update] -> [follow mouse ok] : (0.99635, 0.0853633)
[2026-09-28 01:29:04.977] [INF] [default] [TitleBar.cpp:160 in Update] -> [follow mouse ok] : (0.99634, 0.0854769)
[2026-09-28 01:29:04.983] [INF] [default] [TitleBar.cpp:160 in Update] -> [follow mouse ok] : (0.996226, 0.0868025)
[2026-09-28 01:29:04.998] [INF] [default] [TitleBar.cpp:160 in Update] -> [follow mouse ok] : (0.996099, 0.088245)
[2026-09-28 01:29:05.026] [INF] [default] [TitleBar.cpp:160 in Update] -> [follow mouse ok] : (0.996088, 0.0883627)
[2026-09-28 01:29:05.046] [INF] [default] [TitleBar.cpp:160 in Update] -> [follow mouse ok] : (0.996078, 0.0884807)
[2026-09-28 01:29:05.060] [INF] [default] [TitleBar.cpp:160 in Update] -> [follow mouse ok] : (0.995959, 0.0898106)
[2026-09-28 01:29:05.067] [INF] [default] [TitleBar.cpp:160 in Update] -> [follow mouse ok] : (0.995948, 0.0899306)
[2026-09-28 01:29:05.081] [INF] [default] [TitleBar.cpp:160 in Update] -> [follow mouse ok] : (0.995827, 0.0912618)
[2026-09-28 01:29:05.102] [INF] [default] [TitleBar.cpp:160 in Update] -> [follow mouse ok] : (0.995693, 0.0927163)
[2026-09-28 01:29:05.109] [INF] [default] [TitleBar.cpp:160 in Update] -> [follow mouse ok] : (0.995681, 0.0928405)
[2026-09-28 01:29:05.130] [INF] [default] [TitleBar.cpp:160 in Update] -> [follow mouse ok] : (0.995669, 0.0929651)
[2026-09-28 01:29:05.137] [INF] [default] [TitleBar.cpp:160 in Update] -> [follow mouse ok] : (0.995532, 0.0944271)
[2026-09-28 01:29:05.151] [INF] [default] [TitleBar.cpp:160 in Update] -> [follow mouse ok] : (0.995392, 0.0958926)
[2026-09-28 01:29:05.172] [INF] [default] [TitleBar.cpp:160 in Update] -> [follow mouse ok] : (0.995379, 0.0960216)
[2026-09-28 01:29:05.192] [INF] [default] [TitleBar.cpp:160 in Update] -> [follow mouse ok] : (0.995367, 0.0961511)
[2026-09-28 01:29:05.241] [INF] [default] [TitleBar.cpp:160 in Update] -> [follow mouse ok] : (0.995236, 0.0974925)
[2026-09-28 01:29:05.248] [INF] [default] [TitleBar.cpp:160 in Update] -> [follow mouse ok] : (0.995223, 0.0976241)
[2026-09-28 01:29:05.256] [INF] [default] [TitleBar.cpp:160 in Update] -> [follow mouse ok] : (0.995091, 0.0989668)
[2026-09-28 01:29:05.261] [INF] [default] [TitleBar.cpp:160 in Update] -> [follow mouse ok] : (0.995077, 0.0991005)
[2026-09-28 01:29:05.270] [INF] [default] [TitleBar.cpp:160 in Update] -> [follow mouse ok] : (0.995064, 0.0992345)
[2026-09-28 01:29:05.284] [INF] [default] [TitleBar.cpp:160 in Update] -> [follow mouse ok] : (0.994929, 0.10058)
[2026-09-28 01:29:05.297] [INF] [default] [TitleBar.cpp:160 in Update] -> [follow mouse ok] : (0.994915, 0.100716)
[2026-09-28 01:29:05.304] [INF] [default] [TitleBar.cpp:160 in Update] -> [follow mouse ok] : (0.994901, 0.100853)
[2026-09-28 01:29:05.311] [INF] [default] [TitleBar.cpp:160 in Update] -> [follow mouse ok] : (0.994764, 0.102202)
[2026-09-28 01:29:05.325] [INF] [default] [TitleBar.cpp:160 in Update] -> [follow mouse ok] : (0.994749, 0.10234)
[2026-09-28 01:29:05.332] [INF] [default] [TitleBar.cpp:160 in Update] -> [follow mouse ok] : (0.994595, 0.103831)
[2026-09-28 01:29:05.338] [INF] [default] [TitleBar.cpp:160 in Update] -> [follow mouse ok] : (0.99458, 0.103973)
[2026-09-28 01:29:05.353] [INF] [default] [TitleBar.cpp:160 in Update] -> [follow mouse ok] : (0.994438, 0.105326)
[2026-09-28 01:29:05.360] [INF] [default] [TitleBar.cpp:160 in Update] -> [follow mouse ok] : (0.994294, 0.106678)
[2026-09-28 01:29:05.368] [INF] [default] [TitleBar.cpp:160 in Update] -> [follow mouse ok] : (0.994278, 0.106823)
[2026-09-28 01:29:05.373] [INF] [default] [TitleBar.cpp:160 in Update] -> [follow mouse ok] : (0.994116, 0.108324)
[2026-09-28 01:29:05.388] [INF] [default] [TitleBar.cpp:160 in Update] -> [follow mouse ok] : (0.993967, 0.109679)
[2026-09-28 01:29:05.394] [INF] [default] [TitleBar.cpp:160 in Update] -> [follow mouse ok] : (0.99395, 0.109829)
[2026-09-28 01:29:05.402] [INF] [default] [TitleBar.cpp:160 in Update] -> [follow mouse ok] : (0.9938, 0.111185)
[2026-09-28 01:29:05.409] [INF] [default] [TitleBar.cpp:160 in Update] -> [follow mouse ok] : (0.993783, 0.111337)
[2026-09-28 01:29:05.415] [INF] [default] [TitleBar.cpp:160 in Update] -> [follow mouse ok] : (0.993612, 0.112848)
[2026-09-28 01:29:05.429] [INF] [default] [TitleBar.cpp:160 in Update] -> [follow mouse ok] : (0.993457, 0.114206)
[2026-09-28 01:29:05.437] [INF] [default] [TitleBar.cpp:160 in Update] -> [follow mouse ok] : (0.993439, 0.114363)
[2026-09-28 01:29:05.443] [INF] [default] [TitleBar.cpp:160 in Update] -> [follow mouse ok] : (0.993104, 0.117241)
[2026-09-28 01:29:05.450] [INF] [default] [TitleBar.cpp:160 in Update] -> [follow mouse ok] : (0.992942, 0.118601)
[2026-09-28 01:29:05.465] [INF] [default] [TitleBar.cpp:160 in Update] -> [follow mouse ok] : (0.992922, 0.118764)
[2026-09-28 01:29:05.471] [INF] [default] [TitleBar.cpp:160 in Update] -> [follow mouse ok] : (0.992759, 0.120125)
[2026-09-28 01:29:05.478] [INF] [default] [TitleBar.cpp:160 in Update] -> [follow mouse ok] : (0.992573, 0.121652)
[2026-09-28 01:29:05.486] [INF] [default] [TitleBar.cpp:160 in Update] -> [follow mouse ok] : (0.992384, 0.123183)
[2026-09-28 01:29:05.506] [INF] [default] [TitleBar.cpp:160 in Update] -> [follow mouse ok] : (0.992192, 0.124717)
[2026-09-28 01:29:05.513] [INF] [default] [TitleBar.cpp:160 in Update] -> [follow mouse ok] : (0.99202, 0.126081)
[2026-09-28 01:29:05.519] [INF] [default] [TitleBar.cpp:160 in Update] -> [follow mouse ok] : (0.991998, 0.126254)
[2026-09-28 01:29:05.534] [INF] [default] [TitleBar.cpp:160 in Update] -> [follow mouse ok] : (0.991823, 0.127619)
[2026-09-28 01:29:05.541] [INF] [default] [TitleBar.cpp:160 in Update] -> [follow mouse ok] : (0.991647, 0.128983)
[2026-09-28 01:29:05.547] [INF] [default] [TitleBar.cpp:160 in Update] -> [follow mouse ok] : (0.991468, 0.130347)
[2026-09-28 01:29:05.561] [INF] [default] [TitleBar.cpp:160 in Update] -> [follow mouse ok] : (0.991445, 0.130526)
[2026-09-28 01:29:05.576] [INF] [default] [TitleBar.cpp:160 in Update] -> [follow mouse ok] : (0.99124, 0.132073)
[2026-09-28 01:29:05.583] [INF] [default] [TitleBar.cpp:160 in Update] -> [follow mouse ok] : (0.991057, 0.133438)
[2026-09-28 01:29:05.597] [INF] [default] [TitleBar.cpp:160 in Update] -> [follow mouse ok] : (0.991032, 0.133622)
[2026-09-28 01:29:05.603] [INF] [default] [TitleBar.cpp:160 in Update] -> [follow mouse ok] : (0.990847, 0.134989)
[2026-09-28 01:29:05.610] [INF] [default] [TitleBar.cpp:160 in Update] -> [follow mouse ok] : (0.99066, 0.136355)
[2026-09-28 01:29:05.624] [INF] [default] [TitleBar.cpp:160 in Update] -> [follow mouse ok] : (0.990471, 0.13772)
[2026-09-28 01:29:05.653] [INF] [default] [TitleBar.cpp:160 in Update] -> [follow mouse ok] : (0.990445, 0.13791)
[2026-09-28 01:29:05.667] [INF] [default] [TitleBar.cpp:160 in Update] -> [follow mouse ok] : (0.990254, 0.139276)
[2026-09-28 01:29:05.680] [INF] [default] [TitleBar.cpp:160 in Update] -> [follow mouse ok] : (0.990061, 0.140642)
[2026-09-28 01:29:05.708] [INF] [default] [TitleBar.cpp:160 in Update] -> [follow mouse ok] : (0.990033, 0.140836)
[2026-09-28 01:29:05.722] [INF] [default] [TitleBar.cpp:160 in Update] -> [follow mouse ok] : (0.989838, 0.142202)
[2026-09-28 01:29:05.729] [INF] [default] [TitleBar.cpp:160 in Update] -> [follow mouse ok] : (0.98964, 0.143568)
[2026-09-28 01:29:05.736] [INF] [default] [TitleBar.cpp:160 in Update] -> [follow mouse ok] : (0.989442, 0.144932)
[2026-09-28 01:29:05.750] [INF] [default] [TitleBar.cpp:160 in Update] -> [follow mouse ok] : (0.989412, 0.145132)
[2026-09-28 01:29:05.757] [INF] [default] [TitleBar.cpp:160 in Update] -> [follow mouse ok] : (0.989211, 0.146498)
[2026-09-28 01:29:05.764] [INF] [default] [TitleBar.cpp:160 in Update] -> [follow mouse ok] : (0.989008, 0.147863)
[2026-09-28 01:29:05.771] [INF] [default] [TitleBar.cpp:160 in Update] -> [follow mouse ok] : (0.988977, 0.148067)
[2026-09-28 01:29:05.784] [INF] [default] [TitleBar.cpp:160 in Update] -> [follow mouse ok] : (0.988772, 0.149433)
[2026-09-28 01:29:05.792] [INF] [default] [TitleBar.cpp:160 in Update] -> [follow mouse ok] : (0.988741, 0.14964)
[2026-09-28 01:29:05.798] [INF] [default] [TitleBar.cpp:160 in Update] -> [follow mouse ok] : (0.988533, 0.151006)
[2026-09-28 01:29:05.812] [INF] [default] [TitleBar.cpp:160 in Update] -> [follow mouse ok] : (0.988323, 0.152372)
[2026-09-28 01:29:05.827] [INF] [default] [TitleBar.cpp:160 in Update] -> [follow mouse ok] : (0.988079, 0.15395)
[2026-09-28 01:29:05.840] [INF] [default] [TitleBar.cpp:160 in Update] -> [follow mouse ok] : (0.987865, 0.155316)
[2026-09-28 01:29:05.861] [INF] [default] [TitleBar.cpp:160 in Update] -> [follow mouse ok] : (0.987649, 0.156681)
[2026-09-28 01:29:05.868] [INF] [default] [TitleBar.cpp:160 in Update] -> [follow mouse ok] : (0.987615, 0.156898)
[2026-09-28 01:29:05.876] [INF] [default] [TitleBar.cpp:160 in Update] -> [follow mouse ok] : (0.987397, 0.158264)
[2026-09-28 01:29:05.882] [INF] [default] [TitleBar.cpp:160 in Update] -> [follow mouse ok] : (0.987177, 0.159629)
[2026-09-28 01:29:05.903] [INF] [default] [TitleBar.cpp:160 in Update] -> [follow mouse ok] : (0.986956, 0.160993)
[2026-09-28 01:29:05.918] [INF] [default] [TitleBar.cpp:160 in Update] -> [follow mouse ok] : (0.986732, 0.162356)
[2026-09-28 01:29:05.931] [INF] [default] [TitleBar.cpp:160 in Update] -> [follow mouse ok] : (0.986507, 0.163718)
[2026-09-28 01:29:05.945] [INF] [default] [TitleBar.cpp:160 in Update] -> [follow mouse ok] : (0.98628, 0.16508)
[2026-09-28 01:29:05.958] [INF] [default] [TitleBar.cpp:160 in Update] -> [follow mouse ok] : (0.986052, 0.16644)
[2026-09-28 01:29:05.972] [INF] [default] [TitleBar.cpp:160 in Update] -> [follow mouse ok] : (0.985589, 0.169158)
[2026-09-28 01:29:05.987] [INF] [default] [TitleBar.cpp:160 in Update] -> [follow mouse ok] : (0.985355, 0.170515)
[2026-09-28 01:29:05.994] [INF] [default] [TitleBar.cpp:160 in Update] -> [follow mouse ok] : (0.985119, 0.171872)
[2026-09-28 01:29:06.001] [INF] [default] [TitleBar.cpp:160 in Update] -> [follow mouse ok] : (0.984882, 0.173227)
[2026-09-28 01:29:06.015] [INF] [default] [TitleBar.cpp:160 in Update] -> [follow mouse ok] : (0.984643, 0.174582)
[2026-09-28 01:29:06.021] [INF] [default] [TitleBar.cpp:160 in Update] -> [follow mouse ok] : (0.984402, 0.175936)
[2026-09-28 01:29:06.028] [INF] [default] [TitleBar.cpp:160 in Update] -> [follow mouse ok] : (0.984358, 0.176178)
[2026-09-28 01:29:06.036] [INF] [default] [TitleBar.cpp:160 in Update] -> [follow mouse ok] : (0.984115, 0.177532)
[2026-09-28 01:29:06.041] [INF] [default] [TitleBar.cpp:160 in Update] -> [follow mouse ok] : (0.98387, 0.178885)
[2026-09-28 01:29:06.050] [INF] [default] [TitleBar.cpp:160 in Update] -> [follow mouse ok] : (0.983623, 0.180238)
[2026-09-28 01:29:06.063] [INF] [default] [TitleBar.cpp:160 in Update] -> [follow mouse ok] : (0.983375, 0.181589)
[2026-09-28 01:29:06.070] [INF] [default] [TitleBar.cpp:160 in Update] -> [follow mouse ok] : (0.983124, 0.182939)
[2026-09-28 01:29:06.085] [INF] [default] [TitleBar.cpp:160 in Update] -> [follow mouse ok] : (0.982872, 0.184289)
[2026-09-28 01:29:06.098] [INF] [default] [TitleBar.cpp:160 in Update] -> [follow mouse ok] : (0.98257, 0.185892)
[2026-09-28 01:29:06.106] [INF] [default] [TitleBar.cpp:160 in Update] -> [follow mouse ok] : (0.982314, 0.187241)
[2026-09-28 01:29:06.119] [INF] [default] [TitleBar.cpp:160 in Update] -> [follow mouse ok] : (0.982056, 0.188588)
[2026-09-28 01:29:06.126] [INF] [default] [TitleBar.cpp:160 in Update] -> [follow mouse ok] : (0.981797, 0.189935)
[2026-09-28 01:29:06.146] [INF] [default] [TitleBar.cpp:160 in Update] -> [follow mouse ok] : (0.981535, 0.191281)
[2026-09-28 01:29:06.161] [INF] [default] [TitleBar.cpp:160 in Update] -> [follow mouse ok] : (0.981272, 0.192625)
[2026-09-28 01:29:06.181] [INF] [default] [TitleBar.cpp:160 in Update] -> [follow mouse ok] : (0.981008, 0.193969)
[2026-09-28 01:29:06.202] [INF] [default] [TitleBar.cpp:160 in Update] -> [follow mouse ok] : (0.980741, 0.195311)
[2026-09-28 01:29:06.216] [INF] [default] [TitleBar.cpp:160 in Update] -> [follow mouse ok] : (0.980473, 0.196653)
[2026-09-28 01:29:06.258] [INF] [default] [TitleBar.cpp:160 in Update] -> [follow mouse ok] : (0.980204, 0.197993)
[2026-09-28 01:29:06.273] [INF] [default] [TitleBar.cpp:160 in Update] -> [follow mouse ok] : (0.979932, 0.199332)
[2026-09-28 01:29:06.300] [INF] [default] [TitleBar.cpp:160 in Update] -> [follow mouse ok] : (0.979659, 0.20067)
[2026-09-28 01:29:06.307] [INF] [default] [TitleBar.cpp:160 in Update] -> [follow mouse ok] : (0.979327, 0.202283)
[2026-09-28 01:29:06.314] [INF] [default] [TitleBar.cpp:160 in Update] -> [follow mouse ok] : (0.97905, 0.20362)
[2026-09-28 01:29:06.335] [INF] [default] [TitleBar.cpp:160 in Update] -> [follow mouse ok] : (0.978771, 0.204956)
[2026-09-28 01:29:06.342] [INF] [default] [TitleBar.cpp:160 in Update] -> [follow mouse ok] : (0.978491, 0.206291)
[2026-09-28 01:29:06.370] [INF] [default] [TitleBar.cpp:160 in Update] -> [follow mouse ok] : (0.978148, 0.207909)
[2026-09-28 01:29:06.391] [INF] [default] [TitleBar.cpp:160 in Update] -> [follow mouse ok] : (0.977864, 0.209243)
[2026-09-28 01:29:06.411] [INF] [default] [TitleBar.cpp:160 in Update] -> [follow mouse ok] : (0.977577, 0.210577)
[2026-09-28 01:29:06.446] [INF] [default] [TitleBar.cpp:160 in Update] -> [follow mouse ok] : (0.977289, 0.211909)
[2026-09-28 01:29:06.474] [INF] [default] [TitleBar.cpp:160 in Update] -> [follow mouse ok] : (0.977, 0.21324)
[2026-09-28 01:29:06.481] [INF] [default] [TitleBar.cpp:160 in Update] -> [follow mouse ok] : (0.976936, 0.21353)
[2026-09-28 01:29:06.503] [INF] [default] [TitleBar.cpp:160 in Update] -> [follow mouse ok] : (0.976644, 0.214862)
[2026-09-28 01:29:06.516] [INF] [default] [TitleBar.cpp:160 in Update] -> [follow mouse ok] : (0.97658, 0.215155)
[2026-09-28 01:29:06.530] [INF] [default] [TitleBar.cpp:160 in Update] -> [follow mouse ok] : (0.976286, 0.216487)
[2026-09-28 01:29:06.543] [INF] [default] [TitleBar.cpp:160 in Update] -> [follow mouse ok] : (0.975989, 0.217817)
[2026-09-28 01:29:06.578] [INF] [default] [TitleBar.cpp:160 in Update] -> [follow mouse ok] : (0.975692, 0.219147)
[2026-09-28 01:29:06.586] [INF] [default] [TitleBar.cpp:160 in Update] -> [follow mouse ok] : (0.975393, 0.220475)
[2026-09-28 01:29:06.607] [INF] [default] [TitleBar.cpp:160 in Update] -> [follow mouse ok] : (0.975092, 0.221802)
[2026-09-28 01:29:06.627] [INF] [default] [TitleBar.cpp:160 in Update] -> [follow mouse ok] : (0.974789, 0.223128)
[2026-09-28 01:29:06.635] [INF] [default] [TitleBar.cpp:160 in Update] -> [follow mouse ok] : (0.974485, 0.224452)
[2026-09-28 01:29:06.662] [INF] [default] [TitleBar.cpp:160 in Update] -> [follow mouse ok] : (0.974179, 0.225775)
[2026-09-28 01:29:06.670] [INF] [default] [TitleBar.cpp:160 in Update] -> [follow mouse ok] : (0.973872, 0.227097)
[2026-09-28 01:29:06.690] [INF] [default] [TitleBar.cpp:160 in Update] -> [follow mouse ok] : (0.973563, 0.228418)
[2026-09-28 01:29:06.697] [INF] [default] [TitleBar.cpp:160 in Update] -> [follow mouse ok] : (0.973253, 0.229738)
[2026-09-28 01:29:06.711] [INF] [default] [TitleBar.cpp:160 in Update] -> [follow mouse ok] : (0.97294, 0.231056)
[2026-09-28 01:29:06.732] [INF] [default] [TitleBar.cpp:160 in Update] -> [follow mouse ok] : (0.972627, 0.232373)
[2026-09-28 01:29:06.738] [INF] [default] [TitleBar.cpp:160 in Update] -> [follow mouse ok] : (0.972311, 0.233689)
[2026-09-28 01:29:06.760] [INF] [default] [TitleBar.cpp:160 in Update] -> [follow mouse ok] : (0.971995, 0.235003)
[2026-09-28 01:29:06.766] [INF] [default] [TitleBar.cpp:160 in Update] -> [follow mouse ok] : (0.971676, 0.236316)
[2026-09-28 01:29:06.787] [INF] [default] [TitleBar.cpp:160 in Update] -> [follow mouse ok] : (0.971356, 0.237628)
[2026-09-28 01:29:06.795] [INF] [default] [TitleBar.cpp:160 in Update] -> [follow mouse ok] : (0.971035, 0.238938)
[2026-09-28 01:29:06.802] [INF] [default] [TitleBar.cpp:160 in Update] -> [follow mouse ok] : (0.970712, 0.240248)
[2026-09-28 01:29:06.829] [INF] [default] [TitleBar.cpp:160 in Update] -> [follow mouse ok] : (0.970387, 0.241556)
[2026-09-28 01:29:06.837] [INF] [default] [TitleBar.cpp:160 in Update] -> [follow mouse ok] : (0.970061, 0.242862)
[2026-09-28 01:29:06.864] [INF] [default] [TitleBar.cpp:160 in Update] -> [follow mouse ok] : (0.969733, 0.244167)
[2026-09-28 01:29:06.872] [INF] [default] [TitleBar.cpp:160 in Update] -> [follow mouse ok] : (0.969404, 0.245471)
[2026-09-28 01:29:06.885] [INF] [default] [TitleBar.cpp:160 in Update] -> [follow mouse ok] : (0.969073, 0.246774)
[2026-09-28 01:29:06.920] [INF] [default] [TitleBar.cpp:160 in Update] -> [follow mouse ok] : (0.968655, 0.248409)
[2026-09-28 01:29:06.934] [INF] [default] [TitleBar.cpp:160 in Update] -> [follow mouse ok] : (0.968321, 0.24971)
[2026-09-28 01:29:06.975] [INF] [default] [TitleBar.cpp:160 in Update] -> [follow mouse ok] : (0.967984, 0.25101)
[2026-09-28 01:29:06.997] [INF] [default] [TitleBar.cpp:160 in Update] -> [follow mouse ok] : (0.967647, 0.252309)
[2026-09-28 01:29:07.003] [INF] [default] [TitleBar.cpp:160 in Update] -> [follow mouse ok] : (0.967558, 0.252648)
[2026-09-28 01:29:07.010] [INF] [default] [TitleBar.cpp:160 in Update] -> [follow mouse ok] : (0.967218, 0.253947)
[2026-09-28 01:29:07.038] [INF] [default] [TitleBar.cpp:160 in Update] -> [follow mouse ok] : (0.966877, 0.255244)
[2026-09-28 01:29:07.053] [INF] [default] [TitleBar.cpp:160 in Update] -> [follow mouse ok] : (0.966533, 0.25654)
[2026-09-28 01:29:07.088] [INF] [default] [TitleBar.cpp:160 in Update] -> [follow mouse ok] : (0.966189, 0.257835)
[2026-09-28 01:29:07.108] [INF] [default] [TitleBar.cpp:160 in Update] -> [follow mouse ok] : (0.966097, 0.258181)
[2026-09-28 01:29:07.116] [INF] [default] [TitleBar.cpp:160 in Update] -> [follow mouse ok] : (0.96575, 0.259476)
[2026-09-28 01:29:07.129] [INF] [default] [TitleBar.cpp:160 in Update] -> [follow mouse ok] : (0.965401, 0.260769)
[2026-09-28 01:29:07.150] [INF] [default] [TitleBar.cpp:160 in Update] -> [follow mouse ok] : (0.965051, 0.262061)
[2026-09-28 01:29:07.164] [INF] [default] [TitleBar.cpp:160 in Update] -> [follow mouse ok] : (0.964956, 0.262412)
[2026-09-28 01:29:07.171] [INF] [default] [TitleBar.cpp:160 in Update] -> [follow mouse ok] : (0.964603, 0.263705)
[2026-09-28 01:29:07.185] [INF] [default] [TitleBar.cpp:160 in Update] -> [follow mouse ok] : (0.96425, 0.264995)
[2026-09-28 01:29:07.205] [INF] [default] [TitleBar.cpp:160 in Update] -> [follow mouse ok] : (0.963894, 0.266285)
[2026-09-28 01:29:07.212] [INF] [default] [TitleBar.cpp:160 in Update] -> [follow mouse ok] : (0.963538, 0.267572)
[2026-09-28 01:29:07.239] [INF] [default] [TitleBar.cpp:160 in Update] -> [follow mouse ok] : (0.96318, 0.268859)
[2026-09-28 01:29:07.247] [INF] [default] [TitleBar.cpp:160 in Update] -> [follow mouse ok] : (0.962719, 0.270505)
[2026-09-28 01:29:07.268] [INF] [default] [TitleBar.cpp:160 in Update] -> [follow mouse ok] : (0.962357, 0.27179)
[2026-09-28 01:29:07.282] [INF] [default] [TitleBar.cpp:160 in Update] -> [follow mouse ok] : (0.96189, 0.273438)
[2026-09-28 01:29:07.296] [INF] [default] [TitleBar.cpp:160 in Update] -> [follow mouse ok] : (0.961524, 0.274721)
[2026-09-28 01:29:07.318] [INF] [default] [TitleBar.cpp:160 in Update] -> [follow mouse ok] : (0.961157, 0.276003)
[2026-09-28 01:29:07.324] [INF] [default] [TitleBar.cpp:160 in Update] -> [follow mouse ok] : (0.960788, 0.277284)
[2026-09-28 01:29:07.338] [INF] [default] [TitleBar.cpp:160 in Update] -> [follow mouse ok] : (0.960681, 0.277654)
[2026-09-28 01:29:07.345] [INF] [default] [TitleBar.cpp:160 in Update] -> [follow mouse ok] : (0.96031, 0.278934)
[2026-09-28 01:29:07.353] [INF] [default] [TitleBar.cpp:160 in Update] -> [follow mouse ok] : (0.959938, 0.280213)
[2026-09-28 01:29:07.358] [INF] [default] [TitleBar.cpp:160 in Update] -> [follow mouse ok] : (0.959829, 0.280587)
[2026-09-28 01:29:07.373] [INF] [default] [TitleBar.cpp:160 in Update] -> [follow mouse ok] : (0.959454, 0.281866)
[2026-09-28 01:29:07.380] [INF] [default] [TitleBar.cpp:160 in Update] -> [follow mouse ok] : (0.958966, 0.28352)
[2026-09-28 01:29:07.387] [INF] [default] [TitleBar.cpp:160 in Update] -> [follow mouse ok] : (0.958588, 0.284798)
[2026-09-28 01:29:07.401] [INF] [default] [TitleBar.cpp:160 in Update] -> [follow mouse ok] : (0.957826, 0.287348)
[2026-09-28 01:29:07.407] [INF] [default] [TitleBar.cpp:160 in Update] -> [follow mouse ok] : (0.957328, 0.289005)
[2026-09-28 01:29:07.422] [INF] [default] [TitleBar.cpp:160 in Update] -> [follow mouse ok] : (0.956825, 0.290664)
[2026-09-28 01:29:07.428] [INF] [default] [TitleBar.cpp:160 in Update] -> [follow mouse ok] : (0.956438, 0.291936)
[2026-09-28 01:29:07.442] [INF] [default] [TitleBar.cpp:160 in Update] -> [follow mouse ok] : (0.956049, 0.293207)
[2026-09-28 01:29:07.450] [INF] [default] [TitleBar.cpp:160 in Update] -> [follow mouse ok] : (0.955659, 0.294476)
[2026-09-28 01:29:07.457] [INF] [default] [TitleBar.cpp:160 in Update] -> [follow mouse ok] : (0.955146, 0.296137)
[2026-09-28 01:29:07.470] [INF] [default] [TitleBar.cpp:160 in Update] -> [follow mouse ok] : (0.954628, 0.2978)
[2026-09-28 01:29:07.477] [INF] [default] [TitleBar.cpp:160 in Update] -> [follow mouse ok] : (0.954232, 0.299067)
[2026-09-28 01:29:07.485] [INF] [default] [TitleBar.cpp:160 in Update] -> [follow mouse ok] : (0.953835, 0.300333)
[2026-09-28 01:29:07.491] [INF] [default] [TitleBar.cpp:160 in Update] -> [follow mouse ok] : (0.953309, 0.301997)
[2026-09-28 01:29:07.498] [INF] [default] [TitleBar.cpp:160 in Update] -> [follow mouse ok] : (0.952908, 0.303261)
[2026-09-28 01:29:07.506] [INF] [default] [TitleBar.cpp:160 in Update] -> [follow mouse ok] : (0.952505, 0.304523)
[2026-09-28 01:29:07.512] [INF] [default] [TitleBar.cpp:160 in Update] -> [follow mouse ok] : (0.952101, 0.305784)
[2026-09-28 01:29:07.519] [INF] [default] [TitleBar.cpp:160 in Update] -> [follow mouse ok] : (0.951696, 0.307043)
[2026-09-28 01:29:07.533] [INF] [default] [TitleBar.cpp:160 in Update] -> [follow mouse ok] : (0.951157, 0.308709)
[2026-09-28 01:29:07.539] [INF] [default] [TitleBar.cpp:160 in Update] -> [follow mouse ok] : (0.950748, 0.309966)
[2026-09-28 01:29:07.554] [INF] [default] [TitleBar.cpp:160 in Update] -> [follow mouse ok] : (0.950337, 0.311222)
[2026-09-28 01:29:07.561] [INF] [default] [TitleBar.cpp:160 in Update] -> [follow mouse ok] : (0.94979, 0.312888)
[2026-09-28 01:29:07.568] [INF] [default] [TitleBar.cpp:160 in Update] -> [follow mouse ok] : (0.949376, 0.314142)
[2026-09-28 01:29:07.588] [INF] [default] [TitleBar.cpp:160 in Update] -> [follow mouse ok] : (0.948961, 0.315394)
[2026-09-28 01:29:07.603] [INF] [default] [TitleBar.cpp:160 in Update] -> [follow mouse ok] : (0.948544, 0.316644)
[2026-09-28 01:29:07.644] [INF] [default] [TitleBar.cpp:160 in Update] -> [follow mouse ok] : (0.948126, 0.317893)
[2026-09-28 01:29:07.658] [INF] [default] [TitleBar.cpp:160 in Update] -> [follow mouse ok] : (0.947708, 0.31914)
[2026-09-28 01:29:07.701] [INF] [default] [TitleBar.cpp:160 in Update] -> [follow mouse ok] : (0.947287, 0.320386)
[2026-09-28 01:29:07.721] [INF] [default] [TitleBar.cpp:160 in Update] -> [follow mouse ok] : (0.946866, 0.321629)
[2026-09-28 01:29:07.736] [INF] [default] [TitleBar.cpp:160 in Update] -> [follow mouse ok] : (0.946443, 0.322871)
[2026-09-28 01:29:07.784] [INF] [default] [TitleBar.cpp:160 in Update] -> [follow mouse ok] : (0.946298, 0.323295)
[2026-09-28 01:29:07.797] [INF] [default] [TitleBar.cpp:160 in Update] -> [follow mouse ok] : (0.945873, 0.324537)
[2026-09-28 01:29:07.819] [INF] [default] [TitleBar.cpp:160 in Update] -> [follow mouse ok] : (0.945447, 0.325777)
[2026-09-28 01:29:07.860] [INF] [default] [TitleBar.cpp:160 in Update] -> [follow mouse ok] : (0.945019, 0.327015)
[2026-09-28 01:29:07.881] [INF] [default] [TitleBar.cpp:160 in Update] -> [follow mouse ok] : (0.94459, 0.328252)
[2026-09-28 01:29:07.888] [INF] [default] [TitleBar.cpp:160 in Update] -> [follow mouse ok] : (0.944441, 0.328682)
[2026-09-28 01:29:07.895] [INF] [default] [TitleBar.cpp:160 in Update] -> [follow mouse ok] : (0.94401, 0.329918)
[2026-09-28 01:29:07.937] [INF] [default] [TitleBar.cpp:160 in Update] -> [follow mouse ok] : (0.943425, 0.331586)
[2026-09-28 01:29:07.958] [INF] [default] [TitleBar.cpp:160 in Update] -> [follow mouse ok] : (0.94299, 0.33282)
[2026-09-28 01:29:07.993] [INF] [default] [TitleBar.cpp:160 in Update] -> [follow mouse ok] : (0.9424, 0.334489)
[2026-09-28 01:29:08.014] [INF] [default] [TitleBar.cpp:160 in Update] -> [follow mouse ok] : (0.941961, 0.335721)
[2026-09-28 01:29:08.020] [INF] [default] [TitleBar.cpp:160 in Update] -> [follow mouse ok] : (0.941522, 0.336951)
[2026-09-28 01:29:08.035] [INF] [default] [TitleBar.cpp:160 in Update] -> [follow mouse ok] : (0.941364, 0.337392)
[2026-09-28 01:29:08.041] [INF] [default] [TitleBar.cpp:160 in Update] -> [follow mouse ok] : (0.940923, 0.338621)
[2026-09-28 01:29:08.048] [INF] [default] [TitleBar.cpp:160 in Update] -> [follow mouse ok] : (0.94048, 0.339849)
[2026-09-28 01:29:08.076] [INF] [default] [TitleBar.cpp:160 in Update] -> [follow mouse ok] : (0.940036, 0.341075)
[2026-09-28 01:29:08.083] [INF] [default] [TitleBar.cpp:160 in Update] -> [follow mouse ok] : (0.939591, 0.342299)
[2026-09-28 01:29:08.091] [INF] [default] [TitleBar.cpp:160 in Update] -> [follow mouse ok] : (0.939145, 0.343522)
[2026-09-28 01:29:08.111] [INF] [default] [TitleBar.cpp:160 in Update] -> [follow mouse ok] : (0.938981, 0.343969)
[2026-09-28 01:29:08.125] [INF] [default] [TitleBar.cpp:160 in Update] -> [follow mouse ok] : (0.938532, 0.345191)
[2026-09-28 01:29:08.132] [INF] [default] [TitleBar.cpp:160 in Update] -> [follow mouse ok] : (0.938083, 0.346412)
[2026-09-28 01:29:08.153] [INF] [default] [TitleBar.cpp:160 in Update] -> [follow mouse ok] : (0.937632, 0.34763)
[2026-09-28 01:29:08.160] [INF] [default] [TitleBar.cpp:160 in Update] -> [follow mouse ok] : (0.93718, 0.348847)
[2026-09-28 01:29:08.167] [INF] [default] [TitleBar.cpp:160 in Update] -> [follow mouse ok] : (0.936557, 0.350516)
[2026-09-28 01:29:08.188] [INF] [default] [TitleBar.cpp:160 in Update] -> [follow mouse ok] : (0.936101, 0.35173)
[2026-09-28 01:29:08.195] [INF] [default] [TitleBar.cpp:160 in Update] -> [follow mouse ok] : (0.935645, 0.352943)
[2026-09-28 01:29:08.216] [INF] [default] [TitleBar.cpp:160 in Update] -> [follow mouse ok] : (0.935187, 0.354154)
[2026-09-28 01:29:08.222] [INF] [default] [TitleBar.cpp:160 in Update] -> [follow mouse ok] : (0.935013, 0.354612)
[2026-09-28 01:29:08.229] [INF] [default] [TitleBar.cpp:160 in Update] -> [follow mouse ok] : (0.934554, 0.355823)
[2026-09-28 01:29:08.237] [INF] [default] [TitleBar.cpp:160 in Update] -> [follow mouse ok] : (0.934093, 0.357031)
[2026-09-28 01:29:08.251] [INF] [default] [TitleBar.cpp:160 in Update] -> [follow mouse ok] : (0.93363, 0.358237)
[2026-09-28 01:29:08.264] [INF] [default] [TitleBar.cpp:160 in Update] -> [follow mouse ok] : (0.933167, 0.359442)
[2026-09-28 01:29:08.285] [INF] [default] [TitleBar.cpp:160 in Update] -> [follow mouse ok] : (0.932703, 0.360645)
[2026-09-28 01:29:08.292] [INF] [default] [TitleBar.cpp:160 in Update] -> [follow mouse ok] : (0.932238, 0.361846)
[2026-09-28 01:29:08.313] [INF] [default] [TitleBar.cpp:160 in Update] -> [follow mouse ok] : (0.931771, 0.363046)
[2026-09-28 01:29:08.327] [INF] [default] [TitleBar.cpp:160 in Update] -> [follow mouse ok] : (0.931304, 0.364243)
[2026-09-28 01:29:08.335] [INF] [default] [TitleBar.cpp:160 in Update] -> [follow mouse ok] : (0.930835, 0.365439)
[2026-09-28 01:29:08.355] [INF] [default] [TitleBar.cpp:160 in Update] -> [follow mouse ok] : (0.93018, 0.367104)
[2026-09-28 01:29:08.361] [INF] [default] [TitleBar.cpp:160 in Update] -> [follow mouse ok] : (0.929708, 0.368297)
[2026-09-28 01:29:08.376] [INF] [default] [TitleBar.cpp:160 in Update] -> [follow mouse ok] : (0.929047, 0.369962)
[2026-09-28 01:29:08.383] [INF] [default] [TitleBar.cpp:160 in Update] -> [follow mouse ok] : (0.928572, 0.371153)
[2026-09-28 01:29:08.389] [INF] [default] [TitleBar.cpp:160 in Update] -> [follow mouse ok] : (0.928096, 0.372342)
[2026-09-28 01:29:08.410] [INF] [default] [TitleBar.cpp:160 in Update] -> [follow mouse ok] : (0.927619, 0.373528)
[2026-09-28 01:29:08.418] [INF] [default] [TitleBar.cpp:160 in Update] -> [follow mouse ok] : (0.926947, 0.375193)
[2026-09-28 01:29:08.431] [INF] [default] [TitleBar.cpp:160 in Update] -> [follow mouse ok] : (0.926271, 0.376858)
[2026-09-28 01:29:08.438] [INF] [default] [TitleBar.cpp:160 in Update] -> [follow mouse ok] : (0.925789, 0.378042)
[2026-09-28 01:29:08.445] [INF] [default] [TitleBar.cpp:160 in Update] -> [follow mouse ok] : (0.925106, 0.379708)
[2026-09-28 01:29:08.466] [INF] [default] [TitleBar.cpp:160 in Update] -> [follow mouse ok] : (0.924621, 0.380889)
[2026-09-28 01:29:08.480] [INF] [default] [TitleBar.cpp:160 in Update] -> [follow mouse ok] : (0.924134, 0.382068)
[2026-09-28 01:29:08.515] [INF] [default] [TitleBar.cpp:160 in Update] -> [follow mouse ok] : (0.923647, 0.383245)
[2026-09-28 01:29:08.529] [INF] [default] [TitleBar.cpp:160 in Update] -> [follow mouse ok] : (0.923444, 0.383733)
[2026-09-28 01:29:08.536] [INF] [default] [TitleBar.cpp:160 in Update] -> [follow mouse ok] : (0.922954, 0.384909)
[2026-09-28 01:29:08.551] [INF] [default] [TitleBar.cpp:160 in Update] -> [follow mouse ok] : (0.922464, 0.386084)
[2026-09-28 01:29:08.585] [INF] [default] [TitleBar.cpp:160 in Update] -> [follow mouse ok] : (0.922258, 0.386575)
[2026-09-28 01:29:08.591] [INF] [default] [TitleBar.cpp:160 in Update] -> [follow mouse ok] : (0.921765, 0.387749)
[2026-09-28 01:29:08.606] [INF] [default] [TitleBar.cpp:160 in Update] -> [follow mouse ok] : (0.921272, 0.38892)
[2026-09-28 01:29:08.647] [INF] [default] [TitleBar.cpp:160 in Update] -> [follow mouse ok] : (0.920777, 0.39009)
[2026-09-28 01:29:08.661] [INF] [default] [TitleBar.cpp:160 in Update] -> [follow mouse ok] : (0.920281, 0.391257)
[2026-09-28 01:29:08.675] [INF] [default] [TitleBar.cpp:160 in Update] -> [follow mouse ok] : (0.919785, 0.392423)
[2026-09-28 01:29:08.723] [INF] [default] [TitleBar.cpp:160 in Update] -> [follow mouse ok] : (0.919287, 0.393587)
[2026-09-28 01:29:08.753] [INF] [default] [TitleBar.cpp:160 in Update] -> [follow mouse ok] : (0.918789, 0.394749)
[2026-09-28 01:29:08.773] [INF] [default] [TitleBar.cpp:160 in Update] -> [follow mouse ok] : (0.91829, 0.395909)
[2026-09-28 01:29:08.780] [INF] [default] [TitleBar.cpp:160 in Update] -> [follow mouse ok] : (0.917789, 0.397068)
[2026-09-28 01:29:08.794] [INF] [default] [TitleBar.cpp:160 in Update] -> [follow mouse ok] : (0.917288, 0.398224)
[2026-09-28 01:29:08.807] [INF] [default] [TitleBar.cpp:160 in Update] -> [follow mouse ok] : (0.916786, 0.399378)
[2026-09-28 01:29:08.821] [INF] [default] [TitleBar.cpp:160 in Update] -> [follow mouse ok] : (0.916283, 0.400531)
[2026-09-28 01:29:08.828] [INF] [default] [TitleBar.cpp:160 in Update] -> [follow mouse ok] : (0.915779, 0.401682)
[2026-09-28 01:29:08.843] [INF] [default] [TitleBar.cpp:160 in Update] -> [follow mouse ok] : (0.914262, 0.405122)
[2026-09-28 01:29:08.850] [INF] [default] [TitleBar.cpp:160 in Update] -> [follow mouse ok] : (0.913755, 0.406265)
[2026-09-28 01:29:08.863] [INF] [default] [TitleBar.cpp:160 in Update] -> [follow mouse ok] : (0.913247, 0.407407)
[2026-09-28 01:29:08.870] [INF] [default] [TitleBar.cpp:160 in Update] -> [follow mouse ok] : (0.912738, 0.408546)
[2026-09-28 01:29:08.878] [INF] [default] [TitleBar.cpp:160 in Update] -> [follow mouse ok] : (0.912228, 0.409683)
[2026-09-28 01:29:08.885] [INF] [default] [TitleBar.cpp:160 in Update] -> [follow mouse ok] : (0.911717, 0.410819)
[2026-09-28 01:29:08.898] [INF] [default] [TitleBar.cpp:160 in Update] -> [follow mouse ok] : (0.911206, 0.411952)
[2026-09-28 01:29:08.905] [INF] [default] [TitleBar.cpp:160 in Update] -> [follow mouse ok] : (0.910693, 0.413084)
[2026-09-28 01:29:08.912] [INF] [default] [TitleBar.cpp:160 in Update] -> [follow mouse ok] : (0.91018, 0.414214)
[2026-09-28 01:29:08.933] [INF] [default] [TitleBar.cpp:160 in Update] -> [follow mouse ok] : (0.909666, 0.415341)
[2026-09-28 01:29:08.968] [INF] [default] [TitleBar.cpp:160 in Update] -> [follow mouse ok] : (0.909151, 0.416467)
[2026-09-28 01:29:08.975] [INF] [default] [TitleBar.cpp:160 in Update] -> [follow mouse ok] : (0.908635, 0.417591)
[2026-09-28 01:29:08.989] [INF] [default] [TitleBar.cpp:160 in Update] -> [follow mouse ok] : (0.908118, 0.418713)
[2026-09-28 01:29:08.995] [INF] [default] [TitleBar.cpp:160 in Update] -> [follow mouse ok] : (0.907601, 0.419833)
[2026-09-28 01:29:09.003] [INF] [default] [TitleBar.cpp:160 in Update] -> [follow mouse ok] : (0.907083, 0.420952)
[2026-09-28 01:29:09.010] [INF] [default] [TitleBar.cpp:160 in Update] -> [follow mouse ok] : (0.906842, 0.421471)
[2026-09-28 01:29:09.023] [INF] [default] [TitleBar.cpp:160 in Update] -> [follow mouse ok] : (0.906322, 0.422588)
[2026-09-28 01:29:09.029] [INF] [default] [TitleBar.cpp:160 in Update] -> [follow mouse ok] : (0.905801, 0.423703)
[2026-09-28 01:29:09.044] [INF] [default] [TitleBar.cpp:160 in Update] -> [follow mouse ok] : (0.90528, 0.424816)
[2026-09-28 01:29:09.051] [INF] [default] [TitleBar.cpp:160 in Update] -> [follow mouse ok] : (0.904757, 0.425928)
[2026-09-28 01:29:09.058] [INF] [default] [TitleBar.cpp:160 in Update] -> [follow mouse ok] : (0.904511, 0.426451)
[2026-09-28 01:29:09.065] [INF] [default] [TitleBar.cpp:160 in Update] -> [follow mouse ok] : (0.903986, 0.427561)
[2026-09-28 01:29:09.080] [INF] [default] [TitleBar.cpp:160 in Update] -> [follow mouse ok] : (0.903461, 0.428669)
[2026-09-28 01:29:09.086] [INF] [default] [TitleBar.cpp:160 in Update] -> [follow mouse ok] : (0.902936, 0.429776)
[2026-09-28 01:29:09.101] [INF] [default] [TitleBar.cpp:160 in Update] -> [follow mouse ok] : (0.902409, 0.43088)
[2026-09-28 01:29:09.107] [INF] [default] [TitleBar.cpp:160 in Update] -> [follow mouse ok] : (0.901882, 0.431983)
[2026-09-28 01:29:09.128] [INF] [default] [TitleBar.cpp:160 in Update] -> [follow mouse ok] : (0.901629, 0.432511)
[2026-09-28 01:29:09.135] [INF] [default] [TitleBar.cpp:160 in Update] -> [follow mouse ok] : (0.9011, 0.433612)
[2026-09-28 01:29:09.142] [INF] [default] [TitleBar.cpp:160 in Update] -> [follow mouse ok] : (0.90057, 0.434711)
[2026-09-28 01:29:09.149] [INF] [default] [TitleBar.cpp:160 in Update] -> [follow mouse ok] : (0.900313, 0.435242)
[2026-09-28 01:29:09.156] [INF] [default] [TitleBar.cpp:160 in Update] -> [follow mouse ok] : (0.899782, 0.43634)
[2026-09-28 01:29:09.177] [INF] [default] [TitleBar.cpp:160 in Update] -> [follow mouse ok] : (0.899249, 0.437436)
[2026-09-28 01:29:09.184] [INF] [default] [TitleBar.cpp:160 in Update] -> [follow mouse ok] : (0.898716, 0.43853)
[2026-09-28 01:29:09.191] [INF] [default] [TitleBar.cpp:160 in Update] -> [follow mouse ok] : (0.898456, 0.439064)
[2026-09-28 01:29:09.205] [INF] [default] [TitleBar.cpp:160 in Update] -> [follow mouse ok] : (0.897921, 0.440157)
[2026-09-28 01:29:09.219] [INF] [default] [TitleBar.cpp:160 in Update] -> [follow mouse ok] : (0.897385, 0.441248)
[2026-09-28 01:29:09.225] [INF] [default] [TitleBar.cpp:160 in Update] -> [follow mouse ok] : (0.896849, 0.442337)
[2026-09-28 01:29:09.246] [INF] [default] [TitleBar.cpp:160 in Update] -> [follow mouse ok] : (0.896312, 0.443424)
[2026-09-28 01:29:09.253] [INF] [default] [TitleBar.cpp:160 in Update] -> [follow mouse ok] : (0.895774, 0.444509)
[2026-09-28 01:29:09.268] [INF] [default] [TitleBar.cpp:160 in Update] -> [follow mouse ok] : (0.895507, 0.445048)
[2026-09-28 01:29:09.274] [INF] [default] [TitleBar.cpp:160 in Update] -> [follow mouse ok] : (0.894967, 0.446132)
[2026-09-28 01:29:09.281] [INF] [default] [TitleBar.cpp:160 in Update] -> [follow mouse ok] : (0.894427, 0.447214)
[2026-09-28 01:29:09.288] [INF] [default] [TitleBar.cpp:160 in Update] -> [follow mouse ok] : (0.894157, 0.447755)
[2026-09-28 01:29:09.295] [INF] [default] [TitleBar.cpp:160 in Update] -> [follow mouse ok] : (0.893615, 0.448835)
[2026-09-28 01:29:09.302] [INF] [default] [TitleBar.cpp:160 in Update] -> [follow mouse ok] : (0.893072, 0.449914)
[2026-09-28 01:29:09.309] [INF] [default] [TitleBar.cpp:160 in Update] -> [follow mouse ok] : (0.892529, 0.45099)
[2026-09-28 01:29:09.323] [INF] [default] [TitleBar.cpp:160 in Update] -> [follow mouse ok] : (0.891163, 0.453683)
[2026-09-28 01:29:09.329] [INF] [default] [TitleBar.cpp:160 in Update] -> [follow mouse ok] : (0.890617, 0.454754)
[2026-09-28 01:29:09.337] [INF] [default] [TitleBar.cpp:160 in Update] -> [follow mouse ok] : (0.89007, 0.455824)
[2026-09-28 01:29:09.344] [INF] [default] [TitleBar.cpp:160 in Update] -> [follow mouse ok] : (0.888975, 0.457957)
[2026-09-28 01:29:09.352] [INF] [default] [TitleBar.cpp:160 in Update] -> [follow mouse ok] : (0.887591, 0.460632)
[2026-09-28 01:29:09.365] [INF] [default] [TitleBar.cpp:160 in Update] -> [follow mouse ok] : (0.886489, 0.46275)
[2026-09-28 01:29:09.372] [INF] [default] [TitleBar.cpp:160 in Update] -> [follow mouse ok] : (0.885647, 0.464359)
[2026-09-28 01:29:09.378] [INF] [default] [TitleBar.cpp:160 in Update] -> [follow mouse ok] : (0.885093, 0.465414)
[2026-09-28 01:29:09.385] [INF] [default] [TitleBar.cpp:160 in Update] -> [follow mouse ok] : (0.884246, 0.467022)
[2026-09-28 01:29:09.393] [INF] [default] [TitleBar.cpp:160 in Update] -> [follow mouse ok] : (0.88369, 0.468073)
[2026-09-28 01:29:09.401] [INF] [default] [TitleBar.cpp:160 in Update] -> [follow mouse ok] : (0.883133, 0.469122)
[2026-09-28 01:29:09.406] [INF] [default] [TitleBar.cpp:160 in Update] -> [follow mouse ok] : (0.882576, 0.47017)
[2026-09-28 01:29:09.421] [INF] [default] [TitleBar.cpp:160 in Update] -> [follow mouse ok] : (0.882018, 0.471215)
[2026-09-28 01:29:09.427] [INF] [default] [TitleBar.cpp:160 in Update] -> [follow mouse ok] : (0.88146, 0.472259)
[2026-09-28 01:29:09.435] [INF] [default] [TitleBar.cpp:160 in Update] -> [follow mouse ok] : (0.880901, 0.4733)
[2026-09-28 01:29:09.455] [INF] [default] [TitleBar.cpp:160 in Update] -> [follow mouse ok] : (0.880342, 0.47434)
[2026-09-28 01:29:09.463] [INF] [default] [TitleBar.cpp:160 in Update] -> [follow mouse ok] : (0.879782, 0.475377)
[2026-09-28 01:29:09.469] [INF] [default] [TitleBar.cpp:160 in Update] -> [follow mouse ok] : (0.879479, 0.475938)
[2026-09-28 01:29:09.476] [INF] [default] [TitleBar.cpp:160 in Update] -> [follow mouse ok] : (0.878918, 0.476974)
[2026-09-28 01:29:09.484] [INF] [default] [TitleBar.cpp:160 in Update] -> [follow mouse ok] : (0.878356, 0.478008)
[2026-09-28 01:29:09.490] [INF] [default] [TitleBar.cpp:160 in Update] -> [follow mouse ok] : (0.877793, 0.47904)
[2026-09-28 01:29:09.504] [INF] [default] [TitleBar.cpp:160 in Update] -> [follow mouse ok] : (0.877486, 0.479603)
[2026-09-28 01:29:09.511] [INF] [default] [TitleBar.cpp:160 in Update] -> [follow mouse ok] : (0.876922, 0.480633)
[2026-09-28 01:29:09.518] [INF] [default] [TitleBar.cpp:160 in Update] -> [follow mouse ok] : (0.876357, 0.481662)
[2026-09-28 01:29:09.532] [INF] [default] [TitleBar.cpp:160 in Update] -> [follow mouse ok] : (0.875792, 0.482688)
[2026-09-28 01:29:09.539] [INF] [default] [TitleBar.cpp:160 in Update] -> [follow mouse ok] : (0.875227, 0.483713)
[2026-09-28 01:29:09.553] [INF] [default] [TitleBar.cpp:160 in Update] -> [follow mouse ok] : (0.874661, 0.484736)
[2026-09-28 01:29:09.560] [INF] [default] [TitleBar.cpp:160 in Update] -> [follow mouse ok] : (0.874346, 0.485302)
[2026-09-28 01:29:09.567] [INF] [default] [TitleBar.cpp:160 in Update] -> [follow mouse ok] : (0.873779, 0.486323)
[2026-09-28 01:29:09.574] [INF] [default] [TitleBar.cpp:160 in Update] -> [follow mouse ok] : (0.873211, 0.487342)
[2026-09-28 01:29:09.587] [INF] [default] [TitleBar.cpp:160 in Update] -> [follow mouse ok] : (0.872643, 0.48836)
[2026-09-28 01:29:09.594] [INF] [default] [TitleBar.cpp:160 in Update] -> [follow mouse ok] : (0.872074, 0.489375)
[2026-09-28 01:29:09.608] [INF] [default] [TitleBar.cpp:160 in Update] -> [follow mouse ok] : (0.871504, 0.490388)
[2026-09-28 01:29:09.616] [INF] [default] [TitleBar.cpp:160 in Update] -> [follow mouse ok] : (0.871183, 0.490958)
[2026-09-28 01:29:09.622] [INF] [default] [TitleBar.cpp:160 in Update] -> [follow mouse ok] : (0.870612, 0.491969)
[2026-09-28 01:29:09.629] [INF] [default] [TitleBar.cpp:160 in Update] -> [follow mouse ok] : (0.869717, 0.493551)
[2026-09-28 01:29:09.644] [INF] [default] [TitleBar.cpp:160 in Update] -> [follow mouse ok] : (0.869144, 0.494559)
[2026-09-28 01:29:09.651] [INF] [default] [TitleBar.cpp:160 in Update] -> [follow mouse ok] : (0.868571, 0.495565)
[2026-09-28 01:29:09.671] [INF] [default] [TitleBar.cpp:160 in Update] -> [follow mouse ok] : (0.867997, 0.496569)
[2026-09-28 01:29:09.678] [INF] [default] [TitleBar.cpp:160 in Update] -> [follow mouse ok] : (0.867423, 0.497571)
[2026-09-28 01:29:09.692] [INF] [default] [TitleBar.cpp:160 in Update] -> [follow mouse ok] : (0.866518, 0.499146)
[2026-09-28 01:29:09.699] [INF] [default] [TitleBar.cpp:160 in Update] -> [follow mouse ok] : (0.865942, 0.500145)
[2026-09-28 01:29:09.706] [INF] [default] [TitleBar.cpp:160 in Update] -> [follow mouse ok] : (0.865031, 0.501718)
[2026-09-28 01:29:09.714] [INF] [default] [TitleBar.cpp:160 in Update] -> [follow mouse ok] : (0.864453, 0.502713)
[2026-09-28 01:29:09.720] [INF] [default] [TitleBar.cpp:160 in Update] -> [follow mouse ok] : (0.863875, 0.503706)
[2026-09-28 01:29:09.727] [INF] [default] [TitleBar.cpp:160 in Update] -> [follow mouse ok] : (0.862718, 0.505685)
[2026-09-28 01:29:09.735] [INF] [default] [TitleBar.cpp:160 in Update] -> [follow mouse ok] : (0.862378, 0.506265)
[2026-09-28 01:29:09.741] [INF] [default] [TitleBar.cpp:160 in Update] -> [follow mouse ok] : (0.861217, 0.508237)
[2026-09-28 01:29:09.748] [INF] [default] [TitleBar.cpp:160 in Update] -> [follow mouse ok] : (0.860636, 0.509221)
[2026-09-28 01:29:09.762] [INF] [default] [TitleBar.cpp:160 in Update] -> [follow mouse ok] : (0.860055, 0.510202)
[2026-09-28 01:29:09.769] [INF] [default] [TitleBar.cpp:160 in Update] -> [follow mouse ok] : (0.859126, 0.511764)
[2026-09-28 01:29:09.790] [INF] [default] [TitleBar.cpp:160 in Update] -> [follow mouse ok] : (0.858543, 0.512741)
[2026-09-28 01:29:09.804] [INF] [default] [TitleBar.cpp:160 in Update] -> [follow mouse ok] : (0.85796, 0.513717)
[2026-09-28 01:29:09.825] [INF] [default] [TitleBar.cpp:160 in Update] -> [follow mouse ok] : (0.857376, 0.51469)
[2026-09-28 01:29:09.887] [INF] [default] [TitleBar.cpp:160 in Update] -> [follow mouse ok] : (0.857025, 0.515275)
