[2026-09-28 01:41:21.073] [INF] [default] [c3-exo10_main.cpp:40 in nkmain] -> [window] : (312, 160)
[2026-09-28 01:41:21.073] [INF] [default] [button.h:33 in Button] -> [button] size : NkRectT[pos(1130, 10); size(40, 30)]
[2026-09-28 01:41:21.074] [INF] [default] [button.h:33 in Button] -> [button] size : NkRectT[pos(1060, 10); size(40, 30)]
[2026-09-28 01:41:21.074] [INF] [default] [button.h:33 in Button] -> [button] size : NkRectT[pos(1020, 10); size(40, 30)]
[2026-09-28 01:41:21.074] [INF] [default] [c3-exo10_main.cpp:43 in nkmain] -> [button] : RECT : (1130, 10) (1170, 40)
[2026-09-28 01:41:24.463] [INF] [default] [TitleBar.cpp:145 in Update] -> [follow mouse ok] : (687, 687)
[2026-09-28 01:41:24.681] [INF] [default] [TitleBar.cpp:165 in Update] -> [follow mouse ok] : (-2.29629, -0.130547)
[2026-09-28 01:41:24.687] [INF] [default] [TitleBar.cpp:165 in Update] -> [follow mouse ok] : (-2.29626, -0.131119)
[2026-09-28 01:41:24.694] [INF] [default] [TitleBar.cpp:165 in Update] -> [follow mouse ok] : (-2.29608, -0.134274)
[2026-09-28 01:41:24.697] [INF] [default] [TitleBar.cpp:165 in Update] -> [follow mouse ok] : (-2.29591, -0.13702)
[2026-09-28 01:41:24.702] [INF] [default] [TitleBar.cpp:165 in Update] -> [follow mouse ok] : (-2.29574, -0.139943)
[2026-09-28 01:41:24.708] [INF] [default] [TitleBar.cpp:165 in Update] -> [follow mouse ok] : (-2.29555, -0.143056)
[2026-09-28 01:41:24.713] [INF] [default] [TitleBar.cpp:165 in Update] -> [follow mouse ok] : (-2.29538, -0.145738)
[2026-09-28 01:41:24.716] [INF] [default] [TitleBar.cpp:165 in Update] -> [follow mouse ok] : (-2.29518, -0.148823)
[2026-09-28 01:41:24.722] [INF] [default] [TitleBar.cpp:165 in Update] -> [follow mouse ok] : (-2.29499, -0.151681)
[2026-09-28 01:41:24.729] [INF] [default] [TitleBar.cpp:165 in Update] -> [follow mouse ok] : (-2.29479, -0.154742)
[2026-09-28 01:41:24.730] [INF] [default] [TitleBar.cpp:165 in Update] -> [follow mouse ok] : (-2.29461, -0.157345)
[2026-09-28 01:41:24.736] [INF] [default] [TitleBar.cpp:165 in Update] -> [follow mouse ok] : (-2.29442, -0.160152)
[2026-09-28 01:41:24.743] [INF] [default] [TitleBar.cpp:165 in Update] -> [follow mouse ok] : (-2.29422, -0.162942)
[2026-09-28 01:41:24.747] [INF] [default] [TitleBar.cpp:165 in Update] -> [follow mouse ok] : (-2.29404, -0.165482)
[2026-09-28 01:41:24.750] [INF] [default] [TitleBar.cpp:165 in Update] -> [follow mouse ok] : (-2.29382, -0.168473)
[2026-09-28 01:41:24.765] [INF] [default] [TitleBar.cpp:165 in Update] -> [follow mouse ok] : (-2.29364, -0.170974)
[2026-09-28 01:41:24.767] [INF] [default] [TitleBar.cpp:165 in Update] -> [follow mouse ok] : (-2.29341, -0.173939)
[2026-09-28 01:41:24.777] [INF] [default] [TitleBar.cpp:165 in Update] -> [follow mouse ok] : (-2.29319, -0.176894)
[2026-09-28 01:41:24.780] [INF] [default] [TitleBar.cpp:165 in Update] -> [follow mouse ok] : (-2.293, -0.179341)
[2026-09-28 01:41:24.785] [INF] [default] [TitleBar.cpp:165 in Update] -> [follow mouse ok] : (-2.29279, -0.182018)
[2026-09-28 01:41:24.797] [INF] [default] [TitleBar.cpp:165 in Update] -> [follow mouse ok] : (-2.29259, -0.184425)
[2026-09-28 01:41:24.800] [INF] [default] [TitleBar.cpp:165 in Update] -> [follow mouse ok] : (-2.29238, -0.187068)
[2026-09-28 01:41:24.805] [INF] [default] [TitleBar.cpp:165 in Update] -> [follow mouse ok] : (-2.29216, -0.189696)
[2026-09-28 01:41:24.813] [INF] [default] [TitleBar.cpp:165 in Update] -> [follow mouse ok] : (-2.29195, -0.192309)
[2026-09-28 01:41:24.815] [INF] [default] [TitleBar.cpp:165 in Update] -> [follow mouse ok] : (-2.29175, -0.194642)
[2026-09-28 01:41:24.819] [INF] [default] [TitleBar.cpp:165 in Update] -> [follow mouse ok] : (-2.29153, -0.197222)
[2026-09-28 01:41:24.830] [INF] [default] [TitleBar.cpp:165 in Update] -> [follow mouse ok] : (-2.29133, -0.199517)
[2026-09-28 01:41:24.834] [INF] [default] [TitleBar.cpp:165 in Update] -> [follow mouse ok] : (-2.29111, -0.202065)
[2026-09-28 01:41:24.847] [INF] [default] [TitleBar.cpp:165 in Update] -> [follow mouse ok] : (-2.29091, -0.204324)
[2026-09-28 01:41:24.850] [INF] [default] [TitleBar.cpp:165 in Update] -> [follow mouse ok] : (-2.29068, -0.20684)
[2026-09-28 01:41:24.861] [INF] [default] [TitleBar.cpp:165 in Update] -> [follow mouse ok] : (-2.29045, -0.209342)
[2026-09-28 01:41:24.863] [INF] [default] [TitleBar.cpp:165 in Update] -> [follow mouse ok] : (-2.29025, -0.211549)
[2026-09-28 01:41:24.869] [INF] [default] [TitleBar.cpp:165 in Update] -> [follow mouse ok] : (-2.29002, -0.214021)
[2026-09-28 01:41:24.880] [INF] [default] [TitleBar.cpp:165 in Update] -> [follow mouse ok] : (-2.28982, -0.216193)
[2026-09-28 01:41:24.882] [INF] [default] [TitleBar.cpp:165 in Update] -> [follow mouse ok] : (-2.28958, -0.218634)
[2026-09-28 01:41:24.897] [INF] [default] [TitleBar.cpp:165 in Update] -> [follow mouse ok] : (-2.28935, -0.221062)
[2026-09-28 01:41:24.900] [INF] [default] [TitleBar.cpp:165 in Update] -> [follow mouse ok] : (-2.28915, -0.223184)
[2026-09-28 01:41:24.914] [INF] [default] [TitleBar.cpp:165 in Update] -> [follow mouse ok] : (-2.28894, -0.225289)
[2026-09-28 01:41:24.918] [INF] [default] [TitleBar.cpp:165 in Update] -> [follow mouse ok] : (-2.2887, -0.227672)
[2026-09-28 01:41:24.931] [INF] [default] [TitleBar.cpp:165 in Update] -> [follow mouse ok] : (-2.2885, -0.229745)
[2026-09-28 01:41:24.945] [INF] [default] [TitleBar.cpp:165 in Update] -> [follow mouse ok] : (-2.28826, -0.232099)
[2026-09-28 01:41:24.947] [INF] [default] [TitleBar.cpp:165 in Update] -> [follow mouse ok] : (-2.28805, -0.23414)
[2026-09-28 01:41:24.964] [INF] [default] [TitleBar.cpp:165 in Update] -> [follow mouse ok] : (-2.28784, -0.236164)
[2026-09-28 01:41:24.973] [INF] [default] [TitleBar.cpp:165 in Update] -> [follow mouse ok] : (-2.2876, -0.238476)
[2026-09-28 01:41:24.980] [INF] [default] [TitleBar.cpp:165 in Update] -> [follow mouse ok] : (-2.28739, -0.24047)
[2026-09-28 01:41:24.996] [INF] [default] [TitleBar.cpp:165 in Update] -> [follow mouse ok] : (-2.28719, -0.242448)
[2026-09-28 01:41:25.014] [INF] [default] [TitleBar.cpp:165 in Update] -> [follow mouse ok] : (-2.28698, -0.24441)
[2026-09-28 01:41:25.031] [INF] [default] [TitleBar.cpp:165 in Update] -> [follow mouse ok] : (-2.28677, -0.246357)
[2026-09-28 01:41:25.047] [INF] [default] [TitleBar.cpp:165 in Update] -> [follow mouse ok] : (-2.28656, -0.248288)
[2026-09-28 01:41:25.064] [INF] [default] [TitleBar.cpp:165 in Update] -> [follow mouse ok] : (-2.28635, -0.250204)
[2026-09-28 01:41:25.078] [INF] [default] [TitleBar.cpp:165 in Update] -> [follow mouse ok] : (-2.28611, -0.252418)
[2026-09-28 01:41:25.080] [INF] [default] [TitleBar.cpp:165 in Update] -> [follow mouse ok] : (-2.2859, -0.254306)
[2026-09-28 01:41:25.091] [INF] [default] [TitleBar.cpp:165 in Update] -> [follow mouse ok] : (-2.28565, -0.256495)
[2026-09-28 01:41:25.097] [INF] [default] [TitleBar.cpp:165 in Update] -> [follow mouse ok] : (-2.28544, -0.258354)
[2026-09-28 01:41:25.105] [INF] [default] [TitleBar.cpp:165 in Update] -> [follow mouse ok] : (-2.2852, -0.260518)
[2026-09-28 01:41:25.112] [INF] [default] [TitleBar.cpp:165 in Update] -> [follow mouse ok] : (-2.28495, -0.262671)
[2026-09-28 01:41:25.114] [INF] [default] [TitleBar.cpp:165 in Update] -> [follow mouse ok] : (-2.28474, -0.26449)
[2026-09-28 01:41:25.119] [INF] [default] [TitleBar.cpp:165 in Update] -> [follow mouse ok] : (-2.28449, -0.266618)
[2026-09-28 01:41:25.126] [INF] [default] [TitleBar.cpp:165 in Update] -> [follow mouse ok] : (-2.28425, -0.268735)
[2026-09-28 01:41:25.131] [INF] [default] [TitleBar.cpp:165 in Update] -> [follow mouse ok] : (-2.28404, -0.270515)
[2026-09-28 01:41:25.134] [INF] [default] [TitleBar.cpp:165 in Update] -> [follow mouse ok] : (-2.28375, -0.272936)
[2026-09-28 01:41:25.140] [INF] [default] [TitleBar.cpp:165 in Update] -> [follow mouse ok] : (-2.28383, -0.272281)
[2026-09-28 01:41:25.147] [INF] [default] [TitleBar.cpp:165 in Update] -> [follow mouse ok] : (-2.28362, -0.274034)
[2026-09-28 01:41:25.149] [INF] [default] [TitleBar.cpp:165 in Update] -> [follow mouse ok] : (-2.28329, -0.276762)
[2026-09-28 01:41:25.154] [INF] [default] [TitleBar.cpp:165 in Update] -> [follow mouse ok] : (-2.28333, -0.276432)
[2026-09-28 01:41:25.161] [INF] [default] [TitleBar.cpp:165 in Update] -> [follow mouse ok] : (-2.28304, -0.278823)
[2026-09-28 01:41:25.163] [INF] [default] [TitleBar.cpp:165 in Update] -> [follow mouse ok] : (-2.28283, -0.28054)
[2026-09-28 01:41:25.167] [INF] [default] [TitleBar.cpp:165 in Update] -> [follow mouse ok] : (-2.28253, -0.282913)
[2026-09-28 01:41:25.175] [INF] [default] [TitleBar.cpp:165 in Update] -> [follow mouse ok] : (-2.28224, -0.28528)
[2026-09-28 01:41:25.180] [INF] [default] [TitleBar.cpp:165 in Update] -> [follow mouse ok] : (-2.28203, -0.286962)
[2026-09-28 01:41:25.189] [INF] [default] [TitleBar.cpp:165 in Update] -> [follow mouse ok] : (-2.28177, -0.28897)
[2026-09-28 01:41:25.196] [INF] [default] [TitleBar.cpp:165 in Update] -> [follow mouse ok] : (-2.28148, -0.29131)
[2026-09-28 01:41:25.197] [INF] [default] [TitleBar.cpp:165 in Update] -> [follow mouse ok] : (-2.28127, -0.292957)
[2026-09-28 01:41:25.203] [INF] [default] [TitleBar.cpp:165 in Update] -> [follow mouse ok] : (-2.28135, -0.292273)
[2026-09-28 01:41:25.214] [INF] [default] [TitleBar.cpp:165 in Update] -> [follow mouse ok] : (-2.28114, -0.293906)
[2026-09-28 01:41:25.217] [INF] [default] [TitleBar.cpp:165 in Update] -> [follow mouse ok] : (-2.28123, -0.293224)
[2026-09-28 01:41:25.223] [INF] [default] [TitleBar.cpp:165 in Update] -> [follow mouse ok] : (-2.28098, -0.295186)
[2026-09-28 01:41:25.231] [INF] [default] [TitleBar.cpp:165 in Update] -> [follow mouse ok] : (-2.28077, -0.296794)
[2026-09-28 01:41:25.238] [INF] [default] [TitleBar.cpp:165 in Update] -> [follow mouse ok] : (-2.28052, -0.298734)
[2026-09-28 01:41:25.245] [INF] [default] [TitleBar.cpp:165 in Update] -> [follow mouse ok] : (-2.28065, -0.297707)
[2026-09-28 01:41:25.247] [INF] [default] [TitleBar.cpp:165 in Update] -> [follow mouse ok] : (-2.28044, -0.299292)
[2026-09-28 01:41:25.252] [INF] [default] [TitleBar.cpp:165 in Update] -> [follow mouse ok] : (-2.28019, -0.301207)
[2026-09-28 01:41:25.263] [INF] [default] [TitleBar.cpp:165 in Update] -> [follow mouse ok] : (-2.27998, -0.302769)
[2026-09-28 01:41:25.266] [INF] [default] [TitleBar.cpp:165 in Update] -> [follow mouse ok] : (-2.27973, -0.304665)
[2026-09-28 01:41:25.280] [INF] [default] [TitleBar.cpp:165 in Update] -> [follow mouse ok] : (-2.27953, -0.306205)
[2026-09-28 01:41:25.297] [INF] [default] [TitleBar.cpp:165 in Update] -> [follow mouse ok] : (-2.27932, -0.307734)
[2026-09-28 01:41:25.314] [INF] [default] [TitleBar.cpp:165 in Update] -> [follow mouse ok] : (-2.27911, -0.309253)
[2026-09-28 01:41:25.328] [INF] [default] [TitleBar.cpp:165 in Update] -> [follow mouse ok] : (-2.27896, -0.310414)
[2026-09-28 01:41:25.330] [INF] [default] [TitleBar.cpp:165 in Update] -> [follow mouse ok] : (-2.27875, -0.311911)
[2026-09-28 01:41:25.335] [INF] [default] [TitleBar.cpp:165 in Update] -> [follow mouse ok] : (-2.2786, -0.31305)
[2026-09-28 01:41:25.347] [INF] [default] [TitleBar.cpp:165 in Update] -> [follow mouse ok] : (-2.27839, -0.314526)
[2026-09-28 01:41:25.356] [INF] [default] [TitleBar.cpp:165 in Update] -> [follow mouse ok] : (-2.27829, -0.315298)
[2026-09-28 01:41:25.363] [INF] [default] [TitleBar.cpp:165 in Update] -> [follow mouse ok] : (-2.27813, -0.316407)
[2026-09-28 01:41:25.366] [INF] [default] [TitleBar.cpp:165 in Update] -> [follow mouse ok] : (-2.27793, -0.317851)
[2026-09-28 01:41:25.369] [INF] [default] [TitleBar.cpp:165 in Update] -> [follow mouse ok] : (-2.27783, -0.318595)
[2026-09-28 01:41:25.376] [INF] [default] [TitleBar.cpp:165 in Update] -> [follow mouse ok] : (-2.27772, -0.31933)
[2026-09-28 01:41:25.380] [INF] [default] [TitleBar.cpp:165 in Update] -> [follow mouse ok] : (-2.27753, -0.320743)
[2026-09-28 01:41:25.384] [INF] [default] [TitleBar.cpp:165 in Update] -> [follow mouse ok] : (-2.27742, -0.321461)
[2026-09-28 01:41:25.391] [INF] [default] [TitleBar.cpp:165 in Update] -> [follow mouse ok] : (-2.27732, -0.32217)
[2026-09-28 01:41:25.397] [INF] [default] [TitleBar.cpp:165 in Update] -> [follow mouse ok] : (-2.27713, -0.323553)
[2026-09-28 01:41:25.400] [INF] [default] [TitleBar.cpp:165 in Update] -> [follow mouse ok] : (-2.27708, -0.323905)
[2026-09-28 01:41:25.405] [INF] [default] [TitleBar.cpp:165 in Update] -> [follow mouse ok] : (-2.27698, -0.324591)
[2026-09-28 01:41:25.411] [INF] [default] [TitleBar.cpp:165 in Update] -> [follow mouse ok] : (-2.27698, -0.324596)
[2026-09-28 01:41:25.413] [INF] [default] [TitleBar.cpp:165 in Update] -> [follow mouse ok] : (-2.27679, -0.32594)
[2026-09-28 01:41:25.420] [INF] [default] [TitleBar.cpp:165 in Update] -> [follow mouse ok] : (-2.27674, -0.326269)
[2026-09-28 01:41:25.426] [INF] [default] [TitleBar.cpp:165 in Update] -> [follow mouse ok] : (-2.27665, -0.326927)
[2026-09-28 01:41:25.430] [INF] [default] [TitleBar.cpp:165 in Update] -> [follow mouse ok] : (-2.27641, -0.328578)
[2026-09-28 01:41:25.433] [INF] [default] [TitleBar.cpp:165 in Update] -> [follow mouse ok] : (2.3, -7.5507e-08)
[2026-09-28 01:41:25.440] [INF] [default] [TitleBar.cpp:165 in Update] -> [follow mouse ok] : (-2.27574, -0.33315)
[2026-09-28 01:41:25.447] [INF] [default] [TitleBar.cpp:165 in Update] -> [follow mouse ok] : (2.3, -7.6578e-08)
[2026-09-28 01:41:25.449] [INF] [default] [TitleBar.cpp:165 in Update] -> [follow mouse ok] : (-2.27551, -0.334771)
[2026-09-28 01:41:25.453] [INF] [default] [TitleBar.cpp:165 in Update] -> [follow mouse ok] : (2.3, -7.7649e-08)
[2026-09-28 01:41:25.460] [INF] [default] [TitleBar.cpp:165 in Update] -> [follow mouse ok] : (-2.2744, -0.342208)
[2026-09-28 01:41:25.464] [INF] [default] [TitleBar.cpp:165 in Update] -> [follow mouse ok] : (2.3, -7.92556e-08)
[2026-09-28 01:41:25.467] [INF] [default] [TitleBar.cpp:165 in Update] -> [follow mouse ok] : (-2.27426, -0.34311)
[2026-09-28 01:41:25.475] [INF] [default] [TitleBar.cpp:165 in Update] -> [follow mouse ok] : (2.3, -8.03266e-08)
[2026-09-28 01:41:25.480] [INF] [default] [TitleBar.cpp:165 in Update] -> [follow mouse ok] : (-2.27373, -0.346606)
[2026-09-28 01:41:25.483] [INF] [default] [TitleBar.cpp:165 in Update] -> [follow mouse ok] : (2.3, -8.13976e-08)
[2026-09-28 01:41:25.489] [INF] [default] [TitleBar.cpp:165 in Update] -> [follow mouse ok] : (-2.27261, -0.353875)
[2026-09-28 01:41:25.495] [INF] [default] [TitleBar.cpp:165 in Update] -> [follow mouse ok] : (2.3, -8.35396e-08)
[2026-09-28 01:41:25.497] [INF] [default] [TitleBar.cpp:165 in Update] -> [follow mouse ok] : (-2.27202, -0.357654)
[2026-09-28 01:41:25.502] [INF] [default] [TitleBar.cpp:165 in Update] -> [follow mouse ok] : (2.3, -8.51462e-08)
[2026-09-28 01:41:25.509] [INF] [default] [TitleBar.cpp:165 in Update] -> [follow mouse ok] : (-2.2701, -0.369657)
[2026-09-28 01:41:25.514] [INF] [default] [TitleBar.cpp:165 in Update] -> [follow mouse ok] : (2.3, -8.78237e-08)
[2026-09-28 01:41:25.516] [INF] [default] [TitleBar.cpp:165 in Update] -> [follow mouse ok] : (-2.26925, -0.374822)
[2026-09-28 01:41:25.523] [INF] [default] [TitleBar.cpp:165 in Update] -> [follow mouse ok] : (2.3, -9.05013e-08)
[2026-09-28 01:41:25.530] [INF] [default] [TitleBar.cpp:165 in Update] -> [follow mouse ok] : (-2.26742, -0.385753)
[2026-09-28 01:41:25.537] [INF] [default] [TitleBar.cpp:165 in Update] -> [follow mouse ok] : (2.3, -9.31788e-08)
[2026-09-28 01:41:25.544] [INF] [default] [TitleBar.cpp:165 in Update] -> [follow mouse ok] : (-2.266, -0.393991)
[2026-09-28 01:41:25.547] [INF] [default] [TitleBar.cpp:165 in Update] -> [follow mouse ok] : (2.3, -9.53209e-08)
[2026-09-28 01:41:25.551] [INF] [default] [TitleBar.cpp:165 in Update] -> [follow mouse ok] : (-2.26514, -0.398948)
[2026-09-28 01:41:25.558] [INF] [default] [TitleBar.cpp:165 in Update] -> [follow mouse ok] : (2.3, -9.79984e-08)
[2026-09-28 01:41:25.563] [INF] [default] [TitleBar.cpp:165 in Update] -> [follow mouse ok] : (-2.26433, -0.403479)
[2026-09-28 01:41:25.566] [INF] [default] [TitleBar.cpp:165 in Update] -> [follow mouse ok] : (2.3, -9.9605e-08)
[2026-09-28 01:41:25.573] [INF] [default] [TitleBar.cpp:165 in Update] -> [follow mouse ok] : (-2.26283, -0.411822)
[2026-09-28 01:41:25.579] [INF] [default] [TitleBar.cpp:165 in Update] -> [follow mouse ok] : (2.3, -1.01747e-07)
[2026-09-28 01:41:25.581] [INF] [default] [TitleBar.cpp:165 in Update] -> [follow mouse ok] : (-2.26234, -0.414508)
[2026-09-28 01:41:25.586] [INF] [default] [TitleBar.cpp:165 in Update] -> [follow mouse ok] : (2.3, -1.02818e-07)
[2026-09-28 01:41:25.593] [INF] [default] [TitleBar.cpp:165 in Update] -> [follow mouse ok] : (-2.26171, -0.417948)
[2026-09-28 01:41:25.597] [INF] [default] [TitleBar.cpp:165 in Update] -> [follow mouse ok] : (2.3, -1.03354e-07)
[2026-09-28 01:41:25.600] [INF] [default] [TitleBar.cpp:165 in Update] -> [follow mouse ok] : (-2.26114, -0.420981)
[2026-09-28 01:41:25.608] [INF] [default] [TitleBar.cpp:165 in Update] -> [follow mouse ok] : (2.3, -1.05496e-07)
[2026-09-28 01:41:25.614] [INF] [default] [TitleBar.cpp:165 in Update] -> [follow mouse ok] : (-2.26004, -0.426872)
[2026-09-28 01:41:25.616] [INF] [default] [TitleBar.cpp:165 in Update] -> [follow mouse ok] : (2.3, -1.06031e-07)
[2026-09-28 01:41:25.620] [INF] [default] [TitleBar.cpp:165 in Update] -> [follow mouse ok] : (-2.25955, -0.429465)
[2026-09-28 01:41:25.627] [INF] [default] [TitleBar.cpp:165 in Update] -> [follow mouse ok] : (2.3, -1.07638e-07)
[2026-09-28 01:41:25.630] [INF] [default] [TitleBar.cpp:165 in Update] -> [follow mouse ok] : (-2.25883, -0.43323)
[2026-09-28 01:41:25.635] [INF] [default] [TitleBar.cpp:165 in Update] -> [follow mouse ok] : (2.3, -1.08173e-07)
[2026-09-28 01:41:25.641] [INF] [default] [TitleBar.cpp:165 in Update] -> [follow mouse ok] : (-2.25866, -0.43411)
[2026-09-28 01:41:25.647] [INF] [default] [TitleBar.cpp:165 in Update] -> [follow mouse ok] : (2.3, -1.08709e-07)
[2026-09-28 01:41:25.650] [INF] [default] [TitleBar.cpp:165 in Update] -> [follow mouse ok] : (-2.25794, -0.437851)
[2026-09-28 01:41:25.656] [INF] [default] [TitleBar.cpp:165 in Update] -> [follow mouse ok] : (2.3, -1.0978e-07)
[2026-09-28 01:41:25.663] [INF] [default] [TitleBar.cpp:165 in Update] -> [follow mouse ok] : (-2.25729, -0.441178)
[2026-09-28 01:41:25.665] [INF] [default] [TitleBar.cpp:165 in Update] -> [follow mouse ok] : (2.3, -1.10851e-07)
[2026-09-28 01:41:25.670] [INF] [default] [TitleBar.cpp:165 in Update] -> [follow mouse ok] : (-2.25697, -0.442836)
[2026-09-28 01:41:25.676] [INF] [default] [TitleBar.cpp:165 in Update] -> [follow mouse ok] : (2.3, -1.11922e-07)
[2026-09-28 01:41:25.680] [INF] [default] [TitleBar.cpp:165 in Update] -> [follow mouse ok] : (-2.25623, -0.446546)
[2026-09-28 01:41:25.684] [INF] [default] [TitleBar.cpp:165 in Update] -> [follow mouse ok] : (2.3, -1.12457e-07)
[2026-09-28 01:41:25.698] [INF] [default] [TitleBar.cpp:165 in Update] -> [follow mouse ok] : (-2.25591, -0.448194)
[2026-09-28 01:41:25.704] [INF] [default] [TitleBar.cpp:165 in Update] -> [follow mouse ok] : (2.3, -1.12993e-07)
[2026-09-28 01:41:25.714] [INF] [default] [TitleBar.cpp:165 in Update] -> [follow mouse ok] : (-2.25558, -0.449837)
[2026-09-28 01:41:25.718] [INF] [default] [TitleBar.cpp:165 in Update] -> [follow mouse ok] : (2.3, -1.13528e-07)
[2026-09-28 01:41:25.730] [INF] [default] [TitleBar.cpp:165 in Update] -> [follow mouse ok] : (-2.25525, -0.451477)
[2026-09-28 01:41:25.739] [INF] [default] [TitleBar.cpp:165 in Update] -> [follow mouse ok] : (2.3, -1.14064e-07)
[2026-09-28 01:41:25.746] [INF] [default] [TitleBar.cpp:165 in Update] -> [follow mouse ok] : (-2.25493, -0.453112)
[2026-09-28 01:41:25.765] [INF] [default] [TitleBar.cpp:165 in Update] -> [follow mouse ok] : (2.3, -1.14599e-07)
[2026-09-28 01:41:27.109] [INF] [default] [TitleBar.cpp:145 in Update] -> [follow mouse ok] : (816, 816)
[2026-09-28 01:41:27.298] [INF] [default] [TitleBar.cpp:165 in Update] -> [follow mouse ok] : (-2.29825, -0.0895788)
[2026-09-28 01:41:27.304] [INF] [default] [TitleBar.cpp:165 in Update] -> [follow mouse ok] : (-2.29828, -0.0889298)
[2026-09-28 01:41:27.311] [INF] [default] [TitleBar.cpp:165 in Update] -> [follow mouse ok] : (-2.29822, -0.0903949)
[2026-09-28 01:41:27.314] [INF] [default] [TitleBar.cpp:165 in Update] -> [follow mouse ok] : (2.3, -1.82074e-08)
[2026-09-28 01:41:27.319] [INF] [default] [TitleBar.cpp:165 in Update] -> [follow mouse ok] : (-2.29817, -0.091711)
[2026-09-28 01:41:27.325] [INF] [default] [TitleBar.cpp:165 in Update] -> [follow mouse ok] : (2.3, -1.87429e-08)
[2026-09-28 01:41:27.330] [INF] [default] [TitleBar.cpp:165 in Update] -> [follow mouse ok] : (-2.29811, -0.0933106)
[2026-09-28 01:41:27.333] [INF] [default] [TitleBar.cpp:165 in Update] -> [follow mouse ok] : (2.3, -1.92784e-08)
[2026-09-28 01:41:27.339] [INF] [default] [TitleBar.cpp:165 in Update] -> [follow mouse ok] : (-2.29807, -0.094119)
[2026-09-28 01:41:27.347] [INF] [default] [TitleBar.cpp:165 in Update] -> [follow mouse ok] : (2.3, -1.98139e-08)
[2026-09-28 01:41:27.349] [INF] [default] [TitleBar.cpp:165 in Update] -> [follow mouse ok] : (-2.29801, -0.0957503)
[2026-09-28 01:41:27.353] [INF] [default] [TitleBar.cpp:165 in Update] -> [follow mouse ok] : (2.3, -2.03494e-08)
[2026-09-28 01:41:27.361] [INF] [default] [TitleBar.cpp:165 in Update] -> [follow mouse ok] : (-2.29797, -0.0967029)
[2026-09-28 01:41:27.364] [INF] [default] [TitleBar.cpp:165 in Update] -> [follow mouse ok] : (2.3, -2.08849e-08)
[2026-09-28 01:41:27.368] [INF] [default] [TitleBar.cpp:165 in Update] -> [follow mouse ok] : (-2.2979, -0.0983731)
[2026-09-28 01:41:27.374] [INF] [default] [TitleBar.cpp:165 in Update] -> [follow mouse ok] : (2.3, -2.14204e-08)
[2026-09-28 01:41:27.380] [INF] [default] [TitleBar.cpp:165 in Update] -> [follow mouse ok] : (-2.29783, -0.0999056)
[2026-09-28 01:41:27.382] [INF] [default] [TitleBar.cpp:165 in Update] -> [follow mouse ok] : (2.3, -2.24914e-08)
[2026-09-28 01:41:27.388] [INF] [default] [TitleBar.cpp:165 in Update] -> [follow mouse ok] : (-2.29756, -0.106003)
[2026-09-28 01:41:27.395] [INF] [default] [TitleBar.cpp:165 in Update] -> [follow mouse ok] : (2.3, -2.4098e-08)
[2026-09-28 01:41:27.398] [INF] [default] [TitleBar.cpp:165 in Update] -> [follow mouse ok] : (-2.29738, -0.109747)
[2026-09-28 01:41:27.402] [INF] [default] [TitleBar.cpp:165 in Update] -> [follow mouse ok] : (2.3, -2.57045e-08)
[2026-09-28 01:41:27.409] [INF] [default] [TitleBar.cpp:165 in Update] -> [follow mouse ok] : (-2.29715, -0.1145)
[2026-09-28 01:41:27.414] [INF] [default] [TitleBar.cpp:165 in Update] -> [follow mouse ok] : (2.3, -2.624e-08)
[2026-09-28 01:41:27.417] [INF] [default] [TitleBar.cpp:165 in Update] -> [follow mouse ok] : (-2.29695, -0.1184)
[2026-09-28 01:41:27.423] [INF] [default] [TitleBar.cpp:165 in Update] -> [follow mouse ok] : (2.3, -2.7311e-08)
[2026-09-28 01:41:27.430] [INF] [default] [TitleBar.cpp:165 in Update] -> [follow mouse ok] : (-2.2969, -0.119289)
[2026-09-28 01:41:27.432] [INF] [default] [TitleBar.cpp:165 in Update] -> [follow mouse ok] : (2.3, -2.78465e-08)
[2026-09-28 01:41:27.437] [INF] [default] [TitleBar.cpp:165 in Update] -> [follow mouse ok] : (-2.2968, -0.121252)
[2026-09-28 01:41:27.444] [INF] [default] [TitleBar.cpp:165 in Update] -> [follow mouse ok] : (2.3, -2.89176e-08)
[2026-09-28 01:41:27.447] [INF] [default] [TitleBar.cpp:165 in Update] -> [follow mouse ok] : (-2.29657, -0.125521)
[2026-09-28 01:41:27.451] [INF] [default] [TitleBar.cpp:165 in Update] -> [follow mouse ok] : (2.3, -2.94531e-08)
[2026-09-28 01:41:27.458] [INF] [default] [TitleBar.cpp:165 in Update] -> [follow mouse ok] : (-2.29649, -0.126942)
[2026-09-28 01:41:27.464] [INF] [default] [TitleBar.cpp:165 in Update] -> [follow mouse ok] : (2.3, -2.99886e-08)
[2026-09-28 01:41:27.466] [INF] [default] [TitleBar.cpp:165 in Update] -> [follow mouse ok] : (-2.29638, -0.128984)
[2026-09-28 01:41:27.472] [INF] [default] [TitleBar.cpp:165 in Update] -> [follow mouse ok] : (2.3, -3.05241e-08)
[2026-09-28 01:41:27.478] [INF] [default] [TitleBar.cpp:165 in Update] -> [follow mouse ok] : (-2.29627, -0.130888)
[2026-09-28 01:41:27.480] [INF] [default] [TitleBar.cpp:165 in Update] -> [follow mouse ok] : (2.3, -3.10596e-08)
[2026-09-28 01:41:27.485] [INF] [default] [TitleBar.cpp:165 in Update] -> [follow mouse ok] : (-2.29616, -0.132911)
[2026-09-28 01:41:27.493] [INF] [default] [TitleBar.cpp:165 in Update] -> [follow mouse ok] : (2.3, -3.15951e-08)
[2026-09-28 01:41:27.496] [INF] [default] [TitleBar.cpp:165 in Update] -> [follow mouse ok] : (-2.29603, -0.135061)
[2026-09-28 01:41:27.500] [INF] [default] [TitleBar.cpp:165 in Update] -> [follow mouse ok] : (2.3, -3.21306e-08)
[2026-09-28 01:41:27.506] [INF] [default] [TitleBar.cpp:165 in Update] -> [follow mouse ok] : (-2.29592, -0.136934)
[2026-09-28 01:41:27.514] [INF] [default] [TitleBar.cpp:165 in Update] -> [follow mouse ok] : (2.3, -3.26661e-08)
[2026-09-28 01:41:27.520] [INF] [default] [TitleBar.cpp:165 in Update] -> [follow mouse ok] : (-2.29581, -0.138795)
[2026-09-28 01:41:27.527] [INF] [default] [TitleBar.cpp:165 in Update] -> [follow mouse ok] : (2.3, -3.32017e-08)
[2026-09-28 01:41:27.530] [INF] [default] [TitleBar.cpp:165 in Update] -> [follow mouse ok] : (-2.29569, -0.140784)
[2026-09-28 01:41:27.535] [INF] [default] [TitleBar.cpp:165 in Update] -> [follow mouse ok] : (2.3, -3.37372e-08)
[2026-09-28 01:41:27.541] [INF] [default] [TitleBar.cpp:165 in Update] -> [follow mouse ok] : (-2.29542, -0.145022)
[2026-09-28 01:41:27.547] [INF] [default] [TitleBar.cpp:165 in Update] -> [follow mouse ok] : (2.3, -3.42727e-08)
[2026-09-28 01:41:27.550] [INF] [default] [TitleBar.cpp:165 in Update] -> [follow mouse ok] : (-2.29544, -0.144737)
[2026-09-28 01:41:27.556] [INF] [default] [TitleBar.cpp:165 in Update] -> [follow mouse ok] : (2.3, -3.42727e-08)
[2026-09-28 01:41:27.562] [INF] [default] [TitleBar.cpp:165 in Update] -> [follow mouse ok] : (-2.29546, -0.144454)
[2026-09-28 01:41:27.564] [INF] [default] [TitleBar.cpp:165 in Update] -> [follow mouse ok] : (2.3, -3.42727e-08)
[2026-09-28 01:41:27.569] [INF] [default] [TitleBar.cpp:165 in Update] -> [follow mouse ok] : (-2.29548, -0.144171)
[2026-09-28 01:41:27.576] [INF] [default] [TitleBar.cpp:165 in Update] -> [follow mouse ok] : (2.3, -3.42727e-08)
[2026-09-28 01:41:27.580] [INF] [default] [TitleBar.cpp:165 in Update] -> [follow mouse ok] : (-2.29549, -0.14389)
[2026-09-28 01:41:27.583] [INF] [default] [TitleBar.cpp:165 in Update] -> [follow mouse ok] : (2.3, -3.42727e-08)
[2026-09-28 01:41:27.590] [INF] [default] [TitleBar.cpp:165 in Update] -> [follow mouse ok] : (-2.29551, -0.14361)
[2026-09-28 01:41:27.597] [INF] [default] [TitleBar.cpp:165 in Update] -> [follow mouse ok] : (2.3, -3.42727e-08)
[2026-09-28 01:41:27.599] [INF] [default] [TitleBar.cpp:165 in Update] -> [follow mouse ok] : (-2.29553, -0.143331)
[2026-09-28 01:41:27.603] [INF] [default] [TitleBar.cpp:165 in Update] -> [follow mouse ok] : (2.3, -3.42727e-08)
[2026-09-28 01:41:27.611] [INF] [default] [TitleBar.cpp:165 in Update] -> [follow mouse ok] : (-2.29556, -0.142914)
[2026-09-28 01:41:27.614] [INF] [default] [TitleBar.cpp:165 in Update] -> [follow mouse ok] : (2.3, -3.42727e-08)
[2026-09-28 01:41:27.618] [INF] [default] [TitleBar.cpp:165 in Update] -> [follow mouse ok] : (-2.29556, -0.142776)
[2026-09-28 01:41:27.625] [INF] [default] [TitleBar.cpp:165 in Update] -> [follow mouse ok] : (2.3, -3.42727e-08)
[2026-09-28 01:41:27.630] [INF] [default] [TitleBar.cpp:165 in Update] -> [follow mouse ok] : (-2.29558, -0.1425)
[2026-09-28 01:41:27.633] [INF] [default] [TitleBar.cpp:165 in Update] -> [follow mouse ok] : (2.3, -3.42727e-08)
[2026-09-28 01:41:27.639] [INF] [default] [TitleBar.cpp:165 in Update] -> [follow mouse ok] : (-2.29561, -0.142088)
[2026-09-28 01:41:27.646] [INF] [default] [TitleBar.cpp:165 in Update] -> [follow mouse ok] : (2.3, -3.42727e-08)
[2026-09-28 01:41:27.647] [INF] [default] [TitleBar.cpp:165 in Update] -> [follow mouse ok] : (-2.29562, -0.141815)
[2026-09-28 01:41:27.653] [INF] [default] [TitleBar.cpp:165 in Update] -> [follow mouse ok] : (2.3, -3.48082e-08)
[2026-09-28 01:41:27.659] [INF] [default] [TitleBar.cpp:165 in Update] -> [follow mouse ok] : (-2.29552, -0.14347)
[2026-09-28 01:41:27.663] [INF] [default] [TitleBar.cpp:165 in Update] -> [follow mouse ok] : (2.3, -3.48082e-08)
[2026-09-28 01:41:27.667] [INF] [default] [TitleBar.cpp:165 in Update] -> [follow mouse ok] : (-2.29554, -0.143196)
[2026-09-28 01:41:27.674] [INF] [default] [TitleBar.cpp:165 in Update] -> [follow mouse ok] : (2.3, -3.48082e-08)
[2026-09-28 01:41:27.681] [INF] [default] [TitleBar.cpp:165 in Update] -> [follow mouse ok] : (-2.29555, -0.143059)
[2026-09-28 01:41:27.683] [INF] [default] [TitleBar.cpp:165 in Update] -> [follow mouse ok] : (2.3, -3.48082e-08)
[2026-09-28 01:41:27.687] [INF] [default] [TitleBar.cpp:165 in Update] -> [follow mouse ok] : (-2.29557, -0.14265)
[2026-09-28 01:41:27.695] [INF] [default] [TitleBar.cpp:165 in Update] -> [follow mouse ok] : (2.3, -3.48082e-08)
[2026-09-28 01:41:27.696] [INF] [default] [TitleBar.cpp:165 in Update] -> [follow mouse ok] : (-2.29559, -0.142379)
[2026-09-28 01:41:27.702] [INF] [default] [TitleBar.cpp:165 in Update] -> [follow mouse ok] : (2.3, -3.48082e-08)
[2026-09-28 01:41:27.708] [INF] [default] [TitleBar.cpp:165 in Update] -> [follow mouse ok] : (-2.29562, -0.14184)
[2026-09-28 01:41:27.714] [INF] [default] [TitleBar.cpp:165 in Update] -> [follow mouse ok] : (2.3, -3.48082e-08)
[2026-09-28 01:41:27.716] [INF] [default] [TitleBar.cpp:165 in Update] -> [follow mouse ok] : (-2.29564, -0.141572)
[2026-09-28 01:41:27.723] [INF] [default] [TitleBar.cpp:165 in Update] -> [follow mouse ok] : (2.3, -3.48082e-08)
[2026-09-28 01:41:27.730] [INF] [default] [TitleBar.cpp:165 in Update] -> [follow mouse ok] : (-2.29566, -0.141305)
[2026-09-28 01:41:27.732] [INF] [default] [TitleBar.cpp:165 in Update] -> [follow mouse ok] : (2.3, -3.48082e-08)
[2026-09-28 01:41:27.736] [INF] [default] [TitleBar.cpp:165 in Update] -> [follow mouse ok] : (-2.29567, -0.141038)
[2026-09-28 01:41:27.743] [INF] [default] [TitleBar.cpp:165 in Update] -> [follow mouse ok] : (2.3, -3.53437e-08)
[2026-09-28 01:41:27.747] [INF] [default] [TitleBar.cpp:165 in Update] -> [follow mouse ok] : (-2.29554, -0.1432)
[2026-09-28 01:41:27.751] [INF] [default] [TitleBar.cpp:165 in Update] -> [follow mouse ok] : (2.3, -3.53437e-08)
[2026-09-28 01:41:27.757] [INF] [default] [TitleBar.cpp:165 in Update] -> [follow mouse ok] : (-2.29556, -0.142797)
[2026-09-28 01:41:27.763] [INF] [default] [TitleBar.cpp:165 in Update] -> [follow mouse ok] : (2.3, -3.53437e-08)
[2026-09-28 01:41:27.766] [INF] [default] [TitleBar.cpp:165 in Update] -> [follow mouse ok] : (-2.29557, -0.142663)
[2026-09-28 01:41:27.772] [INF] [default] [TitleBar.cpp:165 in Update] -> [follow mouse ok] : (2.3, -3.53437e-08)
[2026-09-28 01:41:27.778] [INF] [default] [TitleBar.cpp:165 in Update] -> [follow mouse ok] : (-2.29559, -0.142395)
[2026-09-28 01:41:27.780] [INF] [default] [TitleBar.cpp:165 in Update] -> [follow mouse ok] : (2.3, -3.53437e-08)
[2026-09-28 01:41:27.785] [INF] [default] [TitleBar.cpp:165 in Update] -> [follow mouse ok] : (-2.2956, -0.142262)
[2026-09-28 01:41:27.792] [INF] [default] [TitleBar.cpp:165 in Update] -> [follow mouse ok] : (2.3, -3.53437e-08)
[2026-09-28 01:41:27.797] [INF] [default] [TitleBar.cpp:165 in Update] -> [follow mouse ok] : (-2.2956, -0.142129)
[2026-09-28 01:41:27.800] [INF] [default] [TitleBar.cpp:165 in Update] -> [follow mouse ok] : (2.3, -3.53437e-08)
[2026-09-28 01:41:27.807] [INF] [default] [TitleBar.cpp:165 in Update] -> [follow mouse ok] : (-2.29563, -0.141732)
[2026-09-28 01:41:27.813] [INF] [default] [TitleBar.cpp:165 in Update] -> [follow mouse ok] : (2.3, -3.58792e-08)
[2026-09-28 01:41:27.815] [INF] [default] [TitleBar.cpp:165 in Update] -> [follow mouse ok] : (-2.2955, -0.143737)
[2026-09-28 01:41:27.827] [INF] [default] [TitleBar.cpp:165 in Update] -> [follow mouse ok] : (2.3, -3.58792e-08)
[2026-09-28 01:41:27.830] [INF] [default] [TitleBar.cpp:165 in Update] -> [follow mouse ok] : (-2.29552, -0.14347)
[2026-09-28 01:41:27.834] [INF] [default] [TitleBar.cpp:165 in Update] -> [follow mouse ok] : (2.3, -3.64147e-08)
[2026-09-28 01:41:27.847] [INF] [default] [TitleBar.cpp:165 in Update] -> [follow mouse ok] : (-2.2954, -0.145333)
[2026-09-28 01:41:27.849] [INF] [default] [TitleBar.cpp:165 in Update] -> [follow mouse ok] : (2.3, -3.64147e-08)
[2026-09-28 01:41:27.855] [INF] [default] [TitleBar.cpp:165 in Update] -> [follow mouse ok] : (-2.29542, -0.145064)
[2026-09-28 01:41:27.862] [INF] [default] [TitleBar.cpp:165 in Update] -> [follow mouse ok] : (2.3, -3.69502e-08)
[2026-09-28 01:41:27.864] [INF] [default] [TitleBar.cpp:165 in Update] -> [follow mouse ok] : (-2.29529, -0.147052)
[2026-09-28 01:41:27.869] [INF] [default] [TitleBar.cpp:165 in Update] -> [follow mouse ok] : (2.3, -3.69502e-08)
[2026-09-28 01:41:27.876] [INF] [default] [TitleBar.cpp:165 in Update] -> [follow mouse ok] : (-2.29532, -0.146645)
[2026-09-28 01:41:27.880] [INF] [default] [TitleBar.cpp:165 in Update] -> [follow mouse ok] : (2.3, -3.69502e-08)
[2026-09-28 01:41:27.889] [INF] [default] [TitleBar.cpp:165 in Update] -> [follow mouse ok] : (-2.29535, -0.146241)
[2026-09-28 01:41:27.898] [INF] [default] [TitleBar.cpp:165 in Update] -> [follow mouse ok] : (2.3, -3.74857e-08)
[2026-09-28 01:41:27.900] [INF] [default] [TitleBar.cpp:165 in Update] -> [follow mouse ok] : (-2.29521, -0.148352)
[2026-09-28 01:41:27.903] [INF] [default] [TitleBar.cpp:165 in Update] -> [follow mouse ok] : (2.3, -3.74857e-08)
[2026-09-28 01:41:27.911] [INF] [default] [TitleBar.cpp:165 in Update] -> [follow mouse ok] : (-2.29524, -0.147943)
[2026-09-28 01:41:27.914] [INF] [default] [TitleBar.cpp:165 in Update] -> [follow mouse ok] : (2.3, -3.74857e-08)
[2026-09-28 01:41:27.918] [INF] [default] [TitleBar.cpp:165 in Update] -> [follow mouse ok] : (-2.29511, -0.149911)
[2026-09-28 01:41:27.931] [INF] [default] [TitleBar.cpp:165 in Update] -> [follow mouse ok] : (2.3, -3.80213e-08)
[2026-09-28 01:41:27.933] [INF] [default] [TitleBar.cpp:165 in Update] -> [follow mouse ok] : (-2.29513, -0.149636)
[2026-09-28 01:41:27.938] [INF] [default] [TitleBar.cpp:165 in Update] -> [follow mouse ok] : (2.3, -3.85568e-08)
[2026-09-28 01:41:27.945] [INF] [default] [TitleBar.cpp:165 in Update] -> [follow mouse ok] : (-2.29501, -0.151458)
[2026-09-28 01:41:27.947] [INF] [default] [TitleBar.cpp:165 in Update] -> [follow mouse ok] : (2.3, -3.85568e-08)
[2026-09-28 01:41:27.953] [INF] [default] [TitleBar.cpp:165 in Update] -> [follow mouse ok] : (-2.29502, -0.15132)
[2026-09-28 01:41:27.964] [INF] [default] [TitleBar.cpp:165 in Update] -> [follow mouse ok] : (2.3, -3.85568e-08)
[2026-09-28 01:41:27.967] [INF] [default] [TitleBar.cpp:165 in Update] -> [follow mouse ok] : (-2.29503, -0.151044)
[2026-09-28 01:41:27.973] [INF] [default] [TitleBar.cpp:165 in Update] -> [follow mouse ok] : (2.3, -3.90923e-08)
[2026-09-28 01:41:27.980] [INF] [default] [TitleBar.cpp:165 in Update] -> [follow mouse ok] : (-2.29491, -0.152994)
[2026-09-28 01:41:27.982] [INF] [default] [TitleBar.cpp:165 in Update] -> [follow mouse ok] : (2.3, -3.90923e-08)
[2026-09-28 01:41:27.987] [INF] [default] [TitleBar.cpp:165 in Update] -> [follow mouse ok] : (-2.29492, -0.152716)
[2026-09-28 01:41:27.995] [INF] [default] [TitleBar.cpp:165 in Update] -> [follow mouse ok] : (2.3, -3.90923e-08)
[2026-09-28 01:41:27.997] [INF] [default] [TitleBar.cpp:165 in Update] -> [follow mouse ok] : (-2.29493, -0.152578)
[2026-09-28 01:41:28.002] [INF] [default] [TitleBar.cpp:165 in Update] -> [follow mouse ok] : (2.3, -3.96278e-08)
[2026-09-28 01:41:28.008] [INF] [default] [TitleBar.cpp:165 in Update] -> [follow mouse ok] : (-2.29481, -0.154378)
[2026-09-28 01:41:28.014] [INF] [default] [TitleBar.cpp:165 in Update] -> [follow mouse ok] : (2.3, -3.96278e-08)
[2026-09-28 01:41:28.016] [INF] [default] [TitleBar.cpp:165 in Update] -> [follow mouse ok] : (-2.29468, -0.156313)
[2026-09-28 01:41:28.022] [INF] [default] [TitleBar.cpp:165 in Update] -> [follow mouse ok] : (2.3, -4.01633e-08)
[2026-09-28 01:41:28.029] [INF] [default] [TitleBar.cpp:165 in Update] -> [follow mouse ok] : (-2.2947, -0.156031)
[2026-09-28 01:41:28.030] [INF] [default] [TitleBar.cpp:165 in Update] -> [follow mouse ok] : (2.3, -4.01633e-08)
[2026-09-28 01:41:28.036] [INF] [default] [TitleBar.cpp:165 in Update] -> [follow mouse ok] : (-2.29471, -0.155891)
[2026-09-28 01:41:28.044] [INF] [default] [TitleBar.cpp:165 in Update] -> [follow mouse ok] : (2.3, -4.01633e-08)
[2026-09-28 01:41:28.048] [INF] [default] [TitleBar.cpp:165 in Update] -> [follow mouse ok] : (-2.29472, -0.15575)
[2026-09-28 01:41:28.057] [INF] [default] [TitleBar.cpp:165 in Update] -> [follow mouse ok] : (2.3, -4.01633e-08)
[2026-09-28 01:41:28.064] [INF] [default] [TitleBar.cpp:165 in Update] -> [follow mouse ok] : (-2.29474, -0.15547)
[2026-09-28 01:41:28.067] [INF] [default] [TitleBar.cpp:165 in Update] -> [follow mouse ok] : (2.3, -4.06988e-08)
[2026-09-28 01:41:28.070] [INF] [default] [TitleBar.cpp:165 in Update] -> [follow mouse ok] : (-2.29461, -0.157392)
[2026-09-28 01:41:28.077] [INF] [default] [TitleBar.cpp:165 in Update] -> [follow mouse ok] : (2.3, -4.12343e-08)
[2026-09-28 01:41:28.080] [INF] [default] [TitleBar.cpp:165 in Update] -> [follow mouse ok] : (-2.29448, -0.15931)
[2026-09-28 01:41:28.085] [INF] [default] [TitleBar.cpp:165 in Update] -> [follow mouse ok] : (2.3, -4.12343e-08)
[2026-09-28 01:41:28.096] [INF] [default] [TitleBar.cpp:165 in Update] -> [follow mouse ok] : (-2.29449, -0.159167)
[2026-09-28 01:41:28.100] [INF] [default] [TitleBar.cpp:165 in Update] -> [follow mouse ok] : (2.3, -4.12343e-08)
[2026-09-28 01:41:28.105] [INF] [default] [TitleBar.cpp:165 in Update] -> [follow mouse ok] : (-2.29451, -0.158882)
[2026-09-28 01:41:28.113] [INF] [default] [TitleBar.cpp:165 in Update] -> [follow mouse ok] : (2.3, -4.17698e-08)
[2026-09-28 01:41:28.115] [INF] [default] [TitleBar.cpp:165 in Update] -> [follow mouse ok] : (-2.29437, -0.160792)
[2026-09-28 01:41:28.119] [INF] [default] [TitleBar.cpp:165 in Update] -> [follow mouse ok] : (2.3, -4.17698e-08)
[2026-09-28 01:41:28.126] [INF] [default] [TitleBar.cpp:165 in Update] -> [follow mouse ok] : (-2.29439, -0.160505)
[2026-09-28 01:41:28.130] [INF] [default] [TitleBar.cpp:165 in Update] -> [follow mouse ok] : (2.3, -4.17698e-08)
[2026-09-28 01:41:28.134] [INF] [default] [TitleBar.cpp:165 in Update] -> [follow mouse ok] : (-2.29425, -0.162552)
[2026-09-28 01:41:28.141] [INF] [default] [TitleBar.cpp:165 in Update] -> [follow mouse ok] : (2.3, -4.23053e-08)
[2026-09-28 01:41:28.148] [INF] [default] [TitleBar.cpp:165 in Update] -> [follow mouse ok] : (-2.29426, -0.162407)
[2026-09-28 01:41:28.150] [INF] [default] [TitleBar.cpp:165 in Update] -> [follow mouse ok] : (2.3, -4.23053e-08)
[2026-09-28 01:41:28.161] [INF] [default] [TitleBar.cpp:165 in Update] -> [follow mouse ok] : (-2.29413, -0.16416)
[2026-09-28 01:41:28.164] [INF] [default] [TitleBar.cpp:165 in Update] -> [follow mouse ok] : (2.3, -4.28408e-08)
[2026-09-28 01:41:28.168] [INF] [default] [TitleBar.cpp:165 in Update] -> [follow mouse ok] : (-2.29414, -0.164014)
[2026-09-28 01:41:28.175] [INF] [default] [TitleBar.cpp:165 in Update] -> [follow mouse ok] : (2.3, -4.28408e-08)
[2026-09-28 01:41:28.181] [INF] [default] [TitleBar.cpp:165 in Update] -> [follow mouse ok] : (-2.29415, -0.163868)
[2026-09-28 01:41:28.183] [INF] [default] [TitleBar.cpp:165 in Update] -> [follow mouse ok] : (2.3, -4.28408e-08)
[2026-09-28 01:41:28.189] [INF] [default] [TitleBar.cpp:165 in Update] -> [follow mouse ok] : (-2.29402, -0.165759)
[2026-09-28 01:41:28.197] [INF] [default] [TitleBar.cpp:165 in Update] -> [follow mouse ok] : (2.3, -4.33764e-08)
[2026-09-28 01:41:28.199] [INF] [default] [TitleBar.cpp:165 in Update] -> [follow mouse ok] : (-2.29403, -0.165612)
[2026-09-28 01:41:28.203] [INF] [default] [TitleBar.cpp:165 in Update] -> [follow mouse ok] : (2.3, -4.39119e-08)
[2026-09-28 01:41:28.210] [INF] [default] [TitleBar.cpp:165 in Update] -> [follow mouse ok] : (-2.2939, -0.167349)
[2026-09-28 01:41:28.214] [INF] [default] [TitleBar.cpp:165 in Update] -> [follow mouse ok] : (2.3, -4.39119e-08)
[2026-09-28 01:41:28.225] [INF] [default] [TitleBar.cpp:165 in Update] -> [follow mouse ok] : (-2.29391, -0.167201)
[2026-09-28 01:41:28.231] [INF] [default] [TitleBar.cpp:165 in Update] -> [follow mouse ok] : (2.3, -4.39119e-08)
[2026-09-28 01:41:28.237] [INF] [default] [TitleBar.cpp:165 in Update] -> [follow mouse ok] : (-2.29394, -0.166906)
[2026-09-28 01:41:28.245] [INF] [default] [TitleBar.cpp:165 in Update] -> [follow mouse ok] : (2.3, -4.44474e-08)
[2026-09-28 01:41:28.247] [INF] [default] [TitleBar.cpp:165 in Update] -> [follow mouse ok] : (-2.2938, -0.168781)
[2026-09-28 01:41:28.259] [INF] [default] [TitleBar.cpp:165 in Update] -> [follow mouse ok] : (2.3, -4.49829e-08)
[2026-09-28 01:41:28.263] [INF] [default] [TitleBar.cpp:165 in Update] -> [follow mouse ok] : (-2.29365, -0.170804)
[2026-09-28 01:41:28.266] [INF] [default] [TitleBar.cpp:165 in Update] -> [follow mouse ok] : (2.3, -4.49829e-08)
[2026-09-28 01:41:28.280] [INF] [default] [TitleBar.cpp:165 in Update] -> [follow mouse ok] : (-2.29352, -0.172521)
[2026-09-28 01:41:28.282] [INF] [default] [TitleBar.cpp:165 in Update] -> [follow mouse ok] : (2.3, -4.55184e-08)
[2026-09-28 01:41:28.287] [INF] [default] [TitleBar.cpp:165 in Update] -> [follow mouse ok] : (-2.29353, -0.17237)
[2026-09-28 01:41:28.297] [INF] [default] [TitleBar.cpp:165 in Update] -> [follow mouse ok] : (2.3, -4.55184e-08)
[2026-09-28 01:41:28.301] [INF] [default] [TitleBar.cpp:165 in Update] -> [follow mouse ok] : (-2.29355, -0.172067)
[2026-09-28 01:41:28.314] [INF] [default] [TitleBar.cpp:165 in Update] -> [follow mouse ok] : (2.3, -4.55184e-08)
[2026-09-28 01:41:28.316] [INF] [default] [TitleBar.cpp:165 in Update] -> [follow mouse ok] : (-2.29357, -0.171916)
[2026-09-28 01:41:28.321] [INF] [default] [TitleBar.cpp:165 in Update] -> [follow mouse ok] : (2.3, -4.60539e-08)
[2026-09-28 01:41:28.330] [INF] [default] [TitleBar.cpp:165 in Update] -> [follow mouse ok] : (-2.29341, -0.173927)
[2026-09-28 01:41:28.335] [INF] [default] [TitleBar.cpp:165 in Update] -> [follow mouse ok] : (2.3, -4.60539e-08)
[2026-09-28 01:41:28.342] [INF] [default] [TitleBar.cpp:165 in Update] -> [follow mouse ok] : (-2.29328, -0.17563)
[2026-09-28 01:41:28.347] [INF] [default] [TitleBar.cpp:165 in Update] -> [follow mouse ok] : (2.3, -4.65894e-08)
[2026-09-28 01:41:28.364] [INF] [default] [TitleBar.cpp:165 in Update] -> [follow mouse ok] : (-2.2933, -0.175477)
[2026-09-28 01:41:28.367] [INF] [default] [TitleBar.cpp:165 in Update] -> [follow mouse ok] : (2.3, -4.65894e-08)
[2026-09-28 01:41:28.370] [INF] [default] [TitleBar.cpp:165 in Update] -> [follow mouse ok] : (-2.29331, -0.175323)
[2026-09-28 01:41:28.377] [INF] [default] [TitleBar.cpp:165 in Update] -> [follow mouse ok] : (2.3, -4.65894e-08)
[2026-09-28 01:41:28.380] [INF] [default] [TitleBar.cpp:165 in Update] -> [follow mouse ok] : (-2.29332, -0.17517)
[2026-09-28 01:41:28.384] [INF] [default] [TitleBar.cpp:165 in Update] -> [follow mouse ok] : (2.3, -4.71249e-08)
[2026-09-28 01:41:28.397] [INF] [default] [TitleBar.cpp:165 in Update] -> [follow mouse ok] : (-2.29317, -0.177172)
[2026-09-28 01:41:28.400] [INF] [default] [TitleBar.cpp:165 in Update] -> [follow mouse ok] : (2.3, -4.71249e-08)
[2026-09-28 01:41:28.404] [INF] [default] [TitleBar.cpp:165 in Update] -> [follow mouse ok] : (-2.29303, -0.178861)
[2026-09-28 01:41:28.414] [INF] [default] [TitleBar.cpp:165 in Update] -> [follow mouse ok] : (2.3, -4.76604e-08)
[2026-09-28 01:41:28.419] [INF] [default] [TitleBar.cpp:165 in Update] -> [follow mouse ok] : (-2.29289, -0.180701)
[2026-09-28 01:41:28.425] [INF] [default] [TitleBar.cpp:165 in Update] -> [follow mouse ok] : (2.3, -4.8196e-08)
[2026-09-28 01:41:28.430] [INF] [default] [TitleBar.cpp:165 in Update] -> [follow mouse ok] : (-2.2929, -0.180544)
[2026-09-28 01:41:28.439] [INF] [default] [TitleBar.cpp:165 in Update] -> [follow mouse ok] : (2.3, -4.8196e-08)
[2026-09-28 01:41:28.447] [INF] [default] [TitleBar.cpp:165 in Update] -> [follow mouse ok] : (-2.29293, -0.18023)
[2026-09-28 01:41:28.449] [INF] [default] [TitleBar.cpp:165 in Update] -> [follow mouse ok] : (2.3, -4.8196e-08)
[2026-09-28 01:41:28.453] [INF] [default] [TitleBar.cpp:165 in Update] -> [follow mouse ok] : (-2.29294, -0.180074)
[2026-09-28 01:41:28.463] [INF] [default] [TitleBar.cpp:165 in Update] -> [follow mouse ok] : (2.3, -4.8196e-08)
[2026-09-28 01:41:28.474] [INF] [default] [TitleBar.cpp:165 in Update] -> [follow mouse ok] : (-2.29295, -0.179918)
[2026-09-28 01:41:28.480] [INF] [default] [TitleBar.cpp:165 in Update] -> [follow mouse ok] : (2.3, -4.8196e-08)
[2026-09-28 01:41:28.483] [INF] [default] [TitleBar.cpp:165 in Update] -> [follow mouse ok] : (-2.29281, -0.181747)
[2026-09-28 01:41:28.498] [INF] [default] [TitleBar.cpp:165 in Update] -> [follow mouse ok] : (2.3, -4.87315e-08)
[2026-09-28 01:41:28.502] [INF] [default] [TitleBar.cpp:165 in Update] -> [follow mouse ok] : (-2.29282, -0.18159)
[2026-09-28 01:41:28.514] [INF] [default] [TitleBar.cpp:165 in Update] -> [follow mouse ok] : (2.3, -4.87315e-08)
[2026-09-28 01:41:28.517] [INF] [default] [TitleBar.cpp:165 in Update] -> [follow mouse ok] : (-2.29283, -0.181433)
[2026-09-28 01:41:28.531] [INF] [default] [TitleBar.cpp:165 in Update] -> [follow mouse ok] : (2.3, -4.87315e-08)
[2026-09-28 01:41:28.534] [INF] [default] [TitleBar.cpp:165 in Update] -> [follow mouse ok] : (-2.29285, -0.181276)
[2026-09-28 01:41:28.547] [INF] [default] [TitleBar.cpp:165 in Update] -> [follow mouse ok] : (2.3, -4.87315e-08)
[2026-09-28 01:41:28.558] [INF] [default] [TitleBar.cpp:165 in Update] -> [follow mouse ok] : (-2.29286, -0.18112)
[2026-09-28 01:41:28.563] [INF] [default] [TitleBar.cpp:165 in Update] -> [follow mouse ok] : (2.3, -4.87315e-08)
[2026-09-28 01:41:28.580] [INF] [default] [TitleBar.cpp:165 in Update] -> [follow mouse ok] : (-2.29286, -0.18112)
[2026-09-28 01:41:28.597] [INF] [default] [TitleBar.cpp:165 in Update] -> [follow mouse ok] : (2.3, -4.87315e-08)
[2026-09-28 01:41:28.607] [INF] [default] [TitleBar.cpp:165 in Update] -> [follow mouse ok] : (-2.29287, -0.180964)
[2026-09-28 01:41:28.614] [INF] [default] [TitleBar.cpp:165 in Update] -> [follow mouse ok] : (2.3, -4.87315e-08)
[2026-09-28 01:41:28.630] [INF] [default] [TitleBar.cpp:165 in Update] -> [follow mouse ok] : (-2.29287, -0.180964)
[2026-09-28 01:41:28.648] [INF] [default] [TitleBar.cpp:165 in Update] -> [follow mouse ok] : (2.3, -4.87315e-08)
[2026-09-28 01:41:28.650] [INF] [default] [TitleBar.cpp:165 in Update] -> [follow mouse ok] : (-2.29271, -0.18294)
[2026-09-28 01:41:28.664] [INF] [default] [TitleBar.cpp:165 in Update] -> [follow mouse ok] : (2.3, -4.9267e-08)
[2026-09-28 01:41:29.689] [INF] [default] [TitleBar.cpp:145 in Update] -> [follow mouse ok] : (850, 850)
[2026-09-28 01:41:29.977] [INF] [default] [TitleBar.cpp:165 in Update] -> [follow mouse ok] : (-2.29901, -0.0674592)
[2026-09-28 01:41:29.984] [INF] [default] [TitleBar.cpp:165 in Update] -> [follow mouse ok] : (-2.29901, -0.0675384)
[2026-09-28 01:41:29.992] [INF] [default] [TitleBar.cpp:165 in Update] -> [follow mouse ok] : (-2.29902, -0.0672227)
[2026-09-28 01:41:29.994] [INF] [default] [TitleBar.cpp:165 in Update] -> [follow mouse ok] : (2.3, -1.33878e-08)
[2026-09-28 01:41:29.998] [INF] [default] [TitleBar.cpp:165 in Update] -> [follow mouse ok] : (-2.29902, -0.067066)
[2026-09-28 01:41:30.005] [INF] [default] [TitleBar.cpp:165 in Update] -> [follow mouse ok] : (2.3, -1.39233e-08)
[2026-09-28 01:41:30.010] [INF] [default] [TitleBar.cpp:165 in Update] -> [follow mouse ok] : (-2.29894, -0.069665)
[2026-09-28 01:41:30.013] [INF] [default] [TitleBar.cpp:165 in Update] -> [follow mouse ok] : (2.3, -1.39233e-08)
[2026-09-28 01:41:30.019] [INF] [default] [TitleBar.cpp:165 in Update] -> [follow mouse ok] : (-2.29887, -0.0721737)
[2026-09-28 01:41:30.027] [INF] [default] [TitleBar.cpp:165 in Update] -> [follow mouse ok] : (2.3, -1.44588e-08)
[2026-09-28 01:41:30.029] [INF] [default] [TitleBar.cpp:165 in Update] -> [follow mouse ok] : (-2.29887, -0.0720064)
[2026-09-28 01:41:30.033] [INF] [default] [TitleBar.cpp:165 in Update] -> [follow mouse ok] : (2.3, -1.44588e-08)
[2026-09-28 01:41:30.044] [INF] [default] [TitleBar.cpp:165 in Update] -> [follow mouse ok] : (-2.29888, -0.0718399)
[2026-09-28 01:41:30.048] [INF] [default] [TitleBar.cpp:165 in Update] -> [follow mouse ok] : (2.3, -1.44588e-08)
[2026-09-28 01:41:30.053] [INF] [default] [TitleBar.cpp:165 in Update] -> [follow mouse ok] : (-2.29889, -0.0715916)
[2026-09-28 01:41:30.061] [INF] [default] [TitleBar.cpp:165 in Update] -> [follow mouse ok] : (2.3, -1.44588e-08)
[2026-09-28 01:41:30.063] [INF] [default] [TitleBar.cpp:165 in Update] -> [follow mouse ok] : (-2.29889, -0.0715092)
[2026-09-28 01:41:30.068] [INF] [default] [TitleBar.cpp:165 in Update] -> [follow mouse ok] : (2.3, -1.49943e-08)
[2026-09-28 01:41:30.074] [INF] [default] [TitleBar.cpp:165 in Update] -> [follow mouse ok] : (-2.29882, -0.0738152)
[2026-09-28 01:41:30.077] [INF] [default] [TitleBar.cpp:165 in Update] -> [follow mouse ok] : (2.3, -1.49943e-08)
[2026-09-28 01:41:30.081] [INF] [default] [TitleBar.cpp:165 in Update] -> [follow mouse ok] : (-2.29873, -0.0763611)
[2026-09-28 01:41:30.089] [INF] [default] [TitleBar.cpp:165 in Update] -> [follow mouse ok] : (2.3, -1.55298e-08)
[2026-09-28 01:41:30.093] [INF] [default] [TitleBar.cpp:165 in Update] -> [follow mouse ok] : (-2.29874, -0.0761867)
[2026-09-28 01:41:30.096] [INF] [default] [TitleBar.cpp:165 in Update] -> [follow mouse ok] : (2.3, -1.60653e-08)
[2026-09-28 01:41:30.102] [INF] [default] [TitleBar.cpp:165 in Update] -> [follow mouse ok] : (-2.29857, -0.0811567)
[2026-09-28 01:41:30.110] [INF] [default] [TitleBar.cpp:165 in Update] -> [follow mouse ok] : (2.3, -1.71363e-08)
[2026-09-28 01:41:30.111] [INF] [default] [TitleBar.cpp:165 in Update] -> [follow mouse ok] : (-2.29848, -0.0835811)
[2026-09-28 01:41:30.124] [INF] [default] [TitleBar.cpp:165 in Update] -> [follow mouse ok] : (2.3, -1.71363e-08)
[2026-09-28 01:41:30.127] [INF] [default] [TitleBar.cpp:165 in Update] -> [follow mouse ok] : (-2.29849, -0.0832975)
[2026-09-28 01:41:30.131] [INF] [default] [TitleBar.cpp:165 in Update] -> [follow mouse ok] : (2.3, -1.76718e-08)
[2026-09-28 01:41:30.137] [INF] [default] [TitleBar.cpp:165 in Update] -> [follow mouse ok] : (-2.2984, -0.0857031)
[2026-09-28 01:41:30.145] [INF] [default] [TitleBar.cpp:165 in Update] -> [follow mouse ok] : (2.3, -1.76718e-08)
[2026-09-28 01:41:30.147] [INF] [default] [TitleBar.cpp:165 in Update] -> [follow mouse ok] : (-2.29831, -0.0880976)
[2026-09-28 01:41:30.151] [INF] [default] [TitleBar.cpp:165 in Update] -> [follow mouse ok] : (2.3, -1.87429e-08)
[2026-09-28 01:41:30.157] [INF] [default] [TitleBar.cpp:165 in Update] -> [follow mouse ok] : (-2.29812, -0.0929577)
[2026-09-28 01:41:30.160] [INF] [default] [TitleBar.cpp:165 in Update] -> [follow mouse ok] : (2.3, -1.92784e-08)
[2026-09-28 01:41:30.165] [INF] [default] [TitleBar.cpp:165 in Update] -> [follow mouse ok] : (-2.29813, -0.0928535)
[2026-09-28 01:41:30.172] [INF] [default] [TitleBar.cpp:165 in Update] -> [follow mouse ok] : (2.3, -1.92784e-08)
[2026-09-28 01:41:30.176] [INF] [default] [TitleBar.cpp:165 in Update] -> [follow mouse ok] : (-2.29813, -0.0927496)
[2026-09-28 01:41:30.180] [INF] [default] [TitleBar.cpp:165 in Update] -> [follow mouse ok] : (2.3, -1.98139e-08)
[2026-09-28 01:41:30.186] [INF] [default] [TitleBar.cpp:165 in Update] -> [follow mouse ok] : (-2.29804, -0.0948968)
[2026-09-28 01:41:30.193] [INF] [default] [TitleBar.cpp:165 in Update] -> [follow mouse ok] : (2.3, -2.03494e-08)
[2026-09-28 01:41:30.195] [INF] [default] [TitleBar.cpp:165 in Update] -> [follow mouse ok] : (-2.29793, -0.097457)
[2026-09-28 01:41:30.200] [INF] [default] [TitleBar.cpp:165 in Update] -> [follow mouse ok] : (2.3, -2.08849e-08)
[2026-09-28 01:41:30.207] [INF] [default] [TitleBar.cpp:165 in Update] -> [follow mouse ok] : (-2.29784, -0.0996838)
[2026-09-28 01:41:30.210] [INF] [default] [TitleBar.cpp:165 in Update] -> [follow mouse ok] : (2.3, -2.08849e-08)
[2026-09-28 01:41:30.221] [INF] [default] [TitleBar.cpp:165 in Update] -> [follow mouse ok] : (-2.29773, -0.102235)
[2026-09-28 01:41:30.227] [INF] [default] [TitleBar.cpp:165 in Update] -> [follow mouse ok] : (2.3, -2.14204e-08)
[2026-09-28 01:41:30.229] [INF] [default] [TitleBar.cpp:165 in Update] -> [follow mouse ok] : (-2.29774, -0.102008)
[2026-09-28 01:41:30.236] [INF] [default] [TitleBar.cpp:165 in Update] -> [follow mouse ok] : (2.3, -2.19559e-08)
[2026-09-28 01:41:30.242] [INF] [default] [TitleBar.cpp:165 in Update] -> [follow mouse ok] : (-2.29751, -0.106979)
[2026-09-28 01:41:30.244] [INF] [default] [TitleBar.cpp:165 in Update] -> [follow mouse ok] : (2.3, -2.24914e-08)
[2026-09-28 01:41:30.249] [INF] [default] [TitleBar.cpp:165 in Update] -> [follow mouse ok] : (-2.29752, -0.106861)
[2026-09-28 01:41:30.256] [INF] [default] [TitleBar.cpp:165 in Update] -> [follow mouse ok] : (2.3, -2.24914e-08)
[2026-09-28 01:41:30.261] [INF] [default] [TitleBar.cpp:165 in Update] -> [follow mouse ok] : (-2.29752, -0.106743)
[2026-09-28 01:41:30.264] [INF] [default] [TitleBar.cpp:165 in Update] -> [follow mouse ok] : (2.3, -2.3027e-08)
[2026-09-28 01:41:30.270] [INF] [default] [TitleBar.cpp:165 in Update] -> [follow mouse ok] : (-2.29741, -0.109159)
[2026-09-28 01:41:30.277] [INF] [default] [TitleBar.cpp:165 in Update] -> [follow mouse ok] : (2.3, -2.3027e-08)
[2026-09-28 01:41:30.284] [INF] [default] [TitleBar.cpp:165 in Update] -> [follow mouse ok] : (-2.29729, -0.111568)
[2026-09-28 01:41:30.293] [INF] [default] [TitleBar.cpp:165 in Update] -> [follow mouse ok] : (2.3, -2.35625e-08)
[2026-09-28 01:41:30.298] [INF] [default] [TitleBar.cpp:165 in Update] -> [follow mouse ok] : (-2.2973, -0.111446)
[2026-09-28 01:41:30.310] [INF] [default] [TitleBar.cpp:165 in Update] -> [follow mouse ok] : (2.3, -2.35625e-08)
[2026-09-28 01:41:30.317] [INF] [default] [TitleBar.cpp:165 in Update] -> [follow mouse ok] : (-2.2973, -0.111323)
[2026-09-28 01:41:30.326] [INF] [default] [TitleBar.cpp:165 in Update] -> [follow mouse ok] : (2.3, -2.4098e-08)
[2026-09-28 01:41:30.327] [INF] [default] [TitleBar.cpp:165 in Update] -> [follow mouse ok] : (-2.29718, -0.113847)
[2026-09-28 01:41:30.340] [INF] [default] [TitleBar.cpp:165 in Update] -> [follow mouse ok] : (2.3, -2.4098e-08)
[2026-09-28 01:41:30.344] [INF] [default] [TitleBar.cpp:165 in Update] -> [follow mouse ok] : (-2.29719, -0.113722)
[2026-09-28 01:41:30.361] [INF] [default] [TitleBar.cpp:165 in Update] -> [follow mouse ok] : (2.3, -2.4098e-08)
[2026-09-28 01:41:30.377] [INF] [default] [TitleBar.cpp:165 in Update] -> [follow mouse ok] : (-2.29719, -0.113722)
[2026-09-28 01:41:30.394] [INF] [default] [TitleBar.cpp:165 in Update] -> [follow mouse ok] : (2.3, -2.4098e-08)
[2026-09-28 01:41:30.410] [INF] [default] [TitleBar.cpp:165 in Update] -> [follow mouse ok] : (-2.29719, -0.113722)
[2026-09-28 01:41:30.428] [INF] [default] [TitleBar.cpp:165 in Update] -> [follow mouse ok] : (2.3, -2.4098e-08)
[2026-09-28 01:41:30.444] [INF] [default] [TitleBar.cpp:165 in Update] -> [follow mouse ok] : (-2.29719, -0.113722)
[2026-09-28 01:41:30.461] [INF] [default] [TitleBar.cpp:165 in Update] -> [follow mouse ok] : (2.3, -2.4098e-08)
[2026-09-28 01:41:30.471] [INF] [default] [TitleBar.cpp:165 in Update] -> [follow mouse ok] : (-2.29719, -0.113597)
[2026-09-28 01:41:30.477] [INF] [default] [TitleBar.cpp:165 in Update] -> [follow mouse ok] : (2.3, -2.4098e-08)
[2026-09-28 01:41:30.493] [INF] [default] [TitleBar.cpp:165 in Update] -> [follow mouse ok] : (-2.29719, -0.113597)
[2026-09-28 01:41:30.511] [INF] [default] [TitleBar.cpp:165 in Update] -> [follow mouse ok] : (2.3, -2.4098e-08)
[2026-09-28 01:41:30.527] [INF] [default] [TitleBar.cpp:165 in Update] -> [follow mouse ok] : (-2.29719, -0.113597)
[2026-09-28 01:41:30.534] [INF] [default] [TitleBar.cpp:165 in Update] -> [follow mouse ok] : (2.3, -2.46335e-08)
[2026-09-28 01:41:30.544] [INF] [default] [TitleBar.cpp:165 in Update] -> [follow mouse ok] : (-2.29707, -0.116115)
[2026-09-28 01:41:30.561] [INF] [default] [TitleBar.cpp:165 in Update] -> [follow mouse ok] : (2.3, -2.46335e-08)
[2026-09-28 01:41:30.577] [INF] [default] [TitleBar.cpp:165 in Update] -> [follow mouse ok] : (-2.29707, -0.116115)
[2026-09-28 01:41:30.594] [INF] [default] [TitleBar.cpp:165 in Update] -> [follow mouse ok] : (2.3, -2.46335e-08)
[2026-09-28 01:41:30.611] [INF] [default] [TitleBar.cpp:165 in Update] -> [follow mouse ok] : (-2.29707, -0.116115)
[2026-09-28 01:41:30.627] [INF] [default] [TitleBar.cpp:165 in Update] -> [follow mouse ok] : (2.3, -2.46335e-08)
[2026-09-28 01:41:30.644] [INF] [default] [TitleBar.cpp:165 in Update] -> [follow mouse ok] : (-2.29707, -0.116115)
[2026-09-28 01:41:30.661] [INF] [default] [TitleBar.cpp:165 in Update] -> [follow mouse ok] : (2.3, -2.46335e-08)
[2026-09-28 01:41:30.676] [INF] [default] [TitleBar.cpp:165 in Update] -> [follow mouse ok] : (-2.29707, -0.116115)
[2026-09-28 01:41:30.694] [INF] [default] [TitleBar.cpp:165 in Update] -> [follow mouse ok] : (2.3, -2.46335e-08)
[2026-09-28 01:41:30.710] [INF] [default] [TitleBar.cpp:165 in Update] -> [follow mouse ok] : (-2.29707, -0.116115)
[2026-09-28 01:41:30.715] [INF] [default] [TitleBar.cpp:165 in Update] -> [follow mouse ok] : (2.3, -2.5169e-08)
[2026-09-28 01:41:30.727] [INF] [default] [TitleBar.cpp:165 in Update] -> [follow mouse ok] : (-2.29694, -0.118633)
[2026-09-28 01:41:30.736] [INF] [default] [TitleBar.cpp:165 in Update] -> [follow mouse ok] : (2.3, -2.57045e-08)
[2026-09-28 01:41:31.993] [INF] [default] [TitleBar.cpp:145 in Update] -> [follow mouse ok] : (830, 830)
[2026-09-28 01:41:32.204] [INF] [default] [TitleBar.cpp:165 in Update] -> [follow mouse ok] : (-2.29733, -0.110848)
[2026-09-28 01:41:32.209] [INF] [default] [TitleBar.cpp:165 in Update] -> [follow mouse ok] : (-2.29731, -0.111116)
[2026-09-28 01:41:32.211] [INF] [default] [TitleBar.cpp:165 in Update] -> [follow mouse ok] : (-2.29732, -0.110982)
[2026-09-28 01:41:32.217] [INF] [default] [TitleBar.cpp:165 in Update] -> [follow mouse ok] : (2.3, -2.19559e-08)
[2026-09-28 01:41:32.224] [INF] [default] [TitleBar.cpp:165 in Update] -> [follow mouse ok] : (-2.29702, -0.117081)
[2026-09-28 01:41:32.227] [INF] [default] [TitleBar.cpp:165 in Update] -> [follow mouse ok] : (2.3, -2.24914e-08)
[2026-09-28 01:41:32.231] [INF] [default] [TitleBar.cpp:165 in Update] -> [follow mouse ok] : (-2.29686, -0.120152)
[2026-09-28 01:41:32.237] [INF] [default] [TitleBar.cpp:165 in Update] -> [follow mouse ok] : (2.3, -2.3027e-08)
[2026-09-28 01:41:32.244] [INF] [default] [TitleBar.cpp:165 in Update] -> [follow mouse ok] : (-2.29685, -0.120298)
[2026-09-28 01:41:32.246] [INF] [default] [TitleBar.cpp:165 in Update] -> [follow mouse ok] : (2.3, -2.35625e-08)
[2026-09-28 01:41:32.251] [INF] [default] [TitleBar.cpp:165 in Update] -> [follow mouse ok] : (-2.29669, -0.123387)
[2026-09-28 01:41:32.259] [INF] [default] [TitleBar.cpp:165 in Update] -> [follow mouse ok] : (2.3, -2.4098e-08)
[2026-09-28 01:41:32.262] [INF] [default] [TitleBar.cpp:165 in Update] -> [follow mouse ok] : (-2.29652, -0.126491)
[2026-09-28 01:41:32.266] [INF] [default] [TitleBar.cpp:165 in Update] -> [follow mouse ok] : (2.3, -2.46335e-08)
[2026-09-28 01:41:32.272] [INF] [default] [TitleBar.cpp:165 in Update] -> [follow mouse ok] : (-2.29634, -0.129768)
[2026-09-28 01:41:32.276] [INF] [default] [TitleBar.cpp:165 in Update] -> [follow mouse ok] : (2.3, -2.46335e-08)
[2026-09-28 01:41:32.281] [INF] [default] [TitleBar.cpp:165 in Update] -> [follow mouse ok] : (-2.29616, -0.132906)
[2026-09-28 01:41:32.294] [INF] [default] [TitleBar.cpp:165 in Update] -> [follow mouse ok] : (2.3, -2.5169e-08)
[2026-09-28 01:41:32.295] [INF] [default] [TitleBar.cpp:165 in Update] -> [follow mouse ok] : (-2.29614, -0.133233)
[2026-09-28 01:41:32.301] [INF] [default] [TitleBar.cpp:165 in Update] -> [follow mouse ok] : (2.3, -2.57045e-08)
[2026-09-28 01:41:32.308] [INF] [default] [TitleBar.cpp:165 in Update] -> [follow mouse ok] : (-2.29578, -0.139224)
[2026-09-28 01:41:32.310] [INF] [default] [TitleBar.cpp:165 in Update] -> [follow mouse ok] : (2.3, -2.624e-08)
[2026-09-28 01:41:32.314] [INF] [default] [TitleBar.cpp:165 in Update] -> [follow mouse ok] : (-2.29577, -0.139396)
[2026-09-28 01:41:32.321] [INF] [default] [TitleBar.cpp:165 in Update] -> [follow mouse ok] : (2.3, -2.67755e-08)
[2026-09-28 01:41:32.327] [INF] [default] [TitleBar.cpp:165 in Update] -> [follow mouse ok] : (-2.2956, -0.14223)
[2026-09-28 01:41:32.329] [INF] [default] [TitleBar.cpp:165 in Update] -> [follow mouse ok] : (2.3, -2.67755e-08)
[2026-09-28 01:41:32.344] [INF] [default] [TitleBar.cpp:165 in Update] -> [follow mouse ok] : (-2.29541, -0.145243)
[2026-09-28 01:41:32.346] [INF] [default] [TitleBar.cpp:165 in Update] -> [follow mouse ok] : (2.3, -2.7311e-08)
[2026-09-28 01:41:32.349] [INF] [default] [TitleBar.cpp:165 in Update] -> [follow mouse ok] : (-2.2954, -0.145423)
[2026-09-28 01:41:32.355] [INF] [default] [TitleBar.cpp:165 in Update] -> [follow mouse ok] : (2.3, -2.78465e-08)
[2026-09-28 01:41:32.359] [INF] [default] [TitleBar.cpp:165 in Update] -> [follow mouse ok] : (-2.2952, -0.148446)
[2026-09-28 01:41:32.377] [INF] [default] [TitleBar.cpp:165 in Update] -> [follow mouse ok] : (2.3, -2.78465e-08)
[2026-09-28 01:41:32.391] [INF] [default] [TitleBar.cpp:165 in Update] -> [follow mouse ok] : (-2.29519, -0.14863)
[2026-09-28 01:41:32.393] [INF] [default] [TitleBar.cpp:165 in Update] -> [follow mouse ok] : (2.3, -2.78465e-08)
[2026-09-28 01:41:32.398] [INF] [default] [TitleBar.cpp:165 in Update] -> [follow mouse ok] : (-2.29501, -0.151476)
[2026-09-28 01:41:32.410] [INF] [default] [TitleBar.cpp:165 in Update] -> [follow mouse ok] : (2.3, -2.83821e-08)
[2026-09-28 01:41:32.412] [INF] [default] [TitleBar.cpp:165 in Update] -> [follow mouse ok] : (-2.2948, -0.154513)
[2026-09-28 01:41:32.427] [INF] [default] [TitleBar.cpp:165 in Update] -> [follow mouse ok] : (2.3, -2.94531e-08)
[2026-09-28 01:41:32.428] [INF] [default] [TitleBar.cpp:165 in Update] -> [follow mouse ok] : (-2.2946, -0.157557)
[2026-09-28 01:41:32.440] [INF] [default] [TitleBar.cpp:165 in Update] -> [follow mouse ok] : (2.3, -2.99886e-08)
[2026-09-28 01:41:32.443] [INF] [default] [TitleBar.cpp:165 in Update] -> [follow mouse ok] : (-2.2944, -0.160407)
[2026-09-28 01:41:32.447] [INF] [default] [TitleBar.cpp:165 in Update] -> [follow mouse ok] : (2.3, -2.99886e-08)
[2026-09-28 01:41:32.460] [INF] [default] [TitleBar.cpp:165 in Update] -> [follow mouse ok] : (-2.29439, -0.160607)
[2026-09-28 01:41:32.462] [INF] [default] [TitleBar.cpp:165 in Update] -> [follow mouse ok] : (2.3, -3.05241e-08)
[2026-09-28 01:41:32.476] [INF] [default] [TitleBar.cpp:165 in Update] -> [follow mouse ok] : (-2.29418, -0.163461)
[2026-09-28 01:41:32.489] [INF] [default] [TitleBar.cpp:165 in Update] -> [follow mouse ok] : (2.3, -3.05241e-08)
[2026-09-28 01:41:32.493] [INF] [default] [TitleBar.cpp:165 in Update] -> [follow mouse ok] : (-2.29417, -0.163664)
[2026-09-28 01:41:32.496] [INF] [default] [TitleBar.cpp:165 in Update] -> [follow mouse ok] : (2.3, -3.10596e-08)
[2026-09-28 01:41:32.510] [INF] [default] [TitleBar.cpp:165 in Update] -> [follow mouse ok] : (-2.29396, -0.166521)
[2026-09-28 01:41:32.517] [INF] [default] [TitleBar.cpp:165 in Update] -> [follow mouse ok] : (2.3, -3.15951e-08)
[2026-09-28 01:41:32.526] [INF] [default] [TitleBar.cpp:165 in Update] -> [follow mouse ok] : (-2.29375, -0.169376)
[2026-09-28 01:41:32.543] [INF] [default] [TitleBar.cpp:165 in Update] -> [follow mouse ok] : (2.3, -3.15951e-08)
[2026-09-28 01:41:32.560] [INF] [default] [TitleBar.cpp:165 in Update] -> [follow mouse ok] : (-2.29375, -0.169376)
[2026-09-28 01:41:32.577] [INF] [default] [TitleBar.cpp:165 in Update] -> [follow mouse ok] : (2.3, -3.15951e-08)
[2026-09-28 01:41:32.593] [INF] [default] [TitleBar.cpp:165 in Update] -> [follow mouse ok] : (-2.29375, -0.169376)
[2026-09-28 01:41:32.610] [INF] [default] [TitleBar.cpp:165 in Update] -> [follow mouse ok] : (2.3, -3.15951e-08)
[2026-09-28 01:41:32.626] [INF] [default] [TitleBar.cpp:165 in Update] -> [follow mouse ok] : (-2.29375, -0.169376)
[2026-09-28 01:41:32.643] [INF] [default] [TitleBar.cpp:165 in Update] -> [follow mouse ok] : (2.3, -3.15951e-08)
[2026-09-28 01:41:32.655] [INF] [default] [TitleBar.cpp:165 in Update] -> [follow mouse ok] : (-2.29377, -0.169166)
[2026-09-28 01:41:32.659] [INF] [default] [TitleBar.cpp:165 in Update] -> [follow mouse ok] : (2.3, -3.15951e-08)
[2026-09-28 01:41:32.662] [INF] [default] [TitleBar.cpp:165 in Update] -> [follow mouse ok] : (-2.29398, -0.166313)
[2026-09-28 01:41:32.677] [INF] [default] [TitleBar.cpp:165 in Update] -> [follow mouse ok] : (2.3, -3.10596e-08)
[2026-09-28 01:41:32.690] [INF] [default] [TitleBar.cpp:165 in Update] -> [follow mouse ok] : (-2.29399, -0.166107)
[2026-09-28 01:41:32.693] [INF] [default] [TitleBar.cpp:165 in Update] -> [follow mouse ok] : (2.3, -3.10596e-08)
[2026-09-28 01:41:32.697] [INF] [default] [TitleBar.cpp:165 in Update] -> [follow mouse ok] : (-2.2942, -0.163258)
[2026-09-28 01:41:32.710] [INF] [default] [TitleBar.cpp:165 in Update] -> [follow mouse ok] : (2.3, -3.05241e-08)
[2026-09-28 01:41:32.713] [INF] [default] [TitleBar.cpp:165 in Update] -> [follow mouse ok] : (-2.29421, -0.163055)
[2026-09-28 01:41:32.727] [INF] [default] [TitleBar.cpp:165 in Update] -> [follow mouse ok] : (2.3, -2.99886e-08)
[2026-09-28 01:41:32.729] [INF] [default] [TitleBar.cpp:165 in Update] -> [follow mouse ok] : (-2.29441, -0.160208)
[2026-09-28 01:41:32.743] [INF] [default] [TitleBar.cpp:165 in Update] -> [follow mouse ok] : (2.3, -2.99886e-08)
[2026-09-28 01:41:32.747] [INF] [default] [TitleBar.cpp:165 in Update] -> [follow mouse ok] : (-2.29443, -0.16001)
[2026-09-28 01:41:32.760] [INF] [default] [TitleBar.cpp:165 in Update] -> [follow mouse ok] : (2.3, -2.99886e-08)
[2026-09-28 01:41:32.762] [INF] [default] [TitleBar.cpp:165 in Update] -> [follow mouse ok] : (-2.29462, -0.157166)
[2026-09-28 01:41:32.777] [INF] [default] [TitleBar.cpp:165 in Update] -> [follow mouse ok] : (2.3, -2.94531e-08)
[2026-09-28 01:41:32.788] [INF] [default] [TitleBar.cpp:165 in Update] -> [follow mouse ok] : (-2.29482, -0.154321)
[2026-09-28 01:41:32.793] [INF] [default] [TitleBar.cpp:165 in Update] -> [follow mouse ok] : (2.3, -2.89176e-08)
[2026-09-28 01:41:32.795] [INF] [default] [TitleBar.cpp:165 in Update] -> [follow mouse ok] : (-2.29483, -0.15413)
[2026-09-28 01:41:32.802] [INF] [default] [TitleBar.cpp:165 in Update] -> [follow mouse ok] : (2.3, -2.83821e-08)
[2026-09-28 01:41:32.810] [INF] [default] [TitleBar.cpp:165 in Update] -> [follow mouse ok] : (-2.29502, -0.151289)
[2026-09-28 01:41:32.827] [INF] [default] [TitleBar.cpp:165 in Update] -> [follow mouse ok] : (2.3, -2.83821e-08)
[2026-09-28 01:41:32.829] [INF] [default] [TitleBar.cpp:165 in Update] -> [follow mouse ok] : (-2.29503, -0.151101)
[2026-09-28 01:41:32.843] [INF] [default] [TitleBar.cpp:165 in Update] -> [follow mouse ok] : (2.3, -2.83821e-08)
[2026-09-28 01:41:32.860] [INF] [default] [TitleBar.cpp:165 in Update] -> [follow mouse ok] : (-2.29503, -0.151101)
[2026-09-28 01:41:32.872] [INF] [default] [TitleBar.cpp:165 in Update] -> [follow mouse ok] : (2.3, -2.78465e-08)
[2026-09-28 01:41:32.877] [INF] [default] [TitleBar.cpp:165 in Update] -> [follow mouse ok] : (-2.29523, -0.148079)
[2026-09-28 01:41:32.893] [INF] [default] [TitleBar.cpp:165 in Update] -> [follow mouse ok] : (2.3, -2.78465e-08)
[2026-09-28 01:41:32.900] [INF] [default] [TitleBar.cpp:165 in Update] -> [follow mouse ok] : (-2.29524, -0.147897)
[2026-09-28 01:41:32.906] [INF] [default] [TitleBar.cpp:165 in Update] -> [follow mouse ok] : (2.3, -2.7311e-08)
[2026-09-28 01:41:32.909] [INF] [default] [TitleBar.cpp:165 in Update] -> [follow mouse ok] : (-2.29542, -0.145064)
[2026-09-28 01:41:32.927] [INF] [default] [TitleBar.cpp:165 in Update] -> [follow mouse ok] : (2.3, -2.7311e-08)
[2026-09-28 01:41:32.934] [INF] [default] [TitleBar.cpp:165 in Update] -> [follow mouse ok] : (-2.29543, -0.144885)
[2026-09-28 01:41:32.944] [INF] [default] [TitleBar.cpp:165 in Update] -> [follow mouse ok] : (2.3, -2.7311e-08)
[2026-09-28 01:41:32.948] [INF] [default] [TitleBar.cpp:165 in Update] -> [follow mouse ok] : (-2.29562, -0.14188)
[2026-09-28 01:41:32.955] [INF] [default] [TitleBar.cpp:165 in Update] -> [follow mouse ok] : (2.3, -2.67755e-08)
[2026-09-28 01:41:32.960] [INF] [default] [TitleBar.cpp:165 in Update] -> [follow mouse ok] : (-2.29563, -0.141706)
[2026-09-28 01:41:32.977] [INF] [default] [TitleBar.cpp:165 in Update] -> [follow mouse ok] : (2.3, -2.624e-08)
[2026-09-28 01:41:32.983] [INF] [default] [TitleBar.cpp:165 in Update] -> [follow mouse ok] : (-2.29582, -0.138541)
[2026-09-28 01:41:32.990] [INF] [default] [TitleBar.cpp:165 in Update] -> [follow mouse ok] : (2.3, -2.57045e-08)
[2026-09-28 01:41:32.993] [INF] [default] [TitleBar.cpp:165 in Update] -> [follow mouse ok] : (-2.29599, -0.135724)
[2026-09-28 01:41:32.997] [INF] [default] [TitleBar.cpp:165 in Update] -> [follow mouse ok] : (2.3, -2.57045e-08)
[2026-09-28 01:41:33.004] [INF] [default] [TitleBar.cpp:165 in Update] -> [follow mouse ok] : (-2.29601, -0.135391)
[2026-09-28 01:41:33.011] [INF] [default] [TitleBar.cpp:165 in Update] -> [follow mouse ok] : (2.3, -2.57045e-08)
[2026-09-28 01:41:33.012] [INF] [default] [TitleBar.cpp:165 in Update] -> [follow mouse ok] : (-2.29602, -0.135226)
[2026-09-28 01:41:33.017] [INF] [default] [TitleBar.cpp:165 in Update] -> [follow mouse ok] : (2.3, -2.57045e-08)
[2026-09-28 01:41:33.026] [INF] [default] [TitleBar.cpp:165 in Update] -> [follow mouse ok] : (-2.29604, -0.134896)
[2026-09-28 01:41:33.028] [INF] [default] [TitleBar.cpp:165 in Update] -> [follow mouse ok] : (2.3, -2.57045e-08)
[2026-09-28 01:41:33.032] [INF] [default] [TitleBar.cpp:165 in Update] -> [follow mouse ok] : (-2.29605, -0.134732)
[2026-09-28 01:41:33.044] [INF] [default] [TitleBar.cpp:165 in Update] -> [follow mouse ok] : (2.3, -2.57045e-08)
[2026-09-28 01:41:33.046] [INF] [default] [TitleBar.cpp:165 in Update] -> [follow mouse ok] : (-2.29606, -0.134568)
[2026-09-28 01:41:33.052] [INF] [default] [TitleBar.cpp:165 in Update] -> [follow mouse ok] : (2.3, -2.5169e-08)
[2026-09-28 01:41:33.060] [INF] [default] [TitleBar.cpp:165 in Update] -> [follow mouse ok] : (-2.29623, -0.131613)
[2026-09-28 01:41:33.062] [INF] [default] [TitleBar.cpp:165 in Update] -> [follow mouse ok] : (2.3, -2.5169e-08)
[2026-09-28 01:41:33.067] [INF] [default] [TitleBar.cpp:165 in Update] -> [follow mouse ok] : (-2.29625, -0.131294)
[2026-09-28 01:41:33.074] [INF] [default] [TitleBar.cpp:165 in Update] -> [follow mouse ok] : (2.3, -2.5169e-08)
[2026-09-28 01:41:33.076] [INF] [default] [TitleBar.cpp:165 in Update] -> [follow mouse ok] : (-2.29626, -0.131135)
[2026-09-28 01:41:33.088] [INF] [default] [TitleBar.cpp:165 in Update] -> [follow mouse ok] : (2.3, -2.5169e-08)
[2026-09-28 01:41:33.093] [INF] [default] [TitleBar.cpp:165 in Update] -> [follow mouse ok] : (-2.29627, -0.130976)
[2026-09-28 01:41:33.095] [INF] [default] [TitleBar.cpp:165 in Update] -> [follow mouse ok] : (2.3, -2.5169e-08)
[2026-09-28 01:41:33.102] [INF] [default] [TitleBar.cpp:165 in Update] -> [follow mouse ok] : (-2.29629, -0.13066)
[2026-09-28 01:41:33.109] [INF] [default] [TitleBar.cpp:165 in Update] -> [follow mouse ok] : (2.3, -2.5169e-08)
[2026-09-28 01:41:33.115] [INF] [default] [TitleBar.cpp:165 in Update] -> [follow mouse ok] : (-2.29629, -0.130503)
[2026-09-28 01:41:33.127] [INF] [default] [TitleBar.cpp:165 in Update] -> [follow mouse ok] : (2.3, -2.5169e-08)
[2026-09-28 01:41:33.130] [INF] [default] [TitleBar.cpp:165 in Update] -> [follow mouse ok] : (-2.2963, -0.130346)
[2026-09-28 01:41:33.143] [INF] [default] [TitleBar.cpp:165 in Update] -> [follow mouse ok] : (2.3, -2.5169e-08)
[2026-09-28 01:41:33.150] [INF] [default] [TitleBar.cpp:165 in Update] -> [follow mouse ok] : (-2.29631, -0.130189)
[2026-09-28 01:41:33.158] [INF] [default] [TitleBar.cpp:165 in Update] -> [follow mouse ok] : (2.3, -2.5169e-08)
[2026-09-28 01:41:33.160] [INF] [default] [TitleBar.cpp:165 in Update] -> [follow mouse ok] : (-2.29632, -0.130033)
[2026-09-28 01:41:33.176] [INF] [default] [TitleBar.cpp:165 in Update] -> [follow mouse ok] : (2.3, -2.5169e-08)
[2026-09-28 01:41:33.179] [INF] [default] [TitleBar.cpp:165 in Update] -> [follow mouse ok] : (-2.29633, -0.129877)
[2026-09-28 01:41:33.194] [INF] [default] [TitleBar.cpp:165 in Update] -> [follow mouse ok] : (2.3, -2.5169e-08)
[2026-09-28 01:41:33.210] [INF] [default] [TitleBar.cpp:165 in Update] -> [follow mouse ok] : (-2.29633, -0.129877)
[2026-09-28 01:41:33.227] [INF] [default] [TitleBar.cpp:165 in Update] -> [follow mouse ok] : (2.3, -2.5169e-08)
[2026-09-28 01:41:33.243] [INF] [default] [TitleBar.cpp:165 in Update] -> [follow mouse ok] : (-2.29633, -0.129877)
[2026-09-28 01:41:33.261] [INF] [default] [TitleBar.cpp:165 in Update] -> [follow mouse ok] : (2.3, -2.5169e-08)
[2026-09-28 01:41:33.276] [INF] [default] [TitleBar.cpp:165 in Update] -> [follow mouse ok] : (-2.29633, -0.129877)
[2026-09-28 01:41:33.293] [INF] [default] [TitleBar.cpp:165 in Update] -> [follow mouse ok] : (2.3, -2.5169e-08)
[2026-09-28 01:41:33.310] [INF] [default] [TitleBar.cpp:165 in Update] -> [follow mouse ok] : (-2.29633, -0.129877)
[2026-09-28 01:41:33.327] [INF] [default] [TitleBar.cpp:165 in Update] -> [follow mouse ok] : (2.3, -2.5169e-08)
[2026-09-28 01:41:33.343] [INF] [default] [TitleBar.cpp:165 in Update] -> [follow mouse ok] : (-2.29633, -0.129877)
[2026-09-28 01:41:33.360] [INF] [default] [TitleBar.cpp:165 in Update] -> [follow mouse ok] : (2.3, -2.5169e-08)
[2026-09-28 01:41:33.366] [INF] [default] [TitleBar.cpp:165 in Update] -> [follow mouse ok] : (-2.29632, -0.130033)
[2026-09-28 01:41:33.376] [INF] [default] [TitleBar.cpp:165 in Update] -> [follow mouse ok] : (2.3, -2.5169e-08)
[2026-09-28 01:41:33.380] [INF] [default] [TitleBar.cpp:165 in Update] -> [follow mouse ok] : (-2.29615, -0.13295)
[2026-09-28 01:41:33.394] [INF] [default] [TitleBar.cpp:165 in Update] -> [follow mouse ok] : (2.3, -2.57045e-08)
[2026-09-28 01:41:33.408] [INF] [default] [TitleBar.cpp:165 in Update] -> [follow mouse ok] : (-2.29599, -0.13571)
[2026-09-28 01:41:33.410] [INF] [default] [TitleBar.cpp:165 in Update] -> [follow mouse ok] : (2.3, -2.624e-08)
[2026-09-28 01:41:33.414] [INF] [default] [TitleBar.cpp:165 in Update] -> [follow mouse ok] : (-2.29598, -0.135873)
[2026-09-28 01:41:33.427] [INF] [default] [TitleBar.cpp:165 in Update] -> [follow mouse ok] : (2.3, -2.624e-08)
[2026-09-28 01:41:33.436] [INF] [default] [TitleBar.cpp:165 in Update] -> [follow mouse ok] : (-2.29597, -0.136037)
[2026-09-28 01:41:33.444] [INF] [default] [TitleBar.cpp:165 in Update] -> [follow mouse ok] : (2.3, -2.624e-08)
[2026-09-28 01:41:33.457] [INF] [default] [TitleBar.cpp:165 in Update] -> [follow mouse ok] : (-2.29594, -0.136531)
[2026-09-28 01:41:33.460] [INF] [default] [TitleBar.cpp:165 in Update] -> [follow mouse ok] : (2.3, -2.624e-08)
[2026-09-28 01:41:33.470] [INF] [default] [TitleBar.cpp:165 in Update] -> [follow mouse ok] : (-2.29591, -0.137028)
[2026-09-28 01:41:33.476] [INF] [default] [TitleBar.cpp:165 in Update] -> [follow mouse ok] : (2.3, -2.624e-08)
[2026-09-28 01:41:33.479] [INF] [default] [TitleBar.cpp:165 in Update] -> [follow mouse ok] : (-2.2959, -0.137194)
[2026-09-28 01:41:33.485] [INF] [default] [TitleBar.cpp:165 in Update] -> [follow mouse ok] : (2.3, -2.624e-08)
[2026-09-28 01:41:33.493] [INF] [default] [TitleBar.cpp:165 in Update] -> [follow mouse ok] : (-2.29583, -0.138371)
[2026-09-28 01:41:33.495] [INF] [default] [TitleBar.cpp:165 in Update] -> [follow mouse ok] : (2.3, -2.624e-08)
[2026-09-28 01:41:33.499] [INF] [default] [TitleBar.cpp:165 in Update] -> [follow mouse ok] : (-2.29582, -0.138541)
[2026-09-28 01:41:33.506] [INF] [default] [TitleBar.cpp:165 in Update] -> [follow mouse ok] : (2.3, -2.624e-08)
[2026-09-28 01:41:33.510] [INF] [default] [TitleBar.cpp:165 in Update] -> [follow mouse ok] : (-2.29578, -0.139224)
[2026-09-28 01:41:33.514] [INF] [default] [TitleBar.cpp:165 in Update] -> [follow mouse ok] : (2.3, -2.624e-08)
[2026-09-28 01:41:33.519] [INF] [default] [TitleBar.cpp:165 in Update] -> [follow mouse ok] : (-2.29571, -0.140437)
[2026-09-28 01:41:33.527] [INF] [default] [TitleBar.cpp:165 in Update] -> [follow mouse ok] : (2.3, -2.624e-08)
[2026-09-28 01:41:33.529] [INF] [default] [TitleBar.cpp:165 in Update] -> [follow mouse ok] : (-2.2957, -0.140611)
[2026-09-28 01:41:33.533] [INF] [default] [TitleBar.cpp:165 in Update] -> [follow mouse ok] : (2.3, -2.624e-08)
[2026-09-28 01:41:33.541] [INF] [default] [TitleBar.cpp:165 in Update] -> [follow mouse ok] : (-2.29562, -0.141848)
[2026-09-28 01:41:33.543] [INF] [default] [TitleBar.cpp:165 in Update] -> [follow mouse ok] : (2.3, -2.624e-08)
[2026-09-28 01:41:33.547] [INF] [default] [TitleBar.cpp:165 in Update] -> [follow mouse ok] : (-2.29561, -0.142026)
[2026-09-28 01:41:33.554] [INF] [default] [TitleBar.cpp:165 in Update] -> [follow mouse ok] : (2.3, -2.57045e-08)
[2026-09-28 01:41:33.560] [INF] [default] [TitleBar.cpp:165 in Update] -> [follow mouse ok] : (-2.29577, -0.13949)
[2026-09-28 01:41:33.562] [INF] [default] [TitleBar.cpp:165 in Update] -> [follow mouse ok] : (2.3, -2.57045e-08)
[2026-09-28 01:41:33.569] [INF] [default] [TitleBar.cpp:165 in Update] -> [follow mouse ok] : (-2.29572, -0.140197)
[2026-09-28 01:41:33.576] [INF] [default] [TitleBar.cpp:165 in Update] -> [follow mouse ok] : (2.3, -2.5169e-08)
[2026-09-28 01:41:33.579] [INF] [default] [TitleBar.cpp:165 in Update] -> [follow mouse ok] : (-2.29588, -0.137636)
[2026-09-28 01:41:33.582] [INF] [default] [TitleBar.cpp:165 in Update] -> [follow mouse ok] : (2.3, -2.5169e-08)
[2026-09-28 01:41:33.589] [INF] [default] [TitleBar.cpp:165 in Update] -> [follow mouse ok] : (-2.29585, -0.138162)
[2026-09-28 01:41:33.593] [INF] [default] [TitleBar.cpp:165 in Update] -> [follow mouse ok] : (2.3, -2.5169e-08)
[2026-09-28 01:41:33.595] [INF] [default] [TitleBar.cpp:165 in Update] -> [follow mouse ok] : (-2.29601, -0.135406)
[2026-09-28 01:41:33.603] [INF] [default] [TitleBar.cpp:165 in Update] -> [follow mouse ok] : (2.3, -2.46335e-08)
[2026-09-28 01:41:33.610] [INF] [default] [TitleBar.cpp:165 in Update] -> [follow mouse ok] : (-2.296, -0.135579)
[2026-09-28 01:41:33.612] [INF] [default] [TitleBar.cpp:165 in Update] -> [follow mouse ok] : (2.3, -2.46335e-08)
[2026-09-28 01:41:33.617] [INF] [default] [TitleBar.cpp:165 in Update] -> [follow mouse ok] : (-2.29598, -0.135927)
[2026-09-28 01:41:33.623] [INF] [default] [TitleBar.cpp:165 in Update] -> [follow mouse ok] : (2.3, -2.46335e-08)
[2026-09-28 01:41:33.626] [INF] [default] [TitleBar.cpp:165 in Update] -> [follow mouse ok] : (-2.29597, -0.136101)
[2026-09-28 01:41:33.638] [INF] [default] [TitleBar.cpp:165 in Update] -> [follow mouse ok] : (2.3, -2.46335e-08)
[2026-09-28 01:41:33.643] [INF] [default] [TitleBar.cpp:165 in Update] -> [follow mouse ok] : (-2.29596, -0.136276)
[2026-09-28 01:41:33.645] [INF] [default] [TitleBar.cpp:165 in Update] -> [follow mouse ok] : (2.3, -2.46335e-08)
[2026-09-28 01:41:33.652] [INF] [default] [TitleBar.cpp:165 in Update] -> [follow mouse ok] : (-2.29594, -0.136628)
[2026-09-28 01:41:33.659] [INF] [default] [TitleBar.cpp:165 in Update] -> [follow mouse ok] : (2.3, -2.46335e-08)
[2026-09-28 01:41:33.661] [INF] [default] [TitleBar.cpp:165 in Update] -> [follow mouse ok] : (-2.29593, -0.136804)
[2026-09-28 01:41:33.665] [INF] [default] [TitleBar.cpp:165 in Update] -> [follow mouse ok] : (2.3, -2.46335e-08)
[2026-09-28 01:41:33.676] [INF] [default] [TitleBar.cpp:165 in Update] -> [follow mouse ok] : (-2.29592, -0.136981)
[2026-09-28 01:41:33.687] [INF] [default] [TitleBar.cpp:165 in Update] -> [follow mouse ok] : (2.3, -2.46335e-08)
[2026-09-28 01:41:33.693] [INF] [default] [TitleBar.cpp:165 in Update] -> [follow mouse ok] : (-2.29591, -0.137158)
[2026-09-28 01:41:33.695] [INF] [default] [TitleBar.cpp:165 in Update] -> [follow mouse ok] : (2.3, -2.46335e-08)
[2026-09-28 01:41:33.710] [INF] [default] [TitleBar.cpp:165 in Update] -> [follow mouse ok] : (-2.2959, -0.137336)
[2026-09-28 01:41:33.715] [INF] [default] [TitleBar.cpp:165 in Update] -> [follow mouse ok] : (2.3, -2.46335e-08)
[2026-09-28 01:41:33.726] [INF] [default] [TitleBar.cpp:165 in Update] -> [follow mouse ok] : (-2.29589, -0.137514)
[2026-09-28 01:41:33.730] [INF] [default] [TitleBar.cpp:165 in Update] -> [follow mouse ok] : (2.3, -2.46335e-08)
[2026-09-28 01:41:33.743] [INF] [default] [TitleBar.cpp:165 in Update] -> [follow mouse ok] : (-2.29586, -0.137872)
[2026-09-28 01:41:33.745] [INF] [default] [TitleBar.cpp:165 in Update] -> [follow mouse ok] : (2.3, -2.46335e-08)
[2026-09-28 01:41:33.759] [INF] [default] [TitleBar.cpp:165 in Update] -> [follow mouse ok] : (-2.29586, -0.137872)
[2026-09-28 01:41:33.777] [INF] [default] [TitleBar.cpp:165 in Update] -> [follow mouse ok] : (2.3, -2.46335e-08)
[2026-09-28 01:41:33.793] [INF] [default] [TitleBar.cpp:165 in Update] -> [follow mouse ok] : (-2.29586, -0.137872)
[2026-09-28 01:41:33.810] [INF] [default] [TitleBar.cpp:165 in Update] -> [follow mouse ok] : (2.3, -2.46335e-08)
[2026-09-28 01:41:33.826] [INF] [default] [TitleBar.cpp:165 in Update] -> [follow mouse ok] : (-2.29586, -0.137872)
[2026-09-28 01:41:33.833] [INF] [default] [TitleBar.cpp:165 in Update] -> [follow mouse ok] : (2.3, -2.4098e-08)
[2026-09-28 01:41:33.843] [INF] [default] [TitleBar.cpp:165 in Update] -> [follow mouse ok] : (-2.29604, -0.134885)
[2026-09-28 01:41:33.847] [INF] [default] [TitleBar.cpp:165 in Update] -> [follow mouse ok] : (2.3, -2.4098e-08)
[2026-09-28 01:41:33.854] [INF] [default] [TitleBar.cpp:165 in Update] -> [follow mouse ok] : (-2.29606, -0.134535)
[2026-09-28 01:41:33.860] [INF] [default] [TitleBar.cpp:165 in Update] -> [follow mouse ok] : (2.3, -2.4098e-08)
[2026-09-28 01:41:33.874] [INF] [default] [TitleBar.cpp:165 in Update] -> [follow mouse ok] : (-2.29608, -0.134187)
[2026-09-28 01:41:33.877] [INF] [default] [TitleBar.cpp:165 in Update] -> [follow mouse ok] : (2.3, -2.4098e-08)
[2026-09-28 01:41:33.889] [INF] [default] [TitleBar.cpp:165 in Update] -> [follow mouse ok] : (-2.29609, -0.134013)
[2026-09-28 01:41:33.892] [INF] [default] [TitleBar.cpp:165 in Update] -> [follow mouse ok] : (2.3, -2.4098e-08)
[2026-09-28 01:41:33.896] [INF] [default] [TitleBar.cpp:165 in Update] -> [follow mouse ok] : (-2.2961, -0.13384)
[2026-09-28 01:41:33.902] [INF] [default] [TitleBar.cpp:165 in Update] -> [follow mouse ok] : (2.3, -2.4098e-08)
[2026-09-28 01:41:33.910] [INF] [default] [TitleBar.cpp:165 in Update] -> [follow mouse ok] : (-2.29612, -0.133496)
[2026-09-28 01:41:33.917] [INF] [default] [TitleBar.cpp:165 in Update] -> [follow mouse ok] : (2.3, -2.4098e-08)
[2026-09-28 01:41:33.923] [INF] [default] [TitleBar.cpp:165 in Update] -> [follow mouse ok] : (-2.29614, -0.133153)
[2026-09-28 01:41:33.926] [INF] [default] [TitleBar.cpp:165 in Update] -> [follow mouse ok] : (2.3, -2.4098e-08)
[2026-09-28 01:41:33.937] [INF] [default] [TitleBar.cpp:165 in Update] -> [follow mouse ok] : (-2.29615, -0.132982)
[2026-09-28 01:41:33.943] [INF] [default] [TitleBar.cpp:165 in Update] -> [follow mouse ok] : (2.3, -2.4098e-08)
[2026-09-28 01:41:33.945] [INF] [default] [TitleBar.cpp:165 in Update] -> [follow mouse ok] : (-2.29616, -0.132811)
[2026-09-28 01:41:33.951] [INF] [default] [TitleBar.cpp:165 in Update] -> [follow mouse ok] : (2.3, -2.4098e-08)
[2026-09-28 01:41:33.959] [INF] [default] [TitleBar.cpp:165 in Update] -> [follow mouse ok] : (-2.29617, -0.132642)
[2026-09-28 01:41:33.973] [INF] [default] [TitleBar.cpp:165 in Update] -> [follow mouse ok] : (2.3, -2.35625e-08)
[2026-09-28 01:41:33.977] [INF] [default] [TitleBar.cpp:165 in Update] -> [follow mouse ok] : (-2.29636, -0.129372)
[2026-09-28 01:41:33.979] [INF] [default] [TitleBar.cpp:165 in Update] -> [follow mouse ok] : (2.3, -2.35625e-08)
[2026-09-28 01:41:33.993] [INF] [default] [TitleBar.cpp:165 in Update] -> [follow mouse ok] : (-2.29637, -0.129207)
[2026-09-28 01:41:34.001] [INF] [default] [TitleBar.cpp:165 in Update] -> [follow mouse ok] : (2.3, -2.35625e-08)
[2026-09-28 01:41:34.007] [INF] [default] [TitleBar.cpp:165 in Update] -> [follow mouse ok] : (-2.29655, -0.125959)
[2026-09-28 01:41:34.010] [INF] [default] [TitleBar.cpp:165 in Update] -> [follow mouse ok] : (2.3, -2.3027e-08)
[2026-09-28 01:41:34.014] [INF] [default] [TitleBar.cpp:165 in Update] -> [follow mouse ok] : (-2.29657, -0.125639)
[2026-09-28 01:41:34.021] [INF] [default] [TitleBar.cpp:165 in Update] -> [follow mouse ok] : (2.3, -2.24914e-08)
[2026-09-28 01:41:34.027] [INF] [default] [TitleBar.cpp:165 in Update] -> [follow mouse ok] : (-2.29673, -0.12257)
[2026-09-28 01:41:34.029] [INF] [default] [TitleBar.cpp:165 in Update] -> [follow mouse ok] : (2.3, -2.24914e-08)
[2026-09-28 01:41:34.035] [INF] [default] [TitleBar.cpp:165 in Update] -> [follow mouse ok] : (-2.29676, -0.122106)
[2026-09-28 01:41:34.044] [INF] [default] [TitleBar.cpp:165 in Update] -> [follow mouse ok] : (2.3, -2.24914e-08)
[2026-09-28 01:41:34.046] [INF] [default] [TitleBar.cpp:165 in Update] -> [follow mouse ok] : (-2.29676, -0.121952)
[2026-09-28 01:41:34.049] [INF] [default] [TitleBar.cpp:165 in Update] -> [follow mouse ok] : (2.3, -2.19559e-08)
[2026-09-28 01:41:34.055] [INF] [default] [TitleBar.cpp:165 in Update] -> [follow mouse ok] : (-2.29695, -0.118459)
[2026-09-28 01:41:34.060] [INF] [default] [TitleBar.cpp:165 in Update] -> [follow mouse ok] : (2.3, -2.19559e-08)
[2026-09-28 01:41:34.070] [INF] [default] [TitleBar.cpp:165 in Update] -> [follow mouse ok] : (-2.29696, -0.11831)
[2026-09-28 01:41:34.076] [INF] [default] [TitleBar.cpp:165 in Update] -> [follow mouse ok] : (2.3, -2.19559e-08)
[2026-09-28 01:41:34.079] [INF] [default] [TitleBar.cpp:165 in Update] -> [follow mouse ok] : (-2.29697, -0.118015)
[2026-09-28 01:41:34.090] [INF] [default] [TitleBar.cpp:165 in Update] -> [follow mouse ok] : (2.3, -2.19559e-08)
[2026-09-28 01:41:34.093] [INF] [default] [TitleBar.cpp:165 in Update] -> [follow mouse ok] : (-2.29698, -0.117867)
[2026-09-28 01:41:34.097] [INF] [default] [TitleBar.cpp:165 in Update] -> [follow mouse ok] : (2.3, -2.19559e-08)
[2026-09-28 01:41:34.109] [INF] [default] [TitleBar.cpp:165 in Update] -> [follow mouse ok] : (-2.29699, -0.117574)
[2026-09-28 01:41:34.112] [INF] [default] [TitleBar.cpp:165 in Update] -> [follow mouse ok] : (2.3, -2.19559e-08)
[2026-09-28 01:41:34.119] [INF] [default] [TitleBar.cpp:165 in Update] -> [follow mouse ok] : (-2.29701, -0.117282)
[2026-09-28 01:41:34.126] [INF] [default] [TitleBar.cpp:165 in Update] -> [follow mouse ok] : (2.3, -2.19559e-08)
[2026-09-28 01:41:34.133] [INF] [default] [TitleBar.cpp:165 in Update] -> [follow mouse ok] : (-2.29702, -0.117136)
[2026-09-28 01:41:34.143] [INF] [default] [TitleBar.cpp:165 in Update] -> [follow mouse ok] : (2.3, -2.19559e-08)
[2026-09-28 01:41:34.146] [INF] [default] [TitleBar.cpp:165 in Update] -> [follow mouse ok] : (-2.29702, -0.116991)
[2026-09-28 01:41:34.160] [INF] [default] [TitleBar.cpp:165 in Update] -> [follow mouse ok] : (2.3, -2.19559e-08)
[2026-09-28 01:41:34.162] [INF] [default] [TitleBar.cpp:165 in Update] -> [follow mouse ok] : (-2.29703, -0.116846)
[2026-09-28 01:41:34.177] [INF] [default] [TitleBar.cpp:165 in Update] -> [follow mouse ok] : (2.3, -2.19559e-08)
[2026-09-28 01:41:34.193] [INF] [default] [TitleBar.cpp:165 in Update] -> [follow mouse ok] : (-2.29703, -0.116846)
[2026-09-28 01:41:34.196] [INF] [default] [TitleBar.cpp:165 in Update] -> [follow mouse ok] : (2.3, -2.19559e-08)
[2026-09-28 01:41:34.202] [INF] [default] [TitleBar.cpp:165 in Update] -> [follow mouse ok] : (-2.29704, -0.116558)
[2026-09-28 01:41:34.210] [INF] [default] [TitleBar.cpp:165 in Update] -> [follow mouse ok] : (2.3, -2.19559e-08)
[2026-09-28 01:41:34.226] [INF] [default] [TitleBar.cpp:165 in Update] -> [follow mouse ok] : (-2.29704, -0.116558)
[2026-09-28 01:41:34.230] [INF] [default] [TitleBar.cpp:165 in Update] -> [follow mouse ok] : (2.3, -2.19559e-08)
[2026-09-28 01:41:34.244] [INF] [default] [TitleBar.cpp:165 in Update] -> [follow mouse ok] : (-2.29705, -0.116414)
[2026-09-28 01:41:34.251] [INF] [default] [TitleBar.cpp:165 in Update] -> [follow mouse ok] : (2.3, -2.19559e-08)
[2026-09-28 01:41:34.260] [INF] [default] [TitleBar.cpp:165 in Update] -> [follow mouse ok] : (-2.29706, -0.116271)
[2026-09-28 01:41:34.271] [INF] [default] [TitleBar.cpp:165 in Update] -> [follow mouse ok] : (2.3, -2.19559e-08)
[2026-09-28 01:41:34.276] [INF] [default] [TitleBar.cpp:165 in Update] -> [follow mouse ok] : (-2.29707, -0.116128)
[2026-09-28 01:41:34.294] [INF] [default] [TitleBar.cpp:165 in Update] -> [follow mouse ok] : (2.3, -2.19559e-08)
[2026-09-28 01:41:34.300] [INF] [default] [TitleBar.cpp:165 in Update] -> [follow mouse ok] : (-2.29707, -0.115985)
[2026-09-28 01:41:34.310] [INF] [default] [TitleBar.cpp:165 in Update] -> [follow mouse ok] : (2.3, -2.19559e-08)
[2026-09-28 01:41:34.313] [INF] [default] [TitleBar.cpp:165 in Update] -> [follow mouse ok] : (-2.29708, -0.115843)
[2026-09-28 01:41:34.326] [INF] [default] [TitleBar.cpp:165 in Update] -> [follow mouse ok] : (2.3, -2.19559e-08)
[2026-09-28 01:41:34.342] [INF] [default] [TitleBar.cpp:165 in Update] -> [follow mouse ok] : (-2.29709, -0.115701)
[2026-09-28 01:41:34.345] [INF] [default] [TitleBar.cpp:165 in Update] -> [follow mouse ok] : (2.3, -2.19559e-08)
[2026-09-28 01:41:34.348] [INF] [default] [TitleBar.cpp:165 in Update] -> [follow mouse ok] : (-2.2971, -0.115418)
[2026-09-28 01:41:34.360] [INF] [default] [TitleBar.cpp:165 in Update] -> [follow mouse ok] : (2.3, -2.19559e-08)
[2026-09-28 01:41:34.370] [INF] [default] [TitleBar.cpp:165 in Update] -> [follow mouse ok] : (-2.29711, -0.115277)
[2026-09-28 01:41:34.377] [INF] [default] [TitleBar.cpp:165 in Update] -> [follow mouse ok] : (2.3, -2.19559e-08)
[2026-09-28 01:41:34.379] [INF] [default] [TitleBar.cpp:165 in Update] -> [follow mouse ok] : (-2.29712, -0.114996)
[2026-09-28 01:41:34.393] [INF] [default] [TitleBar.cpp:165 in Update] -> [follow mouse ok] : (2.3, -2.19559e-08)
[2026-09-28 01:41:34.397] [INF] [default] [TitleBar.cpp:165 in Update] -> [follow mouse ok] : (-2.29713, -0.114857)
[2026-09-28 01:41:34.404] [INF] [default] [TitleBar.cpp:165 in Update] -> [follow mouse ok] : (2.3, -2.19559e-08)
[2026-09-28 01:41:34.410] [INF] [default] [TitleBar.cpp:165 in Update] -> [follow mouse ok] : (-2.29714, -0.114717)
[2026-09-28 01:41:34.426] [INF] [default] [TitleBar.cpp:165 in Update] -> [follow mouse ok] : (2.3, -2.19559e-08)
[2026-09-28 01:41:34.439] [INF] [default] [TitleBar.cpp:165 in Update] -> [follow mouse ok] : (-2.29714, -0.114578)
[2026-09-28 01:41:34.443] [INF] [default] [TitleBar.cpp:165 in Update] -> [follow mouse ok] : (2.3, -2.19559e-08)
[2026-09-28 01:41:34.460] [INF] [default] [TitleBar.cpp:165 in Update] -> [follow mouse ok] : (-2.29714, -0.114578)
[2026-09-28 01:41:34.462] [INF] [default] [TitleBar.cpp:165 in Update] -> [follow mouse ok] : (2.3, -2.19559e-08)
[2026-09-28 01:41:34.473] [INF] [default] [TitleBar.cpp:165 in Update] -> [follow mouse ok] : (-2.29716, -0.1143)
[2026-09-28 01:41:34.476] [INF] [default] [TitleBar.cpp:165 in Update] -> [follow mouse ok] : (2.3, -2.19559e-08)
[2026-09-28 01:41:34.493] [INF] [default] [TitleBar.cpp:165 in Update] -> [follow mouse ok] : (-2.29716, -0.1143)
[2026-09-28 01:41:34.510] [INF] [default] [TitleBar.cpp:165 in Update] -> [follow mouse ok] : (2.3, -2.19559e-08)
[2026-09-28 01:41:34.527] [INF] [default] [TitleBar.cpp:165 in Update] -> [follow mouse ok] : (-2.29716, -0.1143)
[2026-09-28 01:41:34.544] [INF] [default] [TitleBar.cpp:165 in Update] -> [follow mouse ok] : (2.3, -2.19559e-08)
[2026-09-28 01:41:34.560] [INF] [default] [TitleBar.cpp:165 in Update] -> [follow mouse ok] : (-2.29716, -0.1143)
[2026-09-28 01:41:34.577] [INF] [default] [TitleBar.cpp:165 in Update] -> [follow mouse ok] : (2.3, -2.19559e-08)
[2026-09-28 01:41:34.593] [INF] [default] [TitleBar.cpp:165 in Update] -> [follow mouse ok] : (-2.29716, -0.1143)
[2026-09-28 01:41:34.609] [INF] [default] [TitleBar.cpp:165 in Update] -> [follow mouse ok] : (2.3, -2.19559e-08)
