[2026-09-28 01:36:11.263] [INF] [default] [c3-exo10_main.cpp:40 in nkmain] -> [window] : (312, 160)
[2026-09-28 01:36:11.264] [INF] [default] [button.h:33 in Button] -> [button] size : NkRectT[pos(1130, 10); size(40, 30)]
[2026-09-28 01:36:11.264] [INF] [default] [button.h:33 in Button] -> [button] size : NkRectT[pos(1060, 10); size(40, 30)]
[2026-09-28 01:36:11.264] [INF] [default] [button.h:33 in Button] -> [button] size : NkRectT[pos(1020, 10); size(40, 30)]
[2026-09-28 01:36:11.264] [INF] [default] [c3-exo10_main.cpp:43 in nkmain] -> [button] : RECT : (1130, 10) (1170, 40)
[2026-09-28 01:36:13.101] [INF] [default] [TitleBar.cpp:145 in Update] -> [follow mouse ok] : (543, 543)
[2026-09-28 01:36:13.370] [INF] [default] [TitleBar.cpp:165 in Update] -> [follow mouse ok] : (2.29603, 0.135061)
[2026-09-28 01:36:13.382] [INF] [default] [TitleBar.cpp:165 in Update] -> [follow mouse ok] : (-1.62635, -1.62635)
[2026-09-28 01:36:13.384] [INF] [default] [TitleBar.cpp:165 in Update] -> [follow mouse ok] : (-1.62635, -1.62635)
[2026-09-28 01:36:13.391] [INF] [default] [TitleBar.cpp:165 in Update] -> [follow mouse ok] : (-1.62635, -1.62635)
[2026-09-28 01:36:13.398] [INF] [default] [TitleBar.cpp:165 in Update] -> [follow mouse ok] : (-1.62635, -1.62635)
[2026-09-28 01:36:13.398] [INF] [default] [TitleBar.cpp:165 in Update] -> [follow mouse ok] : (-1.62635, -1.62635)
[2026-09-28 01:36:13.405] [INF] [default] [TitleBar.cpp:165 in Update] -> [follow mouse ok] : (-1.62635, -1.62635)
[2026-09-28 01:36:13.411] [INF] [default] [TitleBar.cpp:165 in Update] -> [follow mouse ok] : (-1.62635, -1.62635)
[2026-09-28 01:36:13.418] [INF] [default] [TitleBar.cpp:165 in Update] -> [follow mouse ok] : (-1.62635, -1.62635)
[2026-09-28 01:36:13.432] [INF] [default] [TitleBar.cpp:165 in Update] -> [follow mouse ok] : (-1.62635, -1.62635)
[2026-09-28 01:36:13.440] [INF] [default] [TitleBar.cpp:165 in Update] -> [follow mouse ok] : (-1.62635, -1.62635)
[2026-09-28 01:36:13.446] [INF] [default] [TitleBar.cpp:165 in Update] -> [follow mouse ok] : (-1.62635, -1.62635)
[2026-09-28 01:36:13.453] [INF] [default] [TitleBar.cpp:165 in Update] -> [follow mouse ok] : (-1.62635, -1.62635)
[2026-09-28 01:36:13.467] [INF] [default] [TitleBar.cpp:165 in Update] -> [follow mouse ok] : (-1.62635, -1.62635)
[2026-09-28 01:36:13.474] [INF] [default] [TitleBar.cpp:165 in Update] -> [follow mouse ok] : (-1.62635, -1.62635)
[2026-09-28 01:36:13.487] [INF] [default] [TitleBar.cpp:165 in Update] -> [follow mouse ok] : (-1.62635, -1.62635)
[2026-09-28 01:36:13.495] [INF] [default] [TitleBar.cpp:165 in Update] -> [follow mouse ok] : (-1.62635, -1.62635)
[2026-09-28 01:36:13.509] [INF] [default] [TitleBar.cpp:165 in Update] -> [follow mouse ok] : (-1.62635, -1.62635)
[2026-09-28 01:36:13.516] [INF] [default] [TitleBar.cpp:165 in Update] -> [follow mouse ok] : (-1.62635, -1.62635)
[2026-09-28 01:36:13.523] [INF] [default] [TitleBar.cpp:165 in Update] -> [follow mouse ok] : (-1.62635, -1.62635)
[2026-09-28 01:36:13.537] [INF] [default] [TitleBar.cpp:165 in Update] -> [follow mouse ok] : (-1.62635, -1.62635)
[2026-09-28 01:36:13.543] [INF] [default] [TitleBar.cpp:165 in Update] -> [follow mouse ok] : (-1.62635, -1.62635)
[2026-09-28 01:36:13.551] [INF] [default] [TitleBar.cpp:165 in Update] -> [follow mouse ok] : (-1.62635, -1.62635)
[2026-09-28 01:36:13.557] [INF] [default] [TitleBar.cpp:165 in Update] -> [follow mouse ok] : (-1.62635, -1.62635)
[2026-09-28 01:36:13.565] [INF] [default] [TitleBar.cpp:165 in Update] -> [follow mouse ok] : (-1.62635, -1.62635)
[2026-09-28 01:36:13.579] [INF] [default] [TitleBar.cpp:165 in Update] -> [follow mouse ok] : (-1.62635, -1.62635)
[2026-09-28 01:36:13.585] [INF] [default] [TitleBar.cpp:165 in Update] -> [follow mouse ok] : (-1.62635, -1.62635)
[2026-09-28 01:36:13.592] [INF] [default] [TitleBar.cpp:165 in Update] -> [follow mouse ok] : (-1.62635, -1.62635)
[2026-09-28 01:36:13.598] [INF] [default] [TitleBar.cpp:165 in Update] -> [follow mouse ok] : (-1.62635, -1.62635)
[2026-09-28 01:36:13.607] [INF] [default] [TitleBar.cpp:165 in Update] -> [follow mouse ok] : (-1.62635, -1.62635)
[2026-09-28 01:36:13.627] [INF] [default] [TitleBar.cpp:165 in Update] -> [follow mouse ok] : (-1.62635, -1.62635)
[2026-09-28 01:36:13.634] [INF] [default] [TitleBar.cpp:165 in Update] -> [follow mouse ok] : (-1.62635, -1.62635)
[2026-09-28 01:36:13.648] [INF] [default] [TitleBar.cpp:165 in Update] -> [follow mouse ok] : (-1.62635, -1.62635)
[2026-09-28 01:36:13.655] [INF] [default] [TitleBar.cpp:165 in Update] -> [follow mouse ok] : (-1.62635, -1.62635)
[2026-09-28 01:36:13.676] [INF] [default] [TitleBar.cpp:165 in Update] -> [follow mouse ok] : (-1.62635, -1.62635)
[2026-09-28 01:36:13.704] [INF] [default] [TitleBar.cpp:165 in Update] -> [follow mouse ok] : (-1.62635, -1.62635)
[2026-09-28 01:36:13.725] [INF] [default] [TitleBar.cpp:165 in Update] -> [follow mouse ok] : (-1.62635, -1.62635)
[2026-09-28 01:36:13.781] [INF] [default] [TitleBar.cpp:165 in Update] -> [follow mouse ok] : (-1.62635, -1.62635)
[2026-09-28 01:36:13.801] [INF] [default] [TitleBar.cpp:165 in Update] -> [follow mouse ok] : (-1.62635, -1.62635)
[2026-09-28 01:36:13.808] [INF] [default] [TitleBar.cpp:165 in Update] -> [follow mouse ok] : (-1.62635, -1.62635)
[2026-09-28 01:36:13.828] [INF] [default] [TitleBar.cpp:165 in Update] -> [follow mouse ok] : (-1.62635, -1.62635)
[2026-09-28 01:36:13.842] [INF] [default] [TitleBar.cpp:165 in Update] -> [follow mouse ok] : (-1.62635, -1.62635)
[2026-09-28 01:36:13.858] [INF] [default] [TitleBar.cpp:165 in Update] -> [follow mouse ok] : (-1.62635, -1.62635)
[2026-09-28 01:36:13.864] [INF] [default] [TitleBar.cpp:165 in Update] -> [follow mouse ok] : (-1.62635, -1.62635)
[2026-09-28 01:36:13.871] [INF] [default] [TitleBar.cpp:165 in Update] -> [follow mouse ok] : (-1.62635, -1.62635)
[2026-09-28 01:36:13.878] [INF] [default] [TitleBar.cpp:165 in Update] -> [follow mouse ok] : (-1.62635, -1.62635)
[2026-09-28 01:36:13.885] [INF] [default] [TitleBar.cpp:165 in Update] -> [follow mouse ok] : (-1.62635, -1.62635)
[2026-09-28 01:36:13.892] [INF] [default] [TitleBar.cpp:165 in Update] -> [follow mouse ok] : (-1.62635, -1.62635)
[2026-09-28 01:36:13.899] [INF] [default] [TitleBar.cpp:165 in Update] -> [follow mouse ok] : (-1.62635, -1.62635)
[2026-09-28 01:36:13.906] [INF] [default] [TitleBar.cpp:165 in Update] -> [follow mouse ok] : (-1.62635, -1.62635)
[2026-09-28 01:36:13.913] [INF] [default] [TitleBar.cpp:165 in Update] -> [follow mouse ok] : (-1.62635, -1.62635)
[2026-09-28 01:36:13.920] [INF] [default] [TitleBar.cpp:165 in Update] -> [follow mouse ok] : (-1.62635, -1.62635)
[2026-09-28 01:36:13.927] [INF] [default] [TitleBar.cpp:165 in Update] -> [follow mouse ok] : (-1.62635, -1.62635)
[2026-09-28 01:36:13.934] [INF] [default] [TitleBar.cpp:165 in Update] -> [follow mouse ok] : (-1.62635, -1.62635)
[2026-09-28 01:36:13.940] [INF] [default] [TitleBar.cpp:165 in Update] -> [follow mouse ok] : (-1.62635, -1.62635)
[2026-09-28 01:36:13.948] [INF] [default] [TitleBar.cpp:165 in Update] -> [follow mouse ok] : (-1.62635, -1.62635)
[2026-09-28 01:36:13.955] [INF] [default] [TitleBar.cpp:165 in Update] -> [follow mouse ok] : (-1.62635, -1.62635)
[2026-09-28 01:36:13.961] [INF] [default] [TitleBar.cpp:165 in Update] -> [follow mouse ok] : (-1.62635, -1.62635)
[2026-09-28 01:36:13.968] [INF] [default] [TitleBar.cpp:165 in Update] -> [follow mouse ok] : (-1.62635, -1.62635)
[2026-09-28 01:36:13.975] [INF] [default] [TitleBar.cpp:165 in Update] -> [follow mouse ok] : (-1.62635, -1.62635)
[2026-09-28 01:36:13.982] [INF] [default] [TitleBar.cpp:165 in Update] -> [follow mouse ok] : (-1.62635, -1.62635)
[2026-09-28 01:36:13.996] [INF] [default] [TitleBar.cpp:165 in Update] -> [follow mouse ok] : (-1.62635, -1.62635)
[2026-09-28 01:36:14.004] [INF] [default] [TitleBar.cpp:165 in Update] -> [follow mouse ok] : (-1.62635, -1.62635)
[2026-09-28 01:36:14.018] [INF] [default] [TitleBar.cpp:165 in Update] -> [follow mouse ok] : (-1.62635, -1.62635)
[2026-09-28 01:36:14.032] [INF] [default] [TitleBar.cpp:165 in Update] -> [follow mouse ok] : (-1.62635, -1.62635)
[2026-09-28 01:36:14.038] [INF] [default] [TitleBar.cpp:165 in Update] -> [follow mouse ok] : (-1.62635, -1.62635)
[2026-09-28 01:36:14.045] [INF] [default] [TitleBar.cpp:165 in Update] -> [follow mouse ok] : (-1.62635, -1.62635)
[2026-09-28 01:36:14.052] [INF] [default] [TitleBar.cpp:165 in Update] -> [follow mouse ok] : (-1.62635, -1.62635)
[2026-09-28 01:36:14.059] [INF] [default] [TitleBar.cpp:165 in Update] -> [follow mouse ok] : (-1.62635, -1.62635)
[2026-09-28 01:36:14.066] [INF] [default] [TitleBar.cpp:165 in Update] -> [follow mouse ok] : (-1.62635, -1.62635)
[2026-09-28 01:36:14.073] [INF] [default] [TitleBar.cpp:165 in Update] -> [follow mouse ok] : (-1.62635, -1.62635)
[2026-09-28 01:36:14.080] [INF] [default] [TitleBar.cpp:165 in Update] -> [follow mouse ok] : (-1.62635, -1.62635)
[2026-09-28 01:36:14.087] [INF] [default] [TitleBar.cpp:165 in Update] -> [follow mouse ok] : (-1.62635, -1.62635)
[2026-09-28 01:36:14.093] [INF] [default] [TitleBar.cpp:165 in Update] -> [follow mouse ok] : (-1.62635, -1.62635)
[2026-09-28 01:36:14.101] [INF] [default] [TitleBar.cpp:165 in Update] -> [follow mouse ok] : (-1.62635, -1.62635)
[2026-09-28 01:36:14.108] [INF] [default] [TitleBar.cpp:165 in Update] -> [follow mouse ok] : (-1.62635, -1.62635)
[2026-09-28 01:36:14.115] [INF] [default] [TitleBar.cpp:165 in Update] -> [follow mouse ok] : (-1.62635, -1.62635)
[2026-09-28 01:36:14.122] [INF] [default] [TitleBar.cpp:165 in Update] -> [follow mouse ok] : (-1.62635, -1.62635)
[2026-09-28 01:36:14.128] [INF] [default] [TitleBar.cpp:165 in Update] -> [follow mouse ok] : (-1.62635, -1.62635)
[2026-09-28 01:36:14.136] [INF] [default] [TitleBar.cpp:165 in Update] -> [follow mouse ok] : (-1.62635, -1.62635)
[2026-09-28 01:36:14.142] [INF] [default] [TitleBar.cpp:165 in Update] -> [follow mouse ok] : (-1.62635, -1.62635)
[2026-09-28 01:36:14.150] [INF] [default] [TitleBar.cpp:165 in Update] -> [follow mouse ok] : (-1.62635, -1.62635)
[2026-09-28 01:36:14.157] [INF] [default] [TitleBar.cpp:165 in Update] -> [follow mouse ok] : (-1.62635, -1.62635)
[2026-09-28 01:36:14.164] [INF] [default] [TitleBar.cpp:165 in Update] -> [follow mouse ok] : (-1.62635, -1.62635)
[2026-09-28 01:36:14.171] [INF] [default] [TitleBar.cpp:165 in Update] -> [follow mouse ok] : (-1.62635, -1.62635)
[2026-09-28 01:36:14.178] [INF] [default] [TitleBar.cpp:165 in Update] -> [follow mouse ok] : (-1.62635, -1.62635)
[2026-09-28 01:36:14.185] [INF] [default] [TitleBar.cpp:165 in Update] -> [follow mouse ok] : (-1.62635, -1.62635)
[2026-09-28 01:36:14.192] [INF] [default] [TitleBar.cpp:165 in Update] -> [follow mouse ok] : (-1.62635, -1.62635)
[2026-09-28 01:36:14.205] [INF] [default] [TitleBar.cpp:165 in Update] -> [follow mouse ok] : (-1.62635, -1.62635)
[2026-09-28 01:36:14.212] [INF] [default] [TitleBar.cpp:165 in Update] -> [follow mouse ok] : (-1.62635, -1.62635)
[2026-09-28 01:36:14.220] [INF] [default] [TitleBar.cpp:165 in Update] -> [follow mouse ok] : (-1.62635, -1.62635)
[2026-09-28 01:36:14.226] [INF] [default] [TitleBar.cpp:165 in Update] -> [follow mouse ok] : (-1.62635, -1.62635)
[2026-09-28 01:36:14.240] [INF] [default] [TitleBar.cpp:165 in Update] -> [follow mouse ok] : (-1.62635, -1.62635)
[2026-09-28 01:36:14.247] [INF] [default] [TitleBar.cpp:165 in Update] -> [follow mouse ok] : (-1.62635, -1.62635)
[2026-09-28 01:36:14.254] [INF] [default] [TitleBar.cpp:165 in Update] -> [follow mouse ok] : (-1.62635, -1.62635)
[2026-09-28 01:36:14.261] [INF] [default] [TitleBar.cpp:165 in Update] -> [follow mouse ok] : (-1.62635, -1.62635)
[2026-09-28 01:36:14.275] [INF] [default] [TitleBar.cpp:165 in Update] -> [follow mouse ok] : (-1.62635, -1.62635)
[2026-09-28 01:36:14.282] [INF] [default] [TitleBar.cpp:165 in Update] -> [follow mouse ok] : (-1.62635, -1.62635)
[2026-09-28 01:36:14.289] [INF] [default] [TitleBar.cpp:165 in Update] -> [follow mouse ok] : (-1.62635, -1.62635)
[2026-09-28 01:36:14.296] [INF] [default] [TitleBar.cpp:165 in Update] -> [follow mouse ok] : (-1.62635, -1.62635)
[2026-09-28 01:36:14.310] [INF] [default] [TitleBar.cpp:165 in Update] -> [follow mouse ok] : (-1.62635, -1.62635)
[2026-09-28 01:36:14.316] [INF] [default] [TitleBar.cpp:165 in Update] -> [follow mouse ok] : (-1.62635, -1.62635)
[2026-09-28 01:36:14.324] [INF] [default] [TitleBar.cpp:165 in Update] -> [follow mouse ok] : (-1.62635, -1.62635)
[2026-09-28 01:36:14.331] [INF] [default] [TitleBar.cpp:165 in Update] -> [follow mouse ok] : (-1.62635, -1.62635)
[2026-09-28 01:36:14.337] [INF] [default] [TitleBar.cpp:165 in Update] -> [follow mouse ok] : (-1.62635, -1.62635)
[2026-09-28 01:36:14.351] [INF] [default] [TitleBar.cpp:165 in Update] -> [follow mouse ok] : (-1.62635, -1.62635)
[2026-09-28 01:36:14.358] [INF] [default] [TitleBar.cpp:165 in Update] -> [follow mouse ok] : (-1.62635, -1.62635)
[2026-09-28 01:36:14.366] [INF] [default] [TitleBar.cpp:165 in Update] -> [follow mouse ok] : (-1.62635, -1.62635)
[2026-09-28 01:36:14.372] [INF] [default] [TitleBar.cpp:165 in Update] -> [follow mouse ok] : (-1.62635, -1.62635)
[2026-09-28 01:36:14.378] [INF] [default] [TitleBar.cpp:165 in Update] -> [follow mouse ok] : (-1.62635, -1.62635)
[2026-09-28 01:36:14.387] [INF] [default] [TitleBar.cpp:165 in Update] -> [follow mouse ok] : (-1.62635, -1.62635)
[2026-09-28 01:36:14.393] [INF] [default] [TitleBar.cpp:165 in Update] -> [follow mouse ok] : (-1.62635, -1.62635)
[2026-09-28 01:36:14.401] [INF] [default] [TitleBar.cpp:165 in Update] -> [follow mouse ok] : (-1.62635, -1.62635)
[2026-09-28 01:36:14.408] [INF] [default] [TitleBar.cpp:165 in Update] -> [follow mouse ok] : (-1.62635, -1.62635)
[2026-09-28 01:36:14.414] [INF] [default] [TitleBar.cpp:165 in Update] -> [follow mouse ok] : (-1.62635, -1.62635)
[2026-09-28 01:36:14.421] [INF] [default] [TitleBar.cpp:165 in Update] -> [follow mouse ok] : (-1.62635, -1.62635)
[2026-09-28 01:36:14.428] [INF] [default] [TitleBar.cpp:165 in Update] -> [follow mouse ok] : (-1.62635, -1.62635)
[2026-09-28 01:36:14.436] [INF] [default] [TitleBar.cpp:165 in Update] -> [follow mouse ok] : (-1.62635, -1.62635)
[2026-09-28 01:36:14.442] [INF] [default] [TitleBar.cpp:165 in Update] -> [follow mouse ok] : (-1.62635, -1.62635)
[2026-09-28 01:36:14.449] [INF] [default] [TitleBar.cpp:165 in Update] -> [follow mouse ok] : (-1.62635, -1.62635)
[2026-09-28 01:36:14.456] [INF] [default] [TitleBar.cpp:165 in Update] -> [follow mouse ok] : (-1.62635, -1.62635)
[2026-09-28 01:36:14.464] [INF] [default] [TitleBar.cpp:165 in Update] -> [follow mouse ok] : (-1.62635, -1.62635)
[2026-09-28 01:36:14.470] [INF] [default] [TitleBar.cpp:165 in Update] -> [follow mouse ok] : (-1.62635, -1.62635)
[2026-09-28 01:36:14.477] [INF] [default] [TitleBar.cpp:165 in Update] -> [follow mouse ok] : (-1.62635, -1.62635)
[2026-09-28 01:36:14.484] [INF] [default] [TitleBar.cpp:165 in Update] -> [follow mouse ok] : (-1.62635, -1.62635)
[2026-09-28 01:36:14.491] [INF] [default] [TitleBar.cpp:165 in Update] -> [follow mouse ok] : (-1.62635, -1.62635)
[2026-09-28 01:36:14.498] [INF] [default] [TitleBar.cpp:165 in Update] -> [follow mouse ok] : (-1.62635, -1.62635)
[2026-09-28 01:36:14.506] [INF] [default] [TitleBar.cpp:165 in Update] -> [follow mouse ok] : (-1.62635, -1.62635)
[2026-09-28 01:36:14.512] [INF] [default] [TitleBar.cpp:165 in Update] -> [follow mouse ok] : (-1.62635, -1.62635)
[2026-09-28 01:36:14.518] [INF] [default] [TitleBar.cpp:165 in Update] -> [follow mouse ok] : (-1.62635, -1.62635)
[2026-09-28 01:36:14.526] [INF] [default] [TitleBar.cpp:165 in Update] -> [follow mouse ok] : (-1.62635, -1.62635)
[2026-09-28 01:36:14.533] [INF] [default] [TitleBar.cpp:165 in Update] -> [follow mouse ok] : (-1.62635, -1.62635)
[2026-09-28 01:36:14.540] [INF] [default] [TitleBar.cpp:165 in Update] -> [follow mouse ok] : (-1.62635, -1.62635)
[2026-09-28 01:36:14.546] [INF] [default] [TitleBar.cpp:165 in Update] -> [follow mouse ok] : (-1.62635, -1.62635)
[2026-09-28 01:36:14.554] [INF] [default] [TitleBar.cpp:165 in Update] -> [follow mouse ok] : (-1.62635, -1.62635)
[2026-09-28 01:36:14.561] [INF] [default] [TitleBar.cpp:165 in Update] -> [follow mouse ok] : (-1.62635, -1.62635)
[2026-09-28 01:36:14.568] [INF] [default] [TitleBar.cpp:165 in Update] -> [follow mouse ok] : (-1.62635, -1.62635)
[2026-09-28 01:36:14.575] [INF] [default] [TitleBar.cpp:165 in Update] -> [follow mouse ok] : (-1.62635, -1.62635)
[2026-09-28 01:36:14.582] [INF] [default] [TitleBar.cpp:165 in Update] -> [follow mouse ok] : (-1.62635, -1.62635)
[2026-09-28 01:36:14.588] [INF] [default] [TitleBar.cpp:165 in Update] -> [follow mouse ok] : (-1.62635, -1.62635)
[2026-09-28 01:36:14.596] [INF] [default] [TitleBar.cpp:165 in Update] -> [follow mouse ok] : (-1.62635, -1.62635)
[2026-09-28 01:36:14.602] [INF] [default] [TitleBar.cpp:165 in Update] -> [follow mouse ok] : (-1.62635, -1.62635)
[2026-09-28 01:36:14.610] [INF] [default] [TitleBar.cpp:165 in Update] -> [follow mouse ok] : (-1.62635, -1.62635)
[2026-09-28 01:36:14.617] [INF] [default] [TitleBar.cpp:165 in Update] -> [follow mouse ok] : (-1.62635, -1.62635)
[2026-09-28 01:36:14.623] [INF] [default] [TitleBar.cpp:165 in Update] -> [follow mouse ok] : (-1.62635, -1.62635)
[2026-09-28 01:36:14.630] [INF] [default] [TitleBar.cpp:165 in Update] -> [follow mouse ok] : (-1.62635, -1.62635)
[2026-09-28 01:36:14.638] [INF] [default] [TitleBar.cpp:165 in Update] -> [follow mouse ok] : (-1.62635, -1.62635)
[2026-09-28 01:36:14.644] [INF] [default] [TitleBar.cpp:165 in Update] -> [follow mouse ok] : (-1.62635, -1.62635)
[2026-09-28 01:36:14.652] [INF] [default] [TitleBar.cpp:165 in Update] -> [follow mouse ok] : (-1.62635, -1.62635)
[2026-09-28 01:36:14.658] [INF] [default] [TitleBar.cpp:165 in Update] -> [follow mouse ok] : (-1.62635, -1.62635)
[2026-09-28 01:36:14.665] [INF] [default] [TitleBar.cpp:165 in Update] -> [follow mouse ok] : (-1.62635, -1.62635)
[2026-09-28 01:36:14.672] [INF] [default] [TitleBar.cpp:165 in Update] -> [follow mouse ok] : (-1.62635, -1.62635)
[2026-09-28 01:36:14.679] [INF] [default] [TitleBar.cpp:165 in Update] -> [follow mouse ok] : (-1.62635, -1.62635)
[2026-09-28 01:36:14.687] [INF] [default] [TitleBar.cpp:165 in Update] -> [follow mouse ok] : (-1.62635, -1.62635)
[2026-09-28 01:36:14.692] [INF] [default] [TitleBar.cpp:165 in Update] -> [follow mouse ok] : (-1.62635, -1.62635)
[2026-09-28 01:36:14.700] [INF] [default] [TitleBar.cpp:165 in Update] -> [follow mouse ok] : (-1.62635, -1.62635)
[2026-09-28 01:36:14.707] [INF] [default] [TitleBar.cpp:165 in Update] -> [follow mouse ok] : (-1.62635, -1.62635)
[2026-09-28 01:36:14.714] [INF] [default] [TitleBar.cpp:165 in Update] -> [follow mouse ok] : (-1.62635, -1.62635)
[2026-09-28 01:36:14.721] [INF] [default] [TitleBar.cpp:165 in Update] -> [follow mouse ok] : (-1.62635, -1.62635)
[2026-09-28 01:36:14.728] [INF] [default] [TitleBar.cpp:165 in Update] -> [follow mouse ok] : (-1.62635, -1.62635)
[2026-09-28 01:36:14.735] [INF] [default] [TitleBar.cpp:165 in Update] -> [follow mouse ok] : (-1.62635, -1.62635)
[2026-09-28 01:36:14.741] [INF] [default] [TitleBar.cpp:165 in Update] -> [follow mouse ok] : (-1.62635, -1.62635)
[2026-09-28 01:36:14.750] [INF] [default] [TitleBar.cpp:165 in Update] -> [follow mouse ok] : (-1.62635, -1.62635)
[2026-09-28 01:36:14.756] [INF] [default] [TitleBar.cpp:165 in Update] -> [follow mouse ok] : (-1.62635, -1.62635)
[2026-09-28 01:36:14.762] [INF] [default] [TitleBar.cpp:165 in Update] -> [follow mouse ok] : (-1.62635, -1.62635)
[2026-09-28 01:36:14.770] [INF] [default] [TitleBar.cpp:165 in Update] -> [follow mouse ok] : (-1.62635, -1.62635)
[2026-09-28 01:36:14.777] [INF] [default] [TitleBar.cpp:165 in Update] -> [follow mouse ok] : (-1.62635, -1.62635)
[2026-09-28 01:36:14.784] [INF] [default] [TitleBar.cpp:165 in Update] -> [follow mouse ok] : (-1.62635, -1.62635)
[2026-09-28 01:36:14.790] [INF] [default] [TitleBar.cpp:165 in Update] -> [follow mouse ok] : (-1.62635, -1.62635)
[2026-09-28 01:36:14.798] [INF] [default] [TitleBar.cpp:165 in Update] -> [follow mouse ok] : (-1.62635, -1.62635)
[2026-09-28 01:36:14.805] [INF] [default] [TitleBar.cpp:165 in Update] -> [follow mouse ok] : (-1.62635, -1.62635)
[2026-09-28 01:36:14.812] [INF] [default] [TitleBar.cpp:165 in Update] -> [follow mouse ok] : (-1.62635, -1.62635)
[2026-09-28 01:36:14.818] [INF] [default] [TitleBar.cpp:165 in Update] -> [follow mouse ok] : (-1.62635, -1.62635)
[2026-09-28 01:36:14.826] [INF] [default] [TitleBar.cpp:165 in Update] -> [follow mouse ok] : (-1.62635, -1.62635)
[2026-09-28 01:36:14.832] [INF] [default] [TitleBar.cpp:165 in Update] -> [follow mouse ok] : (-1.62635, -1.62635)
[2026-09-28 01:36:14.838] [INF] [default] [TitleBar.cpp:165 in Update] -> [follow mouse ok] : (-1.62635, -1.62635)
[2026-09-28 01:36:14.846] [INF] [default] [TitleBar.cpp:165 in Update] -> [follow mouse ok] : (-1.62635, -1.62635)
[2026-09-28 01:36:14.853] [INF] [default] [TitleBar.cpp:165 in Update] -> [follow mouse ok] : (-1.62635, -1.62635)
[2026-09-28 01:36:14.861] [INF] [default] [TitleBar.cpp:165 in Update] -> [follow mouse ok] : (-1.62635, -1.62635)
[2026-09-28 01:36:14.868] [INF] [default] [TitleBar.cpp:165 in Update] -> [follow mouse ok] : (-1.62635, -1.62635)
[2026-09-28 01:36:14.874] [INF] [default] [TitleBar.cpp:165 in Update] -> [follow mouse ok] : (-1.62635, -1.62635)
[2026-09-28 01:36:14.881] [INF] [default] [TitleBar.cpp:165 in Update] -> [follow mouse ok] : (-1.62635, -1.62635)
[2026-09-28 01:36:14.888] [INF] [default] [TitleBar.cpp:165 in Update] -> [follow mouse ok] : (-1.62635, -1.62635)
[2026-09-28 01:36:14.895] [INF] [default] [TitleBar.cpp:165 in Update] -> [follow mouse ok] : (-1.62635, -1.62635)
[2026-09-28 01:36:14.902] [INF] [default] [TitleBar.cpp:165 in Update] -> [follow mouse ok] : (-1.62635, -1.62635)
[2026-09-28 01:36:14.908] [INF] [default] [TitleBar.cpp:165 in Update] -> [follow mouse ok] : (-1.62635, -1.62635)
[2026-09-28 01:36:14.916] [INF] [default] [TitleBar.cpp:165 in Update] -> [follow mouse ok] : (-1.62635, -1.62635)
[2026-09-28 01:36:14.922] [INF] [default] [TitleBar.cpp:165 in Update] -> [follow mouse ok] : (-1.62635, -1.62635)
[2026-09-28 01:36:14.930] [INF] [default] [TitleBar.cpp:165 in Update] -> [follow mouse ok] : (-1.62635, -1.62635)
[2026-09-28 01:36:14.937] [INF] [default] [TitleBar.cpp:165 in Update] -> [follow mouse ok] : (-1.62635, -1.62635)
[2026-09-28 01:36:14.943] [INF] [default] [TitleBar.cpp:165 in Update] -> [follow mouse ok] : (-1.62635, -1.62635)
[2026-09-28 01:36:14.958] [INF] [default] [TitleBar.cpp:165 in Update] -> [follow mouse ok] : (-1.62635, -1.62635)
[2026-09-28 01:36:14.965] [INF] [default] [TitleBar.cpp:165 in Update] -> [follow mouse ok] : (-1.62635, -1.62635)
[2026-09-28 01:36:14.972] [INF] [default] [TitleBar.cpp:165 in Update] -> [follow mouse ok] : (-1.62635, -1.62635)
[2026-09-28 01:36:14.978] [INF] [default] [TitleBar.cpp:165 in Update] -> [follow mouse ok] : (-1.62635, -1.62635)
[2026-09-28 01:36:14.985] [INF] [default] [TitleBar.cpp:165 in Update] -> [follow mouse ok] : (-1.62635, -1.62635)
[2026-09-28 01:36:14.993] [INF] [default] [TitleBar.cpp:165 in Update] -> [follow mouse ok] : (-1.62635, -1.62635)
[2026-09-28 01:36:15.000] [INF] [default] [TitleBar.cpp:165 in Update] -> [follow mouse ok] : (-1.62635, -1.62635)
[2026-09-28 01:36:15.006] [INF] [default] [TitleBar.cpp:165 in Update] -> [follow mouse ok] : (-1.62635, -1.62635)
[2026-09-28 01:36:15.014] [INF] [default] [TitleBar.cpp:165 in Update] -> [follow mouse ok] : (-1.62635, -1.62635)
[2026-09-28 01:36:15.020] [INF] [default] [TitleBar.cpp:165 in Update] -> [follow mouse ok] : (-1.62635, -1.62635)
[2026-09-28 01:36:15.027] [INF] [default] [TitleBar.cpp:165 in Update] -> [follow mouse ok] : (-1.62635, -1.62635)
[2026-09-28 01:36:15.034] [INF] [default] [TitleBar.cpp:165 in Update] -> [follow mouse ok] : (-1.62635, -1.62635)
[2026-09-28 01:36:15.041] [INF] [default] [TitleBar.cpp:165 in Update] -> [follow mouse ok] : (-1.62635, -1.62635)
[2026-09-28 01:36:15.049] [INF] [default] [TitleBar.cpp:165 in Update] -> [follow mouse ok] : (-1.62635, -1.62635)
[2026-09-28 01:36:15.055] [INF] [default] [TitleBar.cpp:165 in Update] -> [follow mouse ok] : (-1.62635, -1.62635)
[2026-09-28 01:36:15.062] [INF] [default] [TitleBar.cpp:165 in Update] -> [follow mouse ok] : (-1.62635, -1.62635)
[2026-09-28 01:36:15.069] [INF] [default] [TitleBar.cpp:165 in Update] -> [follow mouse ok] : (-1.62635, -1.62635)
[2026-09-28 01:36:15.076] [INF] [default] [TitleBar.cpp:165 in Update] -> [follow mouse ok] : (-1.62635, -1.62635)
[2026-09-28 01:36:15.084] [INF] [default] [TitleBar.cpp:165 in Update] -> [follow mouse ok] : (-1.62635, -1.62635)
[2026-09-28 01:36:15.090] [INF] [default] [TitleBar.cpp:165 in Update] -> [follow mouse ok] : (-1.62635, -1.62635)
[2026-09-28 01:36:15.096] [INF] [default] [TitleBar.cpp:165 in Update] -> [follow mouse ok] : (-1.62635, -1.62635)
[2026-09-28 01:36:15.104] [INF] [default] [TitleBar.cpp:165 in Update] -> [follow mouse ok] : (-1.62635, -1.62635)
[2026-09-28 01:36:15.111] [INF] [default] [TitleBar.cpp:165 in Update] -> [follow mouse ok] : (-1.62635, -1.62635)
[2026-09-28 01:36:15.119] [INF] [default] [TitleBar.cpp:165 in Update] -> [follow mouse ok] : (-1.62635, -1.62635)
[2026-09-28 01:36:15.125] [INF] [default] [TitleBar.cpp:165 in Update] -> [follow mouse ok] : (-1.62635, -1.62635)
[2026-09-28 01:36:15.132] [INF] [default] [TitleBar.cpp:165 in Update] -> [follow mouse ok] : (-1.62635, -1.62635)
[2026-09-28 01:36:15.139] [INF] [default] [TitleBar.cpp:165 in Update] -> [follow mouse ok] : (-1.62635, -1.62635)
[2026-09-28 01:36:15.146] [INF] [default] [TitleBar.cpp:165 in Update] -> [follow mouse ok] : (-1.62635, -1.62635)
[2026-09-28 01:36:15.153] [INF] [default] [TitleBar.cpp:165 in Update] -> [follow mouse ok] : (-1.62635, -1.62635)
[2026-09-28 01:36:15.160] [INF] [default] [TitleBar.cpp:165 in Update] -> [follow mouse ok] : (-1.62635, -1.62635)
[2026-09-28 01:36:15.167] [INF] [default] [TitleBar.cpp:165 in Update] -> [follow mouse ok] : (-1.62635, -1.62635)
[2026-09-28 01:36:15.174] [INF] [default] [TitleBar.cpp:165 in Update] -> [follow mouse ok] : (-1.62635, -1.62635)
[2026-09-28 01:36:15.181] [INF] [default] [TitleBar.cpp:165 in Update] -> [follow mouse ok] : (-1.62635, -1.62635)
[2026-09-28 01:36:15.194] [INF] [default] [TitleBar.cpp:165 in Update] -> [follow mouse ok] : (-1.62635, -1.62635)
[2026-09-28 01:36:15.202] [INF] [default] [TitleBar.cpp:165 in Update] -> [follow mouse ok] : (-1.62635, -1.62635)
[2026-09-28 01:36:15.223] [INF] [default] [TitleBar.cpp:165 in Update] -> [follow mouse ok] : (-1.62635, -1.62635)
[2026-09-28 01:36:15.229] [INF] [default] [TitleBar.cpp:165 in Update] -> [follow mouse ok] : (-1.62635, -1.62635)
[2026-09-28 01:36:15.236] [INF] [default] [TitleBar.cpp:165 in Update] -> [follow mouse ok] : (-1.62635, -1.62635)
[2026-09-28 01:36:15.257] [INF] [default] [TitleBar.cpp:165 in Update] -> [follow mouse ok] : (-1.62635, -1.62635)
[2026-09-28 01:36:15.264] [INF] [default] [TitleBar.cpp:165 in Update] -> [follow mouse ok] : (-1.62635, -1.62635)
[2026-09-28 01:36:15.278] [INF] [default] [TitleBar.cpp:165 in Update] -> [follow mouse ok] : (-1.62635, -1.62635)
[2026-09-28 01:36:15.300] [INF] [default] [TitleBar.cpp:165 in Update] -> [follow mouse ok] : (-1.62635, -1.62635)
[2026-09-28 01:36:15.390] [INF] [default] [TitleBar.cpp:165 in Update] -> [follow mouse ok] : (-1.62635, -1.62635)
[2026-09-28 01:36:15.404] [INF] [default] [TitleBar.cpp:165 in Update] -> [follow mouse ok] : (-1.62635, -1.62635)
[2026-09-28 01:36:15.425] [INF] [default] [TitleBar.cpp:165 in Update] -> [follow mouse ok] : (-1.62635, -1.62635)
[2026-09-28 01:36:15.431] [INF] [default] [TitleBar.cpp:165 in Update] -> [follow mouse ok] : (-1.62635, -1.62635)
[2026-09-28 01:36:15.438] [INF] [default] [TitleBar.cpp:165 in Update] -> [follow mouse ok] : (-1.62635, -1.62635)
[2026-09-28 01:36:15.445] [INF] [default] [TitleBar.cpp:165 in Update] -> [follow mouse ok] : (-1.62635, -1.62635)
[2026-09-28 01:36:15.453] [INF] [default] [TitleBar.cpp:165 in Update] -> [follow mouse ok] : (-1.62635, -1.62635)
[2026-09-28 01:36:15.460] [INF] [default] [TitleBar.cpp:165 in Update] -> [follow mouse ok] : (-1.62635, -1.62635)
[2026-09-28 01:36:15.467] [INF] [default] [TitleBar.cpp:165 in Update] -> [follow mouse ok] : (-1.62635, -1.62635)
[2026-09-28 01:36:15.473] [INF] [default] [TitleBar.cpp:165 in Update] -> [follow mouse ok] : (-1.62635, -1.62635)
[2026-09-28 01:36:15.480] [INF] [default] [TitleBar.cpp:165 in Update] -> [follow mouse ok] : (-1.62635, -1.62635)
[2026-09-28 01:36:15.487] [INF] [default] [TitleBar.cpp:165 in Update] -> [follow mouse ok] : (-1.62635, -1.62635)
[2026-09-28 01:36:15.494] [INF] [default] [TitleBar.cpp:165 in Update] -> [follow mouse ok] : (-1.62635, -1.62635)
[2026-09-28 01:36:15.502] [INF] [default] [TitleBar.cpp:165 in Update] -> [follow mouse ok] : (-1.62635, -1.62635)
[2026-09-28 01:36:15.508] [INF] [default] [TitleBar.cpp:165 in Update] -> [follow mouse ok] : (-1.62635, -1.62635)
[2026-09-28 01:36:15.515] [INF] [default] [TitleBar.cpp:165 in Update] -> [follow mouse ok] : (-1.62635, -1.62635)
[2026-09-28 01:36:15.522] [INF] [default] [TitleBar.cpp:165 in Update] -> [follow mouse ok] : (-1.62635, -1.62635)
[2026-09-28 01:36:15.530] [INF] [default] [TitleBar.cpp:165 in Update] -> [follow mouse ok] : (-1.62635, -1.62635)
[2026-09-28 01:36:15.543] [INF] [default] [TitleBar.cpp:165 in Update] -> [follow mouse ok] : (-1.62635, -1.62635)
[2026-09-28 01:36:15.550] [INF] [default] [TitleBar.cpp:165 in Update] -> [follow mouse ok] : (-1.62635, -1.62635)
[2026-09-28 01:36:15.556] [INF] [default] [TitleBar.cpp:165 in Update] -> [follow mouse ok] : (-1.62635, -1.62635)
[2026-09-28 01:36:15.565] [INF] [default] [TitleBar.cpp:165 in Update] -> [follow mouse ok] : (-1.62635, -1.62635)
[2026-09-28 01:36:15.571] [INF] [default] [TitleBar.cpp:165 in Update] -> [follow mouse ok] : (-1.62635, -1.62635)
[2026-09-28 01:36:15.577] [INF] [default] [TitleBar.cpp:165 in Update] -> [follow mouse ok] : (-1.62635, -1.62635)
[2026-09-28 01:36:15.585] [INF] [default] [TitleBar.cpp:165 in Update] -> [follow mouse ok] : (-1.62635, -1.62635)
[2026-09-28 01:36:15.593] [INF] [default] [TitleBar.cpp:165 in Update] -> [follow mouse ok] : (-1.62635, -1.62635)
[2026-09-28 01:36:15.600] [INF] [default] [TitleBar.cpp:165 in Update] -> [follow mouse ok] : (-1.62635, -1.62635)
[2026-09-28 01:36:15.606] [INF] [default] [TitleBar.cpp:165 in Update] -> [follow mouse ok] : (-1.62635, -1.62635)
[2026-09-28 01:36:15.612] [INF] [default] [TitleBar.cpp:165 in Update] -> [follow mouse ok] : (-1.62635, -1.62635)
[2026-09-28 01:36:15.618] [INF] [default] [TitleBar.cpp:165 in Update] -> [follow mouse ok] : (-1.62635, -1.62635)
[2026-09-28 01:36:15.626] [INF] [default] [TitleBar.cpp:165 in Update] -> [follow mouse ok] : (-1.62635, -1.62635)
[2026-09-28 01:36:15.634] [INF] [default] [TitleBar.cpp:165 in Update] -> [follow mouse ok] : (-1.62635, -1.62635)
[2026-09-28 01:36:15.641] [INF] [default] [TitleBar.cpp:165 in Update] -> [follow mouse ok] : (-1.62635, -1.62635)
[2026-09-28 01:36:15.647] [INF] [default] [TitleBar.cpp:165 in Update] -> [follow mouse ok] : (-1.62635, -1.62635)
[2026-09-28 01:36:15.655] [INF] [default] [TitleBar.cpp:165 in Update] -> [follow mouse ok] : (-1.62635, -1.62635)
[2026-09-28 01:36:15.665] [INF] [default] [TitleBar.cpp:165 in Update] -> [follow mouse ok] : (-1.62635, -1.62635)
[2026-09-28 01:36:15.668] [INF] [default] [TitleBar.cpp:165 in Update] -> [follow mouse ok] : (-1.62635, -1.62635)
[2026-09-28 01:36:15.676] [INF] [default] [TitleBar.cpp:165 in Update] -> [follow mouse ok] : (-1.62635, -1.62635)
[2026-09-28 01:36:15.682] [INF] [default] [TitleBar.cpp:165 in Update] -> [follow mouse ok] : (-1.62635, -1.62635)
[2026-09-28 01:36:15.689] [INF] [default] [TitleBar.cpp:165 in Update] -> [follow mouse ok] : (-1.62635, -1.62635)
[2026-09-28 01:36:15.696] [INF] [default] [TitleBar.cpp:165 in Update] -> [follow mouse ok] : (-1.62635, -1.62635)
[2026-09-28 01:36:15.703] [INF] [default] [TitleBar.cpp:165 in Update] -> [follow mouse ok] : (-1.62635, -1.62635)
[2026-09-28 01:36:15.710] [INF] [default] [TitleBar.cpp:165 in Update] -> [follow mouse ok] : (-1.62635, -1.62635)
[2026-09-28 01:36:15.717] [INF] [default] [TitleBar.cpp:165 in Update] -> [follow mouse ok] : (-1.62635, -1.62635)
[2026-09-28 01:36:15.723] [INF] [default] [TitleBar.cpp:165 in Update] -> [follow mouse ok] : (-1.62635, -1.62635)
[2026-09-28 01:36:15.731] [INF] [default] [TitleBar.cpp:165 in Update] -> [follow mouse ok] : (-1.62635, -1.62635)
[2026-09-28 01:36:15.738] [INF] [default] [TitleBar.cpp:165 in Update] -> [follow mouse ok] : (-1.62635, -1.62635)
[2026-09-28 01:36:15.745] [INF] [default] [TitleBar.cpp:165 in Update] -> [follow mouse ok] : (-1.62635, -1.62635)
[2026-09-28 01:36:15.752] [INF] [default] [TitleBar.cpp:165 in Update] -> [follow mouse ok] : (-1.62635, -1.62635)
[2026-09-28 01:36:15.759] [INF] [default] [TitleBar.cpp:165 in Update] -> [follow mouse ok] : (-1.62635, -1.62635)
[2026-09-28 01:36:15.766] [INF] [default] [TitleBar.cpp:165 in Update] -> [follow mouse ok] : (-1.62635, -1.62635)
[2026-09-28 01:36:15.773] [INF] [default] [TitleBar.cpp:165 in Update] -> [follow mouse ok] : (-1.62635, -1.62635)
[2026-09-28 01:36:15.780] [INF] [default] [TitleBar.cpp:165 in Update] -> [follow mouse ok] : (-1.62635, -1.62635)
[2026-09-28 01:36:15.787] [INF] [default] [TitleBar.cpp:165 in Update] -> [follow mouse ok] : (-1.62635, -1.62635)
[2026-09-28 01:36:15.793] [INF] [default] [TitleBar.cpp:165 in Update] -> [follow mouse ok] : (-1.62635, -1.62635)
[2026-09-28 01:36:15.801] [INF] [default] [TitleBar.cpp:165 in Update] -> [follow mouse ok] : (-1.62635, -1.62635)
[2026-09-28 01:36:15.808] [INF] [default] [TitleBar.cpp:165 in Update] -> [follow mouse ok] : (-1.62635, -1.62635)
[2026-09-28 01:36:15.814] [INF] [default] [TitleBar.cpp:165 in Update] -> [follow mouse ok] : (-1.62635, -1.62635)
[2026-09-28 01:36:15.822] [INF] [default] [TitleBar.cpp:165 in Update] -> [follow mouse ok] : (-1.62635, -1.62635)
[2026-09-28 01:36:15.828] [INF] [default] [TitleBar.cpp:165 in Update] -> [follow mouse ok] : (-1.62635, -1.62635)
[2026-09-28 01:36:15.836] [INF] [default] [TitleBar.cpp:165 in Update] -> [follow mouse ok] : (-1.62635, -1.62635)
[2026-09-28 01:36:15.842] [INF] [default] [TitleBar.cpp:165 in Update] -> [follow mouse ok] : (-1.62635, -1.62635)
[2026-09-28 01:36:15.850] [INF] [default] [TitleBar.cpp:165 in Update] -> [follow mouse ok] : (-1.62635, -1.62635)
[2026-09-28 01:36:15.857] [INF] [default] [TitleBar.cpp:165 in Update] -> [follow mouse ok] : (-1.62635, -1.62635)
[2026-09-28 01:36:15.863] [INF] [default] [TitleBar.cpp:165 in Update] -> [follow mouse ok] : (-1.62635, -1.62635)
[2026-09-28 01:36:15.870] [INF] [default] [TitleBar.cpp:165 in Update] -> [follow mouse ok] : (-1.62635, -1.62635)
[2026-09-28 01:36:15.878] [INF] [default] [TitleBar.cpp:165 in Update] -> [follow mouse ok] : (-1.62635, -1.62635)
[2026-09-28 01:36:15.885] [INF] [default] [TitleBar.cpp:165 in Update] -> [follow mouse ok] : (-1.62635, -1.62635)
[2026-09-28 01:36:15.891] [INF] [default] [TitleBar.cpp:165 in Update] -> [follow mouse ok] : (-1.62635, -1.62635)
[2026-09-28 01:36:15.898] [INF] [default] [TitleBar.cpp:165 in Update] -> [follow mouse ok] : (-1.62635, -1.62635)
[2026-09-28 01:36:15.905] [INF] [default] [TitleBar.cpp:165 in Update] -> [follow mouse ok] : (-1.62635, -1.62635)
[2026-09-28 01:36:15.918] [INF] [default] [TitleBar.cpp:165 in Update] -> [follow mouse ok] : (-1.62635, -1.62635)
[2026-09-28 01:36:15.926] [INF] [default] [TitleBar.cpp:165 in Update] -> [follow mouse ok] : (-1.62635, -1.62635)
[2026-09-28 01:36:15.940] [INF] [default] [TitleBar.cpp:165 in Update] -> [follow mouse ok] : (-1.62635, -1.62635)
[2026-09-28 01:36:15.947] [INF] [default] [TitleBar.cpp:165 in Update] -> [follow mouse ok] : (-1.62635, -1.62635)
[2026-09-28 01:36:15.954] [INF] [default] [TitleBar.cpp:165 in Update] -> [follow mouse ok] : (-1.62635, -1.62635)
[2026-09-28 01:36:15.961] [INF] [default] [TitleBar.cpp:165 in Update] -> [follow mouse ok] : (-1.62635, -1.62635)
[2026-09-28 01:36:15.968] [INF] [default] [TitleBar.cpp:165 in Update] -> [follow mouse ok] : (-1.62635, -1.62635)
[2026-09-28 01:36:15.974] [INF] [default] [TitleBar.cpp:165 in Update] -> [follow mouse ok] : (-1.62635, -1.62635)
[2026-09-28 01:36:15.982] [INF] [default] [TitleBar.cpp:165 in Update] -> [follow mouse ok] : (-1.62635, -1.62635)
[2026-09-28 01:36:15.989] [INF] [default] [TitleBar.cpp:165 in Update] -> [follow mouse ok] : (-1.62635, -1.62635)
[2026-09-28 01:36:15.996] [INF] [default] [TitleBar.cpp:165 in Update] -> [follow mouse ok] : (-1.62635, -1.62635)
[2026-09-28 01:36:16.003] [INF] [default] [TitleBar.cpp:165 in Update] -> [follow mouse ok] : (-1.62635, -1.62635)
[2026-09-28 01:36:16.010] [INF] [default] [TitleBar.cpp:165 in Update] -> [follow mouse ok] : (-1.62635, -1.62635)
[2026-09-28 01:36:16.016] [INF] [default] [TitleBar.cpp:165 in Update] -> [follow mouse ok] : (-1.62635, -1.62635)
[2026-09-28 01:36:16.024] [INF] [default] [TitleBar.cpp:165 in Update] -> [follow mouse ok] : (-1.62635, -1.62635)
[2026-09-28 01:36:16.031] [INF] [default] [TitleBar.cpp:165 in Update] -> [follow mouse ok] : (-1.62635, -1.62635)
[2026-09-28 01:36:16.038] [INF] [default] [TitleBar.cpp:165 in Update] -> [follow mouse ok] : (-1.62635, -1.62635)
[2026-09-28 01:36:16.044] [INF] [default] [TitleBar.cpp:165 in Update] -> [follow mouse ok] : (-1.62635, -1.62635)
[2026-09-28 01:36:16.052] [INF] [default] [TitleBar.cpp:165 in Update] -> [follow mouse ok] : (-1.62635, -1.62635)
[2026-09-28 01:36:16.065] [INF] [default] [TitleBar.cpp:165 in Update] -> [follow mouse ok] : (-1.62635, -1.62635)
[2026-09-28 01:36:16.072] [INF] [default] [TitleBar.cpp:165 in Update] -> [follow mouse ok] : (-1.62635, -1.62635)
[2026-09-28 01:36:16.079] [INF] [default] [TitleBar.cpp:165 in Update] -> [follow mouse ok] : (-1.62635, -1.62635)
[2026-09-28 01:36:16.087] [INF] [default] [TitleBar.cpp:165 in Update] -> [follow mouse ok] : (-1.62635, -1.62635)
[2026-09-28 01:36:16.093] [INF] [default] [TitleBar.cpp:165 in Update] -> [follow mouse ok] : (-1.62635, -1.62635)
[2026-09-28 01:36:16.107] [INF] [default] [TitleBar.cpp:165 in Update] -> [follow mouse ok] : (-1.62635, -1.62635)
[2026-09-28 01:36:16.121] [INF] [default] [TitleBar.cpp:165 in Update] -> [follow mouse ok] : (-1.62635, -1.62635)
[2026-09-28 01:36:16.128] [INF] [default] [TitleBar.cpp:165 in Update] -> [follow mouse ok] : (-1.62635, -1.62635)
[2026-09-28 01:36:16.135] [INF] [default] [TitleBar.cpp:165 in Update] -> [follow mouse ok] : (-1.62635, -1.62635)
[2026-09-28 01:36:16.142] [INF] [default] [TitleBar.cpp:165 in Update] -> [follow mouse ok] : (-1.62635, -1.62635)
[2026-09-28 01:36:16.149] [INF] [default] [TitleBar.cpp:165 in Update] -> [follow mouse ok] : (-1.62635, -1.62635)
[2026-09-28 01:36:16.163] [INF] [default] [TitleBar.cpp:165 in Update] -> [follow mouse ok] : (-1.62635, -1.62635)
[2026-09-28 01:36:16.170] [INF] [default] [TitleBar.cpp:165 in Update] -> [follow mouse ok] : (-1.62635, -1.62635)
[2026-09-28 01:36:16.177] [INF] [default] [TitleBar.cpp:165 in Update] -> [follow mouse ok] : (-1.62635, -1.62635)
[2026-09-28 01:36:16.191] [INF] [default] [TitleBar.cpp:165 in Update] -> [follow mouse ok] : (-1.62635, -1.62635)
[2026-09-28 01:36:16.197] [INF] [default] [TitleBar.cpp:165 in Update] -> [follow mouse ok] : (-1.62635, -1.62635)
[2026-09-28 01:36:16.205] [INF] [default] [TitleBar.cpp:165 in Update] -> [follow mouse ok] : (-1.62635, -1.62635)
[2026-09-28 01:36:16.232] [INF] [default] [TitleBar.cpp:165 in Update] -> [follow mouse ok] : (-1.62635, -1.62635)
[2026-09-28 01:36:16.238] [INF] [default] [TitleBar.cpp:165 in Update] -> [follow mouse ok] : (-1.62635, -1.62635)
[2026-09-28 01:36:16.254] [INF] [default] [TitleBar.cpp:165 in Update] -> [follow mouse ok] : (-1.62635, -1.62635)
[2026-09-28 01:36:16.261] [INF] [default] [TitleBar.cpp:165 in Update] -> [follow mouse ok] : (-1.62635, -1.62635)
[2026-09-28 01:36:16.337] [INF] [default] [TitleBar.cpp:165 in Update] -> [follow mouse ok] : (-1.62635, -1.62635)
[2026-09-28 01:36:16.414] [INF] [default] [TitleBar.cpp:165 in Update] -> [follow mouse ok] : (-1.62635, -1.62635)
[2026-09-28 01:36:16.463] [INF] [default] [TitleBar.cpp:165 in Update] -> [follow mouse ok] : (-1.62635, -1.62635)
[2026-09-28 01:36:16.595] [INF] [default] [TitleBar.cpp:165 in Update] -> [follow mouse ok] : (-1.62635, -1.62635)
[2026-09-28 01:36:16.651] [INF] [default] [TitleBar.cpp:165 in Update] -> [follow mouse ok] : (-1.62635, -1.62635)
[2026-09-28 01:36:16.672] [INF] [default] [TitleBar.cpp:165 in Update] -> [follow mouse ok] : (-1.62635, -1.62635)
[2026-09-28 01:36:16.684] [INF] [default] [TitleBar.cpp:165 in Update] -> [follow mouse ok] : (-1.62635, -1.62635)
[2026-09-28 01:36:16.700] [INF] [default] [TitleBar.cpp:165 in Update] -> [follow mouse ok] : (-1.62635, -1.62635)
[2026-09-28 01:36:16.706] [INF] [default] [TitleBar.cpp:165 in Update] -> [follow mouse ok] : (-1.62635, -1.62635)
[2026-09-28 01:36:16.712] [INF] [default] [TitleBar.cpp:165 in Update] -> [follow mouse ok] : (-1.62635, -1.62635)
[2026-09-28 01:36:16.720] [INF] [default] [TitleBar.cpp:165 in Update] -> [follow mouse ok] : (-1.62635, -1.62635)
[2026-09-28 01:36:16.727] [INF] [default] [TitleBar.cpp:165 in Update] -> [follow mouse ok] : (-1.62635, -1.62635)
[2026-09-28 01:36:16.735] [INF] [default] [TitleBar.cpp:165 in Update] -> [follow mouse ok] : (-1.62635, -1.62635)
[2026-09-28 01:36:16.741] [INF] [default] [TitleBar.cpp:165 in Update] -> [follow mouse ok] : (-1.62635, -1.62635)
[2026-09-28 01:36:16.748] [INF] [default] [TitleBar.cpp:165 in Update] -> [follow mouse ok] : (-1.62635, -1.62635)
[2026-09-28 01:36:16.755] [INF] [default] [TitleBar.cpp:165 in Update] -> [follow mouse ok] : (-1.62635, -1.62635)
[2026-09-28 01:36:16.762] [INF] [default] [TitleBar.cpp:165 in Update] -> [follow mouse ok] : (-1.62635, -1.62635)
[2026-09-28 01:36:16.768] [INF] [default] [TitleBar.cpp:165 in Update] -> [follow mouse ok] : (-1.62635, -1.62635)
[2026-09-28 01:36:16.776] [INF] [default] [TitleBar.cpp:165 in Update] -> [follow mouse ok] : (-1.62635, -1.62635)
[2026-09-28 01:36:16.783] [INF] [default] [TitleBar.cpp:165 in Update] -> [follow mouse ok] : (-1.62635, -1.62635)
[2026-09-28 01:36:16.790] [INF] [default] [TitleBar.cpp:165 in Update] -> [follow mouse ok] : (-1.62635, -1.62635)
[2026-09-28 01:36:16.797] [INF] [default] [TitleBar.cpp:165 in Update] -> [follow mouse ok] : (-1.62635, -1.62635)
[2026-09-28 01:36:16.804] [INF] [default] [TitleBar.cpp:165 in Update] -> [follow mouse ok] : (-1.62635, -1.62635)
[2026-09-28 01:36:16.811] [INF] [default] [TitleBar.cpp:165 in Update] -> [follow mouse ok] : (-1.62635, -1.62635)
[2026-09-28 01:36:16.818] [INF] [default] [TitleBar.cpp:165 in Update] -> [follow mouse ok] : (-1.62635, -1.62635)
[2026-09-28 01:36:16.824] [INF] [default] [TitleBar.cpp:165 in Update] -> [follow mouse ok] : (-1.62635, -1.62635)
[2026-09-28 01:36:16.832] [INF] [default] [TitleBar.cpp:165 in Update] -> [follow mouse ok] : (-1.62635, -1.62635)
[2026-09-28 01:36:16.839] [INF] [default] [TitleBar.cpp:165 in Update] -> [follow mouse ok] : (-1.62635, -1.62635)
[2026-09-28 01:36:16.845] [INF] [default] [TitleBar.cpp:165 in Update] -> [follow mouse ok] : (-1.62635, -1.62635)
[2026-09-28 01:36:16.853] [INF] [default] [TitleBar.cpp:165 in Update] -> [follow mouse ok] : (-1.62635, -1.62635)
[2026-09-28 01:36:16.860] [INF] [default] [TitleBar.cpp:165 in Update] -> [follow mouse ok] : (-1.62635, -1.62635)
[2026-09-28 01:36:16.867] [INF] [default] [TitleBar.cpp:165 in Update] -> [follow mouse ok] : (-1.62635, -1.62635)
[2026-09-28 01:36:16.874] [INF] [default] [TitleBar.cpp:165 in Update] -> [follow mouse ok] : (-1.62635, -1.62635)
[2026-09-28 01:36:16.880] [INF] [default] [TitleBar.cpp:165 in Update] -> [follow mouse ok] : (-1.62635, -1.62635)
[2026-09-28 01:36:16.888] [INF] [default] [TitleBar.cpp:165 in Update] -> [follow mouse ok] : (-1.62635, -1.62635)
[2026-09-28 01:36:16.894] [INF] [default] [TitleBar.cpp:165 in Update] -> [follow mouse ok] : (-1.62635, -1.62635)
